Java HotSpot(TM) 64-Bit Server VM (25.181-b13) for bsd-amd64 JRE (1.8.0_181-b13), built on Jul  7 2018 01:02:31 by "java_re" with gcc 4.2.1 (Based on Apple Inc. build 5658) (LLVM build 2336.11.00)
Memory: 4k page, physical 33554432k(1932672k free)

/proc/meminfo:

CommandLine flags: -XX:InitialHeapSize=536870912 -XX:MaxHeapSize=536870912 -XX:+PrintGC -XX:+PrintGCDateStamps -XX:+PrintGCDetails -XX:+PrintGCTimeStamps -XX:+UseCompressedClassPointers -XX:+UseCompressedOops -XX:+UseSerialGC 
2020-10-28T20:39:39.743-0800: 0.141: [GC (Allocation Failure) 2020-10-28T20:39:39.743-0800: 0.141: [DefNew: 139776K->17472K(157248K), 0.0205157 secs] 139776K->46126K(506816K), 0.0205995 secs] [Times: user=0.02 sys=0.01, real=0.02 secs] 
2020-10-28T20:39:39.779-0800: 0.178: [GC (Allocation Failure) 2020-10-28T20:39:39.779-0800: 0.178: [DefNew: 157196K->17471K(157248K), 0.0260464 secs] 185851K->88652K(506816K), 0.0261087 secs] [Times: user=0.02 sys=0.01, real=0.03 secs] 
2020-10-28T20:39:39.821-0800: 0.219: [GC (Allocation Failure) 2020-10-28T20:39:39.821-0800: 0.219: [DefNew: 157178K->17471K(157248K), 0.0217718 secs] 228359K->130647K(506816K), 0.0218313 secs] [Times: user=0.02 sys=0.00, real=0.02 secs] 
2020-10-28T20:39:39.859-0800: 0.257: [GC (Allocation Failure) 2020-10-28T20:39:39.859-0800: 0.257: [DefNew: 157247K->17470K(157248K), 0.0211073 secs] 270423K->173549K(506816K), 0.0211663 secs] [Times: user=0.02 sys=0.01, real=0.03 secs] 
2020-10-28T20:39:39.896-0800: 0.295: [GC (Allocation Failure) 2020-10-28T20:39:39.896-0800: 0.295: [DefNew: 157246K->17470K(157248K), 0.0204556 secs] 313325K->214482K(506816K), 0.0205270 secs] [Times: user=0.02 sys=0.01, real=0.02 secs] 
2020-10-28T20:39:39.933-0800: 0.331: [GC (Allocation Failure) 2020-10-28T20:39:39.933-0800: 0.331: [DefNew: 157246K->17471K(157248K), 0.0211261 secs] 354258K->256494K(506816K), 0.0211980 secs] [Times: user=0.02 sys=0.01, real=0.02 secs] 
2020-10-28T20:39:39.970-0800: 0.368: [GC (Allocation Failure) 2020-10-28T20:39:39.970-0800: 0.368: [DefNew: 157247K->17471K(157248K), 0.0212212 secs] 396270K->295977K(506816K), 0.0212911 secs] [Times: user=0.02 sys=0.00, real=0.02 secs] 
2020-10-28T20:39:40.009-0800: 0.407: [GC (Allocation Failure) 2020-10-28T20:39:40.009-0800: 0.407: [DefNew: 157247K->17471K(157248K), 0.0286359 secs] 435753K->345829K(506816K), 0.0287238 secs] [Times: user=0.01 sys=0.01, real=0.03 secs] 
2020-10-28T20:39:40.056-0800: 0.454: [GC (Allocation Failure) 2020-10-28T20:39:40.056-0800: 0.454: [DefNew: 157247K->157247K(157248K), 0.0000174 secs]2020-10-28T20:39:40.056-0800: 0.454: [Tenured: 328357K->275380K(349568K), 0.0366806 secs] 485605K->275380K(506816K), [Metaspace: 2711K->2711K(1056768K)], 0.0367902 secs] [Times: user=0.04 sys=0.00, real=0.04 secs] 
2020-10-28T20:39:40.113-0800: 0.512: [GC (Allocation Failure) 2020-10-28T20:39:40.113-0800: 0.512: [DefNew: 139611K->17472K(157248K), 0.0061040 secs] 414991K->324135K(506816K), 0.0061944 secs] [Times: user=0.01 sys=0.00, real=0.01 secs] 
2020-10-28T20:39:40.146-0800: 0.545: [GC (Allocation Failure) 2020-10-28T20:39:40.146-0800: 0.545: [DefNew: 157238K->157238K(157248K), 0.0000202 secs]2020-10-28T20:39:40.146-0800: 0.545: [Tenured: 306663K->301392K(349568K), 0.0440389 secs] 463901K->301392K(506816K), [Metaspace: 2711K->2711K(1056768K)], 0.0441649 secs] [Times: user=0.05 sys=0.00, real=0.05 secs] 
2020-10-28T20:39:40.211-0800: 0.609: [GC (Allocation Failure) 2020-10-28T20:39:40.211-0800: 0.609: [DefNew: 139776K->17469K(157248K), 0.0082157 secs] 441168K->349844K(506816K), 0.0083049 secs] [Times: user=0.01 sys=0.00, real=0.00 secs] 
2020-10-28T20:39:40.238-0800: 0.636: [GC (Allocation Failure) 2020-10-28T20:39:40.238-0800: 0.636: [DefNew: 157245K->157245K(157248K), 0.0000236 secs]2020-10-28T20:39:40.238-0800: 0.636: [Tenured: 332374K->329718K(349568K), 0.0416321 secs] 489620K->329718K(506816K), [Metaspace: 2711K->2711K(1056768K)], 0.0417611 secs] [Times: user=0.04 sys=0.00, real=0.05 secs] 
2020-10-28T20:39:40.300-0800: 0.698: [GC (Allocation Failure) 2020-10-28T20:39:40.300-0800: 0.698: [DefNew: 139776K->139776K(157248K), 0.0000217 secs]2020-10-28T20:39:40.300-0800: 0.698: [Tenured: 329718K->318240K(349568K), 0.0439508 secs] 469494K->318240K(506816K), [Metaspace: 2711K->2711K(1056768K)], 0.0440892 secs] [Times: user=0.05 sys=0.00, real=0.04 secs] 
2020-10-28T20:39:40.367-0800: 0.765: [GC (Allocation Failure) 2020-10-28T20:39:40.367-0800: 0.765: [DefNew: 139776K->139776K(157248K), 0.0000170 secs]2020-10-28T20:39:40.367-0800: 0.765: [Tenured: 318240K->335497K(349568K), 0.0375362 secs] 458016K->335497K(506816K), [Metaspace: 2711K->2711K(1056768K)], 0.0376328 secs] [Times: user=0.04 sys=0.00, real=0.04 secs] 
2020-10-28T20:39:40.429-0800: 0.827: [GC (Allocation Failure) 2020-10-28T20:39:40.429-0800: 0.827: [DefNew: 139776K->139776K(157248K), 0.0000174 secs]2020-10-28T20:39:40.429-0800: 0.827: [Tenured: 335497K->348900K(349568K), 0.0410647 secs] 475273K->348900K(506816K), [Metaspace: 2711K->2711K(1056768K)], 0.0411643 secs] [Times: user=0.04 sys=0.00, real=0.05 secs] 
2020-10-28T20:39:40.488-0800: 0.886: [GC (Allocation Failure) 2020-10-28T20:39:40.488-0800: 0.886: [DefNew: 139776K->139776K(157248K), 0.0000161 secs]2020-10-28T20:39:40.488-0800: 0.886: [Tenured: 348900K->349291K(349568K), 0.0400639 secs] 488676K->357936K(506816K), [Metaspace: 2711K->2711K(1056768K)], 0.0401612 secs] [Times: user=0.04 sys=0.00, real=0.04 secs] 
2020-10-28T20:39:40.550-0800: 0.948: [Full GC (Allocation Failure) 2020-10-28T20:39:40.550-0800: 0.948: [Tenured: 349561K->343479K(349568K), 0.0458814 secs] 506798K->343479K(506816K), [Metaspace: 2711K->2711K(1056768K)], 0.0459570 secs] [Times: user=0.04 sys=0.00, real=0.04 secs] 
2020-10-28T20:39:40.617-0800: 1.015: [GC (Allocation Failure) 2020-10-28T20:39:40.617-0800: 1.015: [DefNew: 139380K->139380K(157248K), 0.0000175 secs]2020-10-28T20:39:40.617-0800: 1.015: [Tenured: 343479K->349434K(349568K), 0.0331465 secs] 482859K->356624K(506816K), [Metaspace: 2711K->2711K(1056768K)], 0.0332498 secs] [Times: user=0.04 sys=0.00, real=0.04 secs] 
Heap
 def new generation   total 157248K, used 156042K [0x00000007a0000000, 0x00000007aaaa0000, 0x00000007aaaa0000)
  eden space 139776K, 100% used [0x00000007a0000000, 0x00000007a8880000, 0x00000007a8880000)
  from space 17472K,  93% used [0x00000007a8880000, 0x00000007a9862910, 0x00000007a9990000)
  to   space 17472K,   0% used [0x00000007a9990000, 0x00000007a9990000, 0x00000007aaaa0000)
 tenured generation   total 349568K, used 349434K [0x00000007aaaa0000, 0x00000007c0000000, 0x00000007c0000000)
   the space 349568K,  99% used [0x00000007aaaa0000, 0x00000007bffdeaf8, 0x00000007bffdec00, 0x00000007c0000000)
 Metaspace       used 2717K, capacity 4486K, committed 4864K, reserved 1056768K
  class space    used 296K, capacity 386K, committed 512K, reserved 1048576K
