Java HotSpot(TM) 64-Bit Server VM (25.181-b13) for bsd-amd64 JRE (1.8.0_181-b13), built on Jul  7 2018 01:02:31 by "java_re" with gcc 4.2.1 (Based on Apple Inc. build 5658) (LLVM build 2336.11.00)
Memory: 4k page, physical 33554432k(389988k free)

/proc/meminfo:

CommandLine flags: -XX:InitialHeapSize=536870912 -XX:MaxHeapSize=536870912 -XX:+PrintGC -XX:+PrintGCDateStamps -XX:+PrintGCDetails -XX:+PrintGCTimeStamps -XX:+UseCompressedClassPointers -XX:+UseCompressedOops -XX:+UseSerialGC 
2020-10-28T22:52:37.652-0800: 0.702: [GC (Allocation Failure) 2020-10-28T22:52:37.652-0800: 0.702: [DefNew: 139776K->7134K(157248K), 0.0104009 secs] 139776K->7134K(506816K), 0.0104850 secs] [Times: user=0.03 sys=0.00, real=0.01 secs] 
2020-10-28T22:52:37.986-0800: 1.037: [Full GC (Metadata GC Threshold) 2020-10-28T22:52:37.986-0800: 1.037: [Tenured: 0K->10543K(349568K), 0.0399200 secs] 137412K->10543K(506816K), [Metaspace: 20448K->20448K(1067008K)], 0.0400029 secs] [Times: user=0.06 sys=0.00, real=0.04 secs] 
2020-10-28T22:52:38.516-0800: 1.567: [GC (Allocation Failure) 2020-10-28T22:52:38.516-0800: 1.567: [DefNew: 139776K->6499K(157248K), 0.0134238 secs] 150319K->17042K(506816K), 0.0135038 secs] [Times: user=0.02 sys=0.00, real=0.02 secs] 
2020-10-28T22:52:39.168-0800: 2.218: [GC (Allocation Failure) 2020-10-28T22:52:39.168-0800: 2.218: [DefNew: 146275K->13116K(157248K), 0.0229273 secs] 156818K->23659K(506816K), 0.0230215 secs] [Times: user=0.06 sys=0.00, real=0.03 secs] 
2020-10-28T22:52:39.603-0800: 2.654: [GC (Allocation Failure) 2020-10-28T22:52:39.603-0800: 2.654: [DefNew: 152892K->4600K(157248K), 0.0291427 secs] 163435K->25847K(506816K), 0.0292365 secs] [Times: user=0.08 sys=0.00, real=0.03 secs] 
2020-10-28T22:53:20.431-0800: 43.481: [Full GC (Metadata GC Threshold) 2020-10-28T22:53:20.431-0800: 43.481: [Tenured: 21246K->24615K(349568K), 0.0515357 secs] 89204K->24615K(506816K), [Metaspace: 33871K->33871K(1081344K)], 0.0516437 secs] [Times: user=0.05 sys=0.00, real=0.05 secs] 
2020-10-28T22:53:20.879-0800: 43.929: [GC (Allocation Failure) 2020-10-28T22:53:20.879-0800: 43.929: [DefNew: 139776K->5033K(157248K), 0.0077487 secs] 164391K->29649K(506816K), 0.0078457 secs] [Times: user=0.02 sys=0.00, real=0.01 secs] 
2020-10-28T22:53:21.218-0800: 44.267: [GC (Allocation Failure) 2020-10-28T22:53:21.218-0800: 44.267: [DefNew: 144809K->4497K(157248K), 0.0056699 secs] 169425K->29112K(506816K), 0.0057676 secs] [Times: user=0.02 sys=0.00, real=0.01 secs] 
2020-10-28T22:53:21.497-0800: 44.547: [GC (Allocation Failure) 2020-10-28T22:53:21.497-0800: 44.547: [DefNew: 144273K->4435K(157248K), 0.0052853 secs] 168888K->29051K(506816K), 0.0053744 secs] [Times: user=0.02 sys=0.00, real=0.01 secs] 
2020-10-28T22:53:21.748-0800: 44.798: [GC (Allocation Failure) 2020-10-28T22:53:21.748-0800: 44.798: [DefNew: 144211K->4462K(157248K), 0.0062172 secs] 168827K->29078K(506816K), 0.0063214 secs] [Times: user=0.01 sys=0.00, real=0.01 secs] 
2020-10-28T22:53:21.990-0800: 45.040: [GC (Allocation Failure) 2020-10-28T22:53:21.990-0800: 45.040: [DefNew: 144238K->4530K(157248K), 0.0064002 secs] 168854K->29146K(506816K), 0.0065048 secs] [Times: user=0.02 sys=0.00, real=0.00 secs] 
2020-10-28T22:53:22.217-0800: 45.267: [GC (Allocation Failure) 2020-10-28T22:53:22.217-0800: 45.267: [DefNew: 144306K->4418K(157248K), 0.0056800 secs] 168922K->29033K(506816K), 0.0057767 secs] [Times: user=0.01 sys=0.00, real=0.01 secs] 
2020-10-28T22:53:22.449-0800: 45.499: [GC (Allocation Failure) 2020-10-28T22:53:22.449-0800: 45.499: [DefNew: 144194K->4451K(157248K), 0.0054616 secs] 168809K->29066K(506816K), 0.0055598 secs] [Times: user=0.02 sys=0.00, real=0.01 secs] 
2020-10-28T22:53:22.658-0800: 45.708: [GC (Allocation Failure) 2020-10-28T22:53:22.658-0800: 45.708: [DefNew: 144227K->4445K(157248K), 0.0048149 secs] 168842K->29061K(506816K), 0.0049195 secs] [Times: user=0.01 sys=0.00, real=0.01 secs] 
2020-10-28T22:53:22.848-0800: 45.897: [GC (Allocation Failure) 2020-10-28T22:53:22.848-0800: 45.897: [DefNew: 144221K->4420K(157248K), 0.0044150 secs] 168837K->29036K(506816K), 0.0045000 secs] [Times: user=0.01 sys=0.00, real=0.01 secs] 
2020-10-28T22:53:23.034-0800: 46.084: [GC (Allocation Failure) 2020-10-28T22:53:23.034-0800: 46.084: [DefNew: 144196K->4645K(157248K), 0.0057691 secs] 168812K->29260K(506816K), 0.0058553 secs] [Times: user=0.01 sys=0.00, real=0.01 secs] 
2020-10-28T22:53:23.222-0800: 46.271: [GC (Allocation Failure) 2020-10-28T22:53:23.222-0800: 46.271: [DefNew: 144421K->4445K(157248K), 0.0042168 secs] 169036K->29060K(506816K), 0.0042874 secs] [Times: user=0.00 sys=0.00, real=0.00 secs] 
2020-10-28T22:53:23.382-0800: 46.432: [GC (Allocation Failure) 2020-10-28T22:53:23.382-0800: 46.432: [DefNew: 144221K->4448K(157248K), 0.0047770 secs] 168836K->29063K(506816K), 0.0048647 secs] [Times: user=0.01 sys=0.00, real=0.00 secs] 
2020-10-28T22:53:23.520-0800: 46.569: [GC (Allocation Failure) 2020-10-28T22:53:23.520-0800: 46.570: [DefNew: 144224K->4430K(157248K), 0.0048335 secs] 168839K->29046K(506816K), 0.0049289 secs] [Times: user=0.01 sys=0.00, real=0.00 secs] 
2020-10-28T22:53:23.631-0800: 46.681: [GC (Allocation Failure) 2020-10-28T22:53:23.631-0800: 46.681: [DefNew: 144206K->4425K(157248K), 0.0045657 secs] 168822K->29041K(506816K), 0.0046451 secs] [Times: user=0.02 sys=0.00, real=0.00 secs] 
2020-10-28T22:53:23.746-0800: 46.796: [GC (Allocation Failure) 2020-10-28T22:53:23.746-0800: 46.796: [DefNew: 144201K->4437K(157248K), 0.0045444 secs] 168817K->29052K(506816K), 0.0046226 secs] [Times: user=0.01 sys=0.00, real=0.01 secs] 
2020-10-28T22:53:23.858-0800: 46.908: [GC (Allocation Failure) 2020-10-28T22:53:23.858-0800: 46.908: [DefNew: 144213K->284K(157248K), 0.0061163 secs] 168828K->29045K(506816K), 0.0061982 secs] [Times: user=0.01 sys=0.00, real=0.01 secs] 
2020-10-28T22:53:23.967-0800: 47.017: [GC (Allocation Failure) 2020-10-28T22:53:23.967-0800: 47.017: [DefNew: 140060K->207K(157248K), 0.0029623 secs] 168821K->29062K(506816K), 0.0030436 secs] [Times: user=0.01 sys=0.00, real=0.01 secs] 
2020-10-28T22:53:24.084-0800: 47.134: [GC (Allocation Failure) 2020-10-28T22:53:24.084-0800: 47.134: [DefNew: 139983K->196K(157248K), 0.0028092 secs] 168838K->29069K(506816K), 0.0028793 secs] [Times: user=0.01 sys=0.00, real=0.00 secs] 
2020-10-28T22:53:24.191-0800: 47.241: [GC (Allocation Failure) 2020-10-28T22:53:24.191-0800: 47.241: [DefNew: 139972K->151K(157248K), 0.0027183 secs] 168845K->29032K(506816K), 0.0027894 secs] [Times: user=0.01 sys=0.00, real=0.00 secs] 
2020-10-28T22:53:24.307-0800: 47.357: [GC (Allocation Failure) 2020-10-28T22:53:24.307-0800: 47.357: [DefNew: 139927K->161K(157248K), 0.0025602 secs] 168808K->29044K(506816K), 0.0026308 secs] [Times: user=0.00 sys=0.00, real=0.01 secs] 
2020-10-28T22:53:24.424-0800: 47.474: [GC (Allocation Failure) 2020-10-28T22:53:24.424-0800: 47.474: [DefNew: 139937K->209K(157248K), 0.0026280 secs] 168820K->29093K(506816K), 0.0026984 secs] [Times: user=0.00 sys=0.00, real=0.00 secs] 
2020-10-28T22:53:24.537-0800: 47.586: [GC (Allocation Failure) 2020-10-28T22:53:24.537-0800: 47.586: [DefNew: 139985K->142K(157248K), 0.0026915 secs] 168869K->29032K(506816K), 0.0027696 secs] [Times: user=0.01 sys=0.00, real=0.00 secs] 
2020-10-28T22:53:24.651-0800: 47.701: [GC (Allocation Failure) 2020-10-28T22:53:24.651-0800: 47.701: [DefNew: 139918K->167K(157248K), 0.0027538 secs] 168808K->29062K(506816K), 0.0028324 secs] [Times: user=0.01 sys=0.00, real=0.00 secs] 
2020-10-28T22:53:24.760-0800: 47.810: [GC (Allocation Failure) 2020-10-28T22:53:24.760-0800: 47.810: [DefNew: 139943K->127K(157248K), 0.0026984 secs] 168838K->29036K(506816K), 0.0027768 secs] [Times: user=0.00 sys=0.00, real=0.00 secs] 
2020-10-28T22:53:24.876-0800: 47.926: [GC (Allocation Failure) 2020-10-28T22:53:24.877-0800: 47.927: [DefNew: 139903K->115K(157248K), 0.0031450 secs] 168812K->29059K(506816K), 0.0037835 secs] [Times: user=0.01 sys=0.00, real=0.01 secs] 
2020-10-28T22:53:24.993-0800: 48.043: [GC (Allocation Failure) 2020-10-28T22:53:24.994-0800: 48.043: [DefNew: 139891K->121K(157248K), 0.0029035 secs] 168835K->29066K(506816K), 0.0029910 secs] [Times: user=0.01 sys=0.00, real=0.00 secs] 
2020-10-28T22:53:25.106-0800: 48.156: [GC (Allocation Failure) 2020-10-28T22:53:25.106-0800: 48.156: [DefNew: 139897K->104K(157248K), 0.0026711 secs] 168842K->29054K(506816K), 0.0027662 secs] [Times: user=0.01 sys=0.00, real=0.00 secs] 
2020-10-28T22:53:25.211-0800: 48.261: [GC (Allocation Failure) 2020-10-28T22:53:25.212-0800: 48.261: [DefNew: 139880K->103K(157248K), 0.0026685 secs] 168830K->29054K(506816K), 0.0027459 secs] [Times: user=0.01 sys=0.00, real=0.00 secs] 
2020-10-28T22:53:25.326-0800: 48.375: [GC (Allocation Failure) 2020-10-28T22:53:25.326-0800: 48.375: [DefNew: 139879K->95K(157248K), 0.0025468 secs] 168830K->29047K(506816K), 0.0026223 secs] [Times: user=0.01 sys=0.00, real=0.00 secs] 
2020-10-28T22:53:25.438-0800: 48.487: [GC (Allocation Failure) 2020-10-28T22:53:25.438-0800: 48.487: [DefNew: 139871K->101K(157248K), 0.0025545 secs] 168823K->29054K(506816K), 0.0026247 secs] [Times: user=0.00 sys=0.00, real=0.01 secs] 
2020-10-28T22:53:25.552-0800: 48.601: [GC (Allocation Failure) 2020-10-28T22:53:25.552-0800: 48.602: [DefNew: 139877K->156K(157248K), 0.0028234 secs] 168830K->29115K(506816K), 0.0028926 secs] [Times: user=0.00 sys=0.00, real=0.00 secs] 
2020-10-28T22:53:25.661-0800: 48.711: [GC (Allocation Failure) 2020-10-28T22:53:25.661-0800: 48.711: [DefNew: 139932K->115K(157248K), 0.0026740 secs] 168891K->29074K(506816K), 0.0027491 secs] [Times: user=0.01 sys=0.00, real=0.00 secs] 
2020-10-28T22:53:25.773-0800: 48.823: [GC (Allocation Failure) 2020-10-28T22:53:25.773-0800: 48.823: [DefNew: 139891K->116K(157248K), 0.0026390 secs] 168850K->29078K(506816K), 0.0027121 secs] [Times: user=0.00 sys=0.00, real=0.00 secs] 
2020-10-28T22:53:25.889-0800: 48.938: [GC (Allocation Failure) 2020-10-28T22:53:25.889-0800: 48.938: [DefNew: 139892K->134K(157248K), 0.0026986 secs] 168854K->29097K(506816K), 0.0027699 secs] [Times: user=0.01 sys=0.00, real=0.01 secs] 
2020-10-28T22:53:26.003-0800: 49.052: [GC (Allocation Failure) 2020-10-28T22:53:26.003-0800: 49.052: [DefNew: 139910K->109K(157248K), 0.0026844 secs] 168873K->29071K(506816K), 0.0027682 secs] [Times: user=0.00 sys=0.00, real=0.00 secs] 
2020-10-28T22:53:26.118-0800: 49.167: [GC (Allocation Failure) 2020-10-28T22:53:26.118-0800: 49.167: [DefNew: 139885K->123K(157248K), 0.0026711 secs] 168847K->29091K(506816K), 0.0027275 secs] [Times: user=0.01 sys=0.00, real=0.01 secs] 
2020-10-28T22:53:26.236-0800: 49.286: [GC (Allocation Failure) 2020-10-28T22:53:26.237-0800: 49.286: [DefNew: 139899K->137K(157248K), 0.0026646 secs] 168867K->29105K(506816K), 0.0027431 secs] [Times: user=0.01 sys=0.00, real=0.00 secs] 
2020-10-28T22:53:26.342-0800: 49.392: [GC (Allocation Failure) 2020-10-28T22:53:26.342-0800: 49.392: [DefNew: 139913K->97K(157248K), 0.0025336 secs] 168881K->29065K(506816K), 0.0026106 secs] [Times: user=0.00 sys=0.00, real=0.00 secs] 
2020-10-28T22:53:26.446-0800: 49.496: [GC (Allocation Failure) 2020-10-28T22:53:26.446-0800: 49.496: [DefNew: 139873K->149K(157248K), 0.0026685 secs] 168841K->29117K(506816K), 0.0027406 secs] [Times: user=0.00 sys=0.00, real=0.00 secs] 
2020-10-28T22:53:26.561-0800: 49.610: [GC (Allocation Failure) 2020-10-28T22:53:26.561-0800: 49.611: [DefNew: 139925K->143K(157248K), 0.0026741 secs] 168893K->29111K(506816K), 0.0027481 secs] [Times: user=0.00 sys=0.00, real=0.00 secs] 
2020-10-28T22:53:26.671-0800: 49.721: [GC (Allocation Failure) 2020-10-28T22:53:26.671-0800: 49.721: [DefNew: 139919K->112K(157248K), 0.0025304 secs] 168887K->29080K(506816K), 0.0025972 secs] [Times: user=0.00 sys=0.00, real=0.00 secs] 
2020-10-28T22:53:26.787-0800: 49.837: [GC (Allocation Failure) 2020-10-28T22:53:26.788-0800: 49.837: [DefNew: 139888K->115K(157248K), 0.0024807 secs] 168856K->29083K(506816K), 0.0025446 secs] [Times: user=0.00 sys=0.00, real=0.01 secs] 
2020-10-28T22:53:26.901-0800: 49.951: [GC (Allocation Failure) 2020-10-28T22:53:26.901-0800: 49.951: [DefNew: 139891K->103K(157248K), 0.0025612 secs] 168859K->29071K(506816K), 0.0026337 secs] [Times: user=0.01 sys=0.00, real=0.00 secs] 
2020-10-28T22:53:27.017-0800: 50.066: [GC (Allocation Failure) 2020-10-28T22:53:27.017-0800: 50.066: [DefNew: 139879K->115K(157248K), 0.0026514 secs] 168847K->29084K(506816K), 0.0027286 secs] [Times: user=0.01 sys=0.00, real=0.00 secs] 
2020-10-28T22:53:27.132-0800: 50.182: [GC (Allocation Failure) 2020-10-28T22:53:27.132-0800: 50.182: [DefNew: 139891K->98K(157248K), 0.0025964 secs] 168860K->29077K(506816K), 0.0026709 secs] [Times: user=0.01 sys=0.00, real=0.00 secs] 
2020-10-28T22:53:27.244-0800: 50.293: [GC (Allocation Failure) 2020-10-28T22:53:27.244-0800: 50.293: [DefNew: 139874K->94K(157248K), 0.0026642 secs] 168853K->29088K(506816K), 0.0027468 secs] [Times: user=0.00 sys=0.00, real=0.00 secs] 
2020-10-28T22:53:27.363-0800: 50.413: [GC (Allocation Failure) 2020-10-28T22:53:27.363-0800: 50.413: [DefNew: 139870K->58K(157248K), 0.0022316 secs] 168864K->29052K(506816K), 0.0022964 secs] [Times: user=0.01 sys=0.00, real=0.00 secs] 
2020-10-28T22:53:27.477-0800: 50.527: [GC (Allocation Failure) 2020-10-28T22:53:27.477-0800: 50.527: [DefNew: 139834K->75K(157248K), 0.0024297 secs] 168828K->29070K(506816K), 0.0024985 secs] [Times: user=0.00 sys=0.00, real=0.01 secs] 
2020-10-28T22:53:27.588-0800: 50.637: [GC (Allocation Failure) 2020-10-28T22:53:27.588-0800: 50.638: [DefNew: 139851K->102K(157248K), 0.0024682 secs] 168846K->29097K(506816K), 0.0025340 secs] [Times: user=0.00 sys=0.00, real=0.01 secs] 
2020-10-28T22:53:27.707-0800: 50.756: [GC (Allocation Failure) 2020-10-28T22:53:27.707-0800: 50.756: [DefNew: 139878K->88K(157248K), 0.0024304 secs] 168873K->29083K(506816K), 0.0025014 secs] [Times: user=0.01 sys=0.00, real=0.00 secs] 
2020-10-28T22:53:27.819-0800: 50.869: [GC (Allocation Failure) 2020-10-28T22:53:27.819-0800: 50.869: [DefNew: 139864K->89K(157248K), 0.0023433 secs] 168859K->29083K(506816K), 0.0024071 secs] [Times: user=0.00 sys=0.00, real=0.01 secs] 
2020-10-28T22:53:27.930-0800: 50.980: [GC (Allocation Failure) 2020-10-28T22:53:27.930-0800: 50.980: [DefNew: 139865K->58K(157248K), 0.0021420 secs] 168859K->29053K(506816K), 0.0022083 secs] [Times: user=0.00 sys=0.00, real=0.00 secs] 
2020-10-28T22:53:28.035-0800: 51.084: [GC (Allocation Failure) 2020-10-28T22:53:28.035-0800: 51.084: [DefNew: 139834K->72K(157248K), 0.0023176 secs] 168829K->29067K(506816K), 0.0023841 secs] [Times: user=0.00 sys=0.00, real=0.00 secs] 
2020-10-28T22:53:28.143-0800: 51.193: [GC (Allocation Failure) 2020-10-28T22:53:28.143-0800: 51.193: [DefNew: 139848K->69K(157248K), 0.0023622 secs] 168843K->29063K(506816K), 0.0024281 secs] [Times: user=0.00 sys=0.00, real=0.00 secs] 
2020-10-28T22:53:28.250-0800: 51.300: [GC (Allocation Failure) 2020-10-28T22:53:28.251-0800: 51.300: [DefNew: 139845K->90K(157248K), 0.0023431 secs] 168839K->29085K(506816K), 0.0024101 secs] [Times: user=0.00 sys=0.00, real=0.00 secs] 
2020-10-28T22:53:28.355-0800: 51.405: [GC (Allocation Failure) 2020-10-28T22:53:28.355-0800: 51.405: [DefNew: 139821K->95K(157248K), 0.0024762 secs] 168816K->29091K(506816K), 0.0025418 secs] [Times: user=0.01 sys=0.00, real=0.00 secs] 
2020-10-28T22:53:28.453-0800: 51.502: [GC (Allocation Failure) 2020-10-28T22:53:28.453-0800: 51.502: [DefNew: 139871K->98K(157248K), 0.0025280 secs] 168867K->29093K(506816K), 0.0025963 secs] [Times: user=0.00 sys=0.00, real=0.00 secs] 
2020-10-28T22:53:28.562-0800: 51.612: [GC (Allocation Failure) 2020-10-28T22:53:28.562-0800: 51.612: [DefNew: 139874K->90K(157248K), 0.0026629 secs] 168869K->29085K(506816K), 0.0027349 secs] [Times: user=0.00 sys=0.00, real=0.00 secs] 
2020-10-28T22:53:28.677-0800: 51.727: [GC (Allocation Failure) 2020-10-28T22:53:28.677-0800: 51.727: [DefNew: 139866K->82K(157248K), 0.0025530 secs] 168861K->29078K(506816K), 0.0026276 secs] [Times: user=0.01 sys=0.00, real=0.01 secs] 
2020-10-28T22:53:28.784-0800: 51.834: [GC (Allocation Failure) 2020-10-28T22:53:28.784-0800: 51.834: [DefNew: 139858K->80K(157248K), 0.0025327 secs] 168854K->29076K(506816K), 0.0026092 secs] [Times: user=0.01 sys=0.00, real=0.00 secs] 
2020-10-28T22:53:28.887-0800: 51.937: [GC (Allocation Failure) 2020-10-28T22:53:28.887-0800: 51.937: [DefNew: 139856K->93K(157248K), 0.0025171 secs] 168852K->29090K(506816K), 0.0025983 secs] [Times: user=0.01 sys=0.00, real=0.01 secs] 
2020-10-28T22:53:28.996-0800: 52.046: [GC (Allocation Failure) 2020-10-28T22:53:28.996-0800: 52.046: [DefNew: 139822K->80K(157248K), 0.0025731 secs] 168819K->29076K(506816K), 0.0026565 secs] [Times: user=0.01 sys=0.00, real=0.00 secs] 
2020-10-28T22:53:29.102-0800: 52.152: [GC (Allocation Failure) 2020-10-28T22:53:29.102-0800: 52.152: [DefNew: 139856K->118K(157248K), 0.0025417 secs] 168852K->29115K(506816K), 0.0026120 secs] [Times: user=0.01 sys=0.00, real=0.00 secs] 
2020-10-28T22:53:29.203-0800: 52.252: [GC (Allocation Failure) 2020-10-28T22:53:29.203-0800: 52.252: [DefNew: 139894K->121K(157248K), 0.0023877 secs] 168891K->29118K(506816K), 0.0024533 secs] [Times: user=0.01 sys=0.00, real=0.00 secs] 
2020-10-28T22:53:29.301-0800: 52.351: [GC (Allocation Failure) 2020-10-28T22:53:29.301-0800: 52.351: [DefNew: 139897K->92K(157248K), 0.0022958 secs] 168894K->29089K(506816K), 0.0023700 secs] [Times: user=0.01 sys=0.00, real=0.00 secs] 
2020-10-28T22:53:29.396-0800: 52.446: [GC (Allocation Failure) 2020-10-28T22:53:29.396-0800: 52.446: [DefNew: 139868K->110K(157248K), 0.0024251 secs] 168865K->29107K(506816K), 0.0024970 secs] [Times: user=0.00 sys=0.00, real=0.00 secs] 
2020-10-28T22:53:29.487-0800: 52.537: [GC (Allocation Failure) 2020-10-28T22:53:29.487-0800: 52.537: [DefNew: 139886K->98K(157248K), 0.0022989 secs] 168883K->29095K(506816K), 0.0023629 secs] [Times: user=0.00 sys=0.00, real=0.00 secs] 
2020-10-28T22:53:29.577-0800: 52.627: [GC (Allocation Failure) 2020-10-28T22:53:29.577-0800: 52.627: [DefNew: 139874K->100K(157248K), 0.0026208 secs] 168871K->29097K(506816K), 0.0027171 secs] [Times: user=0.01 sys=0.00, real=0.01 secs] 
2020-10-28T22:53:29.669-0800: 52.719: [GC (Allocation Failure) 2020-10-28T22:53:29.669-0800: 52.719: [DefNew: 139876K->101K(157248K), 0.0025264 secs] 168873K->29098K(506816K), 0.0026199 secs] [Times: user=0.00 sys=0.00, real=0.01 secs] 
2020-10-28T22:53:29.896-0800: 52.945: [GC (Allocation Failure) 2020-10-28T22:53:29.896-0800: 52.946: [DefNew: 139877K->84K(157248K), 0.0022607 secs] 168874K->29081K(506816K), 0.0023211 secs] [Times: user=0.00 sys=0.00, real=0.00 secs] 
2020-10-28T22:53:29.979-0800: 53.029: [GC (Allocation Failure) 2020-10-28T22:53:29.979-0800: 53.029: [DefNew: 139860K->110K(157248K), 0.0026999 secs] 168857K->29107K(506816K), 0.0027759 secs] [Times: user=0.00 sys=0.00, real=0.01 secs] 
2020-10-28T22:53:30.067-0800: 53.117: [GC (Allocation Failure) 2020-10-28T22:53:30.067-0800: 53.117: [DefNew: 139886K->100K(157248K), 0.0023235 secs] 168883K->29100K(506816K), 0.0023861 secs] [Times: user=0.00 sys=0.00, real=0.00 secs] 
2020-10-28T22:53:30.153-0800: 53.203: [GC (Allocation Failure) 2020-10-28T22:53:30.153-0800: 53.203: [DefNew: 139876K->86K(157248K), 0.0024081 secs] 168876K->29092K(506816K), 0.0024719 secs] [Times: user=0.01 sys=0.00, real=0.00 secs] 
2020-10-28T22:53:30.241-0800: 53.291: [GC (Allocation Failure) 2020-10-28T22:53:30.241-0800: 53.291: [DefNew: 139862K->121K(157248K), 0.0025726 secs] 168868K->29128K(506816K), 0.0026431 secs] [Times: user=0.00 sys=0.00, real=0.00 secs] 
2020-10-28T22:53:30.331-0800: 53.381: [GC (Allocation Failure) 2020-10-28T22:53:30.331-0800: 53.381: [DefNew: 139897K->73K(157248K), 0.0024849 secs] 168904K->29082K(506816K), 0.0025537 secs] [Times: user=0.00 sys=0.00, real=0.00 secs] 
2020-10-28T22:53:30.418-0800: 53.467: [GC (Allocation Failure) 2020-10-28T22:53:30.418-0800: 53.467: [DefNew: 139849K->83K(157248K), 0.0023730 secs] 168858K->29093K(506816K), 0.0024382 secs] [Times: user=0.00 sys=0.00, real=0.01 secs] 
2020-10-28T22:53:30.506-0800: 53.555: [GC (Allocation Failure) 2020-10-28T22:53:30.506-0800: 53.555: [DefNew: 139859K->95K(157248K), 0.0023961 secs] 168869K->29105K(506816K), 0.0024707 secs] [Times: user=0.00 sys=0.00, real=0.00 secs] 
2020-10-28T22:53:30.590-0800: 53.640: [GC (Allocation Failure) 2020-10-28T22:53:30.590-0800: 53.640: [DefNew: 139871K->90K(157248K), 0.0023173 secs] 168881K->29105K(506816K), 0.0023840 secs] [Times: user=0.00 sys=0.00, real=0.00 secs] 
2020-10-28T22:53:30.678-0800: 53.728: [GC (Allocation Failure) 2020-10-28T22:53:30.678-0800: 53.728: [DefNew: 139866K->68K(157248K), 0.0022510 secs] 168881K->29087K(506816K), 0.0023301 secs] [Times: user=0.01 sys=0.00, real=0.01 secs] 
2020-10-28T22:53:30.766-0800: 53.815: [GC (Allocation Failure) 2020-10-28T22:53:30.766-0800: 53.815: [DefNew: 139844K->89K(157248K), 0.0021094 secs] 168863K->29108K(506816K), 0.0021760 secs] [Times: user=0.00 sys=0.00, real=0.00 secs] 
2020-10-28T22:53:30.849-0800: 53.898: [GC (Allocation Failure) 2020-10-28T22:53:30.849-0800: 53.898: [DefNew: 139865K->89K(157248K), 0.0020203 secs] 168884K->29108K(506816K), 0.0020857 secs] [Times: user=0.00 sys=0.00, real=0.01 secs] 
2020-10-28T22:53:30.935-0800: 53.984: [GC (Allocation Failure) 2020-10-28T22:53:30.935-0800: 53.984: [DefNew: 139865K->78K(157248K), 0.0019805 secs] 168884K->29097K(506816K), 0.0020428 secs] [Times: user=0.00 sys=0.00, real=0.00 secs] 
2020-10-28T22:53:31.019-0800: 54.068: [GC (Allocation Failure) 2020-10-28T22:53:31.019-0800: 54.069: [DefNew: 139854K->79K(157248K), 0.0021280 secs] 168873K->29097K(506816K), 0.0022035 secs] [Times: user=0.00 sys=0.00, real=0.01 secs] 
2020-10-28T22:53:31.108-0800: 54.157: [GC (Allocation Failure) 2020-10-28T22:53:31.108-0800: 54.157: [DefNew: 139855K->92K(157248K), 0.0021228 secs] 168873K->29111K(506816K), 0.0021899 secs] [Times: user=0.00 sys=0.00, real=0.01 secs] 
2020-10-28T22:53:31.195-0800: 54.245: [GC (Allocation Failure) 2020-10-28T22:53:31.195-0800: 54.245: [DefNew: 139868K->55K(157248K), 0.0018108 secs] 168887K->29074K(506816K), 0.0018765 secs] [Times: user=0.01 sys=0.00, real=0.00 secs] 
2020-10-28T22:53:31.284-0800: 54.334: [GC (Allocation Failure) 2020-10-28T22:53:31.284-0800: 54.334: [DefNew: 139831K->83K(157248K), 0.0020754 secs] 168850K->29102K(506816K), 0.0021411 secs] [Times: user=0.00 sys=0.00, real=0.00 secs] 
2020-10-28T22:53:31.371-0800: 54.421: [GC (Allocation Failure) 2020-10-28T22:53:31.371-0800: 54.421: [DefNew: 139859K->89K(157248K), 0.0020989 secs] 168878K->29108K(506816K), 0.0021655 secs] [Times: user=0.00 sys=0.00, real=0.00 secs] 
2020-10-28T22:53:31.457-0800: 54.506: [GC (Allocation Failure) 2020-10-28T22:53:31.457-0800: 54.506: [DefNew: 139865K->89K(157248K), 0.0020475 secs] 168884K->29108K(506816K), 0.0021081 secs] [Times: user=0.00 sys=0.00, real=0.00 secs] 
2020-10-28T22:53:31.542-0800: 54.591: [GC (Allocation Failure) 2020-10-28T22:53:31.542-0800: 54.591: [DefNew: 139865K->64K(157248K), 0.0019876 secs] 168884K->29083K(506816K), 0.0020502 secs] [Times: user=0.00 sys=0.00, real=0.00 secs] 
2020-10-28T22:53:31.624-0800: 54.674: [GC (Allocation Failure) 2020-10-28T22:53:31.624-0800: 54.674: [DefNew: 139840K->81K(157248K), 0.0020688 secs] 168859K->29100K(506816K), 0.0021315 secs] [Times: user=0.00 sys=0.00, real=0.00 secs] 
2020-10-28T22:53:31.707-0800: 54.756: [GC (Allocation Failure) 2020-10-28T22:53:31.707-0800: 54.756: [DefNew: 139857K->89K(157248K), 0.0021001 secs] 168876K->29108K(506816K), 0.0021639 secs] [Times: user=0.00 sys=0.00, real=0.00 secs] 
2020-10-28T22:53:31.790-0800: 54.839: [GC (Allocation Failure) 2020-10-28T22:53:31.790-0800: 54.839: [DefNew: 139865K->78K(157248K), 0.0019981 secs] 168884K->29096K(506816K), 0.0020601 secs] [Times: user=0.00 sys=0.00, real=0.00 secs] 
2020-10-28T22:53:31.874-0800: 54.923: [GC (Allocation Failure) 2020-10-28T22:53:31.874-0800: 54.924: [DefNew: 139854K->92K(157248K), 0.0020742 secs] 168872K->29112K(506816K), 0.0021363 secs] [Times: user=0.00 sys=0.00, real=0.00 secs] 
2020-10-28T22:53:31.958-0800: 55.008: [GC (Allocation Failure) 2020-10-28T22:53:31.958-0800: 55.008: [DefNew: 139868K->66K(157248K), 0.0019675 secs] 168888K->29086K(506816K), 0.0020296 secs] [Times: user=0.00 sys=0.00, real=0.01 secs] 
2020-10-28T22:53:32.048-0800: 55.098: [GC (Allocation Failure) 2020-10-28T22:53:32.048-0800: 55.098: [DefNew: 139842K->77K(157248K), 0.0020722 secs] 168862K->29097K(506816K), 0.0021404 secs] [Times: user=0.00 sys=0.00, real=0.01 secs] 
2020-10-28T22:53:32.187-0800: 55.236: [GC (Allocation Failure) 2020-10-28T22:53:32.187-0800: 55.236: [DefNew: 139853K->60K(157248K), 0.0030398 secs] 168873K->29080K(506816K), 0.0031417 secs] [Times: user=0.00 sys=0.00, real=0.01 secs] 
2020-10-28T22:53:32.290-0800: 55.339: [GC (Allocation Failure) 2020-10-28T22:53:32.290-0800: 55.339: [DefNew: 139836K->88K(157248K), 0.0022153 secs] 168856K->29108K(506816K), 0.0022870 secs] [Times: user=0.00 sys=0.00, real=0.00 secs] 
2020-10-28T22:53:32.392-0800: 55.442: [GC (Allocation Failure) 2020-10-28T22:53:32.392-0800: 55.442: [DefNew: 139864K->67K(157248K), 0.0022146 secs] 168884K->29087K(506816K), 0.0022958 secs] [Times: user=0.00 sys=0.00, real=0.00 secs] 
2020-10-28T22:53:32.495-0800: 55.544: [GC (Allocation Failure) 2020-10-28T22:53:32.495-0800: 55.544: [DefNew: 139843K->90K(157248K), 0.0025206 secs] 168863K->29110K(506816K), 0.0026029 secs] [Times: user=0.00 sys=0.00, real=0.00 secs] 
2020-10-28T22:53:32.592-0800: 55.642: [GC (Allocation Failure) 2020-10-28T22:53:32.592-0800: 55.642: [DefNew: 139866K->89K(157248K), 0.0023170 secs] 168886K->29109K(506816K), 0.0023904 secs] [Times: user=0.00 sys=0.00, real=0.00 secs] 
2020-10-28T22:53:32.683-0800: 55.733: [GC (Allocation Failure) 2020-10-28T22:53:32.683-0800: 55.733: [DefNew: 139865K->74K(157248K), 0.0020708 secs] 168885K->29094K(506816K), 0.0021463 secs] [Times: user=0.00 sys=0.00, real=0.00 secs] 
2020-10-28T22:53:32.772-0800: 55.821: [GC (Allocation Failure) 2020-10-28T22:53:32.772-0800: 55.821: [DefNew: 139850K->77K(157248K), 0.0022972 secs] 168870K->29098K(506816K), 0.0023733 secs] [Times: user=0.01 sys=0.00, real=0.00 secs] 
2020-10-28T22:53:32.862-0800: 55.911: [GC (Allocation Failure) 2020-10-28T22:53:32.862-0800: 55.911: [DefNew: 139853K->103K(157248K), 0.0022310 secs] 168874K->29123K(506816K), 0.0023066 secs] [Times: user=0.00 sys=0.00, real=0.00 secs] 
2020-10-28T22:53:32.954-0800: 56.003: [GC (Allocation Failure) 2020-10-28T22:53:32.954-0800: 56.003: [DefNew: 139879K->74K(157248K), 0.0022141 secs] 168899K->29095K(506816K), 0.0022901 secs] [Times: user=0.00 sys=0.00, real=0.00 secs] 
2020-10-28T22:53:33.045-0800: 56.095: [GC (Allocation Failure) 2020-10-28T22:53:33.045-0800: 56.095: [DefNew: 139850K->77K(157248K), 0.0021178 secs] 168871K->29098K(506816K), 0.0021820 secs] [Times: user=0.00 sys=0.00, real=0.00 secs] 
2020-10-28T22:53:33.144-0800: 56.193: [GC (Allocation Failure) 2020-10-28T22:53:33.144-0800: 56.193: [DefNew: 139853K->73K(157248K), 0.0020555 secs] 168874K->29093K(506816K), 0.0021191 secs] [Times: user=0.00 sys=0.00, real=0.00 secs] 
2020-10-28T22:53:33.234-0800: 56.284: [GC (Allocation Failure) 2020-10-28T22:53:33.234-0800: 56.284: [DefNew: 139849K->62K(157248K), 0.0021735 secs] 168869K->29082K(506816K), 0.0022602 secs] [Times: user=0.00 sys=0.00, real=0.00 secs] 
2020-10-28T22:53:33.326-0800: 56.375: [GC (Allocation Failure) 2020-10-28T22:53:33.326-0800: 56.375: [DefNew: 139838K->73K(157248K), 0.0021371 secs] 168858K->29094K(506816K), 0.0022190 secs] [Times: user=0.00 sys=0.00, real=0.00 secs] 
2020-10-28T22:53:33.414-0800: 56.464: [GC (Allocation Failure) 2020-10-28T22:53:33.415-0800: 56.464: [DefNew: 139849K->115K(157248K), 0.0022199 secs] 168870K->29135K(506816K), 0.0022988 secs] [Times: user=0.00 sys=0.00, real=0.00 secs] 
2020-10-28T22:53:33.503-0800: 56.552: [GC (Allocation Failure) 2020-10-28T22:53:33.503-0800: 56.552: [DefNew: 139891K->72K(157248K), 0.0020878 secs] 168911K->29092K(506816K), 0.0021611 secs] [Times: user=0.01 sys=0.00, real=0.00 secs] 
2020-10-28T22:53:33.591-0800: 56.641: [GC (Allocation Failure) 2020-10-28T22:53:33.591-0800: 56.641: [DefNew: 139848K->56K(157248K), 0.0018991 secs] 168868K->29076K(506816K), 0.0019749 secs] [Times: user=0.01 sys=0.00, real=0.00 secs] 
2020-10-28T22:53:33.677-0800: 56.726: [GC (Allocation Failure) 2020-10-28T22:53:33.677-0800: 56.726: [DefNew: 139832K->66K(157248K), 0.0020161 secs] 168852K->29087K(506816K), 0.0020780 secs] [Times: user=0.01 sys=0.00, real=0.00 secs] 
2020-10-28T22:53:33.764-0800: 56.814: [GC (Allocation Failure) 2020-10-28T22:53:33.764-0800: 56.814: [DefNew: 139842K->63K(157248K), 0.0020957 secs] 168863K->29084K(506816K), 0.0021723 secs] [Times: user=0.01 sys=0.00, real=0.00 secs] 
2020-10-28T22:53:33.850-0800: 56.899: [GC (Allocation Failure) 2020-10-28T22:53:33.850-0800: 56.899: [DefNew: 139839K->58K(157248K), 0.0019241 secs] 168859K->29078K(506816K), 0.0019879 secs] [Times: user=0.00 sys=0.00, real=0.00 secs] 
2020-10-28T22:53:33.932-0800: 56.982: [GC (Allocation Failure) 2020-10-28T22:53:33.932-0800: 56.982: [DefNew: 139834K->86K(157248K), 0.0020298 secs] 168854K->29107K(506816K), 0.0020927 secs] [Times: user=0.01 sys=0.00, real=0.00 secs] 
2020-10-28T22:53:34.021-0800: 57.071: [GC (Allocation Failure) 2020-10-28T22:53:34.021-0800: 57.071: [DefNew: 139862K->72K(157248K), 0.0021210 secs] 168883K->29093K(506816K), 0.0021884 secs] [Times: user=0.00 sys=0.00, real=0.00 secs] 
2020-10-28T22:53:34.113-0800: 57.163: [GC (Allocation Failure) 2020-10-28T22:53:34.113-0800: 57.163: [DefNew: 139848K->95K(157248K), 0.0022958 secs] 168869K->29116K(506816K), 0.0023761 secs] [Times: user=0.00 sys=0.00, real=0.00 secs] 
2020-10-28T22:53:34.197-0800: 57.247: [GC (Allocation Failure) 2020-10-28T22:53:34.197-0800: 57.247: [DefNew: 139871K->81K(157248K), 0.0020936 secs] 168892K->29101K(506816K), 0.0021573 secs] [Times: user=0.01 sys=0.00, real=0.00 secs] 
2020-10-28T22:53:34.283-0800: 57.332: [GC (Allocation Failure) 2020-10-28T22:53:34.283-0800: 57.332: [DefNew: 139857K->87K(157248K), 0.0020992 secs] 168877K->29107K(506816K), 0.0021650 secs] [Times: user=0.01 sys=0.00, real=0.00 secs] 
2020-10-28T22:53:34.370-0800: 57.420: [GC (Allocation Failure) 2020-10-28T22:53:34.371-0800: 57.420: [DefNew: 139863K->62K(157248K), 0.0020912 secs] 168883K->29082K(506816K), 0.0021710 secs] [Times: user=0.00 sys=0.00, real=0.00 secs] 
2020-10-28T22:53:34.457-0800: 57.506: [GC (Allocation Failure) 2020-10-28T22:53:34.457-0800: 57.507: [DefNew: 139838K->70K(157248K), 0.0020441 secs] 168858K->29090K(506816K), 0.0021086 secs] [Times: user=0.00 sys=0.00, real=0.00 secs] 
2020-10-28T22:53:34.541-0800: 57.591: [GC (Allocation Failure) 2020-10-28T22:53:34.541-0800: 57.591: [DefNew: 139846K->101K(157248K), 0.0020847 secs] 168866K->29122K(506816K), 0.0021498 secs] [Times: user=0.01 sys=0.00, real=0.00 secs] 
2020-10-28T22:53:34.630-0800: 57.679: [GC (Allocation Failure) 2020-10-28T22:53:34.630-0800: 57.679: [DefNew: 139877K->91K(157248K), 0.0021288 secs] 168898K->29112K(506816K), 0.0021925 secs] [Times: user=0.00 sys=0.00, real=0.00 secs] 
2020-10-28T22:53:34.720-0800: 57.769: [GC (Allocation Failure) 2020-10-28T22:53:34.720-0800: 57.769: [DefNew: 139867K->90K(157248K), 0.0020476 secs] 168888K->29111K(506816K), 0.0021229 secs] [Times: user=0.00 sys=0.00, real=0.00 secs] 
2020-10-28T22:53:34.805-0800: 57.855: [GC (Allocation Failure) 2020-10-28T22:53:34.805-0800: 57.855: [DefNew: 139866K->68K(157248K), 0.0020186 secs] 168887K->29090K(506816K), 0.0020809 secs] [Times: user=0.00 sys=0.00, real=0.00 secs] 
2020-10-28T22:53:34.890-0800: 57.940: [GC (Allocation Failure) 2020-10-28T22:53:34.890-0800: 57.940: [DefNew: 139844K->74K(157248K), 0.0020930 secs] 168866K->29095K(506816K), 0.0021531 secs] [Times: user=0.00 sys=0.00, real=0.00 secs] 
2020-10-28T22:53:34.976-0800: 58.025: [GC (Allocation Failure) 2020-10-28T22:53:34.976-0800: 58.025: [DefNew: 139850K->63K(157248K), 0.0020380 secs] 168871K->29084K(506816K), 0.0021002 secs] [Times: user=0.00 sys=0.00, real=0.00 secs] 
2020-10-28T22:53:35.062-0800: 58.112: [GC (Allocation Failure) 2020-10-28T22:53:35.063-0800: 58.112: [DefNew: 139839K->58K(157248K), 0.0019803 secs] 168860K->29079K(506816K), 0.0020569 secs] [Times: user=0.00 sys=0.00, real=0.00 secs] 
2020-10-28T22:53:35.148-0800: 58.198: [GC (Allocation Failure) 2020-10-28T22:53:35.148-0800: 58.198: [DefNew: 139834K->78K(157248K), 0.0021724 secs] 168855K->29099K(506816K), 0.0022398 secs] [Times: user=0.01 sys=0.00, real=0.01 secs] 
2020-10-28T22:53:35.233-0800: 58.283: [GC (Allocation Failure) 2020-10-28T22:53:35.233-0800: 58.283: [DefNew: 139854K->76K(157248K), 0.0020055 secs] 168875K->29097K(506816K), 0.0020698 secs] [Times: user=0.00 sys=0.00, real=0.00 secs] 
2020-10-28T22:53:35.323-0800: 58.373: [GC (Allocation Failure) 2020-10-28T22:53:35.323-0800: 58.373: [DefNew: 139852K->59K(157248K), 0.0021335 secs] 168873K->29080K(506816K), 0.0022490 secs] [Times: user=0.01 sys=0.00, real=0.00 secs] 
2020-10-28T22:53:35.410-0800: 58.460: [GC (Allocation Failure) 2020-10-28T22:53:35.410-0800: 58.460: [DefNew: 139835K->80K(157248K), 0.0021154 secs] 168856K->29101K(506816K), 0.0021806 secs] [Times: user=0.00 sys=0.00, real=0.00 secs] 
2020-10-28T22:53:35.497-0800: 58.546: [GC (Allocation Failure) 2020-10-28T22:53:35.497-0800: 58.547: [DefNew: 139856K->82K(157248K), 0.0020418 secs] 168877K->29103K(506816K), 0.0021014 secs] [Times: user=0.01 sys=0.00, real=0.00 secs] 
2020-10-28T22:53:35.584-0800: 58.633: [GC (Allocation Failure) 2020-10-28T22:53:35.584-0800: 58.633: [DefNew: 139858K->66K(157248K), 0.0019932 secs] 168879K->29087K(506816K), 0.0020577 secs] [Times: user=0.00 sys=0.00, real=0.00 secs] 
2020-10-28T22:53:35.670-0800: 58.720: [GC (Allocation Failure) 2020-10-28T22:53:35.670-0800: 58.720: [DefNew: 139842K->60K(157248K), 0.0019769 secs] 168863K->29081K(506816K), 0.0020388 secs] [Times: user=0.00 sys=0.00, real=0.00 secs] 
2020-10-28T22:53:35.755-0800: 58.805: [GC (Allocation Failure) 2020-10-28T22:53:35.756-0800: 58.805: [DefNew: 139836K->75K(157248K), 0.0019725 secs] 168857K->29096K(506816K), 0.0020386 secs] [Times: user=0.00 sys=0.00, real=0.00 secs] 
2020-10-28T22:53:35.840-0800: 58.890: [GC (Allocation Failure) 2020-10-28T22:53:35.840-0800: 58.890: [DefNew: 139851K->95K(157248K), 0.0020614 secs] 168872K->29116K(506816K), 0.0021258 secs] [Times: user=0.00 sys=0.00, real=0.00 secs] 
2020-10-28T22:53:35.925-0800: 58.975: [GC (Allocation Failure) 2020-10-28T22:53:35.925-0800: 58.975: [DefNew: 139871K->99K(157248K), 0.0020986 secs] 168892K->29120K(506816K), 0.0021635 secs] [Times: user=0.00 sys=0.00, real=0.00 secs] 
2020-10-28T22:53:36.011-0800: 59.061: [GC (Allocation Failure) 2020-10-28T22:53:36.011-0800: 59.061: [DefNew: 139875K->109K(157248K), 0.0021952 secs] 168896K->29130K(506816K), 0.0022583 secs] [Times: user=0.01 sys=0.00, real=0.00 secs] 
2020-10-28T22:53:36.098-0800: 59.147: [GC (Allocation Failure) 2020-10-28T22:53:36.098-0800: 59.147: [DefNew: 139885K->73K(157248K), 0.0021588 secs] 168906K->29094K(506816K), 0.0022209 secs] [Times: user=0.00 sys=0.00, real=0.01 secs] 
2020-10-28T22:53:36.187-0800: 59.237: [GC (Allocation Failure) 2020-10-28T22:53:36.187-0800: 59.237: [DefNew: 139849K->75K(157248K), 0.0020670 secs] 168870K->29096K(506816K), 0.0021367 secs] [Times: user=0.00 sys=0.00, real=0.00 secs] 
2020-10-28T22:53:36.297-0800: 59.347: [GC (Allocation Failure) 2020-10-28T22:53:36.297-0800: 59.347: [DefNew: 139851K->73K(157248K), 0.0023296 secs] 168872K->29095K(506816K), 0.0024279 secs] [Times: user=0.00 sys=0.00, real=0.01 secs] 
2020-10-28T22:53:36.395-0800: 59.445: [GC (Allocation Failure) 2020-10-28T22:53:36.395-0800: 59.445: [DefNew: 139849K->92K(157248K), 0.0020919 secs] 168871K->29114K(506816K), 0.0021561 secs] [Times: user=0.00 sys=0.00, real=0.00 secs] 
2020-10-28T22:53:36.504-0800: 59.553: [GC (Allocation Failure) 2020-10-28T22:53:36.504-0800: 59.553: [DefNew: 139868K->96K(157248K), 0.0022375 secs] 168890K->29119K(506816K), 0.0023183 secs] [Times: user=0.00 sys=0.00, real=0.00 secs] 
2020-10-28T22:53:36.608-0800: 59.657: [GC (Allocation Failure) 2020-10-28T22:53:36.608-0800: 59.657: [DefNew: 139872K->82K(157248K), 0.0022284 secs] 168895K->29104K(506816K), 0.0022936 secs] [Times: user=0.00 sys=0.00, real=0.01 secs] 
2020-10-28T22:53:36.700-0800: 59.750: [GC (Allocation Failure) 2020-10-28T22:53:36.700-0800: 59.750: [DefNew: 139858K->84K(157248K), 0.0021343 secs] 168880K->29106K(506816K), 0.0022009 secs] [Times: user=0.00 sys=0.00, real=0.00 secs] 
2020-10-28T22:53:36.795-0800: 59.844: [GC (Allocation Failure) 2020-10-28T22:53:36.795-0800: 59.844: [DefNew: 139860K->92K(157248K), 0.0021287 secs] 168882K->29114K(506816K), 0.0021992 secs] [Times: user=0.00 sys=0.00, real=0.00 secs] 
2020-10-28T22:53:36.895-0800: 59.944: [GC (Allocation Failure) 2020-10-28T22:53:36.895-0800: 59.944: [DefNew: 139868K->94K(157248K), 0.0022028 secs] 168890K->29116K(506816K), 0.0022737 secs] [Times: user=0.00 sys=0.00, real=0.00 secs] 
2020-10-28T22:53:36.993-0800: 60.043: [GC (Allocation Failure) 2020-10-28T22:53:36.993-0800: 60.043: [DefNew: 139870K->119K(157248K), 0.0021858 secs] 168892K->29141K(506816K), 0.0022550 secs] [Times: user=0.00 sys=0.00, real=0.00 secs] 
2020-10-28T22:53:37.090-0800: 60.139: [GC (Allocation Failure) 2020-10-28T22:53:37.090-0800: 60.139: [DefNew: 139893K->64K(157248K), 0.0021647 secs] 168915K->29086K(506816K), 0.0022298 secs] [Times: user=0.01 sys=0.00, real=0.00 secs] 
2020-10-28T22:53:37.188-0800: 60.237: [GC (Allocation Failure) 2020-10-28T22:53:37.188-0800: 60.237: [DefNew: 139840K->87K(157248K), 0.0021590 secs] 168862K->29110K(506816K), 0.0022279 secs] [Times: user=0.00 sys=0.00, real=0.01 secs] 
2020-10-28T22:53:37.284-0800: 60.333: [GC (Allocation Failure) 2020-10-28T22:53:37.284-0800: 60.333: [DefNew: 139863K->68K(157248K), 0.0020928 secs] 168886K->29091K(506816K), 0.0021614 secs] [Times: user=0.00 sys=0.00, real=0.00 secs] 
2020-10-28T22:53:37.379-0800: 60.428: [GC (Allocation Failure) 2020-10-28T22:53:37.379-0800: 60.428: [DefNew: 139844K->75K(157248K), 0.0021740 secs] 168867K->29098K(506816K), 0.0022516 secs] [Times: user=0.01 sys=0.00, real=0.01 secs] 
2020-10-28T22:53:37.471-0800: 60.521: [GC (Allocation Failure) 2020-10-28T22:53:37.471-0800: 60.521: [DefNew: 139851K->53K(157248K), 0.0018372 secs] 168874K->29077K(506816K), 0.0019055 secs] [Times: user=0.00 sys=0.00, real=0.00 secs] 
2020-10-28T22:53:37.567-0800: 60.617: [GC (Allocation Failure) 2020-10-28T22:53:37.567-0800: 60.617: [DefNew: 139829K->77K(157248K), 0.0021377 secs] 168853K->29100K(506816K), 0.0022136 secs] [Times: user=0.00 sys=0.00, real=0.00 secs] 
2020-10-28T22:53:37.660-0800: 60.710: [GC (Allocation Failure) 2020-10-28T22:53:37.660-0800: 60.710: [DefNew: 139853K->80K(157248K), 0.0020876 secs] 168876K->29103K(506816K), 0.0021502 secs] [Times: user=0.00 sys=0.00, real=0.00 secs] 
2020-10-28T22:53:37.746-0800: 60.796: [GC (Allocation Failure) 2020-10-28T22:53:37.747-0800: 60.796: [DefNew: 139856K->91K(157248K), 0.0022165 secs] 168879K->29115K(506816K), 0.0023209 secs] [Times: user=0.00 sys=0.00, real=0.00 secs] 
2020-10-28T22:53:37.835-0800: 60.885: [GC (Allocation Failure) 2020-10-28T22:53:37.835-0800: 60.885: [DefNew: 139867K->84K(157248K), 0.0024444 secs] 168891K->29107K(506816K), 0.0025294 secs] [Times: user=0.01 sys=0.00, real=0.00 secs] 
2020-10-28T22:53:37.928-0800: 60.977: [GC (Allocation Failure) 2020-10-28T22:53:37.928-0800: 60.977: [DefNew: 139860K->115K(157248K), 0.0021238 secs] 168883K->29139K(506816K), 0.0021868 secs] [Times: user=0.00 sys=0.00, real=0.01 secs] 
2020-10-28T22:53:38.018-0800: 61.068: [GC (Allocation Failure) 2020-10-28T22:53:38.018-0800: 61.068: [DefNew: 139891K->70K(157248K), 0.0021261 secs] 168915K->29093K(506816K), 0.0022261 secs] [Times: user=0.00 sys=0.00, real=0.01 secs] 
2020-10-28T22:53:38.106-0800: 61.156: [GC (Allocation Failure) 2020-10-28T22:53:38.106-0800: 61.156: [DefNew: 139846K->76K(157248K), 0.0022447 secs] 168869K->29100K(506816K), 0.0023408 secs] [Times: user=0.00 sys=0.00, real=0.00 secs] 
2020-10-28T22:53:38.194-0800: 61.243: [GC (Allocation Failure) 2020-10-28T22:53:38.194-0800: 61.243: [DefNew: 139852K->77K(157248K), 0.0020618 secs] 168876K->29101K(506816K), 0.0021254 secs] [Times: user=0.00 sys=0.00, real=0.00 secs] 
2020-10-28T22:53:38.279-0800: 61.328: [GC (Allocation Failure) 2020-10-28T22:53:38.279-0800: 61.329: [DefNew: 139853K->96K(157248K), 0.0020691 secs] 168877K->29119K(506816K), 0.0021332 secs] [Times: user=0.00 sys=0.00, real=0.01 secs] 
2020-10-28T22:53:38.368-0800: 61.417: [GC (Allocation Failure) 2020-10-28T22:53:38.368-0800: 61.417: [DefNew: 139868K->84K(157248K), 0.0020748 secs] 168891K->29107K(506816K), 0.0021400 secs] [Times: user=0.00 sys=0.00, real=0.01 secs] 
2020-10-28T22:53:38.454-0800: 61.503: [GC (Allocation Failure) 2020-10-28T22:53:38.454-0800: 61.503: [DefNew: 139860K->91K(157248K), 0.0020607 secs] 168883K->29114K(506816K), 0.0021246 secs] [Times: user=0.01 sys=0.00, real=0.00 secs] 
2020-10-28T22:53:38.551-0800: 61.601: [GC (Allocation Failure) 2020-10-28T22:53:38.551-0800: 61.601: [DefNew: 139866K->85K(157248K), 0.0021088 secs] 168889K->29108K(506816K), 0.0022070 secs] [Times: user=0.01 sys=0.00, real=0.00 secs] 
2020-10-28T22:53:38.653-0800: 61.702: [GC (Allocation Failure) 2020-10-28T22:53:38.653-0800: 61.702: [DefNew: 139861K->87K(157248K), 0.0021699 secs] 168884K->29110K(506816K), 0.0022616 secs] [Times: user=0.01 sys=0.00, real=0.00 secs] 
2020-10-28T22:53:38.752-0800: 61.801: [GC (Allocation Failure) 2020-10-28T22:53:38.752-0800: 61.802: [DefNew: 139863K->83K(157248K), 0.0022327 secs] 168886K->29106K(506816K), 0.0023049 secs] [Times: user=0.00 sys=0.00, real=0.00 secs] 
2020-10-28T22:53:38.845-0800: 61.894: [GC (Allocation Failure) 2020-10-28T22:53:38.845-0800: 61.894: [DefNew: 139859K->105K(157248K), 0.0021957 secs] 168882K->29128K(506816K), 0.0022694 secs] [Times: user=0.01 sys=0.00, real=0.00 secs] 
2020-10-28T22:53:38.935-0800: 61.985: [GC (Allocation Failure) 2020-10-28T22:53:38.935-0800: 61.985: [DefNew: 139881K->113K(157248K), 0.0021726 secs] 168904K->29136K(506816K), 0.0022377 secs] [Times: user=0.00 sys=0.00, real=0.00 secs] 
2020-10-28T22:53:39.023-0800: 62.073: [GC (Allocation Failure) 2020-10-28T22:53:39.024-0800: 62.073: [DefNew: 139889K->81K(157248K), 0.0019996 secs] 168912K->29104K(506816K), 0.0020641 secs] [Times: user=0.00 sys=0.00, real=0.00 secs] 
2020-10-28T22:53:39.114-0800: 62.164: [GC (Allocation Failure) 2020-10-28T22:53:39.114-0800: 62.164: [DefNew: 139857K->102K(157248K), 0.0021206 secs] 168880K->29125K(506816K), 0.0021882 secs] [Times: user=0.01 sys=0.00, real=0.00 secs] 
2020-10-28T22:53:39.210-0800: 62.260: [GC (Allocation Failure) 2020-10-28T22:53:39.210-0800: 62.260: [DefNew: 139878K->64K(157248K), 0.0019794 secs] 168901K->29087K(506816K), 0.0020420 secs] [Times: user=0.01 sys=0.00, real=0.00 secs] 
2020-10-28T22:53:39.304-0800: 62.354: [GC (Allocation Failure) 2020-10-28T22:53:39.304-0800: 62.354: [DefNew: 139840K->72K(157248K), 0.0023574 secs] 168863K->29096K(506816K), 0.0024544 secs] [Times: user=0.01 sys=0.00, real=0.00 secs] 
2020-10-28T22:53:39.398-0800: 62.447: [GC (Allocation Failure) 2020-10-28T22:53:39.398-0800: 62.447: [DefNew: 139848K->78K(157248K), 0.0021845 secs] 168872K->29102K(506816K), 0.0022559 secs] [Times: user=0.00 sys=0.00, real=0.01 secs] 
2020-10-28T22:53:39.487-0800: 62.537: [GC (Allocation Failure) 2020-10-28T22:53:39.487-0800: 62.537: [DefNew: 139854K->97K(157248K), 0.0021545 secs] 168878K->29120K(506816K), 0.0022170 secs] [Times: user=0.00 sys=0.00, real=0.01 secs] 
2020-10-28T22:53:39.573-0800: 62.623: [GC (Allocation Failure) 2020-10-28T22:53:39.573-0800: 62.623: [DefNew: 139873K->82K(157248K), 0.0020415 secs] 168896K->29106K(506816K), 0.0021064 secs] [Times: user=0.00 sys=0.00, real=0.00 secs] 
2020-10-28T22:53:39.663-0800: 62.712: [GC (Allocation Failure) 2020-10-28T22:53:39.663-0800: 62.712: [DefNew: 139858K->79K(157248K), 0.0020967 secs] 168882K->29102K(506816K), 0.0021691 secs] [Times: user=0.01 sys=0.00, real=0.00 secs] 
2020-10-28T22:53:39.754-0800: 62.804: [GC (Allocation Failure) 2020-10-28T22:53:39.754-0800: 62.804: [DefNew: 139855K->86K(157248K), 0.0024490 secs] 168878K->29111K(506816K), 0.0025253 secs] [Times: user=0.00 sys=0.00, real=0.00 secs] 
2020-10-28T22:53:39.847-0800: 62.896: [GC (Allocation Failure) 2020-10-28T22:53:39.847-0800: 62.896: [DefNew: 139862K->99K(157248K), 0.0022285 secs] 168887K->29123K(506816K), 0.0023011 secs] [Times: user=0.01 sys=0.00, real=0.00 secs] 
2020-10-28T22:53:39.944-0800: 62.993: [GC (Allocation Failure) 2020-10-28T22:53:39.944-0800: 62.993: [DefNew: 139875K->98K(157248K), 0.0022699 secs] 168899K->29123K(506816K), 0.0023361 secs] [Times: user=0.00 sys=0.00, real=0.00 secs] 
2020-10-28T22:53:40.041-0800: 63.091: [GC (Allocation Failure) 2020-10-28T22:53:40.041-0800: 63.091: [DefNew: 139844K->61K(157248K), 0.0022602 secs] 168870K->29087K(506816K), 0.0023422 secs] [Times: user=0.00 sys=0.00, real=0.00 secs] 
2020-10-28T22:53:40.140-0800: 63.190: [GC (Allocation Failure) 2020-10-28T22:53:40.140-0800: 63.190: [DefNew: 139837K->91K(157248K), 0.0022874 secs] 168863K->29116K(506816K), 0.0023725 secs] [Times: user=0.00 sys=0.00, real=0.00 secs] 
2020-10-28T22:53:40.233-0800: 63.282: [GC (Allocation Failure) 2020-10-28T22:53:40.233-0800: 63.282: [DefNew: 139867K->103K(157248K), 0.0021374 secs] 168892K->29128K(506816K), 0.0022071 secs] [Times: user=0.00 sys=0.00, real=0.00 secs] 
2020-10-28T22:53:40.326-0800: 63.375: [GC (Allocation Failure) 2020-10-28T22:53:40.326-0800: 63.375: [DefNew: 139879K->71K(157248K), 0.0022291 secs] 168904K->29097K(506816K), 0.0023024 secs] [Times: user=0.00 sys=0.00, real=0.00 secs] 
2020-10-28T22:53:40.418-0800: 63.468: [GC (Allocation Failure) 2020-10-28T22:53:40.418-0800: 63.468: [DefNew: 139847K->103K(157248K), 0.0022679 secs] 168873K->29129K(506816K), 0.0023351 secs] [Times: user=0.00 sys=0.00, real=0.01 secs] 
2020-10-28T22:53:40.510-0800: 63.560: [GC (Allocation Failure) 2020-10-28T22:53:40.510-0800: 63.560: [DefNew: 139879K->71K(157248K), 0.0021496 secs] 168905K->29097K(506816K), 0.0022215 secs] [Times: user=0.00 sys=0.00, real=0.00 secs] 
2020-10-28T22:53:40.601-0800: 63.650: [GC (Allocation Failure) 2020-10-28T22:53:40.601-0800: 63.650: [DefNew: 139847K->86K(157248K), 0.0020935 secs] 168873K->29112K(506816K), 0.0021587 secs] [Times: user=0.00 sys=0.00, real=0.00 secs] 
2020-10-28T22:53:40.691-0800: 63.741: [GC (Allocation Failure) 2020-10-28T22:53:40.691-0800: 63.741: [DefNew: 139862K->70K(157248K), 0.0020758 secs] 168888K->29097K(506816K), 0.0021413 secs] [Times: user=0.00 sys=0.00, real=0.00 secs] 
2020-10-28T22:53:40.785-0800: 63.835: [GC (Allocation Failure) 2020-10-28T22:53:40.785-0800: 63.835: [DefNew: 139846K->73K(157248K), 0.0021330 secs] 168873K->29100K(506816K), 0.0022116 secs] [Times: user=0.00 sys=0.00, real=0.00 secs] 
2020-10-28T22:53:40.875-0800: 63.925: [GC (Allocation Failure) 2020-10-28T22:53:40.875-0800: 63.925: [DefNew: 139849K->81K(157248K), 0.0021983 secs] 168876K->29108K(506816K), 0.0022685 secs] [Times: user=0.00 sys=0.00, real=0.00 secs] 
2020-10-28T22:53:40.969-0800: 64.019: [GC (Allocation Failure) 2020-10-28T22:53:40.969-0800: 64.019: [DefNew: 139857K->83K(157248K), 0.0021729 secs] 168884K->29110K(506816K), 0.0022469 secs] [Times: user=0.00 sys=0.00, real=0.01 secs] 
2020-10-28T22:53:41.077-0800: 64.126: [GC (Allocation Failure) 2020-10-28T22:53:41.077-0800: 64.126: [DefNew: 139859K->126K(157248K), 0.0023600 secs] 168886K->29154K(506816K), 0.0024367 secs] [Times: user=0.00 sys=0.00, real=0.00 secs] 
2020-10-28T22:53:41.174-0800: 64.223: [GC (Allocation Failure) 2020-10-28T22:53:41.174-0800: 64.223: [DefNew: 139902K->96K(157248K), 0.0023388 secs] 168930K->29123K(506816K), 0.0024151 secs] [Times: user=0.00 sys=0.00, real=0.00 secs] 
2020-10-28T22:53:41.266-0800: 64.315: [GC (Allocation Failure) 2020-10-28T22:53:41.266-0800: 64.315: [DefNew: 139872K->60K(157248K), 0.0022219 secs] 168899K->29088K(506816K), 0.0023466 secs] [Times: user=0.00 sys=0.00, real=0.00 secs] 
2020-10-28T22:53:41.356-0800: 64.406: [GC (Allocation Failure) 2020-10-28T22:53:41.356-0800: 64.406: [DefNew: 139836K->57K(157248K), 0.0020117 secs] 168864K->29084K(506816K), 0.0020826 secs] [Times: user=0.00 sys=0.00, real=0.00 secs] 
2020-10-28T22:53:41.447-0800: 64.496: [GC (Allocation Failure) 2020-10-28T22:53:41.447-0800: 64.496: [DefNew: 139833K->69K(157248K), 0.0020503 secs] 168860K->29096K(506816K), 0.0021143 secs] [Times: user=0.01 sys=0.00, real=0.00 secs] 
2020-10-28T22:53:41.540-0800: 64.589: [GC (Allocation Failure) 2020-10-28T22:53:41.540-0800: 64.589: [DefNew: 139845K->72K(157248K), 0.0021199 secs] 168872K->29100K(506816K), 0.0021837 secs] [Times: user=0.00 sys=0.00, real=0.00 secs] 
2020-10-28T22:53:41.630-0800: 64.679: [GC (Allocation Failure) 2020-10-28T22:53:41.630-0800: 64.679: [DefNew: 139848K->59K(157248K), 0.0020463 secs] 168876K->29087K(506816K), 0.0021201 secs] [Times: user=0.01 sys=0.00, real=0.00 secs] 
2020-10-28T22:53:41.725-0800: 64.775: [GC (Allocation Failure) 2020-10-28T22:53:41.725-0800: 64.775: [DefNew: 139835K->75K(157248K), 0.0021778 secs] 168863K->29103K(506816K), 0.0022655 secs] [Times: user=0.00 sys=0.00, real=0.00 secs] 
2020-10-28T22:53:41.816-0800: 64.866: [GC (Allocation Failure) 2020-10-28T22:53:41.816-0800: 64.866: [DefNew: 139851K->69K(157248K), 0.0022155 secs] 168879K->29097K(506816K), 0.0022961 secs] [Times: user=0.01 sys=0.00, real=0.00 secs] 
2020-10-28T22:53:41.908-0800: 64.957: [GC (Allocation Failure) 2020-10-28T22:53:41.908-0800: 64.957: [DefNew: 139845K->88K(157248K), 0.0021321 secs] 168873K->29116K(506816K), 0.0021978 secs] [Times: user=0.01 sys=0.00, real=0.01 secs] 
2020-10-28T22:53:42.003-0800: 65.053: [GC (Allocation Failure) 2020-10-28T22:53:42.004-0800: 65.053: [DefNew: 139864K->84K(157248K), 0.0024567 secs] 168892K->29113K(506816K), 0.0025633 secs] [Times: user=0.00 sys=0.00, real=0.00 secs] 
2020-10-28T22:53:42.103-0800: 65.152: [GC (Allocation Failure) 2020-10-28T22:53:42.103-0800: 65.152: [DefNew: 139860K->67K(157248K), 0.0024197 secs] 168889K->29095K(506816K), 0.0025109 secs] [Times: user=0.00 sys=0.00, real=0.00 secs] 
2020-10-28T22:53:42.199-0800: 65.249: [GC (Allocation Failure) 2020-10-28T22:53:42.199-0800: 65.249: [DefNew: 139843K->73K(157248K), 0.0020986 secs] 168871K->29101K(506816K), 0.0021656 secs] [Times: user=0.00 sys=0.00, real=0.01 secs] 
2020-10-28T22:53:42.291-0800: 65.340: [GC (Allocation Failure) 2020-10-28T22:53:42.291-0800: 65.340: [DefNew: 139849K->96K(157248K), 0.0020674 secs] 168877K->29125K(506816K), 0.0021281 secs] [Times: user=0.00 sys=0.00, real=0.00 secs] 
2020-10-28T22:53:42.383-0800: 65.433: [GC (Allocation Failure) 2020-10-28T22:53:42.383-0800: 65.433: [DefNew: 139872K->76K(157248K), 0.0023694 secs] 168901K->29105K(506816K), 0.0024803 secs] [Times: user=0.00 sys=0.00, real=0.00 secs] 
2020-10-28T22:53:42.490-0800: 65.539: [GC (Allocation Failure) 2020-10-28T22:53:42.490-0800: 65.539: [DefNew: 139852K->67K(157248K), 0.0024424 secs] 168881K->29096K(506816K), 0.0025359 secs] [Times: user=0.00 sys=0.00, real=0.00 secs] 
2020-10-28T22:53:42.589-0800: 65.639: [GC (Allocation Failure) 2020-10-28T22:53:42.589-0800: 65.639: [DefNew: 139843K->69K(157248K), 0.0022728 secs] 168872K->29098K(506816K), 0.0023486 secs] [Times: user=0.00 sys=0.00, real=0.01 secs] 
2020-10-28T22:53:42.683-0800: 65.733: [GC (Allocation Failure) 2020-10-28T22:53:42.683-0800: 65.733: [DefNew: 139845K->59K(157248K), 0.0019981 secs] 168874K->29087K(506816K), 0.0020658 secs] [Times: user=0.01 sys=0.00, real=0.00 secs] 
2020-10-28T22:53:42.770-0800: 65.819: [GC (Allocation Failure) 2020-10-28T22:53:42.770-0800: 65.819: [DefNew: 139835K->117K(157248K), 0.0021719 secs] 168863K->29145K(506816K), 0.0022396 secs] [Times: user=0.00 sys=0.00, real=0.00 secs] 
2020-10-28T22:53:42.861-0800: 65.910: [GC (Allocation Failure) 2020-10-28T22:53:42.861-0800: 65.910: [DefNew: 139893K->65K(157248K), 0.0020540 secs] 168921K->29094K(506816K), 0.0021168 secs] [Times: user=0.01 sys=0.00, real=0.00 secs] 
2020-10-28T22:53:42.955-0800: 66.005: [GC (Allocation Failure) 2020-10-28T22:53:42.955-0800: 66.005: [DefNew: 139841K->55K(157248K), 0.0018181 secs] 168870K->29084K(506816K), 0.0018822 secs] [Times: user=0.00 sys=0.00, real=0.00 secs] 
2020-10-28T22:53:43.557-0800: 66.607: [GC (Allocation Failure) 2020-10-28T22:53:43.557-0800: 66.607: [DefNew: 139831K->96K(157248K), 0.0019057 secs] 168860K->29124K(506816K), 0.0019657 secs] [Times: user=0.00 sys=0.00, real=0.00 secs] 
2020-10-28T22:53:43.637-0800: 66.687: [GC (Allocation Failure) 2020-10-28T22:53:43.637-0800: 66.687: [DefNew: 139872K->83K(157248K), 0.0019278 secs] 168900K->29112K(506816K), 0.0019859 secs] [Times: user=0.00 sys=0.00, real=0.00 secs] 
2020-10-28T22:53:43.718-0800: 66.767: [GC (Allocation Failure) 2020-10-28T22:53:43.718-0800: 66.768: [DefNew: 139859K->62K(157248K), 0.0018376 secs] 168888K->29091K(506816K), 0.0018970 secs] [Times: user=0.00 sys=0.00, real=0.01 secs] 
2020-10-28T22:53:43.803-0800: 66.852: [GC (Allocation Failure) 2020-10-28T22:53:43.803-0800: 66.852: [DefNew: 139832K->63K(157248K), 0.0019571 secs] 168860K->29091K(506816K), 0.0020192 secs] [Times: user=0.01 sys=0.00, real=0.00 secs] 
2020-10-28T22:53:43.891-0800: 66.940: [GC (Allocation Failure) 2020-10-28T22:53:43.891-0800: 66.940: [DefNew: 139839K->59K(157248K), 0.0019110 secs] 168867K->29088K(506816K), 0.0019735 secs] [Times: user=0.00 sys=0.00, real=0.00 secs] 
2020-10-28T22:53:43.978-0800: 67.027: [GC (Allocation Failure) 2020-10-28T22:53:43.978-0800: 67.027: [DefNew: 139835K->81K(157248K), 0.0020063 secs] 168864K->29110K(506816K), 0.0020726 secs] [Times: user=0.01 sys=0.00, real=0.01 secs] 
2020-10-28T22:53:44.067-0800: 67.116: [GC (Allocation Failure) 2020-10-28T22:53:44.067-0800: 67.116: [DefNew: 139857K->65K(157248K), 0.0019653 secs] 168886K->29094K(506816K), 0.0020293 secs] [Times: user=0.01 sys=0.00, real=0.00 secs] 
2020-10-28T22:53:44.156-0800: 67.206: [GC (Allocation Failure) 2020-10-28T22:53:44.156-0800: 67.206: [DefNew: 139841K->89K(157248K), 0.0021427 secs] 168870K->29118K(506816K), 0.0022077 secs] [Times: user=0.00 sys=0.00, real=0.00 secs] 
2020-10-28T22:53:44.247-0800: 67.296: [GC (Allocation Failure) 2020-10-28T22:53:44.247-0800: 67.296: [DefNew: 139865K->81K(157248K), 0.0024051 secs] 168894K->29110K(506816K), 0.0024987 secs] [Times: user=0.00 sys=0.00, real=0.00 secs] 
2020-10-28T22:53:44.341-0800: 67.390: [GC (Allocation Failure) 2020-10-28T22:53:44.341-0800: 67.390: [DefNew: 139857K->85K(157248K), 0.0020510 secs] 168886K->29114K(506816K), 0.0021141 secs] [Times: user=0.00 sys=0.00, real=0.00 secs] 
2020-10-28T22:53:44.434-0800: 67.484: [GC (Allocation Failure) 2020-10-28T22:53:44.434-0800: 67.484: [DefNew: 139861K->62K(157248K), 0.0020549 secs] 168890K->29091K(506816K), 0.0021225 secs] [Times: user=0.01 sys=0.00, real=0.00 secs] 
2020-10-28T22:53:44.531-0800: 67.580: [GC (Allocation Failure) 2020-10-28T22:53:44.531-0800: 67.580: [DefNew: 139838K->112K(157248K), 0.0020242 secs] 168867K->29141K(506816K), 0.0020856 secs] [Times: user=0.00 sys=0.00, real=0.00 secs] 
2020-10-28T22:53:44.619-0800: 67.669: [GC (Allocation Failure) 2020-10-28T22:53:44.619-0800: 67.669: [DefNew: 139888K->64K(157248K), 0.0020292 secs] 168917K->29093K(506816K), 0.0020992 secs] [Times: user=0.01 sys=0.00, real=0.01 secs] 
2020-10-28T22:53:44.712-0800: 67.761: [GC (Allocation Failure) 2020-10-28T22:53:44.712-0800: 67.761: [DefNew: 139840K->91K(157248K), 0.0023528 secs] 168869K->29120K(506816K), 0.0024408 secs] [Times: user=0.00 sys=0.00, real=0.00 secs] 
2020-10-28T22:53:44.806-0800: 67.855: [GC (Allocation Failure) 2020-10-28T22:53:44.806-0800: 67.855: [DefNew: 139867K->83K(157248K), 0.0020932 secs] 168896K->29112K(506816K), 0.0021568 secs] [Times: user=0.00 sys=0.00, real=0.00 secs] 
2020-10-28T22:53:44.901-0800: 67.950: [GC (Allocation Failure) 2020-10-28T22:53:44.901-0800: 67.951: [DefNew: 139859K->82K(157248K), 0.0021867 secs] 168888K->29110K(506816K), 0.0022579 secs] [Times: user=0.00 sys=0.00, real=0.00 secs] 
2020-10-28T22:53:44.991-0800: 68.041: [GC (Allocation Failure) 2020-10-28T22:53:44.991-0800: 68.041: [DefNew: 139858K->77K(157248K), 0.0020431 secs] 168886K->29105K(506816K), 0.0021090 secs] [Times: user=0.00 sys=0.00, real=0.00 secs] 
2020-10-28T22:53:45.083-0800: 68.132: [GC (Allocation Failure) 2020-10-28T22:53:45.083-0800: 68.132: [DefNew: 139852K->85K(157248K), 0.0023059 secs] 168881K->29114K(506816K), 0.0023871 secs] [Times: user=0.00 sys=0.00, real=0.00 secs] 
2020-10-28T22:53:45.177-0800: 68.226: [GC (Allocation Failure) 2020-10-28T22:53:45.177-0800: 68.227: [DefNew: 139861K->79K(157248K), 0.0023157 secs] 168890K->29108K(506816K), 0.0023962 secs] [Times: user=0.00 sys=0.00, real=0.01 secs] 
2020-10-28T22:53:45.271-0800: 68.320: [GC (Allocation Failure) 2020-10-28T22:53:45.271-0800: 68.320: [DefNew: 139855K->125K(157248K), 0.0021504 secs] 168884K->29154K(506816K), 0.0022124 secs] [Times: user=0.01 sys=0.00, real=0.00 secs] 
2020-10-28T22:53:45.366-0800: 68.415: [GC (Allocation Failure) 2020-10-28T22:53:45.366-0800: 68.415: [DefNew: 139845K->80K(157248K), 0.0023087 secs] 168874K->29108K(506816K), 0.0023927 secs] [Times: user=0.00 sys=0.00, real=0.00 secs] 
2020-10-28T22:53:45.463-0800: 68.512: [GC (Allocation Failure) 2020-10-28T22:53:45.463-0800: 68.512: [DefNew: 139856K->99K(157248K), 0.0024880 secs] 168884K->29128K(506816K), 0.0025903 secs] [Times: user=0.00 sys=0.00, real=0.00 secs] 
2020-10-28T22:53:45.558-0800: 68.608: [GC (Allocation Failure) 2020-10-28T22:53:45.558-0800: 68.608: [DefNew: 139875K->73K(157248K), 0.0019889 secs] 168904K->29102K(506816K), 0.0020553 secs] [Times: user=0.00 sys=0.00, real=0.01 secs] 
2020-10-28T22:53:45.655-0800: 68.705: [GC (Allocation Failure) 2020-10-28T22:53:45.655-0800: 68.705: [DefNew: 139849K->60K(157248K), 0.0021104 secs] 168878K->29089K(506816K), 0.0021886 secs] [Times: user=0.00 sys=0.00, real=0.00 secs] 
2020-10-28T22:53:45.755-0800: 68.804: [GC (Allocation Failure) 2020-10-28T22:53:45.755-0800: 68.804: [DefNew: 139836K->118K(157248K), 0.0027652 secs] 168865K->29147K(506816K), 0.0028512 secs] [Times: user=0.00 sys=0.00, real=0.00 secs] 
2020-10-28T22:53:45.856-0800: 68.905: [GC (Allocation Failure) 2020-10-28T22:53:45.856-0800: 68.905: [DefNew: 139894K->82K(157248K), 0.0022040 secs] 168923K->29111K(506816K), 0.0023125 secs] [Times: user=0.00 sys=0.00, real=0.00 secs] 
2020-10-28T22:53:45.953-0800: 69.002: [GC (Allocation Failure) 2020-10-28T22:53:45.953-0800: 69.003: [DefNew: 139858K->83K(157248K), 0.0022187 secs] 168887K->29112K(506816K), 0.0022971 secs] [Times: user=0.00 sys=0.00, real=0.00 secs] 
2020-10-28T22:53:46.047-0800: 69.096: [GC (Allocation Failure) 2020-10-28T22:53:46.047-0800: 69.096: [DefNew: 139859K->113K(157248K), 0.0022691 secs] 168888K->29142K(506816K), 0.0023534 secs] [Times: user=0.00 sys=0.00, real=0.00 secs] 
2020-10-28T22:53:46.141-0800: 69.191: [GC (Allocation Failure) 2020-10-28T22:53:46.141-0800: 69.191: [DefNew: 139889K->76K(157248K), 0.0022268 secs] 168918K->29105K(506816K), 0.0023019 secs] [Times: user=0.00 sys=0.00, real=0.00 secs] 
2020-10-28T22:53:46.235-0800: 69.285: [GC (Allocation Failure) 2020-10-28T22:53:46.236-0800: 69.285: [DefNew: 139852K->85K(157248K), 0.0023182 secs] 168881K->29114K(506816K), 0.0024026 secs] [Times: user=0.00 sys=0.00, real=0.00 secs] 
2020-10-28T22:53:46.325-0800: 69.374: [GC (Allocation Failure) 2020-10-28T22:53:46.325-0800: 69.375: [DefNew: 139861K->78K(157248K), 0.0024145 secs] 168890K->29107K(506816K), 0.0024988 secs] [Times: user=0.00 sys=0.00, real=0.00 secs] 
2020-10-28T22:53:46.417-0800: 69.467: [GC (Allocation Failure) 2020-10-28T22:53:46.417-0800: 69.467: [DefNew: 139854K->91K(157248K), 0.0022709 secs] 168883K->29120K(506816K), 0.0023638 secs] [Times: user=0.00 sys=0.00, real=0.01 secs] 
2020-10-28T22:53:46.509-0800: 69.558: [GC (Allocation Failure) 2020-10-28T22:53:46.509-0800: 69.558: [DefNew: 139867K->86K(157248K), 0.0021112 secs] 168896K->29116K(506816K), 0.0021803 secs] [Times: user=0.00 sys=0.00, real=0.01 secs] 
2020-10-28T22:53:46.602-0800: 69.651: [GC (Allocation Failure) 2020-10-28T22:53:46.602-0800: 69.651: [DefNew: 139862K->78K(157248K), 0.0023739 secs] 168892K->29108K(506816K), 0.0024587 secs] [Times: user=0.00 sys=0.00, real=0.00 secs] 
2020-10-28T22:53:46.694-0800: 69.743: [GC (Allocation Failure) 2020-10-28T22:53:46.694-0800: 69.743: [DefNew: 139854K->78K(157248K), 0.0022806 secs] 168884K->29107K(506816K), 0.0023543 secs] [Times: user=0.01 sys=0.00, real=0.00 secs] 
2020-10-28T22:53:46.788-0800: 69.837: [GC (Allocation Failure) 2020-10-28T22:53:46.788-0800: 69.837: [DefNew: 139854K->86K(157248K), 0.0020575 secs] 168883K->29115K(506816K), 0.0021240 secs] [Times: user=0.01 sys=0.00, real=0.01 secs] 
2020-10-28T22:53:46.879-0800: 69.928: [GC (Allocation Failure) 2020-10-28T22:53:46.879-0800: 69.928: [DefNew: 139862K->102K(157248K), 0.0020834 secs] 168891K->29131K(506816K), 0.0021499 secs] [Times: user=0.00 sys=0.00, real=0.01 secs] 
2020-10-28T22:53:46.969-0800: 70.018: [GC (Allocation Failure) 2020-10-28T22:53:46.969-0800: 70.018: [DefNew: 139878K->80K(157248K), 0.0021297 secs] 168907K->29109K(506816K), 0.0021893 secs] [Times: user=0.00 sys=0.00, real=0.01 secs] 
2020-10-28T22:53:47.063-0800: 70.112: [GC (Allocation Failure) 2020-10-28T22:53:47.063-0800: 70.112: [DefNew: 139856K->103K(157248K), 0.0021950 secs] 168885K->29132K(506816K), 0.0022856 secs] [Times: user=0.00 sys=0.00, real=0.00 secs] 
2020-10-28T22:53:47.155-0800: 70.205: [GC (Allocation Failure) 2020-10-28T22:53:47.155-0800: 70.205: [DefNew: 139821K->74K(157248K), 0.0020707 secs] 168850K->29104K(506816K), 0.0021402 secs] [Times: user=0.00 sys=0.00, real=0.00 secs] 
2020-10-28T22:53:47.245-0800: 70.294: [GC (Allocation Failure) 2020-10-28T22:53:47.245-0800: 70.294: [DefNew: 139850K->82K(157248K), 0.0021291 secs] 168880K->29112K(506816K), 0.0022036 secs] [Times: user=0.00 sys=0.00, real=0.00 secs] 
2020-10-28T22:53:47.395-0800: 70.445: [GC (Allocation Failure) 2020-10-28T22:53:47.395-0800: 70.445: [DefNew: 139858K->83K(157248K), 0.0022594 secs] 168888K->29112K(506816K), 0.0023424 secs] [Times: user=0.00 sys=0.00, real=0.00 secs] 
2020-10-28T22:53:47.490-0800: 70.539: [GC (Allocation Failure) 2020-10-28T22:53:47.490-0800: 70.539: [DefNew: 139859K->117K(157248K), 0.0022771 secs] 168888K->29146K(506816K), 0.0023424 secs] [Times: user=0.01 sys=0.00, real=0.00 secs] 
2020-10-28T22:53:47.581-0800: 70.630: [GC (Allocation Failure) 2020-10-28T22:53:47.581-0800: 70.630: [DefNew: 139893K->113K(157248K), 0.0022009 secs] 168922K->29143K(506816K), 0.0022666 secs] [Times: user=0.01 sys=0.00, real=0.00 secs] 
2020-10-28T22:53:47.673-0800: 70.723: [GC (Allocation Failure) 2020-10-28T22:53:47.673-0800: 70.723: [DefNew: 139889K->66K(157248K), 0.0020633 secs] 168919K->29095K(506816K), 0.0021309 secs] [Times: user=0.01 sys=0.00, real=0.00 secs] 
2020-10-28T22:53:47.763-0800: 70.813: [GC (Allocation Failure) 2020-10-28T22:53:47.763-0800: 70.813: [DefNew: 139842K->97K(157248K), 0.0021213 secs] 168871K->29126K(506816K), 0.0021858 secs] [Times: user=0.01 sys=0.00, real=0.00 secs] 
2020-10-28T22:53:47.853-0800: 70.902: [GC (Allocation Failure) 2020-10-28T22:53:47.853-0800: 70.902: [DefNew: 139873K->79K(157248K), 0.0020466 secs] 168902K->29109K(506816K), 0.0021127 secs] [Times: user=0.00 sys=0.00, real=0.00 secs] 
2020-10-28T22:53:47.944-0800: 70.993: [GC (Allocation Failure) 2020-10-28T22:53:47.944-0800: 70.993: [DefNew: 139855K->82K(157248K), 0.0021253 secs] 168885K->29113K(506816K), 0.0021906 secs] [Times: user=0.00 sys=0.00, real=0.00 secs] 
2020-10-28T22:53:48.033-0800: 71.082: [GC (Allocation Failure) 2020-10-28T22:53:48.033-0800: 71.082: [DefNew: 139858K->72K(157248K), 0.0020313 secs] 168889K->29103K(506816K), 0.0020967 secs] [Times: user=0.00 sys=0.00, real=0.00 secs] 
2020-10-28T22:53:48.122-0800: 71.171: [GC (Allocation Failure) 2020-10-28T22:53:48.122-0800: 71.171: [DefNew: 139848K->99K(157248K), 0.0020706 secs] 168879K->29129K(506816K), 0.0021334 secs] [Times: user=0.00 sys=0.00, real=0.00 secs] 
2020-10-28T22:53:48.210-0800: 71.260: [GC (Allocation Failure) 2020-10-28T22:53:48.210-0800: 71.260: [DefNew: 139875K->91K(157248K), 0.0023062 secs] 168905K->29122K(506816K), 0.0023754 secs] [Times: user=0.01 sys=0.00, real=0.00 secs] 
2020-10-28T22:53:48.300-0800: 71.349: [GC (Allocation Failure) 2020-10-28T22:53:48.300-0800: 71.349: [DefNew: 139867K->72K(157248K), 0.0020759 secs] 168898K->29103K(506816K), 0.0021413 secs] [Times: user=0.00 sys=0.00, real=0.00 secs] 
2020-10-28T22:53:48.400-0800: 71.449: [GC (Allocation Failure) 2020-10-28T22:53:48.400-0800: 71.449: [DefNew: 139848K->100K(157248K), 0.0021116 secs] 168879K->29131K(506816K), 0.0021781 secs] [Times: user=0.00 sys=0.00, real=0.00 secs] 
2020-10-28T22:53:48.489-0800: 71.538: [GC (Allocation Failure) 2020-10-28T22:53:48.489-0800: 71.538: [DefNew: 139876K->72K(157248K), 0.0020854 secs] 168907K->29102K(506816K), 0.0021492 secs] [Times: user=0.01 sys=0.00, real=0.01 secs] 
2020-10-28T22:53:48.582-0800: 71.631: [GC (Allocation Failure) 2020-10-28T22:53:48.582-0800: 71.632: [DefNew: 139848K->85K(157248K), 0.0021149 secs] 168878K->29115K(506816K), 0.0021949 secs] [Times: user=0.00 sys=0.00, real=0.00 secs] 
2020-10-28T22:53:48.680-0800: 71.729: [GC (Allocation Failure) 2020-10-28T22:53:48.680-0800: 71.729: [DefNew: 139861K->71K(157248K), 0.0021237 secs] 168891K->29101K(506816K), 0.0021938 secs] [Times: user=0.00 sys=0.00, real=0.00 secs] 
2020-10-28T22:53:48.775-0800: 71.824: [GC (Allocation Failure) 2020-10-28T22:53:48.775-0800: 71.824: [DefNew: 139847K->110K(157248K), 0.0021548 secs] 168877K->29140K(506816K), 0.0022218 secs] [Times: user=0.01 sys=0.00, real=0.00 secs] 
2020-10-28T22:53:48.879-0800: 71.928: [GC (Allocation Failure) 2020-10-28T22:53:48.879-0800: 71.928: [DefNew: 139886K->74K(157248K), 0.0021659 secs] 168916K->29106K(506816K), 0.0022425 secs] [Times: user=0.00 sys=0.00, real=0.01 secs] 
2020-10-28T22:53:48.991-0800: 72.041: [GC (Allocation Failure) 2020-10-28T22:53:48.991-0800: 72.041: [DefNew: 139850K->79K(157248K), 0.0021324 secs] 168882K->29110K(506816K), 0.0021995 secs] [Times: user=0.01 sys=0.00, real=0.00 secs] 
2020-10-28T22:53:49.117-0800: 72.167: [GC (Allocation Failure) 2020-10-28T22:53:49.117-0800: 72.167: [DefNew: 139855K->57K(157248K), 0.0021412 secs] 168886K->29088K(506816K), 0.0022484 secs] [Times: user=0.01 sys=0.00, real=0.01 secs] 
2020-10-28T22:53:49.221-0800: 72.270: [GC (Allocation Failure) 2020-10-28T22:53:49.221-0800: 72.270: [DefNew: 139833K->102K(157248K), 0.0022284 secs] 168864K->29133K(506816K), 0.0022888 secs] [Times: user=0.00 sys=0.00, real=0.00 secs] 
2020-10-28T22:53:49.310-0800: 72.359: [GC (Allocation Failure) 2020-10-28T22:53:49.310-0800: 72.359: [DefNew: 139878K->104K(157248K), 0.0021854 secs] 168909K->29135K(506816K), 0.0022531 secs] [Times: user=0.00 sys=0.00, real=0.00 secs] 
2020-10-28T22:53:49.409-0800: 72.459: [GC (Allocation Failure) 2020-10-28T22:53:49.410-0800: 72.459: [DefNew: 139880K->79K(157248K), 0.0020724 secs] 168911K->29110K(506816K), 0.0021495 secs] [Times: user=0.00 sys=0.00, real=0.01 secs] 
2020-10-28T22:53:49.502-0800: 72.551: [GC (Allocation Failure) 2020-10-28T22:53:49.502-0800: 72.551: [DefNew: 139855K->119K(157248K), 0.0022131 secs] 168886K->29150K(506816K), 0.0022885 secs] [Times: user=0.01 sys=0.00, real=0.00 secs] 
2020-10-28T22:53:49.593-0800: 72.642: [GC (Allocation Failure) 2020-10-28T22:53:49.593-0800: 72.643: [DefNew: 139895K->95K(157248K), 0.0021580 secs] 168926K->29126K(506816K), 0.0022329 secs] [Times: user=0.00 sys=0.00, real=0.00 secs] 
2020-10-28T22:53:49.684-0800: 72.733: [GC (Allocation Failure) 2020-10-28T22:53:49.684-0800: 72.734: [DefNew: 139871K->90K(157248K), 0.0021827 secs] 168902K->29121K(506816K), 0.0022623 secs] [Times: user=0.01 sys=0.00, real=0.00 secs] 
2020-10-28T22:53:49.776-0800: 72.826: [GC (Allocation Failure) 2020-10-28T22:53:49.776-0800: 72.826: [DefNew: 139866K->77K(157248K), 0.0021158 secs] 168897K->29109K(506816K), 0.0021937 secs] [Times: user=0.00 sys=0.00, real=0.00 secs] 
2020-10-28T22:53:49.869-0800: 72.919: [GC (Allocation Failure) 2020-10-28T22:53:49.870-0800: 72.919: [DefNew: 139853K->77K(157248K), 0.0021652 secs] 168885K->29108K(506816K), 0.0022426 secs] [Times: user=0.00 sys=0.00, real=0.01 secs] 
2020-10-28T22:53:49.964-0800: 73.013: [GC (Allocation Failure) 2020-10-28T22:53:49.964-0800: 73.013: [DefNew: 139853K->63K(157248K), 0.0021225 secs] 168884K->29094K(506816K), 0.0022019 secs] [Times: user=0.01 sys=0.00, real=0.00 secs] 
2020-10-28T22:53:50.055-0800: 73.105: [GC (Allocation Failure) 2020-10-28T22:53:50.055-0800: 73.105: [DefNew: 139839K->68K(157248K), 0.0020997 secs] 168870K->29099K(506816K), 0.0021780 secs] [Times: user=0.00 sys=0.00, real=0.00 secs] 
2020-10-28T22:53:50.146-0800: 73.195: [GC (Allocation Failure) 2020-10-28T22:53:50.146-0800: 73.195: [DefNew: 139844K->73K(157248K), 0.0022040 secs] 168875K->29105K(506816K), 0.0022807 secs] [Times: user=0.01 sys=0.00, real=0.00 secs] 
2020-10-28T22:53:50.239-0800: 73.289: [GC (Allocation Failure) 2020-10-28T22:53:50.239-0800: 73.289: [DefNew: 139849K->72K(157248K), 0.0022405 secs] 168881K->29103K(506816K), 0.0023266 secs] [Times: user=0.00 sys=0.00, real=0.01 secs] 
2020-10-28T22:53:50.331-0800: 73.380: [GC (Allocation Failure) 2020-10-28T22:53:50.331-0800: 73.380: [DefNew: 139848K->65K(157248K), 0.0024606 secs] 168879K->29096K(506816K), 0.0025552 secs] [Times: user=0.00 sys=0.00, real=0.00 secs] 
2020-10-28T22:53:50.423-0800: 73.472: [GC (Allocation Failure) 2020-10-28T22:53:50.423-0800: 73.472: [DefNew: 139841K->104K(157248K), 0.0021608 secs] 168872K->29135K(506816K), 0.0022501 secs] [Times: user=0.00 sys=0.00, real=0.00 secs] 
2020-10-28T22:53:50.512-0800: 73.562: [GC (Allocation Failure) 2020-10-28T22:53:50.512-0800: 73.562: [DefNew: 139880K->105K(157248K), 0.0021103 secs] 168911K->29136K(506816K), 0.0021743 secs] [Times: user=0.00 sys=0.00, real=0.00 secs] 
2020-10-28T22:53:50.604-0800: 73.654: [GC (Allocation Failure) 2020-10-28T22:53:50.605-0800: 73.654: [DefNew: 139881K->78K(157248K), 0.0021301 secs] 168912K->29109K(506816K), 0.0021952 secs] [Times: user=0.00 sys=0.00, real=0.00 secs] 
2020-10-28T22:53:50.694-0800: 73.743: [GC (Allocation Failure) 2020-10-28T22:53:50.694-0800: 73.743: [DefNew: 139854K->93K(157248K), 0.0022215 secs] 168885K->29125K(506816K), 0.0022883 secs] [Times: user=0.00 sys=0.00, real=0.00 secs] 
2020-10-28T22:53:50.787-0800: 73.836: [GC (Allocation Failure) 2020-10-28T22:53:50.787-0800: 73.836: [DefNew: 139869K->98K(157248K), 0.0022200 secs] 168901K->29130K(506816K), 0.0022858 secs] [Times: user=0.00 sys=0.00, real=0.00 secs] 
2020-10-28T22:53:50.879-0800: 73.928: [GC (Allocation Failure) 2020-10-28T22:53:50.879-0800: 73.928: [DefNew: 139874K->103K(157248K), 0.0022388 secs] 168906K->29135K(506816K), 0.0023059 secs] [Times: user=0.00 sys=0.00, real=0.01 secs] 
2020-10-28T22:53:50.970-0800: 74.020: [GC (Allocation Failure) 2020-10-28T22:53:50.970-0800: 74.020: [DefNew: 139879K->91K(157248K), 0.0022571 secs] 168911K->29123K(506816K), 0.0023170 secs] [Times: user=0.00 sys=0.00, real=0.00 secs] 
2020-10-28T22:53:51.068-0800: 74.117: [GC (Allocation Failure) 2020-10-28T22:53:51.068-0800: 74.117: [DefNew: 139867K->64K(157248K), 0.0021223 secs] 168899K->29096K(506816K), 0.0021877 secs] [Times: user=0.00 sys=0.00, real=0.01 secs] 
2020-10-28T22:53:51.162-0800: 74.211: [GC (Allocation Failure) 2020-10-28T22:53:51.162-0800: 74.211: [DefNew: 139840K->78K(157248K), 0.0021309 secs] 168872K->29110K(506816K), 0.0022017 secs] [Times: user=0.01 sys=0.00, real=0.00 secs] 
2020-10-28T22:53:51.257-0800: 74.306: [GC (Allocation Failure) 2020-10-28T22:53:51.257-0800: 74.306: [DefNew: 139854K->73K(157248K), 0.0021164 secs] 168886K->29105K(506816K), 0.0021824 secs] [Times: user=0.00 sys=0.00, real=0.00 secs] 
2020-10-28T22:53:51.351-0800: 74.401: [GC (Allocation Failure) 2020-10-28T22:53:51.351-0800: 74.401: [DefNew: 139849K->91K(157248K), 0.0023009 secs] 168881K->29123K(506816K), 0.0023704 secs] [Times: user=0.00 sys=0.00, real=0.00 secs] 
2020-10-28T22:53:51.441-0800: 74.490: [GC (Allocation Failure) 2020-10-28T22:53:51.441-0800: 74.490: [DefNew: 139867K->83K(157248K), 0.0022564 secs] 168899K->29115K(506816K), 0.0023297 secs] [Times: user=0.00 sys=0.00, real=0.00 secs] 
2020-10-28T22:53:51.534-0800: 74.583: [GC (Allocation Failure) 2020-10-28T22:53:51.534-0800: 74.583: [DefNew: 139859K->108K(157248K), 0.0021549 secs] 168891K->29140K(506816K), 0.0022197 secs] [Times: user=0.00 sys=0.00, real=0.00 secs] 
2020-10-28T22:53:51.627-0800: 74.676: [GC (Allocation Failure) 2020-10-28T22:53:51.627-0800: 74.676: [DefNew: 139884K->102K(157248K), 0.0022324 secs] 168916K->29134K(506816K), 0.0022994 secs] [Times: user=0.00 sys=0.00, real=0.00 secs] 
2020-10-28T22:53:51.719-0800: 74.768: [GC (Allocation Failure) 2020-10-28T22:53:51.719-0800: 74.768: [DefNew: 139878K->90K(157248K), 0.0022604 secs] 168910K->29123K(506816K), 0.0023255 secs] [Times: user=0.00 sys=0.00, real=0.01 secs] 
2020-10-28T22:53:51.810-0800: 74.859: [GC (Allocation Failure) 2020-10-28T22:53:51.810-0800: 74.859: [DefNew: 139866K->65K(157248K), 0.0021481 secs] 168899K->29097K(506816K), 0.0022269 secs] [Times: user=0.00 sys=0.00, real=0.00 secs] 
2020-10-28T22:53:51.901-0800: 74.950: [GC (Allocation Failure) 2020-10-28T22:53:51.901-0800: 74.950: [DefNew: 139841K->60K(157248K), 0.0020821 secs] 168873K->29092K(506816K), 0.0021491 secs] [Times: user=0.00 sys=0.00, real=0.00 secs] 
2020-10-28T22:53:51.998-0800: 75.047: [GC (Allocation Failure) 2020-10-28T22:53:51.998-0800: 75.047: [DefNew: 139836K->83K(157248K), 0.0022920 secs] 168868K->29116K(506816K), 0.0023630 secs] [Times: user=0.00 sys=0.00, real=0.01 secs] 
2020-10-28T22:53:52.094-0800: 75.143: [GC (Allocation Failure) 2020-10-28T22:53:52.094-0800: 75.143: [DefNew: 139859K->76K(157248K), 0.0021379 secs] 168892K->29108K(506816K), 0.0021944 secs] [Times: user=0.00 sys=0.00, real=0.00 secs] 
2020-10-28T22:53:57.114-0800: 80.163: [GC (Allocation Failure) 2020-10-28T22:53:57.114-0800: 80.163: [DefNew: 139852K->102K(157248K), 0.0017385 secs] 168884K->29135K(506816K), 0.0017923 secs] [Times: user=0.01 sys=0.00, real=0.00 secs] 
2020-10-28T22:53:57.184-0800: 80.233: [GC (Allocation Failure) 2020-10-28T22:53:57.184-0800: 80.233: [DefNew: 139878K->73K(157248K), 0.0018466 secs] 168911K->29105K(506816K), 0.0019035 secs] [Times: user=0.00 sys=0.00, real=0.00 secs] 
2020-10-28T22:53:57.266-0800: 80.315: [GC (Allocation Failure) 2020-10-28T22:53:57.266-0800: 80.315: [DefNew: 139840K->79K(157248K), 0.0021965 secs] 168872K->29111K(506816K), 0.0022710 secs] [Times: user=0.00 sys=0.00, real=0.00 secs] 
2020-10-28T22:53:57.348-0800: 80.397: [GC (Allocation Failure) 2020-10-28T22:53:57.348-0800: 80.397: [DefNew: 139855K->58K(157248K), 0.0019175 secs] 168887K->29091K(506816K), 0.0019810 secs] [Times: user=0.00 sys=0.00, real=0.01 secs] 
2020-10-28T22:53:57.430-0800: 80.479: [GC (Allocation Failure) 2020-10-28T22:53:57.430-0800: 80.479: [DefNew: 139834K->99K(157248K), 0.0019860 secs] 168867K->29131K(506816K), 0.0020496 secs] [Times: user=0.01 sys=0.00, real=0.00 secs] 
2020-10-28T22:53:57.511-0800: 80.560: [GC (Allocation Failure) 2020-10-28T22:53:57.511-0800: 80.560: [DefNew: 139875K->93K(157248K), 0.0020362 secs] 168907K->29126K(506816K), 0.0020979 secs] [Times: user=0.00 sys=0.00, real=0.00 secs] 
2020-10-28T22:53:57.593-0800: 80.642: [GC (Allocation Failure) 2020-10-28T22:53:57.593-0800: 80.642: [DefNew: 139869K->69K(157248K), 0.0020343 secs] 168902K->29102K(506816K), 0.0020980 secs] [Times: user=0.00 sys=0.00, real=0.00 secs] 
2020-10-28T22:53:57.675-0800: 80.724: [GC (Allocation Failure) 2020-10-28T22:53:57.675-0800: 80.724: [DefNew: 139845K->87K(157248K), 0.0020391 secs] 168878K->29120K(506816K), 0.0021006 secs] [Times: user=0.00 sys=0.00, real=0.00 secs] 
2020-10-28T22:53:57.758-0800: 80.807: [GC (Allocation Failure) 2020-10-28T22:53:57.758-0800: 80.807: [DefNew: 139863K->60K(157248K), 0.0019057 secs] 168896K->29093K(506816K), 0.0019659 secs] [Times: user=0.00 sys=0.00, real=0.01 secs] 
2020-10-28T22:53:57.841-0800: 80.890: [GC (Allocation Failure) 2020-10-28T22:53:57.841-0800: 80.890: [DefNew: 139836K->85K(157248K), 0.0019392 secs] 168869K->29117K(506816K), 0.0020010 secs] [Times: user=0.00 sys=0.00, real=0.00 secs] 
2020-10-28T22:53:57.921-0800: 80.970: [GC (Allocation Failure) 2020-10-28T22:53:57.921-0800: 80.970: [DefNew: 139861K->75K(157248K), 0.0019679 secs] 168893K->29108K(506816K), 0.0020310 secs] [Times: user=0.00 sys=0.00, real=0.00 secs] 
2020-10-28T22:53:58.006-0800: 81.055: [GC (Allocation Failure) 2020-10-28T22:53:58.006-0800: 81.055: [DefNew: 139834K->103K(157248K), 0.0020880 secs] 168867K->29136K(506816K), 0.0021497 secs] [Times: user=0.00 sys=0.00, real=0.00 secs] 
2020-10-28T22:53:58.090-0800: 81.139: [GC (Allocation Failure) 2020-10-28T22:53:58.090-0800: 81.139: [DefNew: 139879K->90K(157248K), 0.0020183 secs] 168912K->29122K(506816K), 0.0020805 secs] [Times: user=0.00 sys=0.00, real=0.00 secs] 
2020-10-28T22:53:58.744-0800: 81.793: [GC (Allocation Failure) 2020-10-28T22:53:58.744-0800: 81.793: [DefNew: 139866K->95K(157248K), 0.0018774 secs] 168898K->29132K(506816K), 0.0019337 secs] [Times: user=0.00 sys=0.00, real=0.00 secs] 
2020-10-28T22:53:58.823-0800: 81.872: [GC (Allocation Failure) 2020-10-28T22:53:58.823-0800: 81.872: [DefNew: 139871K->118K(157248K), 0.0019900 secs] 168908K->29156K(506816K), 0.0020503 secs] [Times: user=0.00 sys=0.00, real=0.00 secs] 
2020-10-28T22:53:58.907-0800: 81.956: [GC (Allocation Failure) 2020-10-28T22:53:58.907-0800: 81.956: [DefNew: 139894K->85K(157248K), 0.0020390 secs] 168932K->29125K(506816K), 0.0021010 secs] [Times: user=0.00 sys=0.00, real=0.00 secs] 
2020-10-28T22:53:58.992-0800: 82.041: [GC (Allocation Failure) 2020-10-28T22:53:58.992-0800: 82.041: [DefNew: 139861K->71K(157248K), 0.0019239 secs] 168901K->29110K(506816K), 0.0019860 secs] [Times: user=0.00 sys=0.00, real=0.00 secs] 
2020-10-28T22:53:59.077-0800: 82.126: [GC (Allocation Failure) 2020-10-28T22:53:59.077-0800: 82.126: [DefNew: 139847K->75K(157248K), 0.0019872 secs] 168886K->29115K(506816K), 0.0020483 secs] [Times: user=0.00 sys=0.00, real=0.00 secs] 
2020-10-28T22:53:59.164-0800: 82.213: [GC (Allocation Failure) 2020-10-28T22:53:59.164-0800: 82.213: [DefNew: 139851K->83K(157248K), 0.0020984 secs] 168891K->29123K(506816K), 0.0021622 secs] [Times: user=0.00 sys=0.00, real=0.00 secs] 
2020-10-28T22:53:59.251-0800: 82.300: [GC (Allocation Failure) 2020-10-28T22:53:59.251-0800: 82.300: [DefNew: 139859K->91K(157248K), 0.0019874 secs] 168899K->29131K(506816K), 0.0020504 secs] [Times: user=0.00 sys=0.00, real=0.00 secs] 
2020-10-28T22:53:59.334-0800: 82.383: [GC (Allocation Failure) 2020-10-28T22:53:59.334-0800: 82.383: [DefNew: 139867K->77K(157248K), 0.0022501 secs] 168907K->29117K(506816K), 0.0023202 secs] [Times: user=0.00 sys=0.00, real=0.00 secs] 
2020-10-28T22:53:59.420-0800: 82.469: [GC (Allocation Failure) 2020-10-28T22:53:59.420-0800: 82.469: [DefNew: 139853K->86K(157248K), 0.0020202 secs] 168893K->29125K(506816K), 0.0020835 secs] [Times: user=0.00 sys=0.00, real=0.00 secs] 
2020-10-28T22:53:59.502-0800: 82.551: [GC (Allocation Failure) 2020-10-28T22:53:59.502-0800: 82.551: [DefNew: 139862K->73K(157248K), 0.0019904 secs] 168901K->29112K(506816K), 0.0020546 secs] [Times: user=0.00 sys=0.00, real=0.00 secs] 
2020-10-28T22:53:59.585-0800: 82.634: [GC (Allocation Failure) 2020-10-28T22:53:59.585-0800: 82.634: [DefNew: 139849K->101K(157248K), 0.0021114 secs] 168888K->29141K(506816K), 0.0021750 secs] [Times: user=0.00 sys=0.00, real=0.00 secs] 
2020-10-28T22:53:59.674-0800: 82.723: [GC (Allocation Failure) 2020-10-28T22:53:59.674-0800: 82.723: [DefNew: 139877K->90K(157248K), 0.0020631 secs] 168917K->29130K(506816K), 0.0021289 secs] [Times: user=0.00 sys=0.00, real=0.00 secs] 
2020-10-28T22:54:00.210-0800: 83.259: [GC (Allocation Failure) 2020-10-28T22:54:00.210-0800: 83.259: [DefNew: 139866K->79K(157248K), 0.0019091 secs] 168906K->29118K(506816K), 0.0019688 secs] [Times: user=0.01 sys=0.00, real=0.00 secs] 
2020-10-28T22:54:00.290-0800: 83.339: [GC (Allocation Failure) 2020-10-28T22:54:00.290-0800: 83.339: [DefNew: 139855K->72K(157248K), 0.0019023 secs] 168894K->29112K(506816K), 0.0019648 secs] [Times: user=0.00 sys=0.00, real=0.00 secs] 
2020-10-28T22:54:00.374-0800: 83.422: [GC (Allocation Failure) 2020-10-28T22:54:00.374-0800: 83.423: [DefNew: 139848K->87K(157248K), 0.0020911 secs] 168888K->29126K(506816K), 0.0021741 secs] [Times: user=0.00 sys=0.00, real=0.00 secs] 
2020-10-28T22:54:00.457-0800: 83.506: [GC (Allocation Failure) 2020-10-28T22:54:00.457-0800: 83.506: [DefNew: 139863K->78K(157248K), 0.0019889 secs] 168902K->29118K(506816K), 0.0020491 secs] [Times: user=0.00 sys=0.00, real=0.00 secs] 
2020-10-28T22:54:00.541-0800: 83.590: [GC (Allocation Failure) 2020-10-28T22:54:00.541-0800: 83.590: [DefNew: 139854K->65K(157248K), 0.0020177 secs] 168894K->29105K(506816K), 0.0020809 secs] [Times: user=0.00 sys=0.00, real=0.00 secs] 
2020-10-28T22:54:00.625-0800: 83.674: [GC (Allocation Failure) 2020-10-28T22:54:00.625-0800: 83.674: [DefNew: 139841K->73K(157248K), 0.0019705 secs] 168881K->29113K(506816K), 0.0020343 secs] [Times: user=0.01 sys=0.00, real=0.00 secs] 
2020-10-28T22:54:00.710-0800: 83.759: [GC (Allocation Failure) 2020-10-28T22:54:00.710-0800: 83.759: [DefNew: 139849K->90K(157248K), 0.0020164 secs] 168889K->29129K(506816K), 0.0020763 secs] [Times: user=0.00 sys=0.00, real=0.00 secs] 
2020-10-28T22:54:00.793-0800: 83.842: [GC (Allocation Failure) 2020-10-28T22:54:00.794-0800: 83.842: [DefNew: 139866K->116K(157248K), 0.0021200 secs] 168905K->29155K(506816K), 0.0021849 secs] [Times: user=0.00 sys=0.00, real=0.00 secs] 
2020-10-28T22:54:00.881-0800: 83.930: [GC (Allocation Failure) 2020-10-28T22:54:00.881-0800: 83.930: [DefNew: 139892K->68K(157248K), 0.0020001 secs] 168931K->29107K(506816K), 0.0020652 secs] [Times: user=0.00 sys=0.00, real=0.00 secs] 
2020-10-28T22:54:00.968-0800: 84.017: [GC (Allocation Failure) 2020-10-28T22:54:00.968-0800: 84.017: [DefNew: 139844K->81K(157248K), 0.0020959 secs] 168883K->29120K(506816K), 0.0021595 secs] [Times: user=0.00 sys=0.00, real=0.01 secs] 
2020-10-28T22:54:01.056-0800: 84.105: [GC (Allocation Failure) 2020-10-28T22:54:01.056-0800: 84.105: [DefNew: 139857K->72K(157248K), 0.0020950 secs] 168896K->29112K(506816K), 0.0021562 secs] [Times: user=0.00 sys=0.00, real=0.00 secs] 
2020-10-28T22:54:01.864-0800: 84.913: [GC (Allocation Failure) 2020-10-28T22:54:01.864-0800: 84.913: [DefNew: 139848K->88K(157248K), 0.0018580 secs] 168888K->29128K(506816K), 0.0019137 secs] [Times: user=0.00 sys=0.00, real=0.00 secs] 
2020-10-28T22:54:01.935-0800: 84.984: [GC (Allocation Failure) 2020-10-28T22:54:01.935-0800: 84.984: [DefNew: 139864K->71K(157248K), 0.0018207 secs] 168904K->29111K(506816K), 0.0018783 secs] [Times: user=0.00 sys=0.00, real=0.00 secs] 
2020-10-28T22:54:02.016-0800: 85.065: [GC (Allocation Failure) 2020-10-28T22:54:02.016-0800: 85.065: [DefNew: 139847K->72K(157248K), 0.0021323 secs] 168887K->29112K(506816K), 0.0022133 secs] [Times: user=0.00 sys=0.00, real=0.00 secs] 
2020-10-28T22:54:02.102-0800: 85.151: [GC (Allocation Failure) 2020-10-28T22:54:02.102-0800: 85.151: [DefNew: 139848K->98K(157248K), 0.0020282 secs] 168888K->29137K(506816K), 0.0020885 secs] [Times: user=0.00 sys=0.00, real=0.00 secs] 
2020-10-28T22:54:02.184-0800: 85.233: [GC (Allocation Failure) 2020-10-28T22:54:02.184-0800: 85.233: [DefNew: 139864K->75K(157248K), 0.0020949 secs] 168904K->29115K(506816K), 0.0021570 secs] [Times: user=0.00 sys=0.00, real=0.00 secs] 
2020-10-28T22:54:02.269-0800: 85.318: [GC (Allocation Failure) 2020-10-28T22:54:02.270-0800: 85.318: [DefNew: 139851K->65K(157248K), 0.0020015 secs] 168891K->29105K(506816K), 0.0020678 secs] [Times: user=0.00 sys=0.00, real=0.01 secs] 
2020-10-28T22:54:02.354-0800: 85.403: [GC (Allocation Failure) 2020-10-28T22:54:02.354-0800: 85.403: [DefNew: 139841K->92K(157248K), 0.0020599 secs] 168881K->29132K(506816K), 0.0021219 secs] [Times: user=0.00 sys=0.00, real=0.00 secs] 
2020-10-28T22:54:02.438-0800: 85.487: [GC (Allocation Failure) 2020-10-28T22:54:02.438-0800: 85.487: [DefNew: 139868K->70K(157248K), 0.0019503 secs] 168908K->29110K(506816K), 0.0020133 secs] [Times: user=0.00 sys=0.00, real=0.01 secs] 
2020-10-28T22:54:02.522-0800: 85.571: [GC (Allocation Failure) 2020-10-28T22:54:02.522-0800: 85.571: [DefNew: 139846K->78K(157248K), 0.0020076 secs] 168886K->29118K(506816K), 0.0020693 secs] [Times: user=0.01 sys=0.00, real=0.00 secs] 
2020-10-28T22:54:02.608-0800: 85.657: [GC (Allocation Failure) 2020-10-28T22:54:02.608-0800: 85.657: [DefNew: 139854K->65K(157248K), 0.0020010 secs] 168894K->29104K(506816K), 0.0020662 secs] [Times: user=0.00 sys=0.00, real=0.01 secs] 
2020-10-28T22:54:02.691-0800: 85.740: [GC (Allocation Failure) 2020-10-28T22:54:02.691-0800: 85.740: [DefNew: 139841K->63K(157248K), 0.0020014 secs] 168880K->29103K(506816K), 0.0020683 secs] [Times: user=0.00 sys=0.00, real=0.00 secs] 
2020-10-28T22:54:02.776-0800: 85.825: [GC (Allocation Failure) 2020-10-28T22:54:02.776-0800: 85.825: [DefNew: 139839K->89K(157248K), 0.0020449 secs] 168879K->29128K(506816K), 0.0021110 secs] [Times: user=0.00 sys=0.00, real=0.00 secs] 
2020-10-28T22:54:02.863-0800: 85.912: [GC (Allocation Failure) 2020-10-28T22:54:02.863-0800: 85.912: [DefNew: 139865K->70K(157248K), 0.0020556 secs] 168904K->29110K(506816K), 0.0021205 secs] [Times: user=0.00 sys=0.00, real=0.00 secs] 
2020-10-28T22:54:03.668-0800: 86.716: [GC (Allocation Failure) 2020-10-28T22:54:03.668-0800: 86.716: [DefNew: 139846K->99K(157248K), 0.0018438 secs] 168886K->29139K(506816K), 0.0019003 secs] [Times: user=0.00 sys=0.00, real=0.00 secs] 
2020-10-28T22:54:03.746-0800: 86.795: [GC (Allocation Failure) 2020-10-28T22:54:03.746-0800: 86.795: [DefNew: 139875K->78K(157248K), 0.0020219 secs] 168915K->29118K(506816K), 0.0020869 secs] [Times: user=0.00 sys=0.00, real=0.00 secs] 
2020-10-28T22:54:03.828-0800: 86.877: [GC (Allocation Failure) 2020-10-28T22:54:03.828-0800: 86.877: [DefNew: 139854K->97K(157248K), 0.0020219 secs] 168894K->29137K(506816K), 0.0020831 secs] [Times: user=0.00 sys=0.00, real=0.01 secs] 
2020-10-28T22:54:03.912-0800: 86.961: [GC (Allocation Failure) 2020-10-28T22:54:03.912-0800: 86.961: [DefNew: 139873K->76K(157248K), 0.0019772 secs] 168913K->29116K(506816K), 0.0020386 secs] [Times: user=0.00 sys=0.00, real=0.00 secs] 
2020-10-28T22:54:03.997-0800: 87.046: [GC (Allocation Failure) 2020-10-28T22:54:03.997-0800: 87.046: [DefNew: 139852K->66K(157248K), 0.0020331 secs] 168892K->29106K(506816K), 0.0020962 secs] [Times: user=0.00 sys=0.00, real=0.00 secs] 
2020-10-28T22:54:04.085-0800: 87.134: [GC (Allocation Failure) 2020-10-28T22:54:04.085-0800: 87.134: [DefNew: 139842K->78K(157248K), 0.0020536 secs] 168882K->29118K(506816K), 0.0021184 secs] [Times: user=0.00 sys=0.00, real=0.00 secs] 
2020-10-28T22:54:04.179-0800: 87.228: [GC (Allocation Failure) 2020-10-28T22:54:04.179-0800: 87.228: [DefNew: 139854K->94K(157248K), 0.0023156 secs] 168894K->29134K(506816K), 0.0023948 secs] [Times: user=0.00 sys=0.00, real=0.01 secs] 
2020-10-28T22:54:04.269-0800: 87.318: [GC (Allocation Failure) 2020-10-28T22:54:04.269-0800: 87.318: [DefNew: 139870K->84K(157248K), 0.0020996 secs] 168910K->29124K(506816K), 0.0021647 secs] [Times: user=0.00 sys=0.00, real=0.01 secs] 
2020-10-28T22:54:04.360-0800: 87.409: [GC (Allocation Failure) 2020-10-28T22:54:04.360-0800: 87.409: [DefNew: 139860K->59K(157248K), 0.0019503 secs] 168900K->29100K(506816K), 0.0020187 secs] [Times: user=0.00 sys=0.00, real=0.00 secs] 
2020-10-28T22:54:04.450-0800: 87.499: [GC (Allocation Failure) 2020-10-28T22:54:04.450-0800: 87.499: [DefNew: 139835K->85K(157248K), 0.0021127 secs] 168876K->29125K(506816K), 0.0021774 secs] [Times: user=0.01 sys=0.00, real=0.00 secs] 
2020-10-28T22:54:04.540-0800: 87.588: [GC (Allocation Failure) 2020-10-28T22:54:04.540-0800: 87.588: [DefNew: 139861K->98K(157248K), 0.0021312 secs] 168901K->29138K(506816K), 0.0021954 secs] [Times: user=0.00 sys=0.00, real=0.00 secs] 
2020-10-28T22:54:05.669-0800: 88.718: [GC (Allocation Failure) 2020-10-28T22:54:05.669-0800: 88.718: [DefNew: 139874K->77K(157248K), 0.0017175 secs] 168914K->29118K(506816K), 0.0017707 secs] [Times: user=0.00 sys=0.00, real=0.01 secs] 
2020-10-28T22:54:05.747-0800: 88.796: [GC (Allocation Failure) 2020-10-28T22:54:05.747-0800: 88.796: [DefNew: 139853K->80K(157248K), 0.0018807 secs] 168894K->29120K(506816K), 0.0019404 secs] [Times: user=0.00 sys=0.00, real=0.00 secs] 
2020-10-28T22:54:05.828-0800: 88.877: [GC (Allocation Failure) 2020-10-28T22:54:05.828-0800: 88.877: [DefNew: 139856K->110K(157248K), 0.0020634 secs] 168896K->29150K(506816K), 0.0021269 secs] [Times: user=0.01 sys=0.00, real=0.01 secs] 
2020-10-28T22:54:05.914-0800: 88.963: [GC (Allocation Failure) 2020-10-28T22:54:05.914-0800: 88.963: [DefNew: 139886K->77K(157248K), 0.0019769 secs] 168926K->29117K(506816K), 0.0020488 secs] [Times: user=0.00 sys=0.00, real=0.00 secs] 
2020-10-28T22:54:05.998-0800: 89.047: [GC (Allocation Failure) 2020-10-28T22:54:05.998-0800: 89.047: [DefNew: 139853K->90K(157248K), 0.0019805 secs] 168893K->29131K(506816K), 0.0020417 secs] [Times: user=0.00 sys=0.00, real=0.01 secs] 
2020-10-28T22:54:06.083-0800: 89.132: [GC (Allocation Failure) 2020-10-28T22:54:06.083-0800: 89.132: [DefNew: 139866K->66K(157248K), 0.0020459 secs] 168907K->29106K(506816K), 0.0021085 secs] [Times: user=0.01 sys=0.00, real=0.00 secs] 
2020-10-28T22:54:06.171-0800: 89.220: [GC (Allocation Failure) 2020-10-28T22:54:06.171-0800: 89.220: [DefNew: 139842K->73K(157248K), 0.0020267 secs] 168882K->29113K(506816K), 0.0020903 secs] [Times: user=0.00 sys=0.00, real=0.00 secs] 
2020-10-28T22:54:06.257-0800: 89.306: [GC (Allocation Failure) 2020-10-28T22:54:06.257-0800: 89.306: [DefNew: 139849K->90K(157248K), 0.0020175 secs] 168889K->29130K(506816K), 0.0020799 secs] [Times: user=0.00 sys=0.00, real=0.00 secs] 
2020-10-28T22:54:06.340-0800: 89.389: [GC (Allocation Failure) 2020-10-28T22:54:06.340-0800: 89.389: [DefNew: 139866K->81K(157248K), 0.0019964 secs] 168906K->29121K(506816K), 0.0020619 secs] [Times: user=0.00 sys=0.00, real=0.00 secs] 
2020-10-28T22:54:06.425-0800: 89.474: [GC (Allocation Failure) 2020-10-28T22:54:06.425-0800: 89.474: [DefNew: 139857K->64K(157248K), 0.0020275 secs] 168897K->29104K(506816K), 0.0020899 secs] [Times: user=0.00 sys=0.00, real=0.00 secs] 
2020-10-28T22:54:06.511-0800: 89.560: [GC (Allocation Failure) 2020-10-28T22:54:06.511-0800: 89.560: [DefNew: 139840K->69K(157248K), 0.0019630 secs] 168880K->29110K(506816K), 0.0020274 secs] [Times: user=0.00 sys=0.00, real=0.00 secs] 
2020-10-28T22:54:06.597-0800: 89.646: [GC (Allocation Failure) 2020-10-28T22:54:06.597-0800: 89.646: [DefNew: 139845K->64K(157248K), 0.0020151 secs] 168886K->29105K(506816K), 0.0020786 secs] [Times: user=0.01 sys=0.00, real=0.00 secs] 
2020-10-28T22:54:07.316-0800: 90.364: [GC (Allocation Failure) 2020-10-28T22:54:07.316-0800: 90.364: [DefNew: 139840K->92K(157248K), 0.0019917 secs] 168881K->29133K(506816K), 0.0020595 secs] [Times: user=0.00 sys=0.01, real=0.00 secs] 
2020-10-28T22:54:07.393-0800: 90.442: [GC (Allocation Failure) 2020-10-28T22:54:07.393-0800: 90.442: [DefNew: 139868K->93K(157248K), 0.0018967 secs] 168909K->29133K(506816K), 0.0019593 secs] [Times: user=0.01 sys=0.00, real=0.00 secs] 
2020-10-28T22:54:07.476-0800: 90.525: [GC (Allocation Failure) 2020-10-28T22:54:07.476-0800: 90.525: [DefNew: 139869K->61K(157248K), 0.0019123 secs] 168909K->29102K(506816K), 0.0019764 secs] [Times: user=0.00 sys=0.00, real=0.00 secs] 
2020-10-28T22:54:07.560-0800: 90.609: [GC (Allocation Failure) 2020-10-28T22:54:07.560-0800: 90.609: [DefNew: 139837K->99K(157248K), 0.0020634 secs] 168878K->29139K(506816K), 0.0021261 secs] [Times: user=0.00 sys=0.00, real=0.00 secs] 
2020-10-28T22:54:07.646-0800: 90.695: [GC (Allocation Failure) 2020-10-28T22:54:07.646-0800: 90.695: [DefNew: 139875K->96K(157248K), 0.0019911 secs] 168915K->29137K(506816K), 0.0020557 secs] [Times: user=0.00 sys=0.00, real=0.00 secs] 
2020-10-28T22:54:07.733-0800: 90.782: [GC (Allocation Failure) 2020-10-28T22:54:07.734-0800: 90.782: [DefNew: 139872K->104K(157248K), 0.0021409 secs] 168913K->29145K(506816K), 0.0022090 secs] [Times: user=0.00 sys=0.00, real=0.00 secs] 
2020-10-28T22:54:07.825-0800: 90.874: [GC (Allocation Failure) 2020-10-28T22:54:07.825-0800: 90.874: [DefNew: 139880K->80K(157248K), 0.0020554 secs] 168921K->29121K(506816K), 0.0021143 secs] [Times: user=0.01 sys=0.00, real=0.00 secs] 
2020-10-28T22:54:07.910-0800: 90.959: [GC (Allocation Failure) 2020-10-28T22:54:07.910-0800: 90.959: [DefNew: 139856K->86K(157248K), 0.0020529 secs] 168897K->29127K(506816K), 0.0021167 secs] [Times: user=0.00 sys=0.00, real=0.00 secs] 
2020-10-28T22:54:07.997-0800: 91.046: [GC (Allocation Failure) 2020-10-28T22:54:07.997-0800: 91.046: [DefNew: 139862K->81K(157248K), 0.0020080 secs] 168903K->29122K(506816K), 0.0020730 secs] [Times: user=0.00 sys=0.00, real=0.00 secs] 
2020-10-28T22:54:08.086-0800: 91.135: [GC (Allocation Failure) 2020-10-28T22:54:08.086-0800: 91.135: [DefNew: 139857K->93K(157248K), 0.0020936 secs] 168898K->29134K(506816K), 0.0021548 secs] [Times: user=0.00 sys=0.00, real=0.00 secs] 
2020-10-28T22:54:08.172-0800: 91.221: [GC (Allocation Failure) 2020-10-28T22:54:08.172-0800: 91.221: [DefNew: 139869K->76K(157248K), 0.0020572 secs] 168910K->29117K(506816K), 0.0021212 secs] [Times: user=0.00 sys=0.00, real=0.00 secs] 
2020-10-28T22:54:08.259-0800: 91.308: [GC (Allocation Failure) 2020-10-28T22:54:08.259-0800: 91.308: [DefNew: 139852K->105K(157248K), 0.0020954 secs] 168893K->29146K(506816K), 0.0021603 secs] [Times: user=0.00 sys=0.00, real=0.01 secs] 
2020-10-28T22:54:08.959-0800: 92.008: [GC (Allocation Failure) 2020-10-28T22:54:08.959-0800: 92.008: [DefNew: 139881K->86K(157248K), 0.0019264 secs] 168922K->29127K(506816K), 0.0019862 secs] [Times: user=0.00 sys=0.00, real=0.01 secs] 
2020-10-28T22:54:09.040-0800: 92.089: [GC (Allocation Failure) 2020-10-28T22:54:09.040-0800: 92.089: [DefNew: 139862K->79K(157248K), 0.0020527 secs] 168903K->29120K(506816K), 0.0021146 secs] [Times: user=0.00 sys=0.00, real=0.00 secs] 
2020-10-28T22:54:09.125-0800: 92.173: [GC (Allocation Failure) 2020-10-28T22:54:09.125-0800: 92.173: [DefNew: 139855K->90K(157248K), 0.0020717 secs] 168896K->29130K(506816K), 0.0021435 secs] [Times: user=0.00 sys=0.00, real=0.00 secs] 
2020-10-28T22:54:09.211-0800: 92.260: [GC (Allocation Failure) 2020-10-28T22:54:09.211-0800: 92.260: [DefNew: 139866K->116K(157248K), 0.0022444 secs] 168906K->29157K(506816K), 0.0023091 secs] [Times: user=0.00 sys=0.00, real=0.00 secs] 
2020-10-28T22:54:09.298-0800: 92.346: [GC (Allocation Failure) 2020-10-28T22:54:09.298-0800: 92.346: [DefNew: 139892K->81K(157248K), 0.0022991 secs] 168933K->29122K(506816K), 0.0023726 secs] [Times: user=0.00 sys=0.00, real=0.01 secs] 
2020-10-28T22:54:09.387-0800: 92.435: [GC (Allocation Failure) 2020-10-28T22:54:09.387-0800: 92.435: [DefNew: 139857K->70K(157248K), 0.0019852 secs] 168898K->29111K(506816K), 0.0020476 secs] [Times: user=0.00 sys=0.00, real=0.00 secs] 
2020-10-28T22:54:09.473-0800: 92.522: [GC (Allocation Failure) 2020-10-28T22:54:09.473-0800: 92.522: [DefNew: 139846K->69K(157248K), 0.0020604 secs] 168887K->29109K(506816K), 0.0021292 secs] [Times: user=0.00 sys=0.00, real=0.00 secs] 
2020-10-28T22:54:09.561-0800: 92.609: [GC (Allocation Failure) 2020-10-28T22:54:09.561-0800: 92.609: [DefNew: 139845K->65K(157248K), 0.0019739 secs] 168885K->29106K(506816K), 0.0020372 secs] [Times: user=0.01 sys=0.00, real=0.00 secs] 
2020-10-28T22:54:09.646-0800: 92.695: [GC (Allocation Failure) 2020-10-28T22:54:09.646-0800: 92.695: [DefNew: 139841K->66K(157248K), 0.0019653 secs] 168882K->29106K(506816K), 0.0020283 secs] [Times: user=0.00 sys=0.00, real=0.00 secs] 
2020-10-28T22:54:09.731-0800: 92.779: [GC (Allocation Failure) 2020-10-28T22:54:09.731-0800: 92.780: [DefNew: 139842K->84K(157248K), 0.0021043 secs] 168882K->29125K(506816K), 0.0021677 secs] [Times: user=0.00 sys=0.00, real=0.00 secs] 
2020-10-28T22:54:09.819-0800: 92.868: [GC (Allocation Failure) 2020-10-28T22:54:09.819-0800: 92.868: [DefNew: 139860K->85K(157248K), 0.0020245 secs] 168901K->29126K(506816K), 0.0020884 secs] [Times: user=0.00 sys=0.00, real=0.01 secs] 
2020-10-28T22:54:10.515-0800: 93.564: [GC (Allocation Failure) 2020-10-28T22:54:10.515-0800: 93.564: [DefNew: 139861K->102K(157248K), 0.0016916 secs] 168902K->29143K(506816K), 0.0017400 secs] [Times: user=0.00 sys=0.00, real=0.00 secs] 
2020-10-28T22:54:10.591-0800: 93.640: [GC (Allocation Failure) 2020-10-28T22:54:10.591-0800: 93.640: [DefNew: 139878K->103K(157248K), 0.0021487 secs] 168919K->29144K(506816K), 0.0022138 secs] [Times: user=0.00 sys=0.00, real=0.00 secs] 
2020-10-28T22:54:10.677-0800: 93.726: [GC (Allocation Failure) 2020-10-28T22:54:10.677-0800: 93.726: [DefNew: 139879K->78K(157248K), 0.0019804 secs] 168920K->29119K(506816K), 0.0020510 secs] [Times: user=0.00 sys=0.00, real=0.00 secs] 
2020-10-28T22:54:10.763-0800: 93.812: [GC (Allocation Failure) 2020-10-28T22:54:10.763-0800: 93.812: [DefNew: 139854K->75K(157248K), 0.0019440 secs] 168895K->29115K(506816K), 0.0020085 secs] [Times: user=0.00 sys=0.00, real=0.00 secs] 
2020-10-28T22:54:10.849-0800: 93.898: [GC (Allocation Failure) 2020-10-28T22:54:10.849-0800: 93.898: [DefNew: 139851K->89K(157248K), 0.0022668 secs] 168891K->29130K(506816K), 0.0023459 secs] [Times: user=0.01 sys=0.00, real=0.01 secs] 
2020-10-28T22:54:10.937-0800: 93.986: [GC (Allocation Failure) 2020-10-28T22:54:10.938-0800: 93.986: [DefNew: 139865K->64K(157248K), 0.0020000 secs] 168906K->29105K(506816K), 0.0020637 secs] [Times: user=0.00 sys=0.00, real=0.01 secs] 
2020-10-28T22:54:11.027-0800: 94.075: [GC (Allocation Failure) 2020-10-28T22:54:11.027-0800: 94.075: [DefNew: 139840K->102K(157248K), 0.0020521 secs] 168881K->29143K(506816K), 0.0021148 secs] [Times: user=0.01 sys=0.00, real=0.00 secs] 
2020-10-28T22:54:11.115-0800: 94.164: [GC (Allocation Failure) 2020-10-28T22:54:11.115-0800: 94.164: [DefNew: 139878K->86K(157248K), 0.0020993 secs] 168919K->29127K(506816K), 0.0021681 secs] [Times: user=0.00 sys=0.00, real=0.00 secs] 
2020-10-28T22:54:11.202-0800: 94.250: [GC (Allocation Failure) 2020-10-28T22:54:11.202-0800: 94.250: [DefNew: 139862K->73K(157248K), 0.0021292 secs] 168903K->29114K(506816K), 0.0022321 secs] [Times: user=0.00 sys=0.00, real=0.00 secs] 
2020-10-28T22:54:11.293-0800: 94.342: [GC (Allocation Failure) 2020-10-28T22:54:11.293-0800: 94.342: [DefNew: 139849K->72K(157248K), 0.0021392 secs] 168890K->29113K(506816K), 0.0022061 secs] [Times: user=0.00 sys=0.00, real=0.00 secs] 
2020-10-28T22:54:11.380-0800: 94.429: [GC (Allocation Failure) 2020-10-28T22:54:11.380-0800: 94.429: [DefNew: 139848K->75K(157248K), 0.0020096 secs] 168889K->29115K(506816K), 0.0020708 secs] [Times: user=0.00 sys=0.00, real=0.00 secs] 
2020-10-28T22:54:11.465-0800: 94.514: [GC (Allocation Failure) 2020-10-28T22:54:11.465-0800: 94.514: [DefNew: 139851K->70K(157248K), 0.0019808 secs] 168891K->29110K(506816K), 0.0020434 secs] [Times: user=0.01 sys=0.00, real=0.00 secs] 
2020-10-28T22:54:11.947-0800: 94.995: [GC (Allocation Failure) 2020-10-28T22:54:11.947-0800: 94.995: [DefNew: 139846K->85K(157248K), 0.0018874 secs] 168886K->29126K(506816K), 0.0019429 secs] [Times: user=0.01 sys=0.00, real=0.00 secs] 
2020-10-28T22:54:12.029-0800: 95.078: [GC (Allocation Failure) 2020-10-28T22:54:12.029-0800: 95.078: [DefNew: 139861K->65K(157248K), 0.0018647 secs] 168902K->29105K(506816K), 0.0019254 secs] [Times: user=0.01 sys=0.00, real=0.01 secs] 
2020-10-28T22:54:12.113-0800: 95.162: [GC (Allocation Failure) 2020-10-28T22:54:12.113-0800: 95.162: [DefNew: 139841K->89K(157248K), 0.0019640 secs] 168881K->29131K(506816K), 0.0020285 secs] [Times: user=0.00 sys=0.00, real=0.00 secs] 
2020-10-28T22:54:12.197-0800: 95.246: [GC (Allocation Failure) 2020-10-28T22:54:12.197-0800: 95.246: [DefNew: 139865K->105K(157248K), 0.0020887 secs] 168907K->29147K(506816K), 0.0021513 secs] [Times: user=0.00 sys=0.00, real=0.00 secs] 
2020-10-28T22:54:12.283-0800: 95.332: [GC (Allocation Failure) 2020-10-28T22:54:12.283-0800: 95.332: [DefNew: 139881K->87K(157248K), 0.0020005 secs] 168923K->29129K(506816K), 0.0020625 secs] [Times: user=0.00 sys=0.00, real=0.00 secs] 
2020-10-28T22:54:12.375-0800: 95.424: [GC (Allocation Failure) 2020-10-28T22:54:12.375-0800: 95.424: [DefNew: 139863K->89K(157248K), 0.0020394 secs] 168905K->29131K(506816K), 0.0021017 secs] [Times: user=0.00 sys=0.00, real=0.00 secs] 
2020-10-28T22:54:12.463-0800: 95.512: [GC (Allocation Failure) 2020-10-28T22:54:12.463-0800: 95.512: [DefNew: 139865K->93K(157248K), 0.0021373 secs] 168907K->29135K(506816K), 0.0022040 secs] [Times: user=0.00 sys=0.00, real=0.00 secs] 
2020-10-28T22:54:12.551-0800: 95.600: [GC (Allocation Failure) 2020-10-28T22:54:12.551-0800: 95.600: [DefNew: 139869K->83K(157248K), 0.0020604 secs] 168911K->29125K(506816K), 0.0021252 secs] [Times: user=0.00 sys=0.00, real=0.00 secs] 
2020-10-28T22:54:12.639-0800: 95.687: [GC (Allocation Failure) 2020-10-28T22:54:12.639-0800: 95.687: [DefNew: 139859K->71K(157248K), 0.0020076 secs] 168901K->29113K(506816K), 0.0020700 secs] [Times: user=0.00 sys=0.00, real=0.01 secs] 
2020-10-28T22:54:12.726-0800: 95.775: [GC (Allocation Failure) 2020-10-28T22:54:12.726-0800: 95.775: [DefNew: 139847K->84K(157248K), 0.0019901 secs] 168889K->29126K(506816K), 0.0020525 secs] [Times: user=0.01 sys=0.00, real=0.00 secs] 
2020-10-28T22:54:12.812-0800: 95.861: [GC (Allocation Failure) 2020-10-28T22:54:12.812-0800: 95.861: [DefNew: 139860K->88K(157248K), 0.0020199 secs] 168902K->29131K(506816K), 0.0020827 secs] [Times: user=0.01 sys=0.00, real=0.00 secs] 
2020-10-28T22:54:12.894-0800: 95.943: [GC (Allocation Failure) 2020-10-28T22:54:12.894-0800: 95.943: [DefNew: 139864K->67K(157248K), 0.0019754 secs] 168907K->29109K(506816K), 0.0020379 secs] [Times: user=0.00 sys=0.00, real=0.00 secs] 
2020-10-28T22:54:13.609-0800: 96.657: [GC (Allocation Failure) 2020-10-28T22:54:13.609-0800: 96.657: [DefNew: 139843K->79K(157248K), 0.0019484 secs] 168885K->29121K(506816K), 0.0020067 secs] [Times: user=0.00 sys=0.00, real=0.01 secs] 
2020-10-28T22:54:13.688-0800: 96.737: [GC (Allocation Failure) 2020-10-28T22:54:13.688-0800: 96.737: [DefNew: 139855K->78K(157248K), 0.0019118 secs] 168897K->29120K(506816K), 0.0019742 secs] [Times: user=0.01 sys=0.00, real=0.01 secs] 
2020-10-28T22:54:13.774-0800: 96.823: [GC (Allocation Failure) 2020-10-28T22:54:13.774-0800: 96.823: [DefNew: 139854K->70K(157248K), 0.0019364 secs] 168896K->29113K(506816K), 0.0019994 secs] [Times: user=0.01 sys=0.00, real=0.00 secs] 
2020-10-28T22:54:13.861-0800: 96.910: [GC (Allocation Failure) 2020-10-28T22:54:13.861-0800: 96.910: [DefNew: 139846K->91K(157248K), 0.0021606 secs] 168889K->29134K(506816K), 0.0022270 secs] [Times: user=0.00 sys=0.00, real=0.00 secs] 
2020-10-28T22:54:13.952-0800: 97.000: [GC (Allocation Failure) 2020-10-28T22:54:13.952-0800: 97.000: [DefNew: 139862K->85K(157248K), 0.0020866 secs] 168904K->29128K(506816K), 0.0021489 secs] [Times: user=0.00 sys=0.00, real=0.00 secs] 
2020-10-28T22:54:14.041-0800: 97.090: [GC (Allocation Failure) 2020-10-28T22:54:14.041-0800: 97.090: [DefNew: 139861K->101K(157248K), 0.0020732 secs] 168904K->29143K(506816K), 0.0021460 secs] [Times: user=0.00 sys=0.00, real=0.00 secs] 
2020-10-28T22:54:14.128-0800: 97.177: [GC (Allocation Failure) 2020-10-28T22:54:14.128-0800: 97.177: [DefNew: 139877K->85K(157248K), 0.0021500 secs] 168919K->29128K(506816K), 0.0022140 secs] [Times: user=0.00 sys=0.00, real=0.01 secs] 
2020-10-28T22:54:14.215-0800: 97.263: [GC (Allocation Failure) 2020-10-28T22:54:14.215-0800: 97.263: [DefNew: 139861K->95K(157248K), 0.0020274 secs] 168904K->29137K(506816K), 0.0020923 secs] [Times: user=0.00 sys=0.00, real=0.00 secs] 
2020-10-28T22:54:14.304-0800: 97.353: [GC (Allocation Failure) 2020-10-28T22:54:14.304-0800: 97.353: [DefNew: 139871K->64K(157248K), 0.0022025 secs] 168913K->29107K(506816K), 0.0022744 secs] [Times: user=0.00 sys=0.00, real=0.00 secs] 
2020-10-28T22:54:14.394-0800: 97.443: [GC (Allocation Failure) 2020-10-28T22:54:14.394-0800: 97.443: [DefNew: 139840K->71K(157248K), 0.0019933 secs] 168883K->29113K(506816K), 0.0020595 secs] [Times: user=0.01 sys=0.00, real=0.00 secs] 
2020-10-28T22:54:14.480-0800: 97.528: [GC (Allocation Failure) 2020-10-28T22:54:14.480-0800: 97.528: [DefNew: 139847K->73K(157248K), 0.0020292 secs] 168889K->29116K(506816K), 0.0020947 secs] [Times: user=0.00 sys=0.00, real=0.00 secs] 
2020-10-28T22:54:15.147-0800: 98.196: [GC (Allocation Failure) 2020-10-28T22:54:15.147-0800: 98.196: [DefNew: 139849K->101K(157248K), 0.0017431 secs] 168892K->29144K(506816K), 0.0017953 secs] [Times: user=0.00 sys=0.00, real=0.00 secs] 
2020-10-28T22:54:15.225-0800: 98.273: [GC (Allocation Failure) 2020-10-28T22:54:15.225-0800: 98.273: [DefNew: 139877K->106K(157248K), 0.0019318 secs] 168920K->29149K(506816K), 0.0019905 secs] [Times: user=0.00 sys=0.00, real=0.00 secs] 
2020-10-28T22:54:15.306-0800: 98.355: [GC (Allocation Failure) 2020-10-28T22:54:15.306-0800: 98.355: [DefNew: 139882K->90K(157248K), 0.0021243 secs] 168925K->29133K(506816K), 0.0021910 secs] [Times: user=0.01 sys=0.00, real=0.00 secs] 
2020-10-28T22:54:15.395-0800: 98.444: [GC (Allocation Failure) 2020-10-28T22:54:15.395-0800: 98.444: [DefNew: 139866K->84K(157248K), 0.0020118 secs] 168909K->29127K(506816K), 0.0020831 secs] [Times: user=0.00 sys=0.00, real=0.00 secs] 
2020-10-28T22:54:15.483-0800: 98.532: [GC (Allocation Failure) 2020-10-28T22:54:15.483-0800: 98.532: [DefNew: 139860K->115K(157248K), 0.0021432 secs] 168903K->29158K(506816K), 0.0022072 secs] [Times: user=0.01 sys=0.00, real=0.00 secs] 
2020-10-28T22:54:15.575-0800: 98.623: [GC (Allocation Failure) 2020-10-28T22:54:15.575-0800: 98.623: [DefNew: 139891K->96K(157248K), 0.0022140 secs] 168934K->29139K(506816K), 0.0022769 secs] [Times: user=0.00 sys=0.00, real=0.00 secs] 
2020-10-28T22:54:15.662-0800: 98.711: [GC (Allocation Failure) 2020-10-28T22:54:15.662-0800: 98.711: [DefNew: 139872K->108K(157248K), 0.0022120 secs] 168915K->29151K(506816K), 0.0022764 secs] [Times: user=0.00 sys=0.00, real=0.00 secs] 
2020-10-28T22:54:15.753-0800: 98.801: [GC (Allocation Failure) 2020-10-28T22:54:15.753-0800: 98.801: [DefNew: 139884K->58K(157248K), 0.0019449 secs] 168927K->29100K(506816K), 0.0020201 secs] [Times: user=0.00 sys=0.00, real=0.00 secs] 
2020-10-28T22:54:15.844-0800: 98.893: [GC (Allocation Failure) 2020-10-28T22:54:15.844-0800: 98.893: [DefNew: 139834K->71K(157248K), 0.0020721 secs] 168876K->29114K(506816K), 0.0021409 secs] [Times: user=0.01 sys=0.00, real=0.00 secs] 
2020-10-28T22:54:15.933-0800: 98.982: [GC (Allocation Failure) 2020-10-28T22:54:15.933-0800: 98.982: [DefNew: 139847K->97K(157248K), 0.0021217 secs] 168890K->29140K(506816K), 0.0021866 secs] [Times: user=0.00 sys=0.00, real=0.00 secs] 
2020-10-28T22:54:16.022-0800: 99.071: [GC (Allocation Failure) 2020-10-28T22:54:16.022-0800: 99.071: [DefNew: 139873K->82K(157248K), 0.0020206 secs] 168916K->29125K(506816K), 0.0020861 secs] [Times: user=0.00 sys=0.00, real=0.00 secs] 
2020-10-28T22:54:16.107-0800: 99.156: [GC (Allocation Failure) 2020-10-28T22:54:16.107-0800: 99.156: [DefNew: 139858K->67K(157248K), 0.0020034 secs] 168901K->29109K(506816K), 0.0020652 secs] [Times: user=0.00 sys=0.00, real=0.00 secs] 
2020-10-28T22:54:16.719-0800: 99.768: [GC (Allocation Failure) 2020-10-28T22:54:16.719-0800: 99.768: [DefNew: 139843K->70K(157248K), 0.0017859 secs] 168885K->29113K(506816K), 0.0018427 secs] [Times: user=0.01 sys=0.00, real=0.01 secs] 
2020-10-28T22:54:16.797-0800: 99.846: [GC (Allocation Failure) 2020-10-28T22:54:16.797-0800: 99.846: [DefNew: 139846K->78K(157248K), 0.0019772 secs] 168889K->29120K(506816K), 0.0020386 secs] [Times: user=0.01 sys=0.00, real=0.00 secs] 
2020-10-28T22:54:16.882-0800: 99.931: [GC (Allocation Failure) 2020-10-28T22:54:16.882-0800: 99.931: [DefNew: 139854K->88K(157248K), 0.0020347 secs] 168896K->29131K(506816K), 0.0020946 secs] [Times: user=0.00 sys=0.00, real=0.00 secs] 
2020-10-28T22:54:16.967-0800: 100.016: [GC (Allocation Failure) 2020-10-28T22:54:16.968-0800: 100.016: [DefNew: 139864K->86K(157248K), 0.0020261 secs] 168907K->29128K(506816K), 0.0020911 secs] [Times: user=0.00 sys=0.00, real=0.01 secs] 
2020-10-28T22:54:17.053-0800: 100.102: [GC (Allocation Failure) 2020-10-28T22:54:17.053-0800: 100.102: [DefNew: 139862K->96K(157248K), 0.0021174 secs] 168904K->29139K(506816K), 0.0021804 secs] [Times: user=0.00 sys=0.00, real=0.00 secs] 
2020-10-28T22:54:17.139-0800: 100.187: [GC (Allocation Failure) 2020-10-28T22:54:17.139-0800: 100.187: [DefNew: 139872K->107K(157248K), 0.0021117 secs] 168915K->29149K(506816K), 0.0021748 secs] [Times: user=0.01 sys=0.00, real=0.01 secs] 
2020-10-28T22:54:17.223-0800: 100.272: [GC (Allocation Failure) 2020-10-28T22:54:17.223-0800: 100.272: [DefNew: 139883K->71K(157248K), 0.0020306 secs] 168925K->29114K(506816K), 0.0021089 secs] [Times: user=0.00 sys=0.00, real=0.00 secs] 
2020-10-28T22:54:17.308-0800: 100.357: [GC (Allocation Failure) 2020-10-28T22:54:17.308-0800: 100.357: [DefNew: 139847K->67K(157248K), 0.0020374 secs] 168890K->29110K(506816K), 0.0021007 secs] [Times: user=0.00 sys=0.00, real=0.01 secs] 
2020-10-28T22:54:17.400-0800: 100.449: [GC (Allocation Failure) 2020-10-28T22:54:17.400-0800: 100.449: [DefNew: 139843K->77K(157248K), 0.0021460 secs] 168886K->29120K(506816K), 0.0022155 secs] [Times: user=0.00 sys=0.00, real=0.00 secs] 
2020-10-28T22:54:29.261-0800: 112.309: [GC (Allocation Failure) 2020-10-28T22:54:29.261-0800: 112.309: [DefNew: 139853K->99K(157248K), 0.0020852 secs] 168896K->29141K(506816K), 0.0021595 secs] [Times: user=0.01 sys=0.00, real=0.00 secs] 
2020-10-28T22:54:29.330-0800: 112.379: [GC (Allocation Failure) 2020-10-28T22:54:29.330-0800: 112.379: [DefNew: 139875K->89K(157248K), 0.0017687 secs] 168917K->29132K(506816K), 0.0018472 secs] [Times: user=0.00 sys=0.00, real=0.00 secs] 
2020-10-28T22:54:29.396-0800: 112.444: [GC (Allocation Failure) 2020-10-28T22:54:29.396-0800: 112.444: [DefNew: 139865K->74K(157248K), 0.0017598 secs] 168908K->29116K(506816K), 0.0018233 secs] [Times: user=0.00 sys=0.00, real=0.00 secs] 
2020-10-28T22:54:29.470-0800: 112.518: [GC (Allocation Failure) 2020-10-28T22:54:29.470-0800: 112.518: [DefNew: 139850K->103K(157248K), 0.0019484 secs] 168892K->29146K(506816K), 0.0020155 secs] [Times: user=0.00 sys=0.00, real=0.00 secs] 
2020-10-28T22:54:29.544-0800: 112.592: [GC (Allocation Failure) 2020-10-28T22:54:29.544-0800: 112.592: [DefNew: 139879K->74K(157248K), 0.0019499 secs] 168922K->29117K(506816K), 0.0020166 secs] [Times: user=0.01 sys=0.00, real=0.00 secs] 
2020-10-28T22:54:29.616-0800: 112.664: [GC (Allocation Failure) 2020-10-28T22:54:29.616-0800: 112.664: [DefNew: 139850K->64K(157248K), 0.0018040 secs] 168893K->29107K(506816K), 0.0018704 secs] [Times: user=0.00 sys=0.00, real=0.00 secs] 
2020-10-28T22:54:29.692-0800: 112.741: [GC (Allocation Failure) 2020-10-28T22:54:29.692-0800: 112.741: [DefNew: 139840K->130K(157248K), 0.0020617 secs] 168883K->29173K(506816K), 0.0021301 secs] [Times: user=0.00 sys=0.00, real=0.00 secs] 
2020-10-28T22:54:29.767-0800: 112.815: [GC (Allocation Failure) 2020-10-28T22:54:29.767-0800: 112.815: [DefNew: 139906K->70K(157248K), 0.0019712 secs] 168949K->29113K(506816K), 0.0020417 secs] [Times: user=0.00 sys=0.00, real=0.00 secs] 
2020-10-28T22:54:29.843-0800: 112.892: [GC (Allocation Failure) 2020-10-28T22:54:29.843-0800: 112.892: [DefNew: 139846K->99K(157248K), 0.0019538 secs] 168889K->29141K(506816K), 0.0020235 secs] [Times: user=0.00 sys=0.00, real=0.00 secs] 
2020-10-28T22:54:29.922-0800: 112.970: [GC (Allocation Failure) 2020-10-28T22:54:29.922-0800: 112.970: [DefNew: 139875K->92K(157248K), 0.0021162 secs] 168917K->29135K(506816K), 0.0021859 secs] [Times: user=0.00 sys=0.00, real=0.00 secs] 
2020-10-28T22:54:30.000-0800: 113.048: [GC (Allocation Failure) 2020-10-28T22:54:30.000-0800: 113.048: [DefNew: 139868K->102K(157248K), 0.0021540 secs] 168911K->29145K(506816K), 0.0022369 secs] [Times: user=0.00 sys=0.00, real=0.00 secs] 
2020-10-28T22:54:30.411-0800: 113.459: [GC (Allocation Failure) 2020-10-28T22:54:30.411-0800: 113.459: [DefNew: 139878K->101K(157248K), 0.0018130 secs] 168921K->29144K(506816K), 0.0018797 secs] [Times: user=0.00 sys=0.00, real=0.00 secs] 
2020-10-28T22:54:30.479-0800: 113.527: [GC (Allocation Failure) 2020-10-28T22:54:30.479-0800: 113.527: [DefNew: 139877K->93K(157248K), 0.0019054 secs] 168920K->29136K(506816K), 0.0019769 secs] [Times: user=0.00 sys=0.00, real=0.01 secs] 
2020-10-28T22:54:30.555-0800: 113.603: [GC (Allocation Failure) 2020-10-28T22:54:30.555-0800: 113.603: [DefNew: 139869K->65K(157248K), 0.0018425 secs] 168912K->29108K(506816K), 0.0019606 secs] [Times: user=0.00 sys=0.00, real=0.00 secs] 
2020-10-28T22:54:30.635-0800: 113.683: [GC (Allocation Failure) 2020-10-28T22:54:30.635-0800: 113.683: [DefNew: 139841K->80K(157248K), 0.0020877 secs] 168884K->29123K(506816K), 0.0021785 secs] [Times: user=0.00 sys=0.00, real=0.00 secs] 
2020-10-28T22:54:30.719-0800: 113.767: [GC (Allocation Failure) 2020-10-28T22:54:30.719-0800: 113.767: [DefNew: 139856K->99K(157248K), 0.0021866 secs] 168899K->29146K(506816K), 0.0022757 secs] [Times: user=0.01 sys=0.00, real=0.01 secs] 
2020-10-28T22:54:30.803-0800: 113.851: [GC (Allocation Failure) 2020-10-28T22:54:30.803-0800: 113.851: [DefNew: 139875K->106K(157248K), 0.0019922 secs] 168922K->29153K(506816K), 0.0020680 secs] [Times: user=0.00 sys=0.00, real=0.00 secs] 
2020-10-28T22:54:30.887-0800: 113.935: [GC (Allocation Failure) 2020-10-28T22:54:30.887-0800: 113.935: [DefNew: 139882K->55K(157248K), 0.0017271 secs] 168929K->29102K(506816K), 0.0017973 secs] [Times: user=0.00 sys=0.00, real=0.00 secs] 
2020-10-28T22:54:30.970-0800: 114.019: [GC (Allocation Failure) 2020-10-28T22:54:30.970-0800: 114.019: [DefNew: 139831K->92K(157248K), 0.0019286 secs] 168878K->29139K(506816K), 0.0020014 secs] [Times: user=0.00 sys=0.00, real=0.00 secs] 
2020-10-28T22:54:31.060-0800: 114.108: [GC (Allocation Failure) 2020-10-28T22:54:31.060-0800: 114.108: [DefNew: 139868K->64K(157248K), 0.0021137 secs] 168915K->29111K(506816K), 0.0022026 secs] [Times: user=0.00 sys=0.00, real=0.00 secs] 
2020-10-28T22:54:31.158-0800: 114.206: [GC (Allocation Failure) 2020-10-28T22:54:31.158-0800: 114.206: [DefNew: 139840K->77K(157248K), 0.0020507 secs] 168887K->29124K(506816K), 0.0021206 secs] [Times: user=0.01 sys=0.00, real=0.01 secs] 
2020-10-28T22:54:31.260-0800: 114.309: [GC (Allocation Failure) 2020-10-28T22:54:31.260-0800: 114.309: [DefNew: 139853K->86K(157248K), 0.0019365 secs] 168900K->29133K(506816K), 0.0020125 secs] [Times: user=0.00 sys=0.00, real=0.00 secs] 
2020-10-28T22:54:31.350-0800: 114.399: [GC (Allocation Failure) 2020-10-28T22:54:31.350-0800: 114.399: [DefNew: 139862K->66K(157248K), 0.0021024 secs] 168909K->29113K(506816K), 0.0021991 secs] [Times: user=0.00 sys=0.00, real=0.00 secs] 
2020-10-28T22:54:31.753-0800: 114.801: [GC (Allocation Failure) 2020-10-28T22:54:31.753-0800: 114.801: [DefNew: 139842K->109K(157248K), 0.0021551 secs] 168889K->29156K(506816K), 0.0022371 secs] [Times: user=0.00 sys=0.00, real=0.00 secs] 
2020-10-28T22:54:31.833-0800: 114.882: [GC (Allocation Failure) 2020-10-28T22:54:31.833-0800: 114.882: [DefNew: 139885K->100K(157248K), 0.0019750 secs] 168932K->29147K(506816K), 0.0020436 secs] [Times: user=0.00 sys=0.00, real=0.00 secs] 
2020-10-28T22:54:31.921-0800: 114.969: [GC (Allocation Failure) 2020-10-28T22:54:31.921-0800: 114.969: [DefNew: 139876K->76K(157248K), 0.0019016 secs] 168923K->29123K(506816K), 0.0019710 secs] [Times: user=0.01 sys=0.00, real=0.00 secs] 
2020-10-28T22:54:32.003-0800: 115.052: [GC (Allocation Failure) 2020-10-28T22:54:32.003-0800: 115.052: [DefNew: 139852K->64K(157248K), 0.0019727 secs] 168899K->29111K(506816K), 0.0020457 secs] [Times: user=0.00 sys=0.00, real=0.00 secs] 
2020-10-28T22:54:32.082-0800: 115.130: [GC (Allocation Failure) 2020-10-28T22:54:32.082-0800: 115.130: [DefNew: 139840K->104K(157248K), 0.0020244 secs] 168887K->29151K(506816K), 0.0020960 secs] [Times: user=0.01 sys=0.00, real=0.00 secs] 
2020-10-28T22:54:32.162-0800: 115.210: [GC (Allocation Failure) 2020-10-28T22:54:32.162-0800: 115.210: [DefNew: 139880K->68K(157248K), 0.0019086 secs] 168927K->29116K(506816K), 0.0019869 secs] [Times: user=0.00 sys=0.00, real=0.00 secs] 
2020-10-28T22:54:32.242-0800: 115.291: [GC (Allocation Failure) 2020-10-28T22:54:32.242-0800: 115.291: [DefNew: 139844K->92K(157248K), 0.0020230 secs] 168892K->29139K(506816K), 0.0020912 secs] [Times: user=0.00 sys=0.00, real=0.00 secs] 
2020-10-28T22:54:32.322-0800: 115.370: [GC (Allocation Failure) 2020-10-28T22:54:32.322-0800: 115.370: [DefNew: 139868K->94K(157248K), 0.0020351 secs] 168915K->29141K(506816K), 0.0021092 secs] [Times: user=0.00 sys=0.00, real=0.00 secs] 
2020-10-28T22:54:32.396-0800: 115.445: [GC (Allocation Failure) 2020-10-28T22:54:32.396-0800: 115.445: [DefNew: 139870K->81K(157248K), 0.0019268 secs] 168917K->29129K(506816K), 0.0019945 secs] [Times: user=0.00 sys=0.00, real=0.00 secs] 
2020-10-28T22:54:32.471-0800: 115.520: [GC (Allocation Failure) 2020-10-28T22:54:32.471-0800: 115.520: [DefNew: 139857K->97K(157248K), 0.0020135 secs] 168905K->29144K(506816K), 0.0020814 secs] [Times: user=0.00 sys=0.00, real=0.00 secs] 
2020-10-28T22:54:32.548-0800: 115.596: [GC (Allocation Failure) 2020-10-28T22:54:32.548-0800: 115.596: [DefNew: 139873K->62K(157248K), 0.0018997 secs] 168920K->29109K(506816K), 0.0019770 secs] [Times: user=0.00 sys=0.00, real=0.01 secs] 
2020-10-28T22:54:32.623-0800: 115.671: [GC (Allocation Failure) 2020-10-28T22:54:32.623-0800: 115.671: [DefNew: 139838K->96K(157248K), 0.0023066 secs] 168885K->29143K(506816K), 0.0023930 secs] [Times: user=0.00 sys=0.00, real=0.00 secs] 
2020-10-28T22:54:32.703-0800: 115.751: [GC (Allocation Failure) 2020-10-28T22:54:32.703-0800: 115.751: [DefNew: 139872K->81K(157248K), 0.0019341 secs] 168919K->29128K(506816K), 0.0020018 secs] [Times: user=0.00 sys=0.00, real=0.00 secs] 
2020-10-28T22:54:33.127-0800: 116.175: [GC (Allocation Failure) 2020-10-28T22:54:33.127-0800: 116.175: [DefNew: 139857K->96K(157248K), 0.0018216 secs] 168904K->29144K(506816K), 0.0018807 secs] [Times: user=0.00 sys=0.00, real=0.00 secs] 
2020-10-28T22:54:33.199-0800: 116.247: [GC (Allocation Failure) 2020-10-28T22:54:33.199-0800: 116.247: [DefNew: 139872K->81K(157248K), 0.0018159 secs] 168920K->29129K(506816K), 0.0018828 secs] [Times: user=0.00 sys=0.00, real=0.01 secs] 
2020-10-28T22:54:33.276-0800: 116.325: [GC (Allocation Failure) 2020-10-28T22:54:33.277-0800: 116.325: [DefNew: 139857K->80K(157248K), 0.0018868 secs] 168905K->29128K(506816K), 0.0019557 secs] [Times: user=0.00 sys=0.00, real=0.00 secs] 
2020-10-28T22:54:33.359-0800: 116.407: [GC (Allocation Failure) 2020-10-28T22:54:33.359-0800: 116.407: [DefNew: 139856K->78K(157248K), 0.0019428 secs] 168904K->29126K(506816K), 0.0020143 secs] [Times: user=0.01 sys=0.00, real=0.01 secs] 
2020-10-28T22:54:33.441-0800: 116.489: [GC (Allocation Failure) 2020-10-28T22:54:33.441-0800: 116.489: [DefNew: 139854K->83K(157248K), 0.0019607 secs] 168902K->29131K(506816K), 0.0020294 secs] [Times: user=0.00 sys=0.00, real=0.00 secs] 
2020-10-28T22:54:33.520-0800: 116.568: [GC (Allocation Failure) 2020-10-28T22:54:33.520-0800: 116.568: [DefNew: 139859K->105K(157248K), 0.0019982 secs] 168907K->29153K(506816K), 0.0020708 secs] [Times: user=0.00 sys=0.00, real=0.00 secs] 
2020-10-28T22:54:33.598-0800: 116.647: [GC (Allocation Failure) 2020-10-28T22:54:33.598-0800: 116.647: [DefNew: 139881K->73K(157248K), 0.0019468 secs] 168929K->29121K(506816K), 0.0020238 secs] [Times: user=0.01 sys=0.00, real=0.01 secs] 
2020-10-28T22:54:33.678-0800: 116.727: [GC (Allocation Failure) 2020-10-28T22:54:33.678-0800: 116.727: [DefNew: 139849K->78K(157248K), 0.0019505 secs] 168897K->29126K(506816K), 0.0020200 secs] [Times: user=0.01 sys=0.00, real=0.01 secs] 
2020-10-28T22:54:33.758-0800: 116.807: [GC (Allocation Failure) 2020-10-28T22:54:33.758-0800: 116.807: [DefNew: 139854K->96K(157248K), 0.0021505 secs] 168902K->29144K(506816K), 0.0022318 secs] [Times: user=0.01 sys=0.00, real=0.01 secs] 
2020-10-28T22:54:33.838-0800: 116.887: [GC (Allocation Failure) 2020-10-28T22:54:33.838-0800: 116.887: [DefNew: 139872K->81K(157248K), 0.0019500 secs] 168920K->29129K(506816K), 0.0020169 secs] [Times: user=0.01 sys=0.00, real=0.01 secs] 
2020-10-28T22:54:33.914-0800: 116.962: [GC (Allocation Failure) 2020-10-28T22:54:33.914-0800: 116.962: [DefNew: 139857K->95K(157248K), 0.0019372 secs] 168905K->29143K(506816K), 0.0020058 secs] [Times: user=0.00 sys=0.00, real=0.00 secs] 
2020-10-28T22:54:33.996-0800: 117.044: [GC (Allocation Failure) 2020-10-28T22:54:33.996-0800: 117.044: [DefNew: 139871K->91K(157248K), 0.0022061 secs] 168919K->29139K(506816K), 0.0022909 secs] [Times: user=0.00 sys=0.00, real=0.00 secs] 
2020-10-28T22:54:34.209-0800: 117.257: [GC (Allocation Failure) 2020-10-28T22:54:34.209-0800: 117.257: [DefNew: 139867K->80K(157248K), 0.0017259 secs] 168915K->29128K(506816K), 0.0017848 secs] [Times: user=0.01 sys=0.00, real=0.01 secs] 
2020-10-28T22:54:34.284-0800: 117.332: [GC (Allocation Failure) 2020-10-28T22:54:34.284-0800: 117.332: [DefNew: 139856K->70K(157248K), 0.0018159 secs] 168904K->29117K(506816K), 0.0018831 secs] [Times: user=0.00 sys=0.00, real=0.00 secs] 
2020-10-28T22:54:34.369-0800: 117.418: [GC (Allocation Failure) 2020-10-28T22:54:34.370-0800: 117.418: [DefNew: 139846K->72K(157248K), 0.0018815 secs] 168893K->29120K(506816K), 0.0019498 secs] [Times: user=0.00 sys=0.00, real=0.01 secs] 
2020-10-28T22:54:34.452-0800: 117.500: [GC (Allocation Failure) 2020-10-28T22:54:34.452-0800: 117.500: [DefNew: 139848K->71K(157248K), 0.0019257 secs] 168896K->29119K(506816K), 0.0019956 secs] [Times: user=0.00 sys=0.00, real=0.00 secs] 
2020-10-28T22:54:34.535-0800: 117.584: [GC (Allocation Failure) 2020-10-28T22:54:34.535-0800: 117.584: [DefNew: 139847K->80K(157248K), 0.0027530 secs] 168895K->29128K(506816K), 0.0028832 secs] [Times: user=0.00 sys=0.00, real=0.00 secs] 
2020-10-28T22:54:34.626-0800: 117.674: [GC (Allocation Failure) 2020-10-28T22:54:34.626-0800: 117.674: [DefNew: 139856K->86K(157248K), 0.0022534 secs] 168904K->29134K(506816K), 0.0023464 secs] [Times: user=0.00 sys=0.00, real=0.00 secs] 
2020-10-28T22:54:34.711-0800: 117.759: [GC (Allocation Failure) 2020-10-28T22:54:34.711-0800: 117.759: [DefNew: 139862K->57K(157248K), 0.0017901 secs] 168910K->29106K(506816K), 0.0018736 secs] [Times: user=0.00 sys=0.00, real=0.00 secs] 
2020-10-28T22:54:34.796-0800: 117.844: [GC (Allocation Failure) 2020-10-28T22:54:34.796-0800: 117.844: [DefNew: 139833K->103K(157248K), 0.0019660 secs] 168882K->29152K(506816K), 0.0020424 secs] [Times: user=0.00 sys=0.00, real=0.00 secs] 
2020-10-28T22:54:34.886-0800: 117.935: [GC (Allocation Failure) 2020-10-28T22:54:34.886-0800: 117.935: [DefNew: 139879K->66K(157248K), 0.0022035 secs] 168928K->29115K(506816K), 0.0022918 secs] [Times: user=0.00 sys=0.00, real=0.00 secs] 
2020-10-28T22:54:34.977-0800: 118.025: [GC (Allocation Failure) 2020-10-28T22:54:34.977-0800: 118.025: [DefNew: 139842K->83K(157248K), 0.0020560 secs] 168891K->29132K(506816K), 0.0021360 secs] [Times: user=0.01 sys=0.00, real=0.00 secs] 
2020-10-28T22:54:35.065-0800: 118.113: [GC (Allocation Failure) 2020-10-28T22:54:35.065-0800: 118.113: [DefNew: 139859K->111K(157248K), 0.0019544 secs] 168908K->29160K(506816K), 0.0020251 secs] [Times: user=0.00 sys=0.00, real=0.00 secs] 
2020-10-28T22:54:35.140-0800: 118.188: [GC (Allocation Failure) 2020-10-28T22:54:35.140-0800: 118.188: [DefNew: 139887K->96K(157248K), 0.0019931 secs] 168936K->29145K(506816K), 0.0020637 secs] [Times: user=0.00 sys=0.00, real=0.00 secs] 
2020-10-28T22:54:35.421-0800: 118.469: [GC (Allocation Failure) 2020-10-28T22:54:35.421-0800: 118.469: [DefNew: 139872K->110K(157248K), 0.0016974 secs] 168921K->29159K(506816K), 0.0017578 secs] [Times: user=0.01 sys=0.00, real=0.00 secs] 
2020-10-28T22:54:35.495-0800: 118.543: [GC (Allocation Failure) 2020-10-28T22:54:35.495-0800: 118.543: [DefNew: 139886K->91K(157248K), 0.0019608 secs] 168935K->29140K(506816K), 0.0020343 secs] [Times: user=0.00 sys=0.00, real=0.00 secs] 
2020-10-28T22:54:35.581-0800: 118.629: [GC (Allocation Failure) 2020-10-28T22:54:35.581-0800: 118.629: [DefNew: 139867K->78K(157248K), 0.0018769 secs] 168916K->29127K(506816K), 0.0019465 secs] [Times: user=0.00 sys=0.00, real=0.00 secs] 
2020-10-28T22:54:35.668-0800: 118.716: [GC (Allocation Failure) 2020-10-28T22:54:35.668-0800: 118.716: [DefNew: 139854K->77K(157248K), 0.0019713 secs] 168903K->29126K(506816K), 0.0020387 secs] [Times: user=0.00 sys=0.00, real=0.01 secs] 
2020-10-28T22:54:35.747-0800: 118.796: [GC (Allocation Failure) 2020-10-28T22:54:35.748-0800: 118.796: [DefNew: 139853K->91K(157248K), 0.0019947 secs] 168902K->29140K(506816K), 0.0020878 secs] [Times: user=0.00 sys=0.00, real=0.01 secs] 
2020-10-28T22:54:35.827-0800: 118.875: [GC (Allocation Failure) 2020-10-28T22:54:35.827-0800: 118.875: [DefNew: 139867K->97K(157248K), 0.0020442 secs] 168916K->29146K(506816K), 0.0021191 secs] [Times: user=0.00 sys=0.00, real=0.00 secs] 
2020-10-28T22:54:35.906-0800: 118.954: [GC (Allocation Failure) 2020-10-28T22:54:35.906-0800: 118.955: [DefNew: 139873K->107K(157248K), 0.0020413 secs] 168922K->29156K(506816K), 0.0021172 secs] [Times: user=0.00 sys=0.00, real=0.00 secs] 
2020-10-28T22:54:35.984-0800: 119.032: [GC (Allocation Failure) 2020-10-28T22:54:35.984-0800: 119.032: [DefNew: 139883K->64K(157248K), 0.0018723 secs] 168932K->29113K(506816K), 0.0019414 secs] [Times: user=0.01 sys=0.00, real=0.00 secs] 
2020-10-28T22:54:36.064-0800: 119.112: [GC (Allocation Failure) 2020-10-28T22:54:36.064-0800: 119.112: [DefNew: 139840K->119K(157248K), 0.0019702 secs] 168889K->29169K(506816K), 0.0020415 secs] [Times: user=0.00 sys=0.00, real=0.00 secs] 
2020-10-28T22:54:36.142-0800: 119.190: [GC (Allocation Failure) 2020-10-28T22:54:36.142-0800: 119.190: [DefNew: 139895K->66K(157248K), 0.0018602 secs] 168945K->29116K(506816K), 0.0019286 secs] [Times: user=0.00 sys=0.00, real=0.00 secs] 
2020-10-28T22:54:36.221-0800: 119.269: [GC (Allocation Failure) 2020-10-28T22:54:36.221-0800: 119.269: [DefNew: 139842K->87K(157248K), 0.0019648 secs] 168892K->29137K(506816K), 0.0020503 secs] [Times: user=0.00 sys=0.00, real=0.00 secs] 
2020-10-28T22:54:36.304-0800: 119.352: [GC (Allocation Failure) 2020-10-28T22:54:36.304-0800: 119.352: [DefNew: 139863K->71K(157248K), 0.0019304 secs] 168913K->29120K(506816K), 0.0019994 secs] [Times: user=0.00 sys=0.00, real=0.00 secs] 
2020-10-28T22:54:36.398-0800: 119.446: [GC (Allocation Failure) 2020-10-28T22:54:36.398-0800: 119.446: [DefNew: 139847K->103K(157248K), 0.0020340 secs] 168896K->29152K(506816K), 0.0021070 secs] [Times: user=0.00 sys=0.00, real=0.01 secs] 
2020-10-28T22:54:36.737-0800: 119.785: [GC (Allocation Failure) 2020-10-28T22:54:36.737-0800: 119.785: [DefNew: 139879K->91K(157248K), 0.0019029 secs] 168928K->29140K(506816K), 0.0019758 secs] [Times: user=0.00 sys=0.00, real=0.00 secs] 
2020-10-28T22:54:36.813-0800: 119.861: [GC (Allocation Failure) 2020-10-28T22:54:36.813-0800: 119.861: [DefNew: 139867K->80K(157248K), 0.0020043 secs] 168916K->29129K(506816K), 0.0020721 secs] [Times: user=0.00 sys=0.00, real=0.00 secs] 
2020-10-28T22:54:36.890-0800: 119.939: [GC (Allocation Failure) 2020-10-28T22:54:36.890-0800: 119.939: [DefNew: 139856K->67K(157248K), 0.0019393 secs] 168905K->29116K(506816K), 0.0020098 secs] [Times: user=0.00 sys=0.00, real=0.00 secs] 
2020-10-28T22:54:36.970-0800: 120.018: [GC (Allocation Failure) 2020-10-28T22:54:36.970-0800: 120.018: [DefNew: 139843K->76K(157248K), 0.0019687 secs] 168892K->29125K(506816K), 0.0020381 secs] [Times: user=0.00 sys=0.00, real=0.00 secs] 
2020-10-28T22:54:37.053-0800: 120.101: [GC (Allocation Failure) 2020-10-28T22:54:37.053-0800: 120.101: [DefNew: 139852K->66K(157248K), 0.0020512 secs] 168901K->29115K(506816K), 0.0021338 secs] [Times: user=0.00 sys=0.00, real=0.00 secs] 
2020-10-28T22:54:37.137-0800: 120.185: [GC (Allocation Failure) 2020-10-28T22:54:37.137-0800: 120.185: [DefNew: 139842K->88K(157248K), 0.0021670 secs] 168891K->29138K(506816K), 0.0022490 secs] [Times: user=0.01 sys=0.00, real=0.00 secs] 
2020-10-28T22:54:37.220-0800: 120.268: [GC (Allocation Failure) 2020-10-28T22:54:37.220-0800: 120.268: [DefNew: 139864K->75K(157248K), 0.0022868 secs] 168914K->29124K(506816K), 0.0023828 secs] [Times: user=0.01 sys=0.00, real=0.00 secs] 
2020-10-28T22:54:37.304-0800: 120.352: [GC (Allocation Failure) 2020-10-28T22:54:37.304-0800: 120.352: [DefNew: 139851K->83K(157248K), 0.0022363 secs] 168900K->29133K(506816K), 0.0023240 secs] [Times: user=0.00 sys=0.00, real=0.00 secs] 
2020-10-28T22:54:37.389-0800: 120.437: [GC (Allocation Failure) 2020-10-28T22:54:37.389-0800: 120.437: [DefNew: 139859K->80K(157248K), 0.0020058 secs] 168909K->29129K(506816K), 0.0020795 secs] [Times: user=0.01 sys=0.00, real=0.01 secs] 
2020-10-28T22:54:37.471-0800: 120.519: [GC (Allocation Failure) 2020-10-28T22:54:37.471-0800: 120.519: [DefNew: 139856K->92K(157248K), 0.0020613 secs] 168905K->29141K(506816K), 0.0021344 secs] [Times: user=0.00 sys=0.01, real=0.00 secs] 
2020-10-28T22:54:37.550-0800: 120.598: [GC (Allocation Failure) 2020-10-28T22:54:37.550-0800: 120.598: [DefNew: 139868K->90K(157248K), 0.0021150 secs] 168917K->29140K(506816K), 0.0022174 secs] [Times: user=0.00 sys=0.00, real=0.00 secs] 
2020-10-28T22:54:37.629-0800: 120.677: [GC (Allocation Failure) 2020-10-28T22:54:37.629-0800: 120.677: [DefNew: 139866K->66K(157248K), 0.0020269 secs] 168916K->29115K(506816K), 0.0021119 secs] [Times: user=0.00 sys=0.00, real=0.01 secs] 
2020-10-28T22:54:37.982-0800: 121.030: [GC (Allocation Failure) 2020-10-28T22:54:37.982-0800: 121.030: [DefNew: 139842K->63K(157248K), 0.0016848 secs] 168891K->29113K(506816K), 0.0017492 secs] [Times: user=0.00 sys=0.00, real=0.00 secs] 
2020-10-28T22:54:38.055-0800: 121.103: [GC (Allocation Failure) 2020-10-28T22:54:38.055-0800: 121.103: [DefNew: 139839K->63K(157248K), 0.0019343 secs] 168889K->29112K(506816K), 0.0020151 secs] [Times: user=0.01 sys=0.00, real=0.00 secs] 
2020-10-28T22:54:38.134-0800: 121.183: [GC (Allocation Failure) 2020-10-28T22:54:38.135-0800: 121.183: [DefNew: 139839K->89K(157248K), 0.0019961 secs] 168888K->29139K(506816K), 0.0020669 secs] [Times: user=0.00 sys=0.00, real=0.00 secs] 
2020-10-28T22:54:38.215-0800: 121.263: [GC (Allocation Failure) 2020-10-28T22:54:38.215-0800: 121.263: [DefNew: 139865K->88K(157248K), 0.0019300 secs] 168915K->29137K(506816K), 0.0020003 secs] [Times: user=0.00 sys=0.00, real=0.00 secs] 
2020-10-28T22:54:38.292-0800: 121.340: [GC (Allocation Failure) 2020-10-28T22:54:38.292-0800: 121.340: [DefNew: 139864K->69K(157248K), 0.0021763 secs] 168913K->29119K(506816K), 0.0022688 secs] [Times: user=0.00 sys=0.00, real=0.00 secs] 
2020-10-28T22:54:38.376-0800: 121.424: [GC (Allocation Failure) 2020-10-28T22:54:38.376-0800: 121.424: [DefNew: 139845K->107K(157248K), 0.0023769 secs] 168895K->29157K(506816K), 0.0024701 secs] [Times: user=0.00 sys=0.00, real=0.00 secs] 
2020-10-28T22:54:38.456-0800: 121.504: [GC (Allocation Failure) 2020-10-28T22:54:38.456-0800: 121.504: [DefNew: 139883K->97K(157248K), 0.0020292 secs] 168933K->29147K(506816K), 0.0020955 secs] [Times: user=0.00 sys=0.00, real=0.00 secs] 
2020-10-28T22:54:38.540-0800: 121.589: [GC (Allocation Failure) 2020-10-28T22:54:38.540-0800: 121.589: [DefNew: 139873K->67K(157248K), 0.0021172 secs] 168923K->29117K(506816K), 0.0022030 secs] [Times: user=0.00 sys=0.00, real=0.00 secs] 
2020-10-28T22:54:38.619-0800: 121.667: [GC (Allocation Failure) 2020-10-28T22:54:38.619-0800: 121.667: [DefNew: 139837K->90K(157248K), 0.0019600 secs] 168886K->29139K(506816K), 0.0020370 secs] [Times: user=0.00 sys=0.00, real=0.01 secs] 
2020-10-28T22:54:38.696-0800: 121.745: [GC (Allocation Failure) 2020-10-28T22:54:38.696-0800: 121.745: [DefNew: 139866K->85K(157248K), 0.0020216 secs] 168915K->29135K(506816K), 0.0020955 secs] [Times: user=0.00 sys=0.01, real=0.00 secs] 
2020-10-28T22:54:38.781-0800: 121.830: [GC (Allocation Failure) 2020-10-28T22:54:38.781-0800: 121.830: [DefNew: 139861K->78K(157248K), 0.0020977 secs] 168911K->29127K(506816K), 0.0021815 secs] [Times: user=0.00 sys=0.00, real=0.00 secs] 
2020-10-28T22:54:38.861-0800: 121.909: [GC (Allocation Failure) 2020-10-28T22:54:38.861-0800: 121.909: [DefNew: 139854K->79K(157248K), 0.0020433 secs] 168903K->29129K(506816K), 0.0021134 secs] [Times: user=0.00 sys=0.00, real=0.00 secs] 
2020-10-28T22:54:38.940-0800: 121.988: [GC (Allocation Failure) 2020-10-28T22:54:38.940-0800: 121.988: [DefNew: 139855K->106K(157248K), 0.0020909 secs] 168905K->29156K(506816K), 0.0021623 secs] [Times: user=0.00 sys=0.00, real=0.00 secs] 
2020-10-28T22:54:39.294-0800: 122.342: [GC (Allocation Failure) 2020-10-28T22:54:39.294-0800: 122.342: [DefNew: 139882K->97K(157248K), 0.0018736 secs] 168932K->29147K(506816K), 0.0019400 secs] [Times: user=0.00 sys=0.00, real=0.00 secs] 
2020-10-28T22:54:39.385-0800: 122.433: [GC (Allocation Failure) 2020-10-28T22:54:39.385-0800: 122.433: [DefNew: 139873K->98K(157248K), 0.0019798 secs] 168923K->29148K(506816K), 0.0020499 secs] [Times: user=0.00 sys=0.00, real=0.00 secs] 
2020-10-28T22:54:39.467-0800: 122.516: [GC (Allocation Failure) 2020-10-28T22:54:39.467-0800: 122.516: [DefNew: 139874K->87K(157248K), 0.0019979 secs] 168924K->29137K(506816K), 0.0020687 secs] [Times: user=0.00 sys=0.00, real=0.00 secs] 
2020-10-28T22:54:39.544-0800: 122.592: [GC (Allocation Failure) 2020-10-28T22:54:39.544-0800: 122.592: [DefNew: 139863K->97K(157248K), 0.0019840 secs] 168913K->29147K(506816K), 0.0020542 secs] [Times: user=0.01 sys=0.00, real=0.00 secs] 
2020-10-28T22:54:39.623-0800: 122.671: [GC (Allocation Failure) 2020-10-28T22:54:39.623-0800: 122.672: [DefNew: 139873K->81K(157248K), 0.0020228 secs] 168923K->29131K(506816K), 0.0020943 secs] [Times: user=0.00 sys=0.00, real=0.00 secs] 
2020-10-28T22:54:39.706-0800: 122.754: [GC (Allocation Failure) 2020-10-28T22:54:39.706-0800: 122.754: [DefNew: 139857K->89K(157248K), 0.0020186 secs] 168907K->29139K(506816K), 0.0020911 secs] [Times: user=0.01 sys=0.00, real=0.00 secs] 
2020-10-28T22:54:39.784-0800: 122.832: [GC (Allocation Failure) 2020-10-28T22:54:39.784-0800: 122.832: [DefNew: 139865K->95K(157248K), 0.0020308 secs] 168915K->29145K(506816K), 0.0020976 secs] [Times: user=0.00 sys=0.00, real=0.00 secs] 
2020-10-28T22:54:39.866-0800: 122.914: [GC (Allocation Failure) 2020-10-28T22:54:39.866-0800: 122.914: [DefNew: 139871K->71K(157248K), 0.0020165 secs] 168921K->29121K(506816K), 0.0021044 secs] [Times: user=0.00 sys=0.00, real=0.00 secs] 
2020-10-28T22:54:39.952-0800: 123.000: [GC (Allocation Failure) 2020-10-28T22:54:39.952-0800: 123.000: [DefNew: 139847K->76K(157248K), 0.0019781 secs] 168897K->29126K(506816K), 0.0020463 secs] [Times: user=0.00 sys=0.00, real=0.00 secs] 
2020-10-28T22:54:40.037-0800: 123.085: [GC (Allocation Failure) 2020-10-28T22:54:40.037-0800: 123.085: [DefNew: 139852K->97K(157248K), 0.0020116 secs] 168902K->29147K(506816K), 0.0020695 secs] [Times: user=0.00 sys=0.00, real=0.00 secs] 
2020-10-28T22:54:40.127-0800: 123.175: [GC (Allocation Failure) 2020-10-28T22:54:40.127-0800: 123.175: [DefNew: 139873K->81K(157248K), 0.0020922 secs] 168923K->29131K(506816K), 0.0021528 secs] [Times: user=0.00 sys=0.00, real=0.00 secs] 
2020-10-28T22:54:40.213-0800: 123.261: [GC (Allocation Failure) 2020-10-28T22:54:40.213-0800: 123.261: [DefNew: 139857K->92K(157248K), 0.0020427 secs] 168907K->29142K(506816K), 0.0021059 secs] [Times: user=0.00 sys=0.00, real=0.00 secs] 
2020-10-28T22:54:40.599-0800: 123.647: [GC (Allocation Failure) 2020-10-28T22:54:40.599-0800: 123.647: [DefNew: 139868K->79K(157248K), 0.0018284 secs] 168918K->29129K(506816K), 0.0018849 secs] [Times: user=0.01 sys=0.00, real=0.01 secs] 
2020-10-28T22:54:40.677-0800: 123.725: [GC (Allocation Failure) 2020-10-28T22:54:40.677-0800: 123.725: [DefNew: 139855K->73K(157248K), 0.0019682 secs] 168905K->29123K(506816K), 0.0020242 secs] [Times: user=0.01 sys=0.00, real=0.00 secs] 
2020-10-28T22:54:40.765-0800: 123.813: [GC (Allocation Failure) 2020-10-28T22:54:40.765-0800: 123.813: [DefNew: 139849K->85K(157248K), 0.0020230 secs] 168899K->29136K(506816K), 0.0020799 secs] [Times: user=0.00 sys=0.00, real=0.00 secs] 
2020-10-28T22:54:40.849-0800: 123.898: [GC (Allocation Failure) 2020-10-28T22:54:40.849-0800: 123.898: [DefNew: 139861K->71K(157248K), 0.0021685 secs] 168912K->29122K(506816K), 0.0022444 secs] [Times: user=0.00 sys=0.00, real=0.01 secs] 
2020-10-28T22:54:40.935-0800: 123.983: [GC (Allocation Failure) 2020-10-28T22:54:40.935-0800: 123.983: [DefNew: 139847K->93K(157248K), 0.0021403 secs] 168898K->29143K(506816K), 0.0022110 secs] [Times: user=0.01 sys=0.00, real=0.00 secs] 
2020-10-28T22:54:41.020-0800: 124.068: [GC (Allocation Failure) 2020-10-28T22:54:41.020-0800: 124.068: [DefNew: 139869K->62K(157248K), 0.0020512 secs] 168919K->29112K(506816K), 0.0021246 secs] [Times: user=0.00 sys=0.00, real=0.00 secs] 
2020-10-28T22:54:41.103-0800: 124.151: [GC (Allocation Failure) 2020-10-28T22:54:41.103-0800: 124.151: [DefNew: 139838K->108K(157248K), 0.0020871 secs] 168888K->29158K(506816K), 0.0021489 secs] [Times: user=0.00 sys=0.00, real=0.00 secs] 
2020-10-28T22:54:41.184-0800: 124.232: [GC (Allocation Failure) 2020-10-28T22:54:41.184-0800: 124.232: [DefNew: 139884K->111K(157248K), 0.0021188 secs] 168934K->29161K(506816K), 0.0021830 secs] [Times: user=0.01 sys=0.00, real=0.00 secs] 
2020-10-28T22:54:41.269-0800: 124.317: [GC (Allocation Failure) 2020-10-28T22:54:41.269-0800: 124.317: [DefNew: 139887K->83K(157248K), 0.0020534 secs] 168937K->29133K(506816K), 0.0021198 secs] [Times: user=0.00 sys=0.00, real=0.01 secs] 
2020-10-28T22:54:41.354-0800: 124.402: [GC (Allocation Failure) 2020-10-28T22:54:41.354-0800: 124.402: [DefNew: 139859K->99K(157248K), 0.0024946 secs] 168909K->29149K(506816K), 0.0025746 secs] [Times: user=0.00 sys=0.00, real=0.00 secs] 
2020-10-28T22:54:41.441-0800: 124.489: [GC (Allocation Failure) 2020-10-28T22:54:41.441-0800: 124.489: [DefNew: 139875K->90K(157248K), 0.0021376 secs] 168925K->29141K(506816K), 0.0022052 secs] [Times: user=0.00 sys=0.00, real=0.00 secs] 
2020-10-28T22:54:41.522-0800: 124.570: [GC (Allocation Failure) 2020-10-28T22:54:41.522-0800: 124.570: [DefNew: 139866K->77K(157248K), 0.0020676 secs] 168917K->29127K(506816K), 0.0021305 secs] [Times: user=0.01 sys=0.00, real=0.00 secs] 
2020-10-28T22:54:41.949-0800: 124.997: [GC (Allocation Failure) 2020-10-28T22:54:41.949-0800: 124.997: [DefNew: 139853K->111K(157248K), 0.0019099 secs] 168903K->29162K(506816K), 0.0019678 secs] [Times: user=0.00 sys=0.00, real=0.01 secs] 
2020-10-28T22:54:42.038-0800: 125.086: [GC (Allocation Failure) 2020-10-28T22:54:42.038-0800: 125.086: [DefNew: 139887K->99K(157248K), 0.0020131 secs] 168938K->29150K(506816K), 0.0020725 secs] [Times: user=0.00 sys=0.00, real=0.01 secs] 
2020-10-28T22:54:42.121-0800: 125.169: [GC (Allocation Failure) 2020-10-28T22:54:42.121-0800: 125.169: [DefNew: 139875K->85K(157248K), 0.0020380 secs] 168926K->29136K(506816K), 0.0021065 secs] [Times: user=0.00 sys=0.00, real=0.00 secs] 
2020-10-28T22:54:42.201-0800: 125.249: [GC (Allocation Failure) 2020-10-28T22:54:42.201-0800: 125.249: [DefNew: 139861K->64K(157248K), 0.0019391 secs] 168912K->29115K(506816K), 0.0020002 secs] [Times: user=0.00 sys=0.00, real=0.00 secs] 
2020-10-28T22:54:42.285-0800: 125.333: [GC (Allocation Failure) 2020-10-28T22:54:42.285-0800: 125.333: [DefNew: 139840K->84K(157248K), 0.0023110 secs] 168891K->29135K(506816K), 0.0024155 secs] [Times: user=0.00 sys=0.00, real=0.00 secs] 
2020-10-28T22:54:42.367-0800: 125.415: [GC (Allocation Failure) 2020-10-28T22:54:42.367-0800: 125.415: [DefNew: 139860K->75K(157248K), 0.0019811 secs] 168911K->29126K(506816K), 0.0020402 secs] [Times: user=0.00 sys=0.00, real=0.00 secs] 
2020-10-28T22:54:42.448-0800: 125.496: [GC (Allocation Failure) 2020-10-28T22:54:42.448-0800: 125.496: [DefNew: 139851K->72K(157248K), 0.0024550 secs] 168902K->29123K(506816K), 0.0025370 secs] [Times: user=0.00 sys=0.00, real=0.01 secs] 
2020-10-28T22:54:42.532-0800: 125.580: [GC (Allocation Failure) 2020-10-28T22:54:42.532-0800: 125.580: [DefNew: 139848K->104K(157248K), 0.0020644 secs] 168899K->29155K(506816K), 0.0021287 secs] [Times: user=0.00 sys=0.00, real=0.00 secs] 
2020-10-28T22:54:42.609-0800: 125.657: [GC (Allocation Failure) 2020-10-28T22:54:42.609-0800: 125.657: [DefNew: 139880K->86K(157248K), 0.0020136 secs] 168931K->29137K(506816K), 0.0020748 secs] [Times: user=0.00 sys=0.00, real=0.01 secs] 
2020-10-28T22:54:42.688-0800: 125.736: [GC (Allocation Failure) 2020-10-28T22:54:42.688-0800: 125.736: [DefNew: 139862K->92K(157248K), 0.0019798 secs] 168913K->29143K(506816K), 0.0020406 secs] [Times: user=0.00 sys=0.00, real=0.01 secs] 
2020-10-28T22:54:42.766-0800: 125.814: [GC (Allocation Failure) 2020-10-28T22:54:42.766-0800: 125.814: [DefNew: 139868K->112K(157248K), 0.0022024 secs] 168919K->29163K(506816K), 0.0022641 secs] [Times: user=0.00 sys=0.00, real=0.00 secs] 
2020-10-28T22:54:42.850-0800: 125.898: [GC (Allocation Failure) 2020-10-28T22:54:42.850-0800: 125.898: [DefNew: 139888K->109K(157248K), 0.0020543 secs] 168939K->29160K(506816K), 0.0021169 secs] [Times: user=0.01 sys=0.00, real=0.00 secs] 
2020-10-28T22:54:43.260-0800: 126.308: [GC (Allocation Failure) 2020-10-28T22:54:43.260-0800: 126.308: [DefNew: 139885K->90K(157248K), 0.0018798 secs] 168936K->29142K(506816K), 0.0019373 secs] [Times: user=0.00 sys=0.00, real=0.00 secs] 
2020-10-28T22:54:43.332-0800: 126.380: [GC (Allocation Failure) 2020-10-28T22:54:43.332-0800: 126.380: [DefNew: 139866K->91K(157248K), 0.0018774 secs] 168918K->29142K(506816K), 0.0019333 secs] [Times: user=0.00 sys=0.00, real=0.00 secs] 
2020-10-28T22:54:43.409-0800: 126.457: [GC (Allocation Failure) 2020-10-28T22:54:43.409-0800: 126.457: [DefNew: 139867K->89K(157248K), 0.0020194 secs] 168918K->29140K(506816K), 0.0020777 secs] [Times: user=0.00 sys=0.00, real=0.01 secs] 
2020-10-28T22:54:43.493-0800: 126.542: [GC (Allocation Failure) 2020-10-28T22:54:43.494-0800: 126.542: [DefNew: 139865K->59K(157248K), 0.0018392 secs] 168916K->29110K(506816K), 0.0018990 secs] [Times: user=0.01 sys=0.00, real=0.00 secs] 
2020-10-28T22:54:43.574-0800: 126.622: [GC (Allocation Failure) 2020-10-28T22:54:43.574-0800: 126.622: [DefNew: 139835K->70K(157248K), 0.0019611 secs] 168886K->29122K(506816K), 0.0020230 secs] [Times: user=0.00 sys=0.00, real=0.00 secs] 
2020-10-28T22:54:43.659-0800: 126.707: [GC (Allocation Failure) 2020-10-28T22:54:43.659-0800: 126.707: [DefNew: 139846K->84K(157248K), 0.0020296 secs] 168898K->29135K(506816K), 0.0020916 secs] [Times: user=0.00 sys=0.00, real=0.01 secs] 
2020-10-28T22:54:43.743-0800: 126.791: [GC (Allocation Failure) 2020-10-28T22:54:43.743-0800: 126.791: [DefNew: 139860K->102K(157248K), 0.0021012 secs] 168911K->29153K(506816K), 0.0021613 secs] [Times: user=0.00 sys=0.00, real=0.00 secs] 
2020-10-28T22:54:43.828-0800: 126.876: [GC (Allocation Failure) 2020-10-28T22:54:43.828-0800: 126.876: [DefNew: 139878K->71K(157248K), 0.0019452 secs] 168929K->29122K(506816K), 0.0020131 secs] [Times: user=0.00 sys=0.00, real=0.01 secs] 
2020-10-28T22:54:43.923-0800: 126.971: [GC (Allocation Failure) 2020-10-28T22:54:43.923-0800: 126.971: [DefNew: 139847K->74K(157248K), 0.0019757 secs] 168898K->29125K(506816K), 0.0020420 secs] [Times: user=0.00 sys=0.00, real=0.00 secs] 
2020-10-28T22:54:44.007-0800: 127.055: [GC (Allocation Failure) 2020-10-28T22:54:44.007-0800: 127.055: [DefNew: 139850K->70K(157248K), 0.0019534 secs] 168901K->29121K(506816K), 0.0020175 secs] [Times: user=0.01 sys=0.00, real=0.00 secs] 
2020-10-28T22:54:44.097-0800: 127.145: [GC (Allocation Failure) 2020-10-28T22:54:44.097-0800: 127.145: [DefNew: 139846K->107K(157248K), 0.0023951 secs] 168897K->29158K(506816K), 0.0024730 secs] [Times: user=0.01 sys=0.00, real=0.01 secs] 
2020-10-28T22:54:44.185-0800: 127.233: [GC (Allocation Failure) 2020-10-28T22:54:44.185-0800: 127.233: [DefNew: 139883K->92K(157248K), 0.0020354 secs] 168934K->29143K(506816K), 0.0021007 secs] [Times: user=0.00 sys=0.00, real=0.00 secs] 
2020-10-28T22:54:44.503-0800: 127.551: [GC (Allocation Failure) 2020-10-28T22:54:44.503-0800: 127.551: [DefNew: 139868K->76K(157248K), 0.0019082 secs] 168919K->29128K(506816K), 0.0019664 secs] [Times: user=0.00 sys=0.00, real=0.00 secs] 
2020-10-28T22:54:44.589-0800: 127.637: [GC (Allocation Failure) 2020-10-28T22:54:44.589-0800: 127.637: [DefNew: 139852K->74K(157248K), 0.0020325 secs] 168904K->29125K(506816K), 0.0020994 secs] [Times: user=0.01 sys=0.00, real=0.01 secs] 
2020-10-28T22:54:44.688-0800: 127.736: [GC (Allocation Failure) 2020-10-28T22:54:44.688-0800: 127.736: [DefNew: 139850K->67K(157248K), 0.0020852 secs] 168901K->29119K(506816K), 0.0021575 secs] [Times: user=0.00 sys=0.00, real=0.01 secs] 
2020-10-28T22:54:44.786-0800: 127.834: [GC (Allocation Failure) 2020-10-28T22:54:44.786-0800: 127.834: [DefNew: 139843K->121K(157248K), 0.0022936 secs] 168895K->29172K(506816K), 0.0023676 secs] [Times: user=0.00 sys=0.00, real=0.00 secs] 
2020-10-28T22:54:44.866-0800: 127.914: [GC (Allocation Failure) 2020-10-28T22:54:44.866-0800: 127.914: [DefNew: 139897K->94K(157248K), 0.0021126 secs] 168948K->29145K(506816K), 0.0021854 secs] [Times: user=0.00 sys=0.00, real=0.00 secs] 
2020-10-28T22:54:44.948-0800: 127.996: [GC (Allocation Failure) 2020-10-28T22:54:44.948-0800: 127.996: [DefNew: 139870K->70K(157248K), 0.0019215 secs] 168921K->29122K(506816K), 0.0019962 secs] [Times: user=0.00 sys=0.00, real=0.01 secs] 
2020-10-28T22:54:45.024-0800: 128.072: [GC (Allocation Failure) 2020-10-28T22:54:45.024-0800: 128.072: [DefNew: 139846K->77K(157248K), 0.0020506 secs] 168898K->29128K(506816K), 0.0021075 secs] [Times: user=0.00 sys=0.00, real=0.00 secs] 
2020-10-28T22:54:45.104-0800: 128.152: [GC (Allocation Failure) 2020-10-28T22:54:45.104-0800: 128.152: [DefNew: 139853K->58K(157248K), 0.0018641 secs] 168904K->29109K(506816K), 0.0019274 secs] [Times: user=0.00 sys=0.01, real=0.00 secs] 
2020-10-28T22:54:45.184-0800: 128.232: [GC (Allocation Failure) 2020-10-28T22:54:45.184-0800: 128.232: [DefNew: 139834K->71K(157248K), 0.0019479 secs] 168885K->29122K(506816K), 0.0020183 secs] [Times: user=0.00 sys=0.00, real=0.00 secs] 
2020-10-28T22:54:45.266-0800: 128.314: [GC (Allocation Failure) 2020-10-28T22:54:45.267-0800: 128.315: [DefNew: 139847K->77K(157248K), 0.0019883 secs] 168898K->29128K(506816K), 0.0020537 secs] [Times: user=0.00 sys=0.00, real=0.00 secs] 
2020-10-28T22:54:45.370-0800: 128.418: [GC (Allocation Failure) 2020-10-28T22:54:45.370-0800: 128.418: [DefNew: 139853K->72K(157248K), 0.0024273 secs] 168904K->29123K(506816K), 0.0025213 secs] [Times: user=0.00 sys=0.00, real=0.00 secs] 
2020-10-28T22:54:45.463-0800: 128.511: [GC (Allocation Failure) 2020-10-28T22:54:45.463-0800: 128.511: [DefNew: 139848K->92K(157248K), 0.0025440 secs] 168899K->29143K(506816K), 0.0026329 secs] [Times: user=0.00 sys=0.00, real=0.00 secs] 
2020-10-28T22:54:45.804-0800: 128.852: [GC (Allocation Failure) 2020-10-28T22:54:45.804-0800: 128.852: [DefNew: 139868K->75K(157248K), 0.0018553 secs] 168919K->29126K(506816K), 0.0019133 secs] [Times: user=0.00 sys=0.00, real=0.00 secs] 
2020-10-28T22:54:45.892-0800: 128.940: [GC (Allocation Failure) 2020-10-28T22:54:45.892-0800: 128.940: [DefNew: 139851K->101K(157248K), 0.0019401 secs] 168902K->29152K(506816K), 0.0020119 secs] [Times: user=0.00 sys=0.00, real=0.00 secs] 
2020-10-28T22:54:45.973-0800: 129.021: [GC (Allocation Failure) 2020-10-28T22:54:45.973-0800: 129.021: [DefNew: 139877K->74K(157248K), 0.0019433 secs] 168928K->29125K(506816K), 0.0020018 secs] [Times: user=0.00 sys=0.00, real=0.00 secs] 
2020-10-28T22:54:46.056-0800: 129.104: [GC (Allocation Failure) 2020-10-28T22:54:46.056-0800: 129.104: [DefNew: 139850K->86K(157248K), 0.0019248 secs] 168901K->29138K(506816K), 0.0019854 secs] [Times: user=0.00 sys=0.00, real=0.00 secs] 
2020-10-28T22:54:46.138-0800: 129.186: [GC (Allocation Failure) 2020-10-28T22:54:46.138-0800: 129.186: [DefNew: 139862K->78K(157248K), 0.0019820 secs] 168914K->29130K(506816K), 0.0020443 secs] [Times: user=0.00 sys=0.00, real=0.01 secs] 
2020-10-28T22:54:46.221-0800: 129.269: [GC (Allocation Failure) 2020-10-28T22:54:46.221-0800: 129.269: [DefNew: 139854K->78K(157248K), 0.0022852 secs] 168906K->29129K(506816K), 0.0023587 secs] [Times: user=0.00 sys=0.00, real=0.00 secs] 
2020-10-28T22:54:46.308-0800: 129.356: [GC (Allocation Failure) 2020-10-28T22:54:46.308-0800: 129.356: [DefNew: 139854K->85K(157248K), 0.0020249 secs] 168905K->29137K(506816K), 0.0020863 secs] [Times: user=0.01 sys=0.00, real=0.01 secs] 
2020-10-28T22:54:46.401-0800: 129.449: [GC (Allocation Failure) 2020-10-28T22:54:46.401-0800: 129.449: [DefNew: 139861K->91K(157248K), 0.0023362 secs] 168913K->29143K(506816K), 0.0024193 secs] [Times: user=0.00 sys=0.00, real=0.00 secs] 
2020-10-28T22:54:46.494-0800: 129.542: [GC (Allocation Failure) 2020-10-28T22:54:46.494-0800: 129.542: [DefNew: 139867K->88K(157248K), 0.0020384 secs] 168919K->29140K(506816K), 0.0021023 secs] [Times: user=0.00 sys=0.00, real=0.00 secs] 
2020-10-28T22:54:46.586-0800: 129.633: [GC (Allocation Failure) 2020-10-28T22:54:46.586-0800: 129.634: [DefNew: 139864K->110K(157248K), 0.0023248 secs] 168916K->29162K(506816K), 0.0024066 secs] [Times: user=0.00 sys=0.00, real=0.00 secs] 
2020-10-28T22:54:46.689-0800: 129.737: [GC (Allocation Failure) 2020-10-28T22:54:46.689-0800: 129.737: [DefNew: 139886K->60K(157248K), 0.0021296 secs] 168938K->29112K(506816K), 0.0022237 secs] [Times: user=0.00 sys=0.00, real=0.01 secs] 
2020-10-28T22:54:47.220-0800: 130.268: [GC (Allocation Failure) 2020-10-28T22:54:47.220-0800: 130.268: [DefNew: 139836K->101K(157248K), 0.0021839 secs] 168888K->29152K(506816K), 0.0022555 secs] [Times: user=0.01 sys=0.00, real=0.00 secs] 
2020-10-28T22:54:47.306-0800: 130.354: [GC (Allocation Failure) 2020-10-28T22:54:47.306-0800: 130.354: [DefNew: 139877K->78K(157248K), 0.0020253 secs] 168928K->29130K(506816K), 0.0020871 secs] [Times: user=0.00 sys=0.00, real=0.00 secs] 
2020-10-28T22:54:47.393-0800: 130.441: [GC (Allocation Failure) 2020-10-28T22:54:47.393-0800: 130.441: [DefNew: 139854K->71K(157248K), 0.0019955 secs] 168906K->29122K(506816K), 0.0020656 secs] [Times: user=0.01 sys=0.00, real=0.00 secs] 
2020-10-28T22:54:47.480-0800: 130.528: [GC (Allocation Failure) 2020-10-28T22:54:47.480-0800: 130.528: [DefNew: 139847K->77K(157248K), 0.0023312 secs] 168898K->29131K(506816K), 0.0024049 secs] [Times: user=0.00 sys=0.00, real=0.00 secs] 
2020-10-28T22:54:47.566-0800: 130.614: [GC (Allocation Failure) 2020-10-28T22:54:47.566-0800: 130.614: [DefNew: 139853K->91K(157248K), 0.0020056 secs] 168907K->29144K(506816K), 0.0020661 secs] [Times: user=0.00 sys=0.00, real=0.00 secs] 
2020-10-28T22:54:47.651-0800: 130.699: [GC (Allocation Failure) 2020-10-28T22:54:47.652-0800: 130.699: [DefNew: 139867K->76K(157248K), 0.0021376 secs] 168920K->29129K(506816K), 0.0022017 secs] [Times: user=0.00 sys=0.00, real=0.00 secs] 
2020-10-28T22:54:47.738-0800: 130.786: [GC (Allocation Failure) 2020-10-28T22:54:47.738-0800: 130.786: [DefNew: 139852K->72K(157248K), 0.0020161 secs] 168905K->29125K(506816K), 0.0020833 secs] [Times: user=0.00 sys=0.00, real=0.01 secs] 
2020-10-28T22:54:47.827-0800: 130.875: [GC (Allocation Failure) 2020-10-28T22:54:47.827-0800: 130.875: [DefNew: 139848K->92K(157248K), 0.0023665 secs] 168901K->29146K(506816K), 0.0024482 secs] [Times: user=0.00 sys=0.00, real=0.00 secs] 
2020-10-28T22:54:47.914-0800: 130.962: [GC (Allocation Failure) 2020-10-28T22:54:47.914-0800: 130.962: [DefNew: 139868K->93K(157248K), 0.0023080 secs] 168922K->29146K(506816K), 0.0023836 secs] [Times: user=0.00 sys=0.00, real=0.00 secs] 
2020-10-28T22:54:48.000-0800: 131.048: [GC (Allocation Failure) 2020-10-28T22:54:48.000-0800: 131.048: [DefNew: 139869K->70K(157248K), 0.0020809 secs] 168922K->29124K(506816K), 0.0021619 secs] [Times: user=0.00 sys=0.00, real=0.00 secs] 
2020-10-28T22:54:48.092-0800: 131.139: [GC (Allocation Failure) 2020-10-28T22:54:48.092-0800: 131.140: [DefNew: 139846K->103K(157248K), 0.0020736 secs] 168900K->29156K(506816K), 0.0021479 secs] [Times: user=0.00 sys=0.00, real=0.00 secs] 
2020-10-28T22:54:48.499-0800: 131.547: [GC (Allocation Failure) 2020-10-28T22:54:48.499-0800: 131.547: [DefNew: 139879K->122K(157248K), 0.0020815 secs] 168932K->29176K(506816K), 0.0021427 secs] [Times: user=0.01 sys=0.00, real=0.01 secs] 
2020-10-28T22:54:48.583-0800: 131.631: [GC (Allocation Failure) 2020-10-28T22:54:48.584-0800: 131.631: [DefNew: 139898K->81K(157248K), 0.0022404 secs] 168952K->29135K(506816K), 0.0023153 secs] [Times: user=0.00 sys=0.00, real=0.00 secs] 
2020-10-28T22:54:48.669-0800: 131.717: [GC (Allocation Failure) 2020-10-28T22:54:48.669-0800: 131.717: [DefNew: 139857K->97K(157248K), 0.0020952 secs] 168911K->29151K(506816K), 0.0021578 secs] [Times: user=0.00 sys=0.00, real=0.01 secs] 
2020-10-28T22:54:48.756-0800: 131.804: [GC (Allocation Failure) 2020-10-28T22:54:48.756-0800: 131.804: [DefNew: 139873K->75K(157248K), 0.0024694 secs] 168927K->29128K(506816K), 0.0025527 secs] [Times: user=0.00 sys=0.00, real=0.00 secs] 
2020-10-28T22:54:48.844-0800: 131.892: [GC (Allocation Failure) 2020-10-28T22:54:48.844-0800: 131.892: [DefNew: 139851K->91K(157248K), 0.0020165 secs] 168904K->29145K(506816K), 0.0020790 secs] [Times: user=0.01 sys=0.00, real=0.00 secs] 
2020-10-28T22:54:48.928-0800: 131.976: [GC (Allocation Failure) 2020-10-28T22:54:48.928-0800: 131.976: [DefNew: 139867K->54K(157248K), 0.0020479 secs] 168921K->29108K(506816K), 0.0021218 secs] [Times: user=0.00 sys=0.00, real=0.01 secs] 
2020-10-28T22:54:49.020-0800: 132.068: [GC (Allocation Failure) 2020-10-28T22:54:49.020-0800: 132.068: [DefNew: 139830K->74K(157248K), 0.0022142 secs] 168884K->29127K(506816K), 0.0022859 secs] [Times: user=0.00 sys=0.00, real=0.00 secs] 
2020-10-28T22:54:49.110-0800: 132.158: [GC (Allocation Failure) 2020-10-28T22:54:49.110-0800: 132.158: [DefNew: 139850K->61K(157248K), 0.0019843 secs] 168903K->29115K(506816K), 0.0020485 secs] [Times: user=0.00 sys=0.00, real=0.00 secs] 
2020-10-28T22:54:49.203-0800: 132.251: [GC (Allocation Failure) 2020-10-28T22:54:49.203-0800: 132.251: [DefNew: 139837K->89K(157248K), 0.0020461 secs] 168891K->29143K(506816K), 0.0021073 secs] [Times: user=0.00 sys=0.00, real=0.00 secs] 
2020-10-28T22:54:49.297-0800: 132.345: [GC (Allocation Failure) 2020-10-28T22:54:49.297-0800: 132.345: [DefNew: 139865K->86K(157248K), 0.0022369 secs] 168919K->29140K(506816K), 0.0023377 secs] [Times: user=0.01 sys=0.00, real=0.00 secs] 
2020-10-28T22:54:49.396-0800: 132.444: [GC (Allocation Failure) 2020-10-28T22:54:49.396-0800: 132.444: [DefNew: 139862K->84K(157248K), 0.0021323 secs] 168916K->29138K(506816K), 0.0022117 secs] [Times: user=0.01 sys=0.00, real=0.00 secs] 
2020-10-28T22:54:49.484-0800: 132.532: [GC (Allocation Failure) 2020-10-28T22:54:49.484-0800: 132.532: [DefNew: 139860K->70K(157248K), 0.0019888 secs] 168914K->29124K(506816K), 0.0020604 secs] [Times: user=0.00 sys=0.00, real=0.00 secs] 
2020-10-28T22:54:49.576-0800: 132.624: [GC (Allocation Failure) 2020-10-28T22:54:49.576-0800: 132.624: [DefNew: 139846K->82K(157248K), 0.0021911 secs] 168900K->29135K(506816K), 0.0022681 secs] [Times: user=0.00 sys=0.00, real=0.00 secs] 
2020-10-28T22:54:49.661-0800: 132.709: [GC (Allocation Failure) 2020-10-28T22:54:49.661-0800: 132.709: [DefNew: 139858K->83K(157248K), 0.0023586 secs] 168911K->29137K(506816K), 0.0024440 secs] [Times: user=0.00 sys=0.00, real=0.00 secs] 
2020-10-28T22:54:49.746-0800: 132.794: [GC (Allocation Failure) 2020-10-28T22:54:49.746-0800: 132.794: [DefNew: 139859K->66K(157248K), 0.0021172 secs] 168913K->29120K(506816K), 0.0022113 secs] [Times: user=0.01 sys=0.00, real=0.00 secs] 
2020-10-28T22:54:49.833-0800: 132.881: [GC (Allocation Failure) 2020-10-28T22:54:49.834-0800: 132.881: [DefNew: 139842K->80K(157248K), 0.0020870 secs] 168896K->29133K(506816K), 0.0021613 secs] [Times: user=0.01 sys=0.00, real=0.00 secs] 
2020-10-28T22:54:49.922-0800: 132.970: [GC (Allocation Failure) 2020-10-28T22:54:49.922-0800: 132.970: [DefNew: 139856K->110K(157248K), 0.0021250 secs] 168909K->29163K(506816K), 0.0021954 secs] [Times: user=0.01 sys=0.00, real=0.00 secs] 
2020-10-28T22:54:50.009-0800: 133.057: [GC (Allocation Failure) 2020-10-28T22:54:50.009-0800: 133.057: [DefNew: 139886K->67K(157248K), 0.0020632 secs] 168939K->29120K(506816K), 0.0021398 secs] [Times: user=0.01 sys=0.00, real=0.01 secs] 
2020-10-28T22:54:50.095-0800: 133.143: [GC (Allocation Failure) 2020-10-28T22:54:50.095-0800: 133.143: [DefNew: 139843K->57K(157248K), 0.0019322 secs] 168896K->29111K(506816K), 0.0020065 secs] [Times: user=0.01 sys=0.00, real=0.00 secs] 
2020-10-28T22:54:50.182-0800: 133.230: [GC (Allocation Failure) 2020-10-28T22:54:50.182-0800: 133.230: [DefNew: 139833K->99K(157248K), 0.0022756 secs] 168887K->29153K(506816K), 0.0023664 secs] [Times: user=0.00 sys=0.00, real=0.00 secs] 
2020-10-28T22:54:50.274-0800: 133.322: [GC (Allocation Failure) 2020-10-28T22:54:50.274-0800: 133.322: [DefNew: 139875K->81K(157248K), 0.0021542 secs] 168929K->29134K(506816K), 0.0022281 secs] [Times: user=0.01 sys=0.00, real=0.00 secs] 
2020-10-28T22:54:50.368-0800: 133.416: [GC (Allocation Failure) 2020-10-28T22:54:50.368-0800: 133.416: [DefNew: 139857K->87K(157248K), 0.0023974 secs] 168910K->29140K(506816K), 0.0024879 secs] [Times: user=0.00 sys=0.00, real=0.01 secs] 
2020-10-28T22:54:50.461-0800: 133.509: [GC (Allocation Failure) 2020-10-28T22:54:50.461-0800: 133.509: [DefNew: 139863K->72K(157248K), 0.0020265 secs] 168916K->29126K(506816K), 0.0021023 secs] [Times: user=0.00 sys=0.00, real=0.00 secs] 
2020-10-28T22:54:50.562-0800: 133.610: [GC (Allocation Failure) 2020-10-28T22:54:50.562-0800: 133.610: [DefNew: 139848K->70K(157248K), 0.0020350 secs] 168902K->29124K(506816K), 0.0021136 secs] [Times: user=0.00 sys=0.00, real=0.00 secs] 
2020-10-28T22:54:50.650-0800: 133.698: [GC (Allocation Failure) 2020-10-28T22:54:50.650-0800: 133.698: [DefNew: 139846K->86K(157248K), 0.0021640 secs] 168900K->29140K(506816K), 0.0022442 secs] [Times: user=0.00 sys=0.00, real=0.00 secs] 
2020-10-28T22:54:50.742-0800: 133.790: [GC (Allocation Failure) 2020-10-28T22:54:50.742-0800: 133.790: [DefNew: 139862K->71K(157248K), 0.0022851 secs] 168916K->29125K(506816K), 0.0023773 secs] [Times: user=0.00 sys=0.00, real=0.00 secs] 
2020-10-28T22:54:50.834-0800: 133.881: [GC (Allocation Failure) 2020-10-28T22:54:50.834-0800: 133.882: [DefNew: 139847K->72K(157248K), 0.0021256 secs] 168901K->29126K(506816K), 0.0022142 secs] [Times: user=0.00 sys=0.00, real=0.00 secs] 
2020-10-28T22:54:50.921-0800: 133.969: [GC (Allocation Failure) 2020-10-28T22:54:50.921-0800: 133.969: [DefNew: 139848K->80K(157248K), 0.0021116 secs] 168902K->29134K(506816K), 0.0021791 secs] [Times: user=0.00 sys=0.00, real=0.00 secs] 
2020-10-28T22:54:51.009-0800: 134.057: [GC (Allocation Failure) 2020-10-28T22:54:51.010-0800: 134.057: [DefNew: 139856K->93K(157248K), 0.0022189 secs] 168910K->29147K(506816K), 0.0022939 secs] [Times: user=0.00 sys=0.00, real=0.01 secs] 
2020-10-28T22:54:51.098-0800: 134.146: [GC (Allocation Failure) 2020-10-28T22:54:51.098-0800: 134.146: [DefNew: 139869K->88K(157248K), 0.0022887 secs] 168923K->29142K(506816K), 0.0023704 secs] [Times: user=0.00 sys=0.00, real=0.01 secs] 
2020-10-28T22:54:51.190-0800: 134.238: [GC (Allocation Failure) 2020-10-28T22:54:51.190-0800: 134.238: [DefNew: 139864K->101K(157248K), 0.0022599 secs] 168918K->29155K(506816K), 0.0023452 secs] [Times: user=0.00 sys=0.00, real=0.00 secs] 
2020-10-28T22:54:51.286-0800: 134.334: [GC (Allocation Failure) 2020-10-28T22:54:51.286-0800: 134.334: [DefNew: 139877K->88K(157248K), 0.0022408 secs] 168931K->29142K(506816K), 0.0023267 secs] [Times: user=0.00 sys=0.00, real=0.00 secs] 
2020-10-28T22:54:51.380-0800: 134.428: [GC (Allocation Failure) 2020-10-28T22:54:51.380-0800: 134.428: [DefNew: 139864K->73K(157248K), 0.0021875 secs] 168918K->29127K(506816K), 0.0022743 secs] [Times: user=0.01 sys=0.00, real=0.00 secs] 
2020-10-28T22:54:51.473-0800: 134.521: [GC (Allocation Failure) 2020-10-28T22:54:51.473-0800: 134.521: [DefNew: 139849K->90K(157248K), 0.0022133 secs] 168903K->29144K(506816K), 0.0023389 secs] [Times: user=0.00 sys=0.00, real=0.00 secs] 
2020-10-28T22:54:51.562-0800: 134.610: [GC (Allocation Failure) 2020-10-28T22:54:51.562-0800: 134.610: [DefNew: 139866K->74K(157248K), 0.0020976 secs] 168920K->29128K(506816K), 0.0021721 secs] [Times: user=0.00 sys=0.00, real=0.00 secs] 
2020-10-28T22:54:51.647-0800: 134.695: [GC (Allocation Failure) 2020-10-28T22:54:51.647-0800: 134.695: [DefNew: 139850K->59K(157248K), 0.0019722 secs] 168904K->29113K(506816K), 0.0020453 secs] [Times: user=0.00 sys=0.00, real=0.00 secs] 
2020-10-28T22:54:51.736-0800: 134.784: [GC (Allocation Failure) 2020-10-28T22:54:51.736-0800: 134.784: [DefNew: 139835K->87K(157248K), 0.0022758 secs] 168889K->29141K(506816K), 0.0023702 secs] [Times: user=0.00 sys=0.00, real=0.00 secs] 
2020-10-28T22:54:51.829-0800: 134.877: [GC (Allocation Failure) 2020-10-28T22:54:51.829-0800: 134.877: [DefNew: 139863K->107K(157248K), 0.0021753 secs] 168917K->29161K(506816K), 0.0022525 secs] [Times: user=0.00 sys=0.00, real=0.01 secs] 
2020-10-28T22:54:51.921-0800: 134.969: [GC (Allocation Failure) 2020-10-28T22:54:51.921-0800: 134.969: [DefNew: 139883K->73K(157248K), 0.0022585 secs] 168937K->29127K(506816K), 0.0023482 secs] [Times: user=0.01 sys=0.00, real=0.00 secs] 
2020-10-28T22:54:52.013-0800: 135.061: [GC (Allocation Failure) 2020-10-28T22:54:52.013-0800: 135.061: [DefNew: 139849K->90K(157248K), 0.0021648 secs] 168903K->29144K(506816K), 0.0022464 secs] [Times: user=0.00 sys=0.00, real=0.00 secs] 
2020-10-28T22:54:52.106-0800: 135.154: [GC (Allocation Failure) 2020-10-28T22:54:52.106-0800: 135.154: [DefNew: 139866K->76K(157248K), 0.0021122 secs] 168920K->29131K(506816K), 0.0021856 secs] [Times: user=0.00 sys=0.00, real=0.00 secs] 
2020-10-28T22:54:52.192-0800: 135.240: [GC (Allocation Failure) 2020-10-28T22:54:52.192-0800: 135.240: [DefNew: 139852K->91K(157248K), 0.0023150 secs] 168907K->29146K(506816K), 0.0024028 secs] [Times: user=0.01 sys=0.00, real=0.00 secs] 
2020-10-28T22:54:52.279-0800: 135.327: [GC (Allocation Failure) 2020-10-28T22:54:52.280-0800: 135.327: [DefNew: 139867K->84K(157248K), 0.0022049 secs] 168922K->29139K(506816K), 0.0023050 secs] [Times: user=0.00 sys=0.00, real=0.01 secs] 
2020-10-28T22:54:52.368-0800: 135.416: [GC (Allocation Failure) 2020-10-28T22:54:52.368-0800: 135.416: [DefNew: 139853K->83K(157248K), 0.0021864 secs] 168907K->29137K(506816K), 0.0022660 secs] [Times: user=0.01 sys=0.00, real=0.01 secs] 
2020-10-28T22:54:52.463-0800: 135.511: [GC (Allocation Failure) 2020-10-28T22:54:52.463-0800: 135.511: [DefNew: 139859K->62K(157248K), 0.0020812 secs] 168913K->29116K(506816K), 0.0021621 secs] [Times: user=0.00 sys=0.00, real=0.00 secs] 
2020-10-28T22:54:52.562-0800: 135.610: [GC (Allocation Failure) 2020-10-28T22:54:52.562-0800: 135.610: [DefNew: 139838K->78K(157248K), 0.0021691 secs] 168892K->29132K(506816K), 0.0022466 secs] [Times: user=0.00 sys=0.00, real=0.00 secs] 
2020-10-28T22:54:52.653-0800: 135.701: [GC (Allocation Failure) 2020-10-28T22:54:52.653-0800: 135.701: [DefNew: 139854K->67K(157248K), 0.0022124 secs] 168908K->29121K(506816K), 0.0022958 secs] [Times: user=0.00 sys=0.00, real=0.00 secs] 
2020-10-28T22:54:52.747-0800: 135.795: [GC (Allocation Failure) 2020-10-28T22:54:52.748-0800: 135.795: [DefNew: 139843K->83K(157248K), 0.0022665 secs] 168897K->29137K(506816K), 0.0023921 secs] [Times: user=0.00 sys=0.00, real=0.01 secs] 
2020-10-28T22:54:52.839-0800: 135.887: [GC (Allocation Failure) 2020-10-28T22:54:52.839-0800: 135.887: [DefNew: 139859K->89K(157248K), 0.0022033 secs] 168913K->29143K(506816K), 0.0022835 secs] [Times: user=0.00 sys=0.00, real=0.01 secs] 
2020-10-28T22:54:52.925-0800: 135.973: [GC (Allocation Failure) 2020-10-28T22:54:52.925-0800: 135.973: [DefNew: 139865K->58K(157248K), 0.0020645 secs] 168919K->29113K(506816K), 0.0021472 secs] [Times: user=0.00 sys=0.00, real=0.00 secs] 
2020-10-28T22:54:53.014-0800: 136.062: [GC (Allocation Failure) 2020-10-28T22:54:53.014-0800: 136.062: [DefNew: 139834K->67K(157248K), 0.0021438 secs] 168889K->29121K(506816K), 0.0022227 secs] [Times: user=0.01 sys=0.00, real=0.00 secs] 
2020-10-28T22:54:53.104-0800: 136.151: [GC (Allocation Failure) 2020-10-28T22:54:53.104-0800: 136.151: [DefNew: 139843K->67K(157248K), 0.0021321 secs] 168897K->29122K(506816K), 0.0022093 secs] [Times: user=0.00 sys=0.00, real=0.00 secs] 
2020-10-28T22:54:53.199-0800: 136.247: [GC (Allocation Failure) 2020-10-28T22:54:53.199-0800: 136.247: [DefNew: 139843K->78K(157248K), 0.0022155 secs] 168898K->29132K(506816K), 0.0022907 secs] [Times: user=0.00 sys=0.00, real=0.01 secs] 
2020-10-28T22:54:53.291-0800: 136.339: [GC (Allocation Failure) 2020-10-28T22:54:53.291-0800: 136.339: [DefNew: 139854K->78K(157248K), 0.0021403 secs] 168908K->29133K(506816K), 0.0022198 secs] [Times: user=0.00 sys=0.00, real=0.00 secs] 
2020-10-28T22:54:53.390-0800: 136.438: [GC (Allocation Failure) 2020-10-28T22:54:53.390-0800: 136.438: [DefNew: 139854K->97K(157248K), 0.0021206 secs] 168909K->29151K(506816K), 0.0021939 secs] [Times: user=0.00 sys=0.00, real=0.00 secs] 
2020-10-28T22:54:53.482-0800: 136.530: [GC (Allocation Failure) 2020-10-28T22:54:53.482-0800: 136.530: [DefNew: 139873K->62K(157248K), 0.0021138 secs] 168927K->29117K(506816K), 0.0021950 secs] [Times: user=0.00 sys=0.00, real=0.00 secs] 
2020-10-28T22:54:53.568-0800: 136.616: [GC (Allocation Failure) 2020-10-28T22:54:53.568-0800: 136.616: [DefNew: 139838K->91K(157248K), 0.0021425 secs] 168893K->29145K(506816K), 0.0022202 secs] [Times: user=0.00 sys=0.00, real=0.01 secs] 
2020-10-28T22:54:53.655-0800: 136.703: [GC (Allocation Failure) 2020-10-28T22:54:53.655-0800: 136.703: [DefNew: 139867K->75K(157248K), 0.0021752 secs] 168921K->29129K(506816K), 0.0022593 secs] [Times: user=0.01 sys=0.00, real=0.00 secs] 
2020-10-28T22:54:53.743-0800: 136.791: [GC (Allocation Failure) 2020-10-28T22:54:53.743-0800: 136.791: [DefNew: 139851K->106K(157248K), 0.0022300 secs] 168905K->29160K(506816K), 0.0023093 secs] [Times: user=0.01 sys=0.00, real=0.00 secs] 
2020-10-28T22:54:53.895-0800: 136.943: [GC (Allocation Failure) 2020-10-28T22:54:53.895-0800: 136.943: [DefNew: 139882K->68K(157248K), 0.0020472 secs] 168936K->29123K(506816K), 0.0021326 secs] [Times: user=0.00 sys=0.00, real=0.00 secs] 
2020-10-28T22:54:53.979-0800: 137.027: [GC (Allocation Failure) 2020-10-28T22:54:53.980-0800: 137.027: [DefNew: 139844K->74K(157248K), 0.0020078 secs] 168899K->29128K(506816K), 0.0020802 secs] [Times: user=0.00 sys=0.00, real=0.01 secs] 
2020-10-28T22:54:54.067-0800: 137.115: [GC (Allocation Failure) 2020-10-28T22:54:54.067-0800: 137.115: [DefNew: 139850K->92K(157248K), 0.0023096 secs] 168904K->29146K(506816K), 0.0023998 secs] [Times: user=0.01 sys=0.00, real=0.00 secs] 
2020-10-28T22:54:54.153-0800: 137.201: [GC (Allocation Failure) 2020-10-28T22:54:54.153-0800: 137.201: [DefNew: 139868K->97K(157248K), 0.0021151 secs] 168922K->29151K(506816K), 0.0021932 secs] [Times: user=0.00 sys=0.00, real=0.00 secs] 
2020-10-28T22:54:54.239-0800: 137.286: [GC (Allocation Failure) 2020-10-28T22:54:54.239-0800: 137.286: [DefNew: 139873K->115K(157248K), 0.0021904 secs] 168927K->29170K(506816K), 0.0022632 secs] [Times: user=0.00 sys=0.00, real=0.01 secs] 
2020-10-28T22:54:54.326-0800: 137.374: [GC (Allocation Failure) 2020-10-28T22:54:54.326-0800: 137.374: [DefNew: 139891K->64K(157248K), 0.0020267 secs] 168946K->29118K(506816K), 0.0021096 secs] [Times: user=0.00 sys=0.00, real=0.00 secs] 
2020-10-28T22:54:54.421-0800: 137.469: [GC (Allocation Failure) 2020-10-28T22:54:54.421-0800: 137.469: [DefNew: 139840K->85K(157248K), 0.0022896 secs] 168894K->29140K(506816K), 0.0023704 secs] [Times: user=0.01 sys=0.00, real=0.00 secs] 
2020-10-28T22:54:54.512-0800: 137.560: [GC (Allocation Failure) 2020-10-28T22:54:54.512-0800: 137.560: [DefNew: 139861K->58K(157248K), 0.0019878 secs] 168916K->29112K(506816K), 0.0020637 secs] [Times: user=0.01 sys=0.00, real=0.00 secs] 
2020-10-28T22:54:54.600-0800: 137.648: [GC (Allocation Failure) 2020-10-28T22:54:54.600-0800: 137.648: [DefNew: 139834K->88K(157248K), 0.0023603 secs] 168888K->29142K(506816K), 0.0024428 secs] [Times: user=0.00 sys=0.00, real=0.00 secs] 
2020-10-28T22:54:54.689-0800: 137.737: [GC (Allocation Failure) 2020-10-28T22:54:54.689-0800: 137.737: [DefNew: 139864K->58K(157248K), 0.0020350 secs] 168918K->29113K(506816K), 0.0021109 secs] [Times: user=0.00 sys=0.00, real=0.01 secs] 
2020-10-28T22:54:54.775-0800: 137.823: [GC (Allocation Failure) 2020-10-28T22:54:54.775-0800: 137.823: [DefNew: 139834K->91K(157248K), 0.0021734 secs] 168889K->29145K(506816K), 0.0022583 secs] [Times: user=0.00 sys=0.00, real=0.00 secs] 
2020-10-28T22:54:54.867-0800: 137.915: [GC (Allocation Failure) 2020-10-28T22:54:54.867-0800: 137.915: [DefNew: 139867K->61K(157248K), 0.0019788 secs] 168921K->29115K(506816K), 0.0020548 secs] [Times: user=0.00 sys=0.00, real=0.00 secs] 
2020-10-28T22:54:54.956-0800: 138.004: [GC (Allocation Failure) 2020-10-28T22:54:54.956-0800: 138.004: [DefNew: 139837K->96K(157248K), 0.0022323 secs] 168891K->29151K(506816K), 0.0023100 secs] [Times: user=0.00 sys=0.00, real=0.00 secs] 
2020-10-28T22:54:55.049-0800: 138.097: [GC (Allocation Failure) 2020-10-28T22:54:55.049-0800: 138.097: [DefNew: 139872K->81K(157248K), 0.0024488 secs] 168927K->29135K(506816K), 0.0025365 secs] [Times: user=0.01 sys=0.00, real=0.01 secs] 
2020-10-28T22:54:55.144-0800: 138.192: [GC (Allocation Failure) 2020-10-28T22:54:55.144-0800: 138.192: [DefNew: 139857K->72K(157248K), 0.0021659 secs] 168911K->29126K(506816K), 0.0022483 secs] [Times: user=0.00 sys=0.00, real=0.00 secs] 
2020-10-28T22:54:55.234-0800: 138.282: [GC (Allocation Failure) 2020-10-28T22:54:55.234-0800: 138.282: [DefNew: 139848K->88K(157248K), 0.0022123 secs] 168902K->29143K(506816K), 0.0023059 secs] [Times: user=0.00 sys=0.00, real=0.00 secs] 
2020-10-28T22:54:55.324-0800: 138.371: [GC (Allocation Failure) 2020-10-28T22:54:55.324-0800: 138.372: [DefNew: 139864K->94K(157248K), 0.0024394 secs] 168919K->29149K(506816K), 0.0025356 secs] [Times: user=0.01 sys=0.00, real=0.00 secs] 
2020-10-28T22:54:55.423-0800: 138.471: [GC (Allocation Failure) 2020-10-28T22:54:55.423-0800: 138.471: [DefNew: 139870K->65K(157248K), 0.0021693 secs] 168925K->29119K(506816K), 0.0022511 secs] [Times: user=0.00 sys=0.00, real=0.00 secs] 
2020-10-28T22:54:55.516-0800: 138.564: [GC (Allocation Failure) 2020-10-28T22:54:55.516-0800: 138.564: [DefNew: 139841K->89K(157248K), 0.0021252 secs] 168895K->29144K(506816K), 0.0022005 secs] [Times: user=0.00 sys=0.00, real=0.00 secs] 
2020-10-28T22:54:55.601-0800: 138.649: [GC (Allocation Failure) 2020-10-28T22:54:55.601-0800: 138.649: [DefNew: 139865K->71K(157248K), 0.0020263 secs] 168920K->29125K(506816K), 0.0020996 secs] [Times: user=0.00 sys=0.00, real=0.00 secs] 
2020-10-28T22:54:55.690-0800: 138.738: [GC (Allocation Failure) 2020-10-28T22:54:55.690-0800: 138.738: [DefNew: 139847K->104K(157248K), 0.0021144 secs] 168901K->29158K(506816K), 0.0021913 secs] [Times: user=0.00 sys=0.00, real=0.00 secs] 
2020-10-28T22:54:55.779-0800: 138.827: [GC (Allocation Failure) 2020-10-28T22:54:55.779-0800: 138.827: [DefNew: 139880K->66K(157248K), 0.0021045 secs] 168934K->29120K(506816K), 0.0021829 secs] [Times: user=0.00 sys=0.00, real=0.01 secs] 
2020-10-28T22:54:55.876-0800: 138.924: [GC (Allocation Failure) 2020-10-28T22:54:55.877-0800: 138.924: [DefNew: 139842K->91K(157248K), 0.0020790 secs] 168896K->29145K(506816K), 0.0021625 secs] [Times: user=0.00 sys=0.00, real=0.00 secs] 
2020-10-28T22:54:55.966-0800: 139.014: [GC (Allocation Failure) 2020-10-28T22:54:55.966-0800: 139.014: [DefNew: 139867K->75K(157248K), 0.0021372 secs] 168921K->29129K(506816K), 0.0022192 secs] [Times: user=0.00 sys=0.00, real=0.00 secs] 
2020-10-28T22:54:56.058-0800: 139.106: [GC (Allocation Failure) 2020-10-28T22:54:56.058-0800: 139.106: [DefNew: 139851K->71K(157248K), 0.0022099 secs] 168905K->29125K(506816K), 0.0022960 secs] [Times: user=0.00 sys=0.00, real=0.01 secs] 
2020-10-28T22:54:56.149-0800: 139.197: [GC (Allocation Failure) 2020-10-28T22:54:56.149-0800: 139.197: [DefNew: 139847K->75K(157248K), 0.0023559 secs] 168901K->29130K(506816K), 0.0024497 secs] [Times: user=0.00 sys=0.00, real=0.01 secs] 
2020-10-28T22:54:56.243-0800: 139.291: [GC (Allocation Failure) 2020-10-28T22:54:56.244-0800: 139.291: [DefNew: 139851K->78K(157248K), 0.0022771 secs] 168906K->29133K(506816K), 0.0023666 secs] [Times: user=0.01 sys=0.00, real=0.00 secs] 
2020-10-28T22:54:56.336-0800: 139.383: [GC (Allocation Failure) 2020-10-28T22:54:56.336-0800: 139.383: [DefNew: 139854K->67K(157248K), 0.0024870 secs] 168909K->29122K(506816K), 0.0025891 secs] [Times: user=0.00 sys=0.00, real=0.00 secs] 
2020-10-28T22:54:56.438-0800: 139.486: [GC (Allocation Failure) 2020-10-28T22:54:56.438-0800: 139.486: [DefNew: 139843K->72K(157248K), 0.0021366 secs] 168898K->29127K(506816K), 0.0022194 secs] [Times: user=0.00 sys=0.00, real=0.01 secs] 
2020-10-28T22:54:56.546-0800: 139.594: [GC (Allocation Failure) 2020-10-28T22:54:56.546-0800: 139.594: [DefNew: 139848K->66K(157248K), 0.0023866 secs] 168903K->29121K(506816K), 0.0024808 secs] [Times: user=0.00 sys=0.00, real=0.00 secs] 
2020-10-28T22:54:56.635-0800: 139.682: [GC (Allocation Failure) 2020-10-28T22:54:56.635-0800: 139.682: [DefNew: 139842K->65K(157248K), 0.0020900 secs] 168897K->29120K(506816K), 0.0021800 secs] [Times: user=0.00 sys=0.00, real=0.00 secs] 
2020-10-28T22:54:56.715-0800: 139.763: [GC (Allocation Failure) 2020-10-28T22:54:56.715-0800: 139.763: [DefNew: 139820K->70K(157248K), 0.0020145 secs] 168875K->29125K(506816K), 0.0020797 secs] [Times: user=0.00 sys=0.00, real=0.00 secs] 
2020-10-28T22:54:56.802-0800: 139.850: [GC (Allocation Failure) 2020-10-28T22:54:56.802-0800: 139.850: [DefNew: 139846K->78K(157248K), 0.0021719 secs] 168901K->29133K(506816K), 0.0022473 secs] [Times: user=0.00 sys=0.00, real=0.00 secs] 
2020-10-28T22:54:56.885-0800: 139.933: [GC (Allocation Failure) 2020-10-28T22:54:56.885-0800: 139.933: [DefNew: 139854K->86K(157248K), 0.0022714 secs] 168909K->29141K(506816K), 0.0023504 secs] [Times: user=0.00 sys=0.00, real=0.00 secs] 
2020-10-28T22:54:56.968-0800: 140.016: [GC (Allocation Failure) 2020-10-28T22:54:56.968-0800: 140.016: [DefNew: 139862K->97K(157248K), 0.0021645 secs] 168917K->29152K(506816K), 0.0022466 secs] [Times: user=0.00 sys=0.00, real=0.01 secs] 
2020-10-28T22:54:57.056-0800: 140.104: [GC (Allocation Failure) 2020-10-28T22:54:57.056-0800: 140.104: [DefNew: 139863K->77K(157248K), 0.0021879 secs] 168918K->29132K(506816K), 0.0022660 secs] [Times: user=0.00 sys=0.00, real=0.00 secs] 
2020-10-28T22:54:57.143-0800: 140.191: [GC (Allocation Failure) 2020-10-28T22:54:57.143-0800: 140.191: [DefNew: 139853K->78K(157248K), 0.0021766 secs] 168908K->29133K(506816K), 0.0022579 secs] [Times: user=0.01 sys=0.00, real=0.00 secs] 
2020-10-28T22:54:57.252-0800: 140.300: [GC (Allocation Failure) 2020-10-28T22:54:57.252-0800: 140.300: [DefNew: 139854K->69K(157248K), 0.0021766 secs] 168909K->29124K(506816K), 0.0022615 secs] [Times: user=0.00 sys=0.00, real=0.00 secs] 
2020-10-28T22:54:57.338-0800: 140.386: [GC (Allocation Failure) 2020-10-28T22:54:57.338-0800: 140.386: [DefNew: 139845K->94K(157248K), 0.0022301 secs] 168900K->29149K(506816K), 0.0023113 secs] [Times: user=0.01 sys=0.00, real=0.01 secs] 
2020-10-28T22:54:57.427-0800: 140.475: [GC (Allocation Failure) 2020-10-28T22:54:57.427-0800: 140.475: [DefNew: 139870K->86K(157248K), 0.0020447 secs] 168925K->29141K(506816K), 0.0021196 secs] [Times: user=0.00 sys=0.00, real=0.01 secs] 
2020-10-28T22:54:57.512-0800: 140.560: [GC (Allocation Failure) 2020-10-28T22:54:57.512-0800: 140.560: [DefNew: 139862K->91K(157248K), 0.0022192 secs] 168917K->29146K(506816K), 0.0022970 secs] [Times: user=0.00 sys=0.00, real=0.00 secs] 
2020-10-28T22:54:57.592-0800: 140.640: [GC (Allocation Failure) 2020-10-28T22:54:57.592-0800: 140.640: [DefNew: 139867K->77K(157248K), 0.0020583 secs] 168922K->29132K(506816K), 0.0021295 secs] [Times: user=0.00 sys=0.00, real=0.00 secs] 
2020-10-28T22:54:57.673-0800: 140.721: [GC (Allocation Failure) 2020-10-28T22:54:57.673-0800: 140.721: [DefNew: 139853K->64K(157248K), 0.0019805 secs] 168908K->29119K(506816K), 0.0020547 secs] [Times: user=0.00 sys=0.00, real=0.00 secs] 
2020-10-28T22:54:57.756-0800: 140.804: [GC (Allocation Failure) 2020-10-28T22:54:57.756-0800: 140.804: [DefNew: 139840K->57K(157248K), 0.0019136 secs] 168895K->29113K(506816K), 0.0019872 secs] [Times: user=0.01 sys=0.00, real=0.00 secs] 
2020-10-28T22:54:57.842-0800: 140.889: [GC (Allocation Failure) 2020-10-28T22:54:57.842-0800: 140.889: [DefNew: 139833K->85K(157248K), 0.0021602 secs] 168889K->29140K(506816K), 0.0022404 secs] [Times: user=0.00 sys=0.00, real=0.00 secs] 
2020-10-28T22:54:57.929-0800: 140.976: [GC (Allocation Failure) 2020-10-28T22:54:57.929-0800: 140.976: [DefNew: 139861K->57K(157248K), 0.0020551 secs] 168916K->29112K(506816K), 0.0021486 secs] [Times: user=0.00 sys=0.00, real=0.01 secs] 
2020-10-28T22:54:58.018-0800: 141.066: [GC (Allocation Failure) 2020-10-28T22:54:58.018-0800: 141.066: [DefNew: 139833K->77K(157248K), 0.0022538 secs] 168888K->29132K(506816K), 0.0023429 secs] [Times: user=0.01 sys=0.00, real=0.01 secs] 
2020-10-28T22:54:58.109-0800: 141.157: [GC (Allocation Failure) 2020-10-28T22:54:58.109-0800: 141.157: [DefNew: 139853K->71K(157248K), 0.0021503 secs] 168908K->29126K(506816K), 0.0022320 secs] [Times: user=0.00 sys=0.00, real=0.01 secs] 
2020-10-28T22:54:58.198-0800: 141.245: [GC (Allocation Failure) 2020-10-28T22:54:58.198-0800: 141.245: [DefNew: 139847K->101K(157248K), 0.0022706 secs] 168902K->29157K(506816K), 0.0023531 secs] [Times: user=0.00 sys=0.00, real=0.01 secs] 
2020-10-28T22:54:58.286-0800: 141.334: [GC (Allocation Failure) 2020-10-28T22:54:58.286-0800: 141.334: [DefNew: 139877K->103K(157248K), 0.0023292 secs] 168933K->29158K(506816K), 0.0024129 secs] [Times: user=0.01 sys=0.00, real=0.00 secs] 
2020-10-28T22:54:58.377-0800: 141.424: [GC (Allocation Failure) 2020-10-28T22:54:58.377-0800: 141.424: [DefNew: 139879K->59K(157248K), 0.0019975 secs] 168934K->29114K(506816K), 0.0020799 secs] [Times: user=0.01 sys=0.00, real=0.00 secs] 
2020-10-28T22:54:58.469-0800: 141.517: [GC (Allocation Failure) 2020-10-28T22:54:58.469-0800: 141.517: [DefNew: 139835K->85K(157248K), 0.0021911 secs] 168890K->29140K(506816K), 0.0022710 secs] [Times: user=0.00 sys=0.00, real=0.01 secs] 
2020-10-28T22:54:58.559-0800: 141.606: [GC (Allocation Failure) 2020-10-28T22:54:58.559-0800: 141.606: [DefNew: 139861K->94K(157248K), 0.0020969 secs] 168916K->29149K(506816K), 0.0021689 secs] [Times: user=0.01 sys=0.00, real=0.01 secs] 
2020-10-28T22:54:58.646-0800: 141.694: [GC (Allocation Failure) 2020-10-28T22:54:58.646-0800: 141.694: [DefNew: 139870K->85K(157248K), 0.0020502 secs] 168925K->29140K(506816K), 0.0021212 secs] [Times: user=0.00 sys=0.00, real=0.00 secs] 
2020-10-28T22:54:58.735-0800: 141.782: [GC (Allocation Failure) 2020-10-28T22:54:58.735-0800: 141.783: [DefNew: 139861K->95K(157248K), 0.0023262 secs] 168916K->29151K(506816K), 0.0024068 secs] [Times: user=0.00 sys=0.00, real=0.00 secs] 
2020-10-28T22:54:58.826-0800: 141.873: [GC (Allocation Failure) 2020-10-28T22:54:58.826-0800: 141.874: [DefNew: 139871K->98K(157248K), 0.0022941 secs] 168927K->29153K(506816K), 0.0023824 secs] [Times: user=0.00 sys=0.00, real=0.00 secs] 
2020-10-28T22:54:58.915-0800: 141.962: [GC (Allocation Failure) 2020-10-28T22:54:58.915-0800: 141.962: [DefNew: 139874K->77K(157248K), 0.0021920 secs] 168929K->29132K(506816K), 0.0022778 secs] [Times: user=0.01 sys=0.00, real=0.00 secs] 
2020-10-28T22:54:58.999-0800: 142.047: [GC (Allocation Failure) 2020-10-28T22:54:58.999-0800: 142.047: [DefNew: 139853K->98K(157248K), 0.0022806 secs] 168908K->29153K(506816K), 0.0023703 secs] [Times: user=0.00 sys=0.00, real=0.01 secs] 
2020-10-28T22:54:59.088-0800: 142.136: [GC (Allocation Failure) 2020-10-28T22:54:59.088-0800: 142.136: [DefNew: 139874K->86K(157248K), 0.0020528 secs] 168929K->29141K(506816K), 0.0021382 secs] [Times: user=0.00 sys=0.00, real=0.01 secs] 
2020-10-28T22:54:59.180-0800: 142.228: [GC (Allocation Failure) 2020-10-28T22:54:59.180-0800: 142.228: [DefNew: 139862K->59K(157248K), 0.0019358 secs] 168917K->29115K(506816K), 0.0020092 secs] [Times: user=0.00 sys=0.00, real=0.00 secs] 
Heap
 def new generation   total 157248K, used 125125K [0x00000007a0000000, 0x00000007aaaa0000, 0x00000007aaaa0000)
  eden space 139776K,  89% used [0x00000007a0000000, 0x00000007a7a226e0, 0x00000007a8880000)
  from space 17472K,   0% used [0x00000007a9990000, 0x00000007a999eeb0, 0x00000007aaaa0000)
  to   space 17472K,   0% used [0x00000007a8880000, 0x00000007a8880000, 0x00000007a9990000)
 tenured generation   total 349568K, used 29055K [0x00000007aaaa0000, 0x00000007c0000000, 0x00000007c0000000)
   the space 349568K,   8% used [0x00000007aaaa0000, 0x00000007ac6ffd70, 0x00000007ac6ffe00, 0x00000007c0000000)
 Metaspace       used 36879K, capacity 39276K, committed 39344K, reserved 1083392K
  class space    used 4645K, capacity 5019K, committed 5040K, reserved 1048576K
