Java HotSpot(TM) 64-Bit Server VM (25.181-b13) for bsd-amd64 JRE (1.8.0_181-b13), built on Jul  7 2018 01:02:31 by "java_re" with gcc 4.2.1 (Based on Apple Inc. build 5658) (LLVM build 2336.11.00)
Memory: 4k page, physical 33554432k(1935636k free)

/proc/meminfo:

CommandLine flags: -XX:InitialHeapSize=268435456 -XX:MaxHeapSize=268435456 -XX:+PrintGC -XX:+PrintGCDateStamps -XX:+PrintGCDetails -XX:+PrintGCTimeStamps -XX:+UseCompressedClassPointers -XX:+UseCompressedOops -XX:+UseSerialGC 
2020-10-28T20:39:31.271-0800: 0.106: [GC (Allocation Failure) 2020-10-28T20:39:31.271-0800: 0.106: [DefNew: 69952K->8704K(78656K), 0.0105201 secs] 69952K->21976K(253440K), 0.0106155 secs] [Times: user=0.01 sys=0.00, real=0.01 secs] 
2020-10-28T20:39:31.294-0800: 0.129: [GC (Allocation Failure) 2020-10-28T20:39:31.294-0800: 0.129: [DefNew: 78611K->8703K(78656K), 0.0173246 secs] 91883K->47502K(253440K), 0.0174115 secs] [Times: user=0.01 sys=0.01, real=0.02 secs] 
2020-10-28T20:39:31.324-0800: 0.159: [GC (Allocation Failure) 2020-10-28T20:39:31.324-0800: 0.159: [DefNew: 78645K->8700K(78656K), 0.0110878 secs] 117444K->67881K(253440K), 0.0111698 secs] [Times: user=0.01 sys=0.00, real=0.01 secs] 
2020-10-28T20:39:31.345-0800: 0.180: [GC (Allocation Failure) 2020-10-28T20:39:31.345-0800: 0.180: [DefNew: 78652K->8702K(78656K), 0.0114606 secs] 137833K->89821K(253440K), 0.0115321 secs] [Times: user=0.01 sys=0.00, real=0.01 secs] 
2020-10-28T20:39:31.367-0800: 0.202: [GC (Allocation Failure) 2020-10-28T20:39:31.367-0800: 0.202: [DefNew: 78654K->8700K(78656K), 0.0118885 secs] 159773K->112333K(253440K), 0.0119585 secs] [Times: user=0.00 sys=0.01, real=0.01 secs] 
2020-10-28T20:39:31.388-0800: 0.223: [GC (Allocation Failure) 2020-10-28T20:39:31.388-0800: 0.223: [DefNew: 78652K->8703K(78656K), 0.0141404 secs] 182285K->139213K(253440K), 0.0142082 secs] [Times: user=0.01 sys=0.00, real=0.02 secs] 
2020-10-28T20:39:31.416-0800: 0.251: [GC (Allocation Failure) 2020-10-28T20:39:31.416-0800: 0.251: [DefNew: 78655K->8703K(78656K), 0.0126030 secs] 209165K->163176K(253440K), 0.0126813 secs] [Times: user=0.01 sys=0.01, real=0.01 secs] 
2020-10-28T20:39:31.440-0800: 0.275: [GC (Allocation Failure) 2020-10-28T20:39:31.440-0800: 0.275: [DefNew: 78655K->78655K(78656K), 0.0000169 secs]2020-10-28T20:39:31.440-0800: 0.275: [Tenured: 154473K->164437K(174784K), 0.0282885 secs] 233128K->164437K(253440K), [Metaspace: 2711K->2711K(1056768K)], 0.0283942 secs] [Times: user=0.03 sys=0.00, real=0.02 secs] 
2020-10-28T20:39:31.483-0800: 0.318: [GC (Allocation Failure) 2020-10-28T20:39:31.483-0800: 0.318: [DefNew: 69890K->69890K(78656K), 0.0000186 secs]2020-10-28T20:39:31.483-0800: 0.318: [Tenured: 164437K->174700K(174784K), 0.0278566 secs] 234327K->178676K(253440K), [Metaspace: 2711K->2711K(1056768K)], 0.0279718 secs] [Times: user=0.02 sys=0.00, real=0.03 secs] 
2020-10-28T20:39:31.522-0800: 0.357: [Full GC (Allocation Failure) 2020-10-28T20:39:31.522-0800: 0.357: [Tenured: 174700K->174194K(174784K), 0.0206771 secs] 253212K->194429K(253440K), [Metaspace: 2711K->2711K(1056768K)], 0.0207675 secs] [Times: user=0.02 sys=0.00, real=0.02 secs] 
2020-10-28T20:39:31.555-0800: 0.390: [Full GC (Allocation Failure) 2020-10-28T20:39:31.555-0800: 0.390: [Tenured: 174594K->174606K(174784K), 0.0311322 secs] 253236K->188567K(253440K), [Metaspace: 2711K->2711K(1056768K)], 0.0312271 secs] [Times: user=0.03 sys=0.00, real=0.03 secs] 
2020-10-28T20:39:31.598-0800: 0.433: [Full GC (Allocation Failure) 2020-10-28T20:39:31.598-0800: 0.433: [Tenured: 174606K->174783K(174784K), 0.0138254 secs] 253177K->213292K(253440K), [Metaspace: 2711K->2711K(1056768K)], 0.0139123 secs] [Times: user=0.01 sys=0.00, real=0.02 secs] 
2020-10-28T20:39:31.621-0800: 0.456: [Full GC (Allocation Failure) 2020-10-28T20:39:31.621-0800: 0.456: [Tenured: 174783K->174645K(174784K), 0.0209496 secs] 253349K->221160K(253440K), [Metaspace: 2711K->2711K(1056768K)], 0.0210378 secs] [Times: user=0.02 sys=0.00, real=0.02 secs] 
2020-10-28T20:39:31.649-0800: 0.484: [Full GC (Allocation Failure) 2020-10-28T20:39:31.649-0800: 0.484: [Tenured: 174717K->174707K(174784K), 0.0172959 secs] 253346K->225091K(253440K), [Metaspace: 2711K->2711K(1056768K)], 0.0174074 secs] [Times: user=0.02 sys=0.00, real=0.02 secs] 
2020-10-28T20:39:31.672-0800: 0.507: [Full GC (Allocation Failure) 2020-10-28T20:39:31.672-0800: 0.507: [Tenured: 174779K->174284K(174784K), 0.0285079 secs] 253392K->219942K(253440K), [Metaspace: 2711K->2711K(1056768K)], 0.0285810 secs] [Times: user=0.03 sys=0.00, real=0.03 secs] 
2020-10-28T20:39:31.707-0800: 0.542: [Full GC (Allocation Failure) 2020-10-28T20:39:31.707-0800: 0.542: [Tenured: 174762K->174762K(174784K), 0.0072082 secs] 253400K->228687K(253440K), [Metaspace: 2711K->2711K(1056768K)], 0.0072880 secs] [Times: user=0.01 sys=0.00, real=0.01 secs] 
2020-10-28T20:39:31.719-0800: 0.554: [Full GC (Allocation Failure) 2020-10-28T20:39:31.719-0800: 0.554: [Tenured: 174762K->174762K(174784K), 0.0072107 secs] 253360K->238258K(253440K), [Metaspace: 2711K->2711K(1056768K)], 0.0072788 secs] [Times: user=0.01 sys=0.00, real=0.01 secs] 
2020-10-28T20:39:31.729-0800: 0.564: [Full GC (Allocation Failure) 2020-10-28T20:39:31.729-0800: 0.564: [Tenured: 174762K->174476K(174784K), 0.0124109 secs] 252867K->241036K(253440K), [Metaspace: 2711K->2711K(1056768K)], 0.0124816 secs] [Times: user=0.01 sys=0.00, real=0.02 secs] 
2020-10-28T20:39:31.744-0800: 0.579: [Full GC (Allocation Failure) 2020-10-28T20:39:31.744-0800: 0.579: [Tenured: 174716K->174750K(174784K), 0.0310438 secs] 253346K->232748K(253440K), [Metaspace: 2711K->2711K(1056768K)], 0.0311116 secs] [Times: user=0.03 sys=0.00, real=0.03 secs] 
2020-10-28T20:39:31.779-0800: 0.614: [Full GC (Allocation Failure) 2020-10-28T20:39:31.779-0800: 0.614: [Tenured: 174750K->174750K(174784K), 0.0079167 secs] 253322K->239702K(253440K), [Metaspace: 2711K->2711K(1056768K)], 0.0079885 secs] [Times: user=0.01 sys=0.00, real=0.01 secs] 
2020-10-28T20:39:31.789-0800: 0.624: [Full GC (Allocation Failure) 2020-10-28T20:39:31.789-0800: 0.624: [Tenured: 174750K->174750K(174784K), 0.0046787 secs] 253366K->243034K(253440K), [Metaspace: 2711K->2711K(1056768K)], 0.0047329 secs] [Times: user=0.01 sys=0.00, real=0.01 secs] 
2020-10-28T20:39:31.796-0800: 0.631: [Full GC (Allocation Failure) 2020-10-28T20:39:31.796-0800: 0.631: [Tenured: 174750K->174750K(174784K), 0.0110959 secs] 253331K->246690K(253440K), [Metaspace: 2711K->2711K(1056768K)], 0.0111690 secs] [Times: user=0.01 sys=0.00, real=0.01 secs] 
2020-10-28T20:39:31.809-0800: 0.644: [Full GC (Allocation Failure) 2020-10-28T20:39:31.809-0800: 0.644: [Tenured: 174750K->174762K(174784K), 0.0377210 secs] 253378K->240600K(253440K), [Metaspace: 2711K->2711K(1056768K)], 0.0377807 secs] [Times: user=0.04 sys=0.00, real=0.04 secs] 
2020-10-28T20:39:31.850-0800: 0.685: [Full GC (Allocation Failure) 2020-10-28T20:39:31.850-0800: 0.685: [Tenured: 174762K->174762K(174784K), 0.0102340 secs] 253293K->243016K(253440K), [Metaspace: 2711K->2711K(1056768K)], 0.0102961 secs] [Times: user=0.01 sys=0.00, real=0.01 secs] 
2020-10-28T20:39:31.862-0800: 0.697: [Full GC (Allocation Failure) 2020-10-28T20:39:31.862-0800: 0.697: [Tenured: 174762K->174762K(174784K), 0.0113842 secs] 253369K->246537K(253440K), [Metaspace: 2711K->2711K(1056768K)], 0.0114451 secs] [Times: user=0.02 sys=0.00, real=0.01 secs] 
2020-10-28T20:39:31.875-0800: 0.710: [Full GC (Allocation Failure) 2020-10-28T20:39:31.875-0800: 0.710: [Tenured: 174762K->174762K(174784K), 0.0035782 secs] 253290K->249017K(253440K), [Metaspace: 2711K->2711K(1056768K)], 0.0036202 secs] [Times: user=0.00 sys=0.00, real=0.00 secs] 
2020-10-28T20:39:31.880-0800: 0.715: [Full GC (Allocation Failure) 2020-10-28T20:39:31.880-0800: 0.715: [Tenured: 174762K->174631K(174784K), 0.0358908 secs] 253374K->244470K(253440K), [Metaspace: 2711K->2711K(1056768K)], 0.0359496 secs] [Times: user=0.04 sys=0.00, real=0.03 secs] 
2020-10-28T20:39:31.917-0800: 0.752: [Full GC (Allocation Failure) 2020-10-28T20:39:31.917-0800: 0.752: [Tenured: 174631K->174631K(174784K), 0.0109032 secs] 253192K->247426K(253440K), [Metaspace: 2711K->2711K(1056768K)], 0.0109618 secs] [Times: user=0.01 sys=0.00, real=0.01 secs] 
2020-10-28T20:39:31.929-0800: 0.764: [Full GC (Allocation Failure) 2020-10-28T20:39:31.929-0800: 0.764: [Tenured: 174631K->174631K(174784K), 0.0019560 secs] 253169K->248920K(253440K), [Metaspace: 2711K->2711K(1056768K)], 0.0019948 secs] [Times: user=0.00 sys=0.00, real=0.01 secs] 
2020-10-28T20:39:31.932-0800: 0.767: [Full GC (Allocation Failure) 2020-10-28T20:39:31.932-0800: 0.767: [Tenured: 174631K->174631K(174784K), 0.0016934 secs] 253083K->250475K(253440K), [Metaspace: 2711K->2711K(1056768K)], 0.0017256 secs] [Times: user=0.00 sys=0.00, real=0.00 secs] 
2020-10-28T20:39:31.934-0800: 0.770: [Full GC (Allocation Failure) 2020-10-28T20:39:31.935-0800: 0.770: [Tenured: 174631K->174772K(174784K), 0.0327291 secs] 252850K->246661K(253440K), [Metaspace: 2711K->2711K(1056768K)], 0.0327921 secs] [Times: user=0.03 sys=0.00, real=0.03 secs] 
2020-10-28T20:39:31.969-0800: 0.804: [Full GC (Allocation Failure) 2020-10-28T20:39:31.969-0800: 0.804: [Tenured: 174772K->174772K(174784K), 0.0035757 secs] 253391K->248855K(253440K), [Metaspace: 2711K->2711K(1056768K)], 0.0036220 secs] [Times: user=0.00 sys=0.00, real=0.01 secs] 
2020-10-28T20:39:31.973-0800: 0.808: [Full GC (Allocation Failure) 2020-10-28T20:39:31.973-0800: 0.808: [Tenured: 174772K->174772K(174784K), 0.0068868 secs] 253422K->250117K(253440K), [Metaspace: 2711K->2711K(1056768K)], 0.0069471 secs] [Times: user=0.01 sys=0.00, real=0.01 secs] 
2020-10-28T20:39:31.981-0800: 0.816: [Full GC (Allocation Failure) 2020-10-28T20:39:31.981-0800: 0.816: [Tenured: 174772K->174772K(174784K), 0.0061891 secs] 253414K->250738K(253440K), [Metaspace: 2711K->2711K(1056768K)], 0.0062491 secs] [Times: user=0.01 sys=0.00, real=0.00 secs] 
2020-10-28T20:39:31.987-0800: 0.822: [Full GC (Allocation Failure) 2020-10-28T20:39:31.987-0800: 0.822: [Tenured: 174772K->174720K(174784K), 0.0310879 secs] 253249K->246753K(253440K), [Metaspace: 2711K->2711K(1056768K)], 0.0311532 secs] [Times: user=0.03 sys=0.00, real=0.03 secs] 
2020-10-28T20:39:32.020-0800: 0.855: [Full GC (Allocation Failure) 2020-10-28T20:39:32.020-0800: 0.855: [Tenured: 174720K->174720K(174784K), 0.0079380 secs] 253275K->248362K(253440K), [Metaspace: 2711K->2711K(1056768K)], 0.0080041 secs] [Times: user=0.01 sys=0.00, real=0.00 secs] 
2020-10-28T20:39:32.029-0800: 0.864: [Full GC (Allocation Failure) 2020-10-28T20:39:32.029-0800: 0.864: [Tenured: 174720K->174720K(174784K), 0.0048329 secs] 253152K->249293K(253440K), [Metaspace: 2711K->2711K(1056768K)], 0.0049018 secs] [Times: user=0.00 sys=0.00, real=0.01 secs] 
2020-10-28T20:39:32.035-0800: 0.870: [Full GC (Allocation Failure) 2020-10-28T20:39:32.035-0800: 0.870: [Tenured: 174720K->174720K(174784K), 0.0043061 secs] 253302K->252631K(253440K), [Metaspace: 2711K->2711K(1056768K)], 0.0043681 secs] [Times: user=0.01 sys=0.00, real=0.00 secs] 
2020-10-28T20:39:32.039-0800: 0.874: [Full GC (Allocation Failure) 2020-10-28T20:39:32.039-0800: 0.874: [Tenured: 174720K->174643K(174784K), 0.0286442 secs] 253152K->249794K(253440K), [Metaspace: 2711K->2711K(1056768K)], 0.0287177 secs] [Times: user=0.03 sys=0.00, real=0.03 secs] 
2020-10-28T20:39:32.069-0800: 0.904: [Full GC (Allocation Failure) 2020-10-28T20:39:32.069-0800: 0.904: [Tenured: 174643K->174643K(174784K), 0.0075611 secs] 253080K->250456K(253440K), [Metaspace: 2711K->2711K(1056768K)], 0.0076404 secs] [Times: user=0.00 sys=0.00, real=0.01 secs] 
2020-10-28T20:39:32.077-0800: 0.912: [Full GC (Allocation Failure) 2020-10-28T20:39:32.077-0800: 0.912: [Tenured: 174715K->174715K(174784K), 0.0083823 secs] 253371K->252069K(253440K), [Metaspace: 2711K->2711K(1056768K)], 0.0084522 secs] [Times: user=0.00 sys=0.00, real=0.01 secs] 
2020-10-28T20:39:32.086-0800: 0.921: [Full GC (Allocation Failure) 2020-10-28T20:39:32.086-0800: 0.921: [Tenured: 174715K->174715K(174784K), 0.0019064 secs] 253333K->252213K(253440K), [Metaspace: 2711K->2711K(1056768K)], 0.0019492 secs] [Times: user=0.01 sys=0.00, real=0.00 secs] 
2020-10-28T20:39:32.089-0800: 0.924: [Full GC (Allocation Failure) 2020-10-28T20:39:32.089-0800: 0.924: [Tenured: 174715K->174494K(174784K), 0.0245354 secs] 253339K->251643K(253440K), [Metaspace: 2711K->2711K(1056768K)], 0.0246195 secs] [Times: user=0.02 sys=0.00, real=0.03 secs] 
2020-10-28T20:39:32.114-0800: 0.949: [Full GC (Allocation Failure) 2020-10-28T20:39:32.114-0800: 0.949: [Tenured: 174693K->174693K(174784K), 0.0018699 secs] 253155K->252162K(253440K), [Metaspace: 2711K->2711K(1056768K)], 0.0019091 secs] [Times: user=0.00 sys=0.00, real=0.00 secs] 
2020-10-28T20:39:32.116-0800: 0.951: [Full GC (Allocation Failure) 2020-10-28T20:39:32.116-0800: 0.951: [Tenured: 174693K->174693K(174784K), 0.0015381 secs] 253059K->252428K(253440K), [Metaspace: 2711K->2711K(1056768K)], 0.0015709 secs] [Times: user=0.01 sys=0.00, real=0.00 secs] 
2020-10-28T20:39:32.118-0800: 0.953: [Full GC (Allocation Failure) 2020-10-28T20:39:32.118-0800: 0.953: [Tenured: 174693K->174693K(174784K), 0.0049750 secs] 253208K->252607K(253440K), [Metaspace: 2711K->2711K(1056768K)], 0.0050392 secs] [Times: user=0.00 sys=0.00, real=0.01 secs] 
2020-10-28T20:39:32.123-0800: 0.958: [Full GC (Allocation Failure) 2020-10-28T20:39:32.123-0800: 0.958: [Tenured: 174693K->174508K(174784K), 0.0121367 secs] 253234K->252538K(253440K), [Metaspace: 2711K->2711K(1056768K)], 0.0121983 secs] [Times: user=0.01 sys=0.00, real=0.01 secs] 
2020-10-28T20:39:32.135-0800: 0.971: [Full GC (Allocation Failure) 2020-10-28T20:39:32.136-0800: 0.971: [Tenured: 174508K->174508K(174784K), 0.0023292 secs] 252778K->252562K(253440K), [Metaspace: 2711K->2711K(1056768K)], 0.0024178 secs] [Times: user=0.00 sys=0.00, real=0.00 secs] 
2020-10-28T20:39:32.138-0800: 0.973: [Full GC (Allocation Failure) 2020-10-28T20:39:32.138-0800: 0.973: [Tenured: 174761K->174761K(174784K), 0.0018922 secs] 253383K->253375K(253440K), [Metaspace: 2711K->2711K(1056768K)], 0.0019308 secs] [Times: user=0.00 sys=0.00, real=0.01 secs] 
2020-10-28T20:39:32.140-0800: 0.975: [Full GC (Allocation Failure) 2020-10-28T20:39:32.140-0800: 0.975: [Tenured: 174761K->174664K(174784K), 0.0269973 secs] 253375K->252941K(253440K), [Metaspace: 2711K->2711K(1056768K)], 0.0270546 secs] [Times: user=0.02 sys=0.00, real=0.02 secs] 
2020-10-28T20:39:32.167-0800: 1.002: [Full GC (Allocation Failure) 2020-10-28T20:39:32.167-0800: 1.002: [Tenured: 174664K->174664K(174784K), 0.0019736 secs] 253096K->252941K(253440K), [Metaspace: 2711K->2711K(1056768K)], 0.0020130 secs] [Times: user=0.01 sys=0.00, real=0.00 secs] 
2020-10-28T20:39:32.169-0800: 1.004: [Full GC (Allocation Failure) 2020-10-28T20:39:32.169-0800: 1.004: [Tenured: 174664K->174664K(174784K), 0.0016309 secs] 253235K->253235K(253440K), [Metaspace: 2711K->2711K(1056768K)], 0.0016651 secs] [Times: user=0.00 sys=0.00, real=0.01 secs] 
2020-10-28T20:39:32.171-0800: 1.006: [Full GC (Allocation Failure) 2020-10-28T20:39:32.171-0800: 1.006: [Tenured: 174664K->174771K(174784K), 0.0206544 secs] 253235K->252846K(253440K), [Metaspace: 2711K->2711K(1056768K)], 0.0207144 secs] [Times: user=0.02 sys=0.00, real=0.02 secs] 
2020-10-28T20:39:32.192-0800: 1.027: [Full GC (Allocation Failure) 2020-10-28T20:39:32.192-0800: 1.027: [Tenured: 174771K->174771K(174784K), 0.0019018 secs] 253188K->253188K(253440K), [Metaspace: 2711K->2711K(1056768K)], 0.0019549 secs] [Times: user=0.00 sys=0.00, real=0.00 secs] 
2020-10-28T20:39:32.194-0800: 1.029: [Full GC (Allocation Failure) 2020-10-28T20:39:32.194-0800: 1.029: [Tenured: 174771K->174677K(174784K), 0.0181502 secs] 253188K->253022K(253440K), [Metaspace: 2711K->2711K(1056768K)], 0.0182040 secs] [Times: user=0.02 sys=0.00, real=0.02 secs] 
Heap
 def new generation   total 78656K, used 78597K [0x00000007b0000000, 0x00000007b5550000, 0x00000007b5550000)
  eden space 69952K, 100% used [0x00000007b0000000, 0x00000007b4450000, 0x00000007b4450000)
  from space 8704K,  99% used [0x00000007b4cd0000, 0x00000007b5541680, 0x00000007b5550000)
  to   space 8704K,   0% used [0x00000007b4450000, 0x00000007b4450000, 0x00000007b4cd0000)
 tenured generation   total 174784K, used 174677K [0x00000007b5550000, 0x00000007c0000000, 0x00000007c0000000)
   the space 174784K,  99% used [0x00000007b5550000, 0x00000007bffe5520, 0x00000007bffe5600, 0x00000007c0000000)
 Metaspace       used 2742K, capacity 4486K, committed 4864K, reserved 1056768K
  class space    used 299K, capacity 386K, committed 512K, reserved 1048576K
