Java HotSpot(TM) 64-Bit Server VM (25.181-b13) for bsd-amd64 JRE (1.8.0_181-b13), built on Jul  7 2018 01:02:31 by "java_re" with gcc 4.2.1 (Based on Apple Inc. build 5658) (LLVM build 2336.11.00)
Memory: 4k page, physical 33554432k(1837844k free)

/proc/meminfo:

CommandLine flags: -XX:InitialHeapSize=1073741824 -XX:MaxHeapSize=1073741824 -XX:+PrintGC -XX:+PrintGCDateStamps -XX:+PrintGCDetails -XX:+PrintGCTimeStamps -XX:+UseCompressedClassPointers -XX:+UseCompressedOops -XX:+UseSerialGC 
2020-10-28T20:39:53.884-0800: 0.193: [GC (Allocation Failure) 2020-10-28T20:39:53.884-0800: 0.193: [DefNew: 279616K->34943K(314560K), 0.0404580 secs] 279616K->87127K(1013632K), 0.0405607 secs] [Times: user=0.03 sys=0.01, real=0.04 secs] 
2020-10-28T20:39:53.965-0800: 0.273: [GC (Allocation Failure) 2020-10-28T20:39:53.965-0800: 0.273: [DefNew: 314559K->34943K(314560K), 0.0497527 secs] 366743K->161547K(1013632K), 0.0498290 secs] [Times: user=0.03 sys=0.02, real=0.05 secs] 
2020-10-28T20:39:54.049-0800: 0.358: [GC (Allocation Failure) 2020-10-28T20:39:54.050-0800: 0.358: [DefNew: 314559K->34942K(314560K), 0.0398313 secs] 441163K->234739K(1013632K), 0.0399081 secs] [Times: user=0.02 sys=0.02, real=0.04 secs] 
2020-10-28T20:39:54.123-0800: 0.432: [GC (Allocation Failure) 2020-10-28T20:39:54.123-0800: 0.432: [DefNew: 314558K->34943K(314560K), 0.0443974 secs] 514355K->313714K(1013632K), 0.0444809 secs] [Times: user=0.02 sys=0.01, real=0.04 secs] 
2020-10-28T20:39:54.208-0800: 0.516: [GC (Allocation Failure) 2020-10-28T20:39:54.208-0800: 0.516: [DefNew: 314559K->34943K(314560K), 0.0399113 secs] 593330K->385273K(1013632K), 0.0399927 secs] [Times: user=0.02 sys=0.02, real=0.04 secs] 
2020-10-28T20:39:54.280-0800: 0.589: [GC (Allocation Failure) 2020-10-28T20:39:54.280-0800: 0.589: [DefNew: 314559K->34943K(314560K), 0.0433365 secs] 664889K->466410K(1013632K), 0.0434137 secs] [Times: user=0.02 sys=0.01, real=0.04 secs] 
2020-10-28T20:39:54.356-0800: 0.665: [GC (Allocation Failure) 2020-10-28T20:39:54.356-0800: 0.665: [DefNew: 314559K->34943K(314560K), 0.0476718 secs] 746026K->550476K(1013632K), 0.0477542 secs] [Times: user=0.03 sys=0.02, real=0.05 secs] 
2020-10-28T20:39:54.442-0800: 0.750: [GC (Allocation Failure) 2020-10-28T20:39:54.442-0800: 0.750: [DefNew: 314559K->34944K(314560K), 0.0464229 secs] 830092K->628974K(1013632K), 0.0465087 secs] [Times: user=0.03 sys=0.02, real=0.04 secs] 
2020-10-28T20:39:54.526-0800: 0.835: [GC (Allocation Failure) 2020-10-28T20:39:54.526-0800: 0.835: [DefNew: 314560K->34943K(314560K), 0.0428657 secs] 908590K->702181K(1013632K), 0.0429513 secs] [Times: user=0.03 sys=0.01, real=0.04 secs] 
2020-10-28T20:39:54.603-0800: 0.912: [GC (Allocation Failure) 2020-10-28T20:39:54.603-0800: 0.912: [DefNew: 314559K->314559K(314560K), 0.0000172 secs]2020-10-28T20:39:54.603-0800: 0.912: [Tenured: 667237K->354875K(699072K), 0.0480481 secs] 981797K->354875K(1013632K), [Metaspace: 2711K->2711K(1056768K)], 0.0481578 secs] [Times: user=0.05 sys=0.00, real=0.05 secs] 
2020-10-28T20:39:54.688-0800: 0.997: [GC (Allocation Failure) 2020-10-28T20:39:54.688-0800: 0.997: [DefNew: 279616K->34943K(314560K), 0.0107993 secs] 634491K->439914K(1013632K), 0.0108771 secs] [Times: user=0.01 sys=0.00, real=0.01 secs] 
2020-10-28T20:39:54.736-0800: 1.045: [GC (Allocation Failure) 2020-10-28T20:39:54.736-0800: 1.045: [DefNew: 314559K->34942K(314560K), 0.0148032 secs] 719530K->515585K(1013632K), 0.0148941 secs] [Times: user=0.02 sys=0.00, real=0.02 secs] 
Heap
 def new generation   total 314560K, used 108860K [0x0000000780000000, 0x0000000795550000, 0x0000000795550000)
  eden space 279616K,  26% used [0x0000000780000000, 0x000000078482f668, 0x0000000791110000)
  from space 34944K,  99% used [0x0000000793330000, 0x000000079554fb98, 0x0000000795550000)
  to   space 34944K,   0% used [0x0000000791110000, 0x0000000791110000, 0x0000000793330000)
 tenured generation   total 699072K, used 480643K [0x0000000795550000, 0x00000007c0000000, 0x00000007c0000000)
   the space 699072K,  68% used [0x0000000795550000, 0x00000007b2ab0c40, 0x00000007b2ab0e00, 0x00000007c0000000)
 Metaspace       used 2717K, capacity 4486K, committed 4864K, reserved 1056768K
  class space    used 296K, capacity 386K, committed 512K, reserved 1048576K
