Java HotSpot(TM) 64-Bit Server VM (25.181-b13) for bsd-amd64 JRE (1.8.0_181-b13), built on Jul  7 2018 01:02:31 by "java_re" with gcc 4.2.1 (Based on Apple Inc. build 5658) (LLVM build 2336.11.00)
Memory: 4k page, physical 33554432k(2010724k free)

/proc/meminfo:

CommandLine flags: -XX:InitialHeapSize=134217728 -XX:MaxHeapSize=134217728 -XX:+PrintGC -XX:+PrintGCDateStamps -XX:+PrintGCDetails -XX:+PrintGCTimeStamps -XX:+UseCompressedClassPointers -XX:+UseCompressedOops -XX:+UseSerialGC 
2020-10-28T20:38:56.190-0800: 0.091: [GC (Allocation Failure) 2020-10-28T20:38:56.190-0800: 0.091: [DefNew: 34944K->4352K(39296K), 0.0065310 secs] 34944K->11900K(126720K), 0.0066309 secs] [Times: user=0.01 sys=0.00, real=0.00 secs] 
2020-10-28T20:38:56.205-0800: 0.106: [GC (Allocation Failure) 2020-10-28T20:38:56.205-0800: 0.106: [DefNew: 39188K->4350K(39296K), 0.0079661 secs] 46737K->23659K(126720K), 0.0080389 secs] [Times: user=0.01 sys=0.01, real=0.01 secs] 
2020-10-28T20:38:56.218-0800: 0.119: [GC (Allocation Failure) 2020-10-28T20:38:56.218-0800: 0.119: [DefNew: 39128K->4350K(39296K), 0.0063273 secs] 58437K->35720K(126720K), 0.0063979 secs] [Times: user=0.01 sys=0.00, real=0.01 secs] 
2020-10-28T20:38:56.229-0800: 0.130: [GC (Allocation Failure) 2020-10-28T20:38:56.229-0800: 0.131: [DefNew: 39294K->4349K(39296K), 0.0061544 secs] 70664K->47563K(126720K), 0.0062259 secs] [Times: user=0.01 sys=0.00, real=0.01 secs] 
2020-10-28T20:38:56.241-0800: 0.142: [GC (Allocation Failure) 2020-10-28T20:38:56.241-0800: 0.142: [DefNew: 39293K->4344K(39296K), 0.0065594 secs] 82507K->60264K(126720K), 0.0066227 secs] [Times: user=0.01 sys=0.00, real=0.00 secs] 
2020-10-28T20:38:56.253-0800: 0.154: [GC (Allocation Failure) 2020-10-28T20:38:56.253-0800: 0.154: [DefNew: 39288K->4341K(39296K), 0.0048743 secs] 95208K->69187K(126720K), 0.0049345 secs] [Times: user=0.01 sys=0.01, real=0.00 secs] 
2020-10-28T20:38:56.263-0800: 0.164: [GC (Allocation Failure) 2020-10-28T20:38:56.263-0800: 0.164: [DefNew: 39285K->4350K(39296K), 0.0060304 secs] 104131K->80499K(126720K), 0.0060919 secs] [Times: user=0.00 sys=0.00, real=0.00 secs] 
2020-10-28T20:38:56.275-0800: 0.176: [GC (Allocation Failure) 2020-10-28T20:38:56.275-0800: 0.176: [DefNew: 39294K->39294K(39296K), 0.0000146 secs]2020-10-28T20:38:56.275-0800: 0.176: [Tenured: 76148K->85004K(87424K), 0.0129284 secs] 115443K->85004K(126720K), [Metaspace: 2711K->2711K(1056768K)], 0.0130252 secs] [Times: user=0.01 sys=0.00, real=0.01 secs] 
2020-10-28T20:38:56.293-0800: 0.194: [GC (Allocation Failure) 2020-10-28T20:38:56.293-0800: 0.194: [DefNew: 34770K->34770K(39296K), 0.0000179 secs]2020-10-28T20:38:56.293-0800: 0.194: [Tenured: 85004K->87383K(87424K), 0.0116604 secs] 119775K->95601K(126720K), [Metaspace: 2711K->2711K(1056768K)], 0.0117709 secs] [Times: user=0.01 sys=0.00, real=0.01 secs] 
2020-10-28T20:38:56.310-0800: 0.211: [Full GC (Allocation Failure) 2020-10-28T20:38:56.310-0800: 0.211: [Tenured: 87416K->87334K(87424K), 0.0155325 secs] 126690K->106006K(126720K), [Metaspace: 2711K->2711K(1056768K)], 0.0156115 secs] [Times: user=0.02 sys=0.00, real=0.01 secs] 
2020-10-28T20:38:56.330-0800: 0.231: [Full GC (Allocation Failure) 2020-10-28T20:38:56.330-0800: 0.231: [Tenured: 87334K->86940K(87424K), 0.0178803 secs] 126600K->108284K(126720K), [Metaspace: 2711K->2711K(1056768K)], 0.0179563 secs] [Times: user=0.02 sys=0.00, real=0.01 secs] 
2020-10-28T20:38:56.352-0800: 0.253: [Full GC (Allocation Failure) 2020-10-28T20:38:56.352-0800: 0.253: [Tenured: 87340K->87340K(87424K), 0.0020536 secs] 126551K->113689K(126720K), [Metaspace: 2711K->2711K(1056768K)], 0.0021250 secs] [Times: user=0.01 sys=0.00, real=0.00 secs] 
2020-10-28T20:38:56.355-0800: 0.256: [Full GC (Allocation Failure) 2020-10-28T20:38:56.355-0800: 0.256: [Tenured: 87376K->87376K(87424K), 0.0019702 secs] 126667K->121118K(126720K), [Metaspace: 2711K->2711K(1056768K)], 0.0020237 secs] [Times: user=0.00 sys=0.00, real=0.00 secs] 
2020-10-28T20:38:56.359-0800: 0.260: [Full GC (Allocation Failure) 2020-10-28T20:38:56.359-0800: 0.260: [Tenured: 87376K->87376K(87424K), 0.0015424 secs] 126648K->122520K(126720K), [Metaspace: 2711K->2711K(1056768K)], 0.0016054 secs] [Times: user=0.00 sys=0.00, real=0.01 secs] 
2020-10-28T20:38:56.361-0800: 0.262: [Full GC (Allocation Failure) 2020-10-28T20:38:56.361-0800: 0.262: [Tenured: 87376K->86969K(87424K), 0.0120456 secs] 126624K->122785K(126720K), [Metaspace: 2711K->2711K(1056768K)], 0.0121006 secs] [Times: user=0.01 sys=0.00, real=0.01 secs] 
2020-10-28T20:38:56.374-0800: 0.275: [Full GC (Allocation Failure) 2020-10-28T20:38:56.374-0800: 0.275: [Tenured: 86969K->86969K(87424K), 0.0018344 secs] 125801K->124096K(126720K), [Metaspace: 2711K->2711K(1056768K)], 0.0018784 secs] [Times: user=0.00 sys=0.00, real=0.00 secs] 
2020-10-28T20:38:56.376-0800: 0.277: [Full GC (Allocation Failure) 2020-10-28T20:38:56.376-0800: 0.277: [Tenured: 87314K->87314K(87424K), 0.0014515 secs] 126595K->124729K(126720K), [Metaspace: 2711K->2711K(1056768K)], 0.0014935 secs] [Times: user=0.00 sys=0.00, real=0.00 secs] 
2020-10-28T20:38:56.378-0800: 0.279: [Full GC (Allocation Failure) 2020-10-28T20:38:56.378-0800: 0.279: [Tenured: 87314K->87314K(87424K), 0.0012964 secs] 126376K->124873K(126720K), [Metaspace: 2711K->2711K(1056768K)], 0.0013284 secs] [Times: user=0.00 sys=0.00, real=0.00 secs] 
2020-10-28T20:38:56.380-0800: 0.281: [Full GC (Allocation Failure) 2020-10-28T20:38:56.380-0800: 0.281: [Tenured: 87314K->87161K(87424K), 0.0105983 secs] 126404K->123683K(126720K), [Metaspace: 2711K->2711K(1056768K)], 0.0106504 secs] [Times: user=0.01 sys=0.00, real=0.01 secs] 
2020-10-28T20:38:56.391-0800: 0.292: [Full GC (Allocation Failure) 2020-10-28T20:38:56.391-0800: 0.292: [Tenured: 87348K->87348K(87424K), 0.0017497 secs] 126497K->124795K(126720K), [Metaspace: 2711K->2711K(1056768K)], 0.0017916 secs] [Times: user=0.00 sys=0.00, real=0.00 secs] 
2020-10-28T20:38:56.393-0800: 0.294: [Full GC (Allocation Failure) 2020-10-28T20:38:56.393-0800: 0.294: [Tenured: 87348K->87348K(87424K), 0.0013764 secs] 126460K->124937K(126720K), [Metaspace: 2711K->2711K(1056768K)], 0.0014093 secs] [Times: user=0.01 sys=0.00, real=0.00 secs] 
2020-10-28T20:38:56.395-0800: 0.296: [Full GC (Allocation Failure) 2020-10-28T20:38:56.395-0800: 0.296: [Tenured: 87348K->87348K(87424K), 0.0012966 secs] 126291K->125211K(126720K), [Metaspace: 2711K->2711K(1056768K)], 0.0013284 secs] [Times: user=0.00 sys=0.00, real=0.00 secs] 
2020-10-28T20:38:56.397-0800: 0.298: [Full GC (Allocation Failure) 2020-10-28T20:38:56.397-0800: 0.298: [Tenured: 87348K->87315K(87424K), 0.0100492 secs] 126535K->124998K(126720K), [Metaspace: 2711K->2711K(1056768K)], 0.0101036 secs] [Times: user=0.01 sys=0.00, real=0.01 secs] 
2020-10-28T20:38:56.407-0800: 0.308: [Full GC (Allocation Failure) 2020-10-28T20:38:56.407-0800: 0.308: [Tenured: 87338K->87338K(87424K), 0.0017521 secs] 126623K->125088K(126720K), [Metaspace: 2711K->2711K(1056768K)], 0.0017924 secs] [Times: user=0.00 sys=0.00, real=0.00 secs] 
2020-10-28T20:38:56.409-0800: 0.311: [Full GC (Allocation Failure) 2020-10-28T20:38:56.410-0800: 0.311: [Tenured: 87338K->87338K(87424K), 0.0014151 secs] 126425K->126263K(126720K), [Metaspace: 2711K->2711K(1056768K)], 0.0014492 secs] [Times: user=0.00 sys=0.00, real=0.01 secs] 
2020-10-28T20:38:56.411-0800: 0.312: [Full GC (Allocation Failure) 2020-10-28T20:38:56.411-0800: 0.312: [Tenured: 87338K->87338K(87424K), 0.0013443 secs] 126584K->126407K(126720K), [Metaspace: 2711K->2711K(1056768K)], 0.0013764 secs] [Times: user=0.00 sys=0.00, real=0.00 secs] 
2020-10-28T20:38:56.413-0800: 0.314: [Full GC (Allocation Failure) 2020-10-28T20:38:56.413-0800: 0.314: [Tenured: 87421K->87245K(87424K), 0.0125424 secs] 126712K->125639K(126720K), [Metaspace: 2711K->2711K(1056768K)], 0.0126018 secs] [Times: user=0.02 sys=0.00, real=0.01 secs] 
2020-10-28T20:38:56.425-0800: 0.326: [Full GC (Allocation Failure) 2020-10-28T20:38:56.425-0800: 0.326: [Tenured: 87245K->87245K(87424K), 0.0018631 secs] 126178K->126178K(126720K), [Metaspace: 2711K->2711K(1056768K)], 0.0019036 secs] [Times: user=0.00 sys=0.00, real=0.00 secs] 
2020-10-28T20:38:56.427-0800: 0.328: [Full GC (Allocation Failure) 2020-10-28T20:38:56.427-0800: 0.328: [Tenured: 87245K->87367K(87424K), 0.0130450 secs] 126178K->125649K(126720K), [Metaspace: 2711K->2711K(1056768K)], 0.0131257 secs] [Times: user=0.01 sys=0.00, real=0.02 secs] 
2020-10-28T20:38:56.441-0800: 0.342: [Full GC (Allocation Failure) 2020-10-28T20:38:56.441-0800: 0.342: [Tenured: 87367K->87367K(87424K), 0.0018142 secs] 126281K->125831K(126720K), [Metaspace: 2711K->2711K(1056768K)], 0.0018564 secs] [Times: user=0.00 sys=0.00, real=0.00 secs] 
2020-10-28T20:38:56.443-0800: 0.344: [Full GC (Allocation Failure) 2020-10-28T20:38:56.443-0800: 0.344: [Tenured: 87367K->87367K(87424K), 0.0014867 secs] 126590K->125831K(126720K), [Metaspace: 2711K->2711K(1056768K)], 0.0015238 secs] [Times: user=0.01 sys=0.00, real=0.00 secs] 
2020-10-28T20:38:56.445-0800: 0.346: [Full GC (Allocation Failure) 2020-10-28T20:38:56.445-0800: 0.346: [Tenured: 87367K->87367K(87424K), 0.0014921 secs] 126613K->126212K(126720K), [Metaspace: 2711K->2711K(1056768K)], 0.0015281 secs] [Times: user=0.00 sys=0.00, real=0.00 secs] 
2020-10-28T20:38:56.446-0800: 0.347: [Full GC (Allocation Failure) 2020-10-28T20:38:56.446-0800: 0.347: [Tenured: 87367K->87367K(87424K), 0.0013840 secs] 126387K->125924K(126720K), [Metaspace: 2711K->2711K(1056768K)], 0.0014183 secs] [Times: user=0.00 sys=0.00, real=0.00 secs] 
2020-10-28T20:38:56.448-0800: 0.349: [Full GC (Allocation Failure) 2020-10-28T20:38:56.448-0800: 0.349: [Tenured: 87367K->87367K(87424K), 0.0032095 secs] 126310K->125985K(126720K), [Metaspace: 2711K->2711K(1056768K)], 0.0032660 secs] [Times: user=0.00 sys=0.00, real=0.01 secs] 
2020-10-28T20:38:56.451-0800: 0.352: [Full GC (Allocation Failure) 2020-10-28T20:38:56.451-0800: 0.352: [Tenured: 87367K->87325K(87424K), 0.0080659 secs] 126548K->125943K(126720K), [Metaspace: 2711K->2711K(1056768K)], 0.0081107 secs] [Times: user=0.01 sys=0.00, real=0.00 secs] 
2020-10-28T20:38:56.459-0800: 0.361: [Full GC (Allocation Failure) 2020-10-28T20:38:56.459-0800: 0.361: [Tenured: 87325K->87325K(87424K), 0.0015391 secs] 125943K->125943K(126720K), [Metaspace: 2711K->2711K(1056768K)], 0.0015688 secs] [Times: user=0.00 sys=0.00, real=0.01 secs] 
Heap
 def new generation   total 39296K, used 38715K [0x00000007b8000000, 0x00000007baaa0000, 0x00000007baaa0000)
  eden space 34944K, 100% used [0x00000007b8000000, 0x00000007ba220000, 0x00000007ba220000)
  from space 4352K,  86% used [0x00000007ba660000, 0x00000007baa0edb8, 0x00000007baaa0000)
  to   space 4352K,   0% used [0x00000007ba220000, 0x00000007ba220000, 0x00000007ba660000)
 tenured generation   total 87424K, used 87325K [0x00000007baaa0000, 0x00000007c0000000, 0x00000007c0000000)
   the space 87424K,  99% used [0x00000007baaa0000, 0x00000007bffe7490, 0x00000007bffe7600, 0x00000007c0000000)
 Metaspace       used 2742K, capacity 4486K, committed 4864K, reserved 1056768K
  class space    used 299K, capacity 386K, committed 512K, reserved 1048576K
