Java HotSpot(TM) 64-Bit Server VM (25.181-b13) for bsd-amd64 JRE (1.8.0_181-b13), built on Jul  7 2018 01:02:31 by "java_re" with gcc 4.2.1 (Based on Apple Inc. build 5658) (LLVM build 2336.11.00)
Memory: 4k page, physical 33554432k(1849496k free)

/proc/meminfo:

CommandLine flags: -XX:InitialHeapSize=2147483648 -XX:MaxHeapSize=2147483648 -XX:+PrintGC -XX:+PrintGCDateStamps -XX:+PrintGCDetails -XX:+PrintGCTimeStamps -XX:+UseCompressedClassPointers -XX:+UseCompressedOops -XX:+UseSerialGC 
2020-10-28T20:40:02.128-0800: 0.312: [GC (Allocation Failure) 2020-10-28T20:40:02.128-0800: 0.312: [DefNew: 559232K->69888K(629120K), 0.0761013 secs] 559232K->154917K(2027264K), 0.0762135 secs] [Times: user=0.05 sys=0.03, real=0.08 secs] 
2020-10-28T20:40:02.277-0800: 0.460: [GC (Allocation Failure) 2020-10-28T20:40:02.277-0800: 0.461: [DefNew: 629120K->69887K(629120K), 0.0956493 secs] 714149K->280869K(2027264K), 0.0957241 secs] [Times: user=0.06 sys=0.04, real=0.10 secs] 
2020-10-28T20:40:02.448-0800: 0.632: [GC (Allocation Failure) 2020-10-28T20:40:02.448-0800: 0.632: [DefNew: 628864K->69887K(629120K), 0.0814789 secs] 839846K->411406K(2027264K), 0.0815738 secs] [Times: user=0.05 sys=0.03, real=0.08 secs] 
2020-10-28T20:40:02.601-0800: 0.785: [GC (Allocation Failure) 2020-10-28T20:40:02.601-0800: 0.785: [DefNew: 628722K->69887K(629120K), 0.0739979 secs] 970240K->531544K(2027264K), 0.0740898 secs] [Times: user=0.05 sys=0.03, real=0.07 secs] 
2020-10-28T20:40:02.753-0800: 0.937: [GC (Allocation Failure) 2020-10-28T20:40:02.753-0800: 0.937: [DefNew: 629119K->69887K(629120K), 0.0698344 secs] 1090776K->642853K(2027264K), 0.0699231 secs] [Times: user=0.05 sys=0.02, real=0.07 secs] 
Heap
 def new generation   total 629120K, used 605683K [0x0000000740000000, 0x000000076aaa0000, 0x000000076aaa0000)
  eden space 559232K,  95% used [0x0000000740000000, 0x0000000760b3cfb8, 0x0000000762220000)
  from space 69888K,  99% used [0x0000000766660000, 0x000000076aa9ffe8, 0x000000076aaa0000)
  to   space 69888K,   0% used [0x0000000762220000, 0x0000000762220000, 0x0000000766660000)
 tenured generation   total 1398144K, used 572965K [0x000000076aaa0000, 0x00000007c0000000, 0x00000007c0000000)
   the space 1398144K,  40% used [0x000000076aaa0000, 0x000000078da297d8, 0x000000078da29800, 0x00000007c0000000)
 Metaspace       used 2717K, capacity 4486K, committed 4864K, reserved 1056768K
  class space    used 296K, capacity 386K, committed 512K, reserved 1048576K
