Java HotSpot(TM) 64-Bit Server VM (25.181-b13) for bsd-amd64 JRE (1.8.0_181-b13), built on Jul  7 2018 01:02:31 by "java_re" with gcc 4.2.1 (Based on Apple Inc. build 5658) (LLVM build 2336.11.00)
Memory: 4k page, physical 33554432k(1201236k free)

/proc/meminfo:

CommandLine flags: -XX:InitialHeapSize=268435456 -XX:MaxHeapSize=268435456 -XX:+PrintGC -XX:+PrintGCDateStamps -XX:+PrintGCDetails -XX:+PrintGCTimeStamps -XX:+UseCompressedClassPointers -XX:+UseCompressedOops -XX:+UseG1GC 
2020-10-28T20:47:52.085-0800: 0.086: [GC pause (G1 Evacuation Pause) (young), 0.0027101 secs]
   [Parallel Time: 2.2 ms, GC Workers: 10]
      [GC Worker Start (ms): Min: 86.4, Avg: 86.4, Max: 86.5, Diff: 0.1]
      [Ext Root Scanning (ms): Min: 0.1, Avg: 0.1, Max: 0.2, Diff: 0.1, Sum: 1.1]
      [Update RS (ms): Min: 0.0, Avg: 0.0, Max: 0.0, Diff: 0.0, Sum: 0.0]
         [Processed Buffers: Min: 0, Avg: 0.0, Max: 0, Diff: 0, Sum: 0]
      [Scan RS (ms): Min: 0.0, Avg: 0.0, Max: 0.0, Diff: 0.0, Sum: 0.0]
      [Code Root Scanning (ms): Min: 0.0, Avg: 0.0, Max: 0.0, Diff: 0.0, Sum: 0.0]
      [Object Copy (ms): Min: 1.4, Avg: 1.7, Max: 1.8, Diff: 0.4, Sum: 16.7]
      [Termination (ms): Min: 0.0, Avg: 0.2, Max: 0.5, Diff: 0.5, Sum: 1.7]
         [Termination Attempts: Min: 1, Avg: 1.0, Max: 1, Diff: 0, Sum: 10]
      [GC Worker Other (ms): Min: 0.0, Avg: 0.0, Max: 0.0, Diff: 0.0, Sum: 0.1]
      [GC Worker Total (ms): Min: 1.9, Avg: 2.0, Max: 2.1, Diff: 0.2, Sum: 19.7]
      [GC Worker End (ms): Min: 88.4, Avg: 88.4, Max: 88.5, Diff: 0.2]
   [Code Root Fixup: 0.0 ms]
   [Code Root Purge: 0.0 ms]
   [Clear CT: 0.1 ms]
   [Other: 0.4 ms]
      [Choose CSet: 0.0 ms]
      [Ref Proc: 0.2 ms]
      [Ref Enq: 0.0 ms]
      [Redirty Cards: 0.1 ms]
      [Humongous Register: 0.0 ms]
      [Humongous Reclaim: 0.0 ms]
      [Free CSet: 0.0 ms]
   [Eden: 24.0M(24.0M)->0.0B(25.0M) Survivors: 0.0B->3072.0K Heap: 27.3M(256.0M)->9464.1K(256.0M)]
 [Times: user=0.00 sys=0.01, real=0.00 secs] 
2020-10-28T20:47:52.099-0800: 0.100: [GC pause (G1 Evacuation Pause) (young), 0.0029186 secs]
   [Parallel Time: 2.5 ms, GC Workers: 10]
      [GC Worker Start (ms): Min: 100.4, Avg: 100.5, Max: 100.5, Diff: 0.1]
      [Ext Root Scanning (ms): Min: 0.0, Avg: 0.1, Max: 0.2, Diff: 0.2, Sum: 1.0]
      [Update RS (ms): Min: 0.0, Avg: 0.0, Max: 0.1, Diff: 0.1, Sum: 0.2]
         [Processed Buffers: Min: 0, Avg: 0.2, Max: 1, Diff: 1, Sum: 2]
      [Scan RS (ms): Min: 0.0, Avg: 0.0, Max: 0.0, Diff: 0.0, Sum: 0.0]
      [Code Root Scanning (ms): Min: 0.0, Avg: 0.0, Max: 0.0, Diff: 0.0, Sum: 0.0]
      [Object Copy (ms): Min: 1.7, Avg: 1.9, Max: 2.1, Diff: 0.4, Sum: 19.2]
      [Termination (ms): Min: 0.0, Avg: 0.2, Max: 0.4, Diff: 0.4, Sum: 2.0]
         [Termination Attempts: Min: 1, Avg: 1.1, Max: 2, Diff: 1, Sum: 11]
      [GC Worker Other (ms): Min: 0.0, Avg: 0.0, Max: 0.0, Diff: 0.0, Sum: 0.1]
      [GC Worker Total (ms): Min: 2.2, Avg: 2.3, Max: 2.3, Diff: 0.2, Sum: 22.5]
      [GC Worker End (ms): Min: 102.6, Avg: 102.7, Max: 102.8, Diff: 0.2]
   [Code Root Fixup: 0.0 ms]
   [Code Root Purge: 0.0 ms]
   [Clear CT: 0.1 ms]
   [Other: 0.3 ms]
      [Choose CSet: 0.0 ms]
      [Ref Proc: 0.1 ms]
      [Ref Enq: 0.0 ms]
      [Redirty Cards: 0.1 ms]
      [Humongous Register: 0.0 ms]
      [Humongous Reclaim: 0.0 ms]
      [Free CSet: 0.0 ms]
   [Eden: 25.0M(25.0M)->0.0B(52.0M) Survivors: 3072.0K->4096.0K Heap: 44.3M(256.0M)->19.5M(256.0M)]
 [Times: user=0.01 sys=0.02, real=0.01 secs] 
2020-10-28T20:47:52.122-0800: 0.124: [GC pause (G1 Evacuation Pause) (young), 0.0055371 secs]
   [Parallel Time: 5.0 ms, GC Workers: 10]
      [GC Worker Start (ms): Min: 123.9, Avg: 124.0, Max: 124.0, Diff: 0.1]
      [Ext Root Scanning (ms): Min: 0.0, Avg: 0.1, Max: 0.2, Diff: 0.1, Sum: 0.7]
      [Update RS (ms): Min: 0.2, Avg: 0.2, Max: 0.2, Diff: 0.0, Sum: 1.8]
         [Processed Buffers: Min: 2, Avg: 3.1, Max: 4, Diff: 2, Sum: 31]
      [Scan RS (ms): Min: 0.0, Avg: 0.0, Max: 0.0, Diff: 0.0, Sum: 0.0]
      [Code Root Scanning (ms): Min: 0.0, Avg: 0.0, Max: 0.0, Diff: 0.0, Sum: 0.0]
      [Object Copy (ms): Min: 4.3, Avg: 4.4, Max: 4.5, Diff: 0.2, Sum: 43.9]
      [Termination (ms): Min: 0.0, Avg: 0.2, Max: 0.3, Diff: 0.3, Sum: 2.0]
         [Termination Attempts: Min: 1, Avg: 1.0, Max: 1, Diff: 0, Sum: 10]
      [GC Worker Other (ms): Min: 0.0, Avg: 0.0, Max: 0.0, Diff: 0.0, Sum: 0.1]
      [GC Worker Total (ms): Min: 4.7, Avg: 4.8, Max: 5.0, Diff: 0.2, Sum: 48.5]
      [GC Worker End (ms): Min: 128.8, Avg: 128.8, Max: 128.9, Diff: 0.2]
   [Code Root Fixup: 0.0 ms]
   [Code Root Purge: 0.0 ms]
   [Clear CT: 0.1 ms]
   [Other: 0.4 ms]
      [Choose CSet: 0.0 ms]
      [Ref Proc: 0.2 ms]
      [Ref Enq: 0.0 ms]
      [Redirty Cards: 0.1 ms]
      [Humongous Register: 0.0 ms]
      [Humongous Reclaim: 0.0 ms]
      [Free CSet: 0.0 ms]
   [Eden: 52.0M(52.0M)->0.0B(86.0M) Survivors: 4096.0K->7168.0K Heap: 85.1M(256.0M)->40.3M(256.0M)]
 [Times: user=0.01 sys=0.03, real=0.00 secs] 
2020-10-28T20:47:52.161-0800: 0.163: [GC pause (G1 Evacuation Pause) (young), 0.0104964 secs]
   [Parallel Time: 10.0 ms, GC Workers: 10]
      [GC Worker Start (ms): Min: 163.2, Avg: 163.3, Max: 163.3, Diff: 0.1]
      [Ext Root Scanning (ms): Min: 0.0, Avg: 0.1, Max: 0.2, Diff: 0.1, Sum: 0.7]
      [Update RS (ms): Min: 0.4, Avg: 0.4, Max: 0.4, Diff: 0.1, Sum: 3.9]
         [Processed Buffers: Min: 5, Avg: 6.8, Max: 8, Diff: 3, Sum: 68]
      [Scan RS (ms): Min: 0.0, Avg: 0.0, Max: 0.0, Diff: 0.0, Sum: 0.1]
      [Code Root Scanning (ms): Min: 0.0, Avg: 0.0, Max: 0.0, Diff: 0.0, Sum: 0.0]
      [Object Copy (ms): Min: 8.8, Avg: 9.0, Max: 9.2, Diff: 0.5, Sum: 89.8]
      [Termination (ms): Min: 0.0, Avg: 0.3, Max: 0.5, Diff: 0.5, Sum: 3.0]
         [Termination Attempts: Min: 1, Avg: 1.0, Max: 1, Diff: 0, Sum: 10]
      [GC Worker Other (ms): Min: 0.0, Avg: 0.0, Max: 0.0, Diff: 0.0, Sum: 0.1]
      [GC Worker Total (ms): Min: 9.7, Avg: 9.8, Max: 9.8, Diff: 0.2, Sum: 97.6]
      [GC Worker End (ms): Min: 173.0, Avg: 173.0, Max: 173.1, Diff: 0.2]
   [Code Root Fixup: 0.0 ms]
   [Code Root Purge: 0.0 ms]
   [Clear CT: 0.1 ms]
   [Other: 0.4 ms]
      [Choose CSet: 0.0 ms]
      [Ref Proc: 0.1 ms]
      [Ref Enq: 0.0 ms]
      [Redirty Cards: 0.1 ms]
      [Humongous Register: 0.0 ms]
      [Humongous Reclaim: 0.0 ms]
      [Free CSet: 0.0 ms]
   [Eden: 86.0M(86.0M)->0.0B(68.0M) Survivors: 7168.0K->12.0M Heap: 151.3M(256.0M)->80.1M(256.0M)]
 [Times: user=0.02 sys=0.07, real=0.01 secs] 
2020-10-28T20:47:52.190-0800: 0.192: [GC pause (G1 Humongous Allocation) (young) (initial-mark), 0.0073291 secs]
   [Parallel Time: 6.9 ms, GC Workers: 10]
      [GC Worker Start (ms): Min: 191.8, Avg: 191.9, Max: 192.0, Diff: 0.1]
      [Ext Root Scanning (ms): Min: 0.0, Avg: 0.1, Max: 0.2, Diff: 0.1, Sum: 0.8]
      [Update RS (ms): Min: 0.4, Avg: 0.4, Max: 0.4, Diff: 0.0, Sum: 4.4]
         [Processed Buffers: Min: 7, Avg: 7.4, Max: 9, Diff: 2, Sum: 74]
      [Scan RS (ms): Min: 0.0, Avg: 0.0, Max: 0.0, Diff: 0.0, Sum: 0.0]
      [Code Root Scanning (ms): Min: 0.0, Avg: 0.0, Max: 0.0, Diff: 0.0, Sum: 0.0]
      [Object Copy (ms): Min: 5.8, Avg: 5.9, Max: 6.1, Diff: 0.3, Sum: 59.3]
      [Termination (ms): Min: 0.0, Avg: 0.2, Max: 0.3, Diff: 0.3, Sum: 1.6]
         [Termination Attempts: Min: 1, Avg: 1.0, Max: 1, Diff: 0, Sum: 10]
      [GC Worker Other (ms): Min: 0.0, Avg: 0.0, Max: 0.0, Diff: 0.0, Sum: 0.1]
      [GC Worker Total (ms): Min: 6.5, Avg: 6.6, Max: 6.7, Diff: 0.2, Sum: 66.2]
      [GC Worker End (ms): Min: 198.5, Avg: 198.6, Max: 198.7, Diff: 0.1]
   [Code Root Fixup: 0.0 ms]
   [Code Root Purge: 0.0 ms]
   [Clear CT: 0.1 ms]
   [Other: 0.3 ms]
      [Choose CSet: 0.0 ms]
      [Ref Proc: 0.1 ms]
      [Ref Enq: 0.0 ms]
      [Redirty Cards: 0.1 ms]
      [Humongous Register: 0.0 ms]
      [Humongous Reclaim: 0.0 ms]
      [Free CSet: 0.0 ms]
   [Eden: 67.0M(68.0M)->0.0B(71.0M) Survivors: 12.0M->10.0M Heap: 169.9M(256.0M)->108.5M(256.0M)]
 [Times: user=0.01 sys=0.04, real=0.00 secs] 
2020-10-28T20:47:52.197-0800: 0.199: [GC concurrent-root-region-scan-start]
2020-10-28T20:47:52.198-0800: 0.199: [GC concurrent-root-region-scan-end, 0.0001095 secs]
2020-10-28T20:47:52.198-0800: 0.199: [GC concurrent-mark-start]
2020-10-28T20:47:52.198-0800: 0.200: [GC concurrent-mark-end, 0.0006115 secs]
2020-10-28T20:47:52.198-0800: 0.200: [GC remark 2020-10-28T20:47:52.198-0800: 0.200: [Finalize Marking, 0.0002399 secs] 2020-10-28T20:47:52.199-0800: 0.200: [GC ref-proc, 0.0000437 secs] 2020-10-28T20:47:52.199-0800: 0.200: [Unloading, 0.0003589 secs], 0.0009351 secs]
 [Times: user=0.00 sys=0.00, real=0.00 secs] 
2020-10-28T20:47:52.199-0800: 0.201: [GC cleanup 115M->115M(256M), 0.0004567 secs]
 [Times: user=0.00 sys=0.00, real=0.01 secs] 
2020-10-28T20:47:52.215-0800: 0.217: [GC pause (G1 Evacuation Pause) (young) (to-space exhausted), 0.0031847 secs]
   [Parallel Time: 2.5 ms, GC Workers: 10]
      [GC Worker Start (ms): Min: 217.2, Avg: 217.3, Max: 217.3, Diff: 0.1]
      [Ext Root Scanning (ms): Min: 0.0, Avg: 0.1, Max: 0.2, Diff: 0.1, Sum: 0.7]
      [Update RS (ms): Min: 0.1, Avg: 0.1, Max: 0.2, Diff: 0.1, Sum: 1.4]
         [Processed Buffers: Min: 2, Avg: 2.2, Max: 4, Diff: 2, Sum: 22]
      [Scan RS (ms): Min: 0.0, Avg: 0.0, Max: 0.0, Diff: 0.0, Sum: 0.1]
      [Code Root Scanning (ms): Min: 0.0, Avg: 0.0, Max: 0.0, Diff: 0.0, Sum: 0.0]
      [Object Copy (ms): Min: 2.0, Avg: 2.1, Max: 2.1, Diff: 0.1, Sum: 20.9]
      [Termination (ms): Min: 0.0, Avg: 0.1, Max: 0.1, Diff: 0.1, Sum: 0.5]
         [Termination Attempts: Min: 1, Avg: 1.0, Max: 1, Diff: 0, Sum: 10]
      [GC Worker Other (ms): Min: 0.0, Avg: 0.0, Max: 0.0, Diff: 0.0, Sum: 0.1]
      [GC Worker Total (ms): Min: 2.3, Avg: 2.4, Max: 2.5, Diff: 0.2, Sum: 23.6]
      [GC Worker End (ms): Min: 219.6, Avg: 219.6, Max: 219.7, Diff: 0.0]
   [Code Root Fixup: 0.0 ms]
   [Code Root Purge: 0.0 ms]
   [Clear CT: 0.1 ms]
   [Other: 0.6 ms]
      [Evacuation Failure: 0.1 ms]
      [Choose CSet: 0.0 ms]
      [Ref Proc: 0.2 ms]
      [Ref Enq: 0.0 ms]
      [Redirty Cards: 0.1 ms]
      [Humongous Register: 0.0 ms]
      [Humongous Reclaim: 0.0 ms]
      [Free CSet: 0.0 ms]
   [Eden: 71.0M(71.0M)->0.0B(36.0M) Survivors: 10.0M->11.0M Heap: 201.4M(256.0M)->160.7M(256.0M)]
 [Times: user=0.02 sys=0.01, real=0.00 secs] 
2020-10-28T20:47:52.219-0800: 0.221: [GC pause (G1 Humongous Allocation) (young) (initial-mark), 0.0015946 secs]
   [Parallel Time: 1.1 ms, GC Workers: 10]
      [GC Worker Start (ms): Min: 220.5, Avg: 220.6, Max: 220.7, Diff: 0.1]
      [Ext Root Scanning (ms): Min: 0.0, Avg: 0.1, Max: 0.2, Diff: 0.1, Sum: 0.8]
      [Update RS (ms): Min: 0.0, Avg: 0.0, Max: 0.0, Diff: 0.0, Sum: 0.2]
         [Processed Buffers: Min: 1, Avg: 1.5, Max: 3, Diff: 2, Sum: 15]
      [Scan RS (ms): Min: 0.0, Avg: 0.0, Max: 0.0, Diff: 0.0, Sum: 0.0]
      [Code Root Scanning (ms): Min: 0.0, Avg: 0.0, Max: 0.0, Diff: 0.0, Sum: 0.0]
      [Object Copy (ms): Min: 0.7, Avg: 0.7, Max: 0.8, Diff: 0.1, Sum: 7.4]
      [Termination (ms): Min: 0.0, Avg: 0.1, Max: 0.2, Diff: 0.2, Sum: 0.9]
         [Termination Attempts: Min: 1, Avg: 1.1, Max: 2, Diff: 1, Sum: 11]
      [GC Worker Other (ms): Min: 0.0, Avg: 0.0, Max: 0.0, Diff: 0.0, Sum: 0.1]
      [GC Worker Total (ms): Min: 0.9, Avg: 0.9, Max: 1.0, Diff: 0.1, Sum: 9.3]
      [GC Worker End (ms): Min: 221.5, Avg: 221.6, Max: 221.6, Diff: 0.1]
   [Code Root Fixup: 0.0 ms]
   [Code Root Purge: 0.0 ms]
   [Clear CT: 0.1 ms]
   [Other: 0.4 ms]
      [Choose CSet: 0.0 ms]
      [Ref Proc: 0.2 ms]
      [Ref Enq: 0.0 ms]
      [Redirty Cards: 0.1 ms]
      [Humongous Register: 0.0 ms]
      [Humongous Reclaim: 0.0 ms]
      [Free CSet: 0.0 ms]
   [Eden: 1024.0K(36.0M)->0.0B(36.0M) Survivors: 11.0M->1024.0K Heap: 161.4M(256.0M)->160.9M(256.0M)]
 [Times: user=0.00 sys=0.00, real=0.01 secs] 
2020-10-28T20:47:52.221-0800: 0.222: [GC concurrent-root-region-scan-start]
2020-10-28T20:47:52.221-0800: 0.222: [GC concurrent-root-region-scan-end, 0.0000886 secs]
2020-10-28T20:47:52.221-0800: 0.222: [GC concurrent-mark-start]
2020-10-28T20:47:52.221-0800: 0.223: [GC concurrent-mark-end, 0.0004486 secs]
2020-10-28T20:47:52.221-0800: 0.223: [GC remark 2020-10-28T20:47:52.221-0800: 0.223: [Finalize Marking, 0.0002200 secs] 2020-10-28T20:47:52.221-0800: 0.223: [GC ref-proc, 0.0000435 secs] 2020-10-28T20:47:52.221-0800: 0.223: [Unloading, 0.0003782 secs], 0.0009274 secs]
 [Times: user=0.00 sys=0.00, real=0.00 secs] 
2020-10-28T20:47:52.222-0800: 0.224: [GC cleanup 165M->165M(256M), 0.0004452 secs]
 [Times: user=0.00 sys=0.00, real=0.00 secs] 
2020-10-28T20:47:52.228-0800: 0.230: [GC pause (G1 Evacuation Pause) (young), 0.0020758 secs]
   [Parallel Time: 1.5 ms, GC Workers: 10]
      [GC Worker Start (ms): Min: 230.0, Avg: 230.1, Max: 230.1, Diff: 0.1]
      [Ext Root Scanning (ms): Min: 0.0, Avg: 0.1, Max: 0.2, Diff: 0.1, Sum: 0.9]
      [Update RS (ms): Min: 0.1, Avg: 0.2, Max: 0.2, Diff: 0.0, Sum: 1.6]
         [Processed Buffers: Min: 2, Avg: 2.1, Max: 3, Diff: 1, Sum: 21]
      [Scan RS (ms): Min: 0.0, Avg: 0.0, Max: 0.0, Diff: 0.0, Sum: 0.1]
      [Code Root Scanning (ms): Min: 0.0, Avg: 0.0, Max: 0.0, Diff: 0.0, Sum: 0.0]
      [Object Copy (ms): Min: 0.9, Avg: 1.0, Max: 1.1, Diff: 0.1, Sum: 10.0]
      [Termination (ms): Min: 0.0, Avg: 0.1, Max: 0.2, Diff: 0.2, Sum: 1.1]
         [Termination Attempts: Min: 1, Avg: 1.0, Max: 1, Diff: 0, Sum: 10]
      [GC Worker Other (ms): Min: 0.0, Avg: 0.0, Max: 0.0, Diff: 0.0, Sum: 0.1]
      [GC Worker Total (ms): Min: 1.3, Avg: 1.4, Max: 1.4, Diff: 0.1, Sum: 13.7]
      [GC Worker End (ms): Min: 231.4, Avg: 231.4, Max: 231.5, Diff: 0.1]
   [Code Root Fixup: 0.0 ms]
   [Code Root Purge: 0.0 ms]
   [Clear CT: 0.1 ms]
   [Other: 0.5 ms]
      [Choose CSet: 0.0 ms]
      [Ref Proc: 0.3 ms]
      [Ref Enq: 0.0 ms]
      [Redirty Cards: 0.1 ms]
      [Humongous Register: 0.0 ms]
      [Humongous Reclaim: 0.0 ms]
      [Free CSet: 0.0 ms]
   [Eden: 36.0M(36.0M)->0.0B(7168.0K) Survivors: 1024.0K->5120.0K Heap: 209.8M(256.0M)->179.6M(256.0M)]
 [Times: user=0.02 sys=0.01, real=0.01 secs] 
2020-10-28T20:47:52.232-0800: 0.234: [GC pause (G1 Evacuation Pause) (mixed), 0.0019194 secs]
   [Parallel Time: 1.3 ms, GC Workers: 10]
      [GC Worker Start (ms): Min: 234.0, Avg: 234.1, Max: 234.1, Diff: 0.1]
      [Ext Root Scanning (ms): Min: 0.0, Avg: 0.1, Max: 0.2, Diff: 0.1, Sum: 0.9]
      [Update RS (ms): Min: 0.1, Avg: 0.1, Max: 0.1, Diff: 0.0, Sum: 1.2]
         [Processed Buffers: Min: 1, Avg: 2.2, Max: 3, Diff: 2, Sum: 22]
      [Scan RS (ms): Min: 0.0, Avg: 0.0, Max: 0.0, Diff: 0.0, Sum: 0.1]
      [Code Root Scanning (ms): Min: 0.0, Avg: 0.0, Max: 0.0, Diff: 0.0, Sum: 0.0]
      [Object Copy (ms): Min: 0.8, Avg: 0.8, Max: 0.8, Diff: 0.1, Sum: 8.0]
      [Termination (ms): Min: 0.0, Avg: 0.1, Max: 0.1, Diff: 0.1, Sum: 0.8]
         [Termination Attempts: Min: 1, Avg: 1.0, Max: 1, Diff: 0, Sum: 10]
      [GC Worker Other (ms): Min: 0.0, Avg: 0.0, Max: 0.0, Diff: 0.0, Sum: 0.1]
      [GC Worker Total (ms): Min: 1.0, Avg: 1.1, Max: 1.2, Diff: 0.2, Sum: 11.1]
      [GC Worker End (ms): Min: 235.2, Avg: 235.2, Max: 235.2, Diff: 0.0]
   [Code Root Fixup: 0.0 ms]
   [Code Root Purge: 0.0 ms]
   [Clear CT: 0.1 ms]
   [Other: 0.5 ms]
      [Choose CSet: 0.0 ms]
      [Ref Proc: 0.2 ms]
      [Ref Enq: 0.0 ms]
      [Redirty Cards: 0.2 ms]
      [Humongous Register: 0.0 ms]
      [Humongous Reclaim: 0.0 ms]
      [Free CSet: 0.0 ms]
   [Eden: 7168.0K(7168.0K)->0.0B(10.0M) Survivors: 5120.0K->2048.0K Heap: 188.0M(256.0M)->161.7M(256.0M)]
 [Times: user=0.01 sys=0.00, real=0.00 secs] 
2020-10-28T20:47:52.236-0800: 0.238: [GC pause (G1 Evacuation Pause) (mixed), 0.0016651 secs]
   [Parallel Time: 1.1 ms, GC Workers: 10]
      [GC Worker Start (ms): Min: 238.0, Avg: 238.1, Max: 238.2, Diff: 0.1]
      [Ext Root Scanning (ms): Min: 0.1, Avg: 0.1, Max: 0.2, Diff: 0.1, Sum: 1.2]
      [Update RS (ms): Min: 0.1, Avg: 0.2, Max: 0.2, Diff: 0.1, Sum: 1.8]
         [Processed Buffers: Min: 2, Avg: 2.9, Max: 4, Diff: 2, Sum: 29]
      [Scan RS (ms): Min: 0.0, Avg: 0.0, Max: 0.3, Diff: 0.3, Sum: 0.3]
      [Code Root Scanning (ms): Min: 0.0, Avg: 0.0, Max: 0.0, Diff: 0.0, Sum: 0.0]
      [Object Copy (ms): Min: 0.2, Avg: 0.5, Max: 0.6, Diff: 0.3, Sum: 4.7]
      [Termination (ms): Min: 0.0, Avg: 0.1, Max: 0.2, Diff: 0.2, Sum: 0.8]
         [Termination Attempts: Min: 1, Avg: 1.0, Max: 1, Diff: 0, Sum: 10]
      [GC Worker Other (ms): Min: 0.0, Avg: 0.0, Max: 0.0, Diff: 0.0, Sum: 0.1]
      [GC Worker Total (ms): Min: 0.8, Avg: 0.9, Max: 1.0, Diff: 0.2, Sum: 8.9]
      [GC Worker End (ms): Min: 239.0, Avg: 239.0, Max: 239.1, Diff: 0.1]
   [Code Root Fixup: 0.0 ms]
   [Code Root Purge: 0.0 ms]
   [Clear CT: 0.1 ms]
   [Other: 0.5 ms]
      [Choose CSet: 0.0 ms]
      [Ref Proc: 0.3 ms]
      [Ref Enq: 0.0 ms]
      [Redirty Cards: 0.1 ms]
      [Humongous Register: 0.0 ms]
      [Humongous Reclaim: 0.0 ms]
      [Free CSet: 0.0 ms]
   [Eden: 10.0M(10.0M)->0.0B(35.0M) Survivors: 2048.0K->2048.0K Heap: 173.9M(256.0M)->159.5M(256.0M)]
 [Times: user=0.01 sys=0.00, real=0.00 secs] 
2020-10-28T20:47:52.240-0800: 0.241: [GC pause (G1 Humongous Allocation) (young) (initial-mark), 0.0011360 secs]
   [Parallel Time: 0.5 ms, GC Workers: 10]
      [GC Worker Start (ms): Min: 241.4, Avg: 241.5, Max: 241.5, Diff: 0.2]
      [Ext Root Scanning (ms): Min: 0.0, Avg: 0.1, Max: 0.2, Diff: 0.2, Sum: 1.0]
      [Update RS (ms): Min: 0.0, Avg: 0.1, Max: 0.2, Diff: 0.1, Sum: 0.5]
         [Processed Buffers: Min: 0, Avg: 1.0, Max: 2, Diff: 2, Sum: 10]
      [Scan RS (ms): Min: 0.0, Avg: 0.0, Max: 0.0, Diff: 0.0, Sum: 0.0]
      [Code Root Scanning (ms): Min: 0.0, Avg: 0.0, Max: 0.0, Diff: 0.0, Sum: 0.0]
      [Object Copy (ms): Min: 0.0, Avg: 0.2, Max: 0.2, Diff: 0.2, Sum: 1.7]
      [Termination (ms): Min: 0.0, Avg: 0.1, Max: 0.1, Diff: 0.1, Sum: 0.6]
         [Termination Attempts: Min: 1, Avg: 1.0, Max: 1, Diff: 0, Sum: 10]
      [GC Worker Other (ms): Min: 0.0, Avg: 0.0, Max: 0.0, Diff: 0.0, Sum: 0.1]
      [GC Worker Total (ms): Min: 0.3, Avg: 0.4, Max: 0.5, Diff: 0.2, Sum: 3.9]
      [GC Worker End (ms): Min: 241.8, Avg: 241.8, Max: 241.9, Diff: 0.0]
   [Code Root Fixup: 0.0 ms]
   [Code Root Purge: 0.0 ms]
   [Clear CT: 0.1 ms]
   [Other: 0.5 ms]
      [Choose CSet: 0.0 ms]
      [Ref Proc: 0.3 ms]
      [Ref Enq: 0.0 ms]
      [Redirty Cards: 0.1 ms]
      [Humongous Register: 0.0 ms]
      [Humongous Reclaim: 0.0 ms]
      [Free CSet: 0.0 ms]
   [Eden: 8192.0K(35.0M)->0.0B(32.0M) Survivors: 2048.0K->4096.0K Heap: 167.0M(256.0M)->160.8M(256.0M)]
 [Times: user=0.01 sys=0.00, real=0.00 secs] 
2020-10-28T20:47:52.241-0800: 0.243: [GC concurrent-root-region-scan-start]
2020-10-28T20:47:52.241-0800: 0.243: [GC concurrent-root-region-scan-end, 0.0000645 secs]
2020-10-28T20:47:52.241-0800: 0.243: [GC concurrent-mark-start]
2020-10-28T20:47:52.241-0800: 0.243: [GC concurrent-mark-end, 0.0003983 secs]
2020-10-28T20:47:52.241-0800: 0.243: [GC remark 2020-10-28T20:47:52.241-0800: 0.243: [Finalize Marking, 0.0002928 secs] 2020-10-28T20:47:52.242-0800: 0.243: [GC ref-proc, 0.0000486 secs] 2020-10-28T20:47:52.242-0800: 0.243: [Unloading, 0.0004351 secs], 0.0011506 secs]
 [Times: user=0.00 sys=0.00, real=0.00 secs] 
2020-10-28T20:47:52.243-0800: 0.244: [GC cleanup 163M->163M(256M), 0.0005638 secs]
 [Times: user=0.00 sys=0.00, real=0.00 secs] 
2020-10-28T20:47:52.251-0800: 0.252: [GC pause (G1 Evacuation Pause) (young), 0.0020022 secs]
   [Parallel Time: 1.5 ms, GC Workers: 10]
      [GC Worker Start (ms): Min: 252.4, Avg: 252.5, Max: 252.6, Diff: 0.1]
      [Ext Root Scanning (ms): Min: 0.0, Avg: 0.1, Max: 0.2, Diff: 0.1, Sum: 0.9]
      [Update RS (ms): Min: 0.1, Avg: 0.2, Max: 0.2, Diff: 0.0, Sum: 1.7]
         [Processed Buffers: Min: 1, Avg: 2.1, Max: 3, Diff: 2, Sum: 21]
      [Scan RS (ms): Min: 0.0, Avg: 0.0, Max: 0.0, Diff: 0.0, Sum: 0.0]
      [Code Root Scanning (ms): Min: 0.0, Avg: 0.0, Max: 0.0, Diff: 0.0, Sum: 0.0]
      [Object Copy (ms): Min: 1.0, Avg: 1.0, Max: 1.0, Diff: 0.1, Sum: 9.8]
      [Termination (ms): Min: 0.0, Avg: 0.1, Max: 0.1, Diff: 0.1, Sum: 0.8]
         [Termination Attempts: Min: 1, Avg: 1.0, Max: 1, Diff: 0, Sum: 10]
      [GC Worker Other (ms): Min: 0.0, Avg: 0.0, Max: 0.0, Diff: 0.0, Sum: 0.2]
      [GC Worker Total (ms): Min: 1.3, Avg: 1.3, Max: 1.4, Diff: 0.1, Sum: 13.4]
      [GC Worker End (ms): Min: 253.8, Avg: 253.8, Max: 253.9, Diff: 0.0]
   [Code Root Fixup: 0.0 ms]
   [Code Root Purge: 0.0 ms]
   [Clear CT: 0.1 ms]
   [Other: 0.4 ms]
      [Choose CSet: 0.0 ms]
      [Ref Proc: 0.2 ms]
      [Ref Enq: 0.0 ms]
      [Redirty Cards: 0.1 ms]
      [Humongous Register: 0.0 ms]
      [Humongous Reclaim: 0.0 ms]
      [Free CSet: 0.0 ms]
   [Eden: 32.0M(32.0M)->0.0B(7168.0K) Survivors: 4096.0K->5120.0K Heap: 203.5M(256.0M)->174.9M(256.0M)]
 [Times: user=0.01 sys=0.00, real=0.00 secs] 
2020-10-28T20:47:52.254-0800: 0.256: [GC pause (G1 Evacuation Pause) (mixed), 0.0022697 secs]
   [Parallel Time: 1.6 ms, GC Workers: 10]
      [GC Worker Start (ms): Min: 256.2, Avg: 256.3, Max: 256.4, Diff: 0.1]
      [Ext Root Scanning (ms): Min: 0.0, Avg: 0.1, Max: 0.2, Diff: 0.1, Sum: 1.1]
      [Update RS (ms): Min: 0.1, Avg: 0.2, Max: 0.2, Diff: 0.0, Sum: 1.8]
         [Processed Buffers: Min: 1, Avg: 2.1, Max: 3, Diff: 2, Sum: 21]
      [Scan RS (ms): Min: 0.0, Avg: 0.0, Max: 0.1, Diff: 0.1, Sum: 0.2]
      [Code Root Scanning (ms): Min: 0.0, Avg: 0.0, Max: 0.1, Diff: 0.1, Sum: 0.1]
      [Object Copy (ms): Min: 0.9, Avg: 1.1, Max: 1.1, Diff: 0.2, Sum: 10.8]
      [Termination (ms): Min: 0.0, Avg: 0.1, Max: 0.1, Diff: 0.1, Sum: 0.6]
         [Termination Attempts: Min: 1, Avg: 1.2, Max: 2, Diff: 1, Sum: 12]
      [GC Worker Other (ms): Min: 0.0, Avg: 0.0, Max: 0.0, Diff: 0.0, Sum: 0.1]
      [GC Worker Total (ms): Min: 1.4, Avg: 1.5, Max: 1.5, Diff: 0.2, Sum: 14.6]
      [GC Worker End (ms): Min: 257.8, Avg: 257.8, Max: 257.8, Diff: 0.1]
   [Code Root Fixup: 0.0 ms]
   [Code Root Purge: 0.0 ms]
   [Clear CT: 0.1 ms]
   [Other: 0.5 ms]
      [Choose CSet: 0.0 ms]
      [Ref Proc: 0.3 ms]
      [Ref Enq: 0.0 ms]
      [Redirty Cards: 0.1 ms]
      [Humongous Register: 0.0 ms]
      [Humongous Reclaim: 0.0 ms]
      [Free CSet: 0.0 ms]
   [Eden: 7168.0K(7168.0K)->0.0B(25.0M) Survivors: 5120.0K->2048.0K Heap: 184.3M(256.0M)->168.5M(256.0M)]
 [Times: user=0.02 sys=0.00, real=0.00 secs] 
2020-10-28T20:47:52.257-0800: 0.259: [GC pause (G1 Humongous Allocation) (young) (initial-mark), 0.0010664 secs]
   [Parallel Time: 0.5 ms, GC Workers: 10]
      [GC Worker Start (ms): Min: 259.0, Avg: 259.1, Max: 259.2, Diff: 0.1]
      [Ext Root Scanning (ms): Min: 0.1, Avg: 0.1, Max: 0.2, Diff: 0.1, Sum: 1.1]
      [Update RS (ms): Min: 0.0, Avg: 0.1, Max: 0.1, Diff: 0.1, Sum: 0.6]
         [Processed Buffers: Min: 1, Avg: 1.1, Max: 2, Diff: 1, Sum: 11]
      [Scan RS (ms): Min: 0.0, Avg: 0.0, Max: 0.0, Diff: 0.0, Sum: 0.0]
      [Code Root Scanning (ms): Min: 0.0, Avg: 0.0, Max: 0.0, Diff: 0.0, Sum: 0.0]
      [Object Copy (ms): Min: 0.0, Avg: 0.1, Max: 0.1, Diff: 0.1, Sum: 0.8]
      [Termination (ms): Min: 0.0, Avg: 0.1, Max: 0.1, Diff: 0.1, Sum: 0.6]
         [Termination Attempts: Min: 1, Avg: 1.0, Max: 1, Diff: 0, Sum: 10]
      [GC Worker Other (ms): Min: 0.0, Avg: 0.0, Max: 0.0, Diff: 0.0, Sum: 0.1]
      [GC Worker Total (ms): Min: 0.3, Avg: 0.3, Max: 0.4, Diff: 0.1, Sum: 3.1]
      [GC Worker End (ms): Min: 259.4, Avg: 259.4, Max: 259.5, Diff: 0.1]
   [Code Root Fixup: 0.0 ms]
   [Code Root Purge: 0.0 ms]
   [Clear CT: 0.1 ms]
   [Other: 0.4 ms]
      [Choose CSet: 0.0 ms]
      [Ref Proc: 0.2 ms]
      [Ref Enq: 0.0 ms]
      [Redirty Cards: 0.1 ms]
      [Humongous Register: 0.0 ms]
      [Humongous Reclaim: 0.0 ms]
      [Free CSet: 0.0 ms]
   [Eden: 2048.0K(25.0M)->0.0B(24.0M) Survivors: 2048.0K->3072.0K Heap: 169.7M(256.0M)->169.0M(256.0M)]
 [Times: user=0.00 sys=0.00, real=0.00 secs] 
2020-10-28T20:47:52.258-0800: 0.260: [GC concurrent-root-region-scan-start]
2020-10-28T20:47:52.258-0800: 0.260: [GC concurrent-root-region-scan-end, 0.0000803 secs]
2020-10-28T20:47:52.259-0800: 0.260: [GC concurrent-mark-start]
2020-10-28T20:47:52.259-0800: 0.261: [GC concurrent-mark-end, 0.0004083 secs]
2020-10-28T20:47:52.259-0800: 0.261: [GC remark 2020-10-28T20:47:52.259-0800: 0.261: [Finalize Marking, 0.0002713 secs] 2020-10-28T20:47:52.259-0800: 0.261: [GC ref-proc, 0.0000535 secs] 2020-10-28T20:47:52.259-0800: 0.261: [Unloading, 0.0004317 secs], 0.0011329 secs]
 [Times: user=0.01 sys=0.00, real=0.01 secs] 
2020-10-28T20:47:52.260-0800: 0.262: [GC cleanup 171M->171M(256M), 0.0005207 secs]
 [Times: user=0.00 sys=0.00, real=0.00 secs] 
2020-10-28T20:47:52.266-0800: 0.267: [GC pause (G1 Evacuation Pause) (young), 0.0021670 secs]
   [Parallel Time: 1.3 ms, GC Workers: 10]
      [GC Worker Start (ms): Min: 267.3, Avg: 267.4, Max: 267.5, Diff: 0.2]
      [Ext Root Scanning (ms): Min: 0.0, Avg: 0.1, Max: 0.2, Diff: 0.2, Sum: 0.7]
      [Update RS (ms): Min: 0.2, Avg: 0.2, Max: 0.2, Diff: 0.0, Sum: 2.0]
         [Processed Buffers: Min: 1, Avg: 2.3, Max: 4, Diff: 3, Sum: 23]
      [Scan RS (ms): Min: 0.0, Avg: 0.0, Max: 0.0, Diff: 0.0, Sum: 0.0]
      [Code Root Scanning (ms): Min: 0.0, Avg: 0.0, Max: 0.0, Diff: 0.0, Sum: 0.0]
      [Object Copy (ms): Min: 0.6, Avg: 0.7, Max: 0.8, Diff: 0.2, Sum: 7.2]
      [Termination (ms): Min: 0.0, Avg: 0.1, Max: 0.2, Diff: 0.2, Sum: 1.5]
         [Termination Attempts: Min: 1, Avg: 1.0, Max: 1, Diff: 0, Sum: 10]
      [GC Worker Other (ms): Min: 0.0, Avg: 0.0, Max: 0.0, Diff: 0.0, Sum: 0.1]
      [GC Worker Total (ms): Min: 1.0, Avg: 1.2, Max: 1.3, Diff: 0.2, Sum: 11.5]
      [GC Worker End (ms): Min: 268.5, Avg: 268.6, Max: 268.6, Diff: 0.1]
   [Code Root Fixup: 0.0 ms]
   [Code Root Purge: 0.0 ms]
   [Clear CT: 0.1 ms]
   [Other: 0.7 ms]
      [Choose CSet: 0.0 ms]
      [Ref Proc: 0.5 ms]
      [Ref Enq: 0.0 ms]
      [Redirty Cards: 0.1 ms]
      [Humongous Register: 0.0 ms]
      [Humongous Reclaim: 0.0 ms]
      [Free CSet: 0.0 ms]
   [Eden: 24.0M(24.0M)->0.0B(8192.0K) Survivors: 3072.0K->4096.0K Heap: 197.0M(256.0M)->176.3M(256.0M)]
 [Times: user=0.02 sys=0.01, real=0.00 secs] 
2020-10-28T20:47:52.270-0800: 0.272: [GC pause (G1 Evacuation Pause) (mixed), 0.0019927 secs]
   [Parallel Time: 1.4 ms, GC Workers: 10]
      [GC Worker Start (ms): Min: 271.6, Avg: 271.7, Max: 271.7, Diff: 0.1]
      [Ext Root Scanning (ms): Min: 0.0, Avg: 0.1, Max: 0.2, Diff: 0.1, Sum: 1.0]
      [Update RS (ms): Min: 0.2, Avg: 0.2, Max: 0.2, Diff: 0.1, Sum: 2.2]
         [Processed Buffers: Min: 2, Avg: 3.2, Max: 4, Diff: 2, Sum: 32]
      [Scan RS (ms): Min: 0.0, Avg: 0.0, Max: 0.0, Diff: 0.0, Sum: 0.1]
      [Code Root Scanning (ms): Min: 0.0, Avg: 0.0, Max: 0.0, Diff: 0.0, Sum: 0.0]
      [Object Copy (ms): Min: 0.8, Avg: 0.8, Max: 0.9, Diff: 0.1, Sum: 8.3]
      [Termination (ms): Min: 0.0, Avg: 0.1, Max: 0.1, Diff: 0.1, Sum: 0.5]
         [Termination Attempts: Min: 1, Avg: 1.0, Max: 1, Diff: 0, Sum: 10]
      [GC Worker Other (ms): Min: 0.0, Avg: 0.0, Max: 0.0, Diff: 0.0, Sum: 0.1]
      [GC Worker Total (ms): Min: 1.2, Avg: 1.2, Max: 1.3, Diff: 0.1, Sum: 12.2]
      [GC Worker End (ms): Min: 272.9, Avg: 272.9, Max: 272.9, Diff: 0.0]
   [Code Root Fixup: 0.0 ms]
   [Code Root Purge: 0.0 ms]
   [Clear CT: 0.1 ms]
   [Other: 0.5 ms]
      [Choose CSet: 0.0 ms]
      [Ref Proc: 0.3 ms]
      [Ref Enq: 0.0 ms]
      [Redirty Cards: 0.1 ms]
      [Humongous Register: 0.0 ms]
      [Humongous Reclaim: 0.0 ms]
      [Free CSet: 0.0 ms]
   [Eden: 8192.0K(8192.0K)->0.0B(19.0M) Survivors: 4096.0K->2048.0K Heap: 187.1M(256.0M)->176.0M(256.0M)]
 [Times: user=0.01 sys=0.00, real=0.00 secs] 
2020-10-28T20:47:52.272-0800: 0.274: [GC pause (G1 Humongous Allocation) (young) (initial-mark), 0.0011544 secs]
   [Parallel Time: 0.6 ms, GC Workers: 10]
      [GC Worker Start (ms): Min: 274.2, Avg: 274.3, Max: 274.4, Diff: 0.2]
      [Ext Root Scanning (ms): Min: 0.0, Avg: 0.2, Max: 0.4, Diff: 0.4, Sum: 2.2]
      [Update RS (ms): Min: 0.0, Avg: 0.0, Max: 0.1, Diff: 0.1, Sum: 0.1]
         [Processed Buffers: Min: 0, Avg: 1.1, Max: 5, Diff: 5, Sum: 11]
      [Scan RS (ms): Min: 0.0, Avg: 0.0, Max: 0.0, Diff: 0.0, Sum: 0.0]
      [Code Root Scanning (ms): Min: 0.0, Avg: 0.0, Max: 0.0, Diff: 0.0, Sum: 0.0]
      [Object Copy (ms): Min: 0.0, Avg: 0.1, Max: 0.2, Diff: 0.2, Sum: 1.0]
      [Termination (ms): Min: 0.0, Avg: 0.0, Max: 0.1, Diff: 0.1, Sum: 0.3]
         [Termination Attempts: Min: 1, Avg: 1.2, Max: 2, Diff: 1, Sum: 12]
      [GC Worker Other (ms): Min: 0.0, Avg: 0.0, Max: 0.0, Diff: 0.0, Sum: 0.1]
      [GC Worker Total (ms): Min: 0.3, Avg: 0.4, Max: 0.5, Diff: 0.2, Sum: 3.7]
      [GC Worker End (ms): Min: 274.7, Avg: 274.7, Max: 274.7, Diff: 0.0]
   [Code Root Fixup: 0.0 ms]
   [Code Root Purge: 0.0 ms]
   [Clear CT: 0.1 ms]
   [Other: 0.5 ms]
      [Choose CSet: 0.0 ms]
      [Ref Proc: 0.2 ms]
      [Ref Enq: 0.0 ms]
      [Redirty Cards: 0.1 ms]
      [Humongous Register: 0.0 ms]
      [Humongous Reclaim: 0.0 ms]
      [Free CSet: 0.0 ms]
   [Eden: 3072.0K(19.0M)->0.0B(18.0M) Survivors: 2048.0K->2048.0K Heap: 178.8M(256.0M)->176.9M(256.0M)]
 [Times: user=0.00 sys=0.00, real=0.00 secs] 
2020-10-28T20:47:52.274-0800: 0.275: [GC concurrent-root-region-scan-start]
2020-10-28T20:47:52.274-0800: 0.275: [GC concurrent-root-region-scan-end, 0.0000735 secs]
2020-10-28T20:47:52.274-0800: 0.275: [GC concurrent-mark-start]
2020-10-28T20:47:52.274-0800: 0.276: [GC concurrent-mark-end, 0.0004775 secs]
2020-10-28T20:47:52.274-0800: 0.276: [GC remark 2020-10-28T20:47:52.274-0800: 0.276: [Finalize Marking, 0.0002693 secs] 2020-10-28T20:47:52.275-0800: 0.276: [GC ref-proc, 0.0000497 secs] 2020-10-28T20:47:52.275-0800: 0.276: [Unloading, 0.0004526 secs], 0.0011580 secs]
 [Times: user=0.00 sys=0.00, real=0.00 secs] 
2020-10-28T20:47:52.276-0800: 0.277: [GC cleanup 182M->182M(256M), 0.0004976 secs]
 [Times: user=0.00 sys=0.00, real=0.00 secs] 
2020-10-28T20:47:52.279-0800: 0.281: [GC pause (G1 Evacuation Pause) (young), 0.0014153 secs]
   [Parallel Time: 0.9 ms, GC Workers: 10]
      [GC Worker Start (ms): Min: 280.8, Avg: 280.9, Max: 280.9, Diff: 0.1]
      [Ext Root Scanning (ms): Min: 0.1, Avg: 0.1, Max: 0.2, Diff: 0.1, Sum: 1.0]
      [Update RS (ms): Min: 0.2, Avg: 0.2, Max: 0.3, Diff: 0.1, Sum: 2.2]
         [Processed Buffers: Min: 2, Avg: 2.6, Max: 3, Diff: 1, Sum: 26]
      [Scan RS (ms): Min: 0.0, Avg: 0.0, Max: 0.0, Diff: 0.0, Sum: 0.0]
      [Code Root Scanning (ms): Min: 0.0, Avg: 0.0, Max: 0.0, Diff: 0.0, Sum: 0.0]
      [Object Copy (ms): Min: 0.2, Avg: 0.3, Max: 0.4, Diff: 0.2, Sum: 3.4]
      [Termination (ms): Min: 0.0, Avg: 0.1, Max: 0.1, Diff: 0.1, Sum: 0.7]
         [Termination Attempts: Min: 1, Avg: 1.0, Max: 1, Diff: 0, Sum: 10]
      [GC Worker Other (ms): Min: 0.0, Avg: 0.0, Max: 0.0, Diff: 0.0, Sum: 0.1]
      [GC Worker Total (ms): Min: 0.7, Avg: 0.8, Max: 0.8, Diff: 0.1, Sum: 7.5]
      [GC Worker End (ms): Min: 281.6, Avg: 281.6, Max: 281.6, Diff: 0.1]
   [Code Root Fixup: 0.0 ms]
   [Code Root Purge: 0.0 ms]
   [Clear CT: 0.1 ms]
   [Other: 0.4 ms]
      [Choose CSet: 0.0 ms]
      [Ref Proc: 0.2 ms]
      [Ref Enq: 0.0 ms]
      [Redirty Cards: 0.1 ms]
      [Humongous Register: 0.0 ms]
      [Humongous Reclaim: 0.0 ms]
      [Free CSet: 0.0 ms]
   [Eden: 18.0M(18.0M)->0.0B(9216.0K) Survivors: 2048.0K->3072.0K Heap: 200.2M(256.0M)->185.1M(256.0M)]
 [Times: user=0.00 sys=0.00, real=0.01 secs] 
2020-10-28T20:47:52.283-0800: 0.284: [GC pause (G1 Evacuation Pause) (mixed), 0.0021474 secs]
   [Parallel Time: 1.4 ms, GC Workers: 10]
      [GC Worker Start (ms): Min: 284.6, Avg: 284.7, Max: 284.8, Diff: 0.2]
      [Ext Root Scanning (ms): Min: 0.0, Avg: 0.1, Max: 0.2, Diff: 0.2, Sum: 0.7]
      [Update RS (ms): Min: 0.1, Avg: 0.2, Max: 0.2, Diff: 0.1, Sum: 1.6]
         [Processed Buffers: Min: 2, Avg: 2.4, Max: 4, Diff: 2, Sum: 24]
      [Scan RS (ms): Min: 0.0, Avg: 0.0, Max: 0.0, Diff: 0.0, Sum: 0.1]
      [Code Root Scanning (ms): Min: 0.0, Avg: 0.0, Max: 0.0, Diff: 0.0, Sum: 0.0]
      [Object Copy (ms): Min: 1.0, Avg: 1.0, Max: 1.1, Diff: 0.1, Sum: 10.0]
      [Termination (ms): Min: 0.0, Avg: 0.0, Max: 0.1, Diff: 0.1, Sum: 0.4]
         [Termination Attempts: Min: 1, Avg: 1.0, Max: 1, Diff: 0, Sum: 10]
      [GC Worker Other (ms): Min: 0.0, Avg: 0.0, Max: 0.0, Diff: 0.0, Sum: 0.1]
      [GC Worker Total (ms): Min: 1.2, Avg: 1.3, Max: 1.4, Diff: 0.2, Sum: 12.9]
      [GC Worker End (ms): Min: 286.0, Avg: 286.0, Max: 286.0, Diff: 0.0]
   [Code Root Fixup: 0.0 ms]
   [Code Root Purge: 0.0 ms]
   [Clear CT: 0.1 ms]
   [Other: 0.6 ms]
      [Choose CSet: 0.0 ms]
      [Ref Proc: 0.4 ms]
      [Ref Enq: 0.0 ms]
      [Redirty Cards: 0.1 ms]
      [Humongous Register: 0.0 ms]
      [Humongous Reclaim: 0.0 ms]
      [Free CSet: 0.0 ms]
   [Eden: 9216.0K(9216.0K)->0.0B(13.0M) Survivors: 3072.0K->2048.0K Heap: 196.1M(256.0M)->183.0M(256.0M)]
 [Times: user=0.01 sys=0.00, real=0.00 secs] 
2020-10-28T20:47:52.285-0800: 0.287: [GC pause (G1 Humongous Allocation) (young) (initial-mark), 0.0010874 secs]
   [Parallel Time: 0.5 ms, GC Workers: 10]
      [GC Worker Start (ms): Min: 287.3, Avg: 287.4, Max: 287.4, Diff: 0.1]
      [Ext Root Scanning (ms): Min: 0.1, Avg: 0.1, Max: 0.2, Diff: 0.1, Sum: 1.1]
      [Update RS (ms): Min: 0.0, Avg: 0.0, Max: 0.1, Diff: 0.0, Sum: 0.3]
         [Processed Buffers: Min: 1, Avg: 1.1, Max: 2, Diff: 1, Sum: 11]
      [Scan RS (ms): Min: 0.0, Avg: 0.0, Max: 0.0, Diff: 0.0, Sum: 0.0]
      [Code Root Scanning (ms): Min: 0.0, Avg: 0.0, Max: 0.0, Diff: 0.0, Sum: 0.0]
      [Object Copy (ms): Min: 0.1, Avg: 0.1, Max: 0.2, Diff: 0.1, Sum: 1.3]
      [Termination (ms): Min: 0.0, Avg: 0.1, Max: 0.1, Diff: 0.1, Sum: 0.6]
         [Termination Attempts: Min: 1, Avg: 1.0, Max: 1, Diff: 0, Sum: 10]
      [GC Worker Other (ms): Min: 0.0, Avg: 0.0, Max: 0.0, Diff: 0.0, Sum: 0.1]
      [GC Worker Total (ms): Min: 0.3, Avg: 0.3, Max: 0.4, Diff: 0.1, Sum: 3.4]
      [GC Worker End (ms): Min: 287.7, Avg: 287.7, Max: 287.7, Diff: 0.0]
   [Code Root Fixup: 0.0 ms]
   [Code Root Purge: 0.0 ms]
   [Clear CT: 0.1 ms]
   [Other: 0.5 ms]
      [Choose CSet: 0.0 ms]
      [Ref Proc: 0.3 ms]
      [Ref Enq: 0.0 ms]
      [Redirty Cards: 0.1 ms]
      [Humongous Register: 0.0 ms]
      [Humongous Reclaim: 0.0 ms]
      [Free CSet: 0.0 ms]
   [Eden: 2048.0K(13.0M)->0.0B(12.0M) Survivors: 2048.0K->1024.0K Heap: 184.8M(256.0M)->183.5M(256.0M)]
 [Times: user=0.01 sys=0.00, real=0.00 secs] 
2020-10-28T20:47:52.287-0800: 0.288: [GC concurrent-root-region-scan-start]
2020-10-28T20:47:52.287-0800: 0.288: [GC concurrent-root-region-scan-end, 0.0000859 secs]
2020-10-28T20:47:52.287-0800: 0.288: [GC concurrent-mark-start]
2020-10-28T20:47:52.287-0800: 0.289: [GC concurrent-mark-end, 0.0004507 secs]
2020-10-28T20:47:52.287-0800: 0.289: [GC remark 2020-10-28T20:47:52.287-0800: 0.289: [Finalize Marking, 0.0002747 secs] 2020-10-28T20:47:52.288-0800: 0.289: [GC ref-proc, 0.0000521 secs] 2020-10-28T20:47:52.288-0800: 0.289: [Unloading, 0.0004103 secs], 0.0011278 secs]
 [Times: user=0.00 sys=0.00, real=0.00 secs] 
2020-10-28T20:47:52.288-0800: 0.290: [GC cleanup 188M->188M(256M), 0.0005401 secs]
 [Times: user=0.00 sys=0.00, real=0.00 secs] 
2020-10-28T20:47:52.291-0800: 0.293: [GC pause (G1 Evacuation Pause) (young), 0.0014403 secs]
   [Parallel Time: 0.8 ms, GC Workers: 10]
      [GC Worker Start (ms): Min: 292.7, Avg: 292.8, Max: 292.8, Diff: 0.1]
      [Ext Root Scanning (ms): Min: 0.0, Avg: 0.1, Max: 0.2, Diff: 0.1, Sum: 0.9]
      [Update RS (ms): Min: 0.2, Avg: 0.3, Max: 0.3, Diff: 0.1, Sum: 2.6]
         [Processed Buffers: Min: 2, Avg: 3.1, Max: 4, Diff: 2, Sum: 31]
      [Scan RS (ms): Min: 0.0, Avg: 0.0, Max: 0.0, Diff: 0.0, Sum: 0.0]
      [Code Root Scanning (ms): Min: 0.0, Avg: 0.0, Max: 0.0, Diff: 0.0, Sum: 0.0]
      [Object Copy (ms): Min: 0.1, Avg: 0.2, Max: 0.3, Diff: 0.2, Sum: 1.8]
      [Termination (ms): Min: 0.0, Avg: 0.2, Max: 0.2, Diff: 0.2, Sum: 1.7]
         [Termination Attempts: Min: 1, Avg: 1.0, Max: 1, Diff: 0, Sum: 10]
      [GC Worker Other (ms): Min: 0.0, Avg: 0.0, Max: 0.0, Diff: 0.0, Sum: 0.1]
      [GC Worker Total (ms): Min: 0.6, Avg: 0.7, Max: 0.8, Diff: 0.2, Sum: 7.0]
      [GC Worker End (ms): Min: 293.4, Avg: 293.5, Max: 293.5, Diff: 0.1]
   [Code Root Fixup: 0.0 ms]
   [Code Root Purge: 0.0 ms]
   [Clear CT: 0.1 ms]
   [Other: 0.5 ms]
      [Choose CSet: 0.0 ms]
      [Ref Proc: 0.3 ms]
      [Ref Enq: 0.0 ms]
      [Redirty Cards: 0.1 ms]
      [Humongous Register: 0.0 ms]
      [Humongous Reclaim: 0.0 ms]
      [Free CSet: 0.0 ms]
   [Eden: 12.0M(12.0M)->0.0B(10.0M) Survivors: 1024.0K->2048.0K Heap: 199.2M(256.0M)->186.9M(256.0M)]
 [Times: user=0.01 sys=0.00, real=0.00 secs] 
2020-10-28T20:47:52.295-0800: 0.297: [GC pause (G1 Evacuation Pause) (mixed), 0.0019382 secs]
   [Parallel Time: 1.3 ms, GC Workers: 10]
      [GC Worker Start (ms): Min: 296.7, Avg: 296.8, Max: 296.9, Diff: 0.2]
      [Ext Root Scanning (ms): Min: 0.0, Avg: 0.1, Max: 0.2, Diff: 0.2, Sum: 0.5]
      [Update RS (ms): Min: 0.3, Avg: 0.3, Max: 0.4, Diff: 0.1, Sum: 3.2]
         [Processed Buffers: Min: 3, Avg: 4.0, Max: 6, Diff: 3, Sum: 40]
      [Scan RS (ms): Min: 0.0, Avg: 0.0, Max: 0.0, Diff: 0.0, Sum: 0.1]
      [Code Root Scanning (ms): Min: 0.0, Avg: 0.0, Max: 0.0, Diff: 0.0, Sum: 0.0]
      [Object Copy (ms): Min: 0.5, Avg: 0.6, Max: 0.7, Diff: 0.1, Sum: 6.3]
      [Termination (ms): Min: 0.0, Avg: 0.1, Max: 0.2, Diff: 0.2, Sum: 0.8]
         [Termination Attempts: Min: 1, Avg: 1.0, Max: 1, Diff: 0, Sum: 10]
      [GC Worker Other (ms): Min: 0.0, Avg: 0.0, Max: 0.0, Diff: 0.0, Sum: 0.1]
      [GC Worker Total (ms): Min: 1.0, Avg: 1.1, Max: 1.2, Diff: 0.2, Sum: 10.9]
      [GC Worker End (ms): Min: 297.9, Avg: 297.9, Max: 298.0, Diff: 0.1]
   [Code Root Fixup: 0.0 ms]
   [Code Root Purge: 0.0 ms]
   [Clear CT: 0.1 ms]
   [Other: 0.5 ms]
      [Choose CSet: 0.0 ms]
      [Ref Proc: 0.3 ms]
      [Ref Enq: 0.0 ms]
      [Redirty Cards: 0.1 ms]
      [Humongous Register: 0.0 ms]
      [Humongous Reclaim: 0.0 ms]
      [Free CSet: 0.0 ms]
   [Eden: 10.0M(10.0M)->0.0B(10.0M) Survivors: 2048.0K->2048.0K Heap: 201.0M(256.0M)->188.8M(256.0M)]
 [Times: user=0.01 sys=0.01, real=0.00 secs] 
2020-10-28T20:47:52.299-0800: 0.301: [GC pause (G1 Evacuation Pause) (young), 0.0013457 secs]
   [Parallel Time: 0.8 ms, GC Workers: 10]
      [GC Worker Start (ms): Min: 300.7, Avg: 300.8, Max: 300.8, Diff: 0.1]
      [Ext Root Scanning (ms): Min: 0.0, Avg: 0.1, Max: 0.2, Diff: 0.1, Sum: 1.0]
      [Update RS (ms): Min: 0.0, Avg: 0.0, Max: 0.1, Diff: 0.1, Sum: 0.4]
         [Processed Buffers: Min: 0, Avg: 1.0, Max: 2, Diff: 2, Sum: 10]
      [Scan RS (ms): Min: 0.0, Avg: 0.0, Max: 0.0, Diff: 0.0, Sum: 0.0]
      [Code Root Scanning (ms): Min: 0.0, Avg: 0.0, Max: 0.0, Diff: 0.0, Sum: 0.0]
      [Object Copy (ms): Min: 0.2, Avg: 0.3, Max: 0.4, Diff: 0.2, Sum: 3.0]
      [Termination (ms): Min: 0.0, Avg: 0.2, Max: 0.2, Diff: 0.2, Sum: 1.6]
         [Termination Attempts: Min: 1, Avg: 1.0, Max: 1, Diff: 0, Sum: 10]
      [GC Worker Other (ms): Min: 0.0, Avg: 0.0, Max: 0.0, Diff: 0.0, Sum: 0.1]
      [GC Worker Total (ms): Min: 0.6, Avg: 0.6, Max: 0.6, Diff: 0.1, Sum: 6.1]
      [GC Worker End (ms): Min: 301.3, Avg: 301.4, Max: 301.4, Diff: 0.1]
   [Code Root Fixup: 0.0 ms]
   [Code Root Purge: 0.0 ms]
   [Clear CT: 0.1 ms]
   [Other: 0.5 ms]
      [Choose CSet: 0.0 ms]
      [Ref Proc: 0.3 ms]
      [Ref Enq: 0.0 ms]
      [Redirty Cards: 0.1 ms]
      [Humongous Register: 0.0 ms]
      [Humongous Reclaim: 0.0 ms]
      [Free CSet: 0.0 ms]
   [Eden: 10.0M(10.0M)->0.0B(10.0M) Survivors: 2048.0K->2048.0K Heap: 198.8M(256.0M)->192.3M(256.0M)]
 [Times: user=0.01 sys=0.00, real=0.01 secs] 
2020-10-28T20:47:52.301-0800: 0.303: [GC pause (G1 Humongous Allocation) (young) (initial-mark), 0.0010323 secs]
   [Parallel Time: 0.5 ms, GC Workers: 10]
      [GC Worker Start (ms): Min: 303.0, Avg: 303.0, Max: 303.1, Diff: 0.1]
      [Ext Root Scanning (ms): Min: 0.1, Avg: 0.1, Max: 0.2, Diff: 0.1, Sum: 1.1]
      [Update RS (ms): Min: 0.0, Avg: 0.0, Max: 0.0, Diff: 0.0, Sum: 0.2]
         [Processed Buffers: Min: 0, Avg: 1.1, Max: 2, Diff: 2, Sum: 11]
      [Scan RS (ms): Min: 0.0, Avg: 0.0, Max: 0.0, Diff: 0.0, Sum: 0.0]
      [Code Root Scanning (ms): Min: 0.0, Avg: 0.0, Max: 0.0, Diff: 0.0, Sum: 0.0]
      [Object Copy (ms): Min: 0.1, Avg: 0.2, Max: 0.2, Diff: 0.1, Sum: 1.6]
      [Termination (ms): Min: 0.0, Avg: 0.1, Max: 0.1, Diff: 0.1, Sum: 0.7]
         [Termination Attempts: Min: 1, Avg: 1.0, Max: 1, Diff: 0, Sum: 10]
      [GC Worker Other (ms): Min: 0.0, Avg: 0.0, Max: 0.0, Diff: 0.0, Sum: 0.1]
      [GC Worker Total (ms): Min: 0.3, Avg: 0.4, Max: 0.4, Diff: 0.1, Sum: 3.7]
      [GC Worker End (ms): Min: 303.4, Avg: 303.4, Max: 303.4, Diff: 0.0]
   [Code Root Fixup: 0.0 ms]
   [Code Root Purge: 0.0 ms]
   [Clear CT: 0.1 ms]
   [Other: 0.4 ms]
      [Choose CSet: 0.0 ms]
      [Ref Proc: 0.2 ms]
      [Ref Enq: 0.0 ms]
      [Redirty Cards: 0.1 ms]
      [Humongous Register: 0.0 ms]
      [Humongous Reclaim: 0.0 ms]
      [Free CSet: 0.0 ms]
   [Eden: 5120.0K(10.0M)->0.0B(11.0M) Survivors: 2048.0K->1024.0K Heap: 196.8M(256.0M)->192.5M(256.0M)]
 [Times: user=0.00 sys=0.00, real=0.00 secs] 
2020-10-28T20:47:52.302-0800: 0.304: [GC concurrent-root-region-scan-start]
2020-10-28T20:47:52.302-0800: 0.304: [GC concurrent-root-region-scan-end, 0.0000884 secs]
2020-10-28T20:47:52.302-0800: 0.304: [GC concurrent-mark-start]
2020-10-28T20:47:52.303-0800: 0.305: [GC concurrent-mark-end, 0.0004625 secs]
2020-10-28T20:47:52.303-0800: 0.305: [GC remark 2020-10-28T20:47:52.303-0800: 0.305: [Finalize Marking, 0.0003000 secs] 2020-10-28T20:47:52.303-0800: 0.305: [GC ref-proc, 0.0000516 secs] 2020-10-28T20:47:52.303-0800: 0.305: [Unloading, 0.0004051 secs], 0.0011544 secs]
 [Times: user=0.01 sys=0.00, real=0.00 secs] 
2020-10-28T20:47:52.304-0800: 0.306: [GC cleanup 195M->195M(256M), 0.0004828 secs]
 [Times: user=0.00 sys=0.00, real=0.00 secs] 
2020-10-28T20:47:52.306-0800: 0.308: [GC pause (G1 Evacuation Pause) (young), 0.0012545 secs]
   [Parallel Time: 0.7 ms, GC Workers: 10]
      [GC Worker Start (ms): Min: 308.2, Avg: 308.3, Max: 308.3, Diff: 0.1]
      [Ext Root Scanning (ms): Min: 0.0, Avg: 0.1, Max: 0.1, Diff: 0.1, Sum: 1.0]
      [Update RS (ms): Min: 0.2, Avg: 0.3, Max: 0.3, Diff: 0.1, Sum: 2.6]
         [Processed Buffers: Min: 3, Avg: 3.8, Max: 5, Diff: 2, Sum: 38]
      [Scan RS (ms): Min: 0.0, Avg: 0.0, Max: 0.0, Diff: 0.0, Sum: 0.0]
      [Code Root Scanning (ms): Min: 0.0, Avg: 0.0, Max: 0.0, Diff: 0.0, Sum: 0.0]
      [Object Copy (ms): Min: 0.1, Avg: 0.2, Max: 0.2, Diff: 0.1, Sum: 1.9]
      [Termination (ms): Min: 0.0, Avg: 0.0, Max: 0.1, Diff: 0.1, Sum: 0.2]
         [Termination Attempts: Min: 1, Avg: 1.0, Max: 1, Diff: 0, Sum: 10]
      [GC Worker Other (ms): Min: 0.0, Avg: 0.0, Max: 0.0, Diff: 0.0, Sum: 0.1]
      [GC Worker Total (ms): Min: 0.5, Avg: 0.6, Max: 0.6, Diff: 0.1, Sum: 5.8]
      [GC Worker End (ms): Min: 308.8, Avg: 308.9, Max: 308.9, Diff: 0.0]
   [Code Root Fixup: 0.0 ms]
   [Code Root Purge: 0.0 ms]
   [Clear CT: 0.1 ms]
   [Other: 0.5 ms]
      [Choose CSet: 0.0 ms]
      [Ref Proc: 0.3 ms]
      [Ref Enq: 0.0 ms]
      [Redirty Cards: 0.1 ms]
      [Humongous Register: 0.0 ms]
      [Humongous Reclaim: 0.0 ms]
      [Free CSet: 0.0 ms]
   [Eden: 11.0M(11.0M)->0.0B(10.0M) Survivors: 1024.0K->2048.0K Heap: 206.8M(256.0M)->196.2M(256.0M)]
 [Times: user=0.01 sys=0.00, real=0.00 secs] 
2020-10-28T20:47:52.310-0800: 0.311: [GC pause (G1 Evacuation Pause) (mixed), 0.0018640 secs]
   [Parallel Time: 1.3 ms, GC Workers: 10]
      [GC Worker Start (ms): Min: 311.4, Avg: 311.4, Max: 311.5, Diff: 0.1]
      [Ext Root Scanning (ms): Min: 0.1, Avg: 0.1, Max: 0.2, Diff: 0.1, Sum: 1.1]
      [Update RS (ms): Min: 0.0, Avg: 0.0, Max: 0.0, Diff: 0.0, Sum: 0.2]
         [Processed Buffers: Min: 1, Avg: 1.2, Max: 2, Diff: 1, Sum: 12]
      [Scan RS (ms): Min: 0.0, Avg: 0.0, Max: 0.0, Diff: 0.0, Sum: 0.1]
      [Code Root Scanning (ms): Min: 0.0, Avg: 0.0, Max: 0.0, Diff: 0.0, Sum: 0.0]
      [Object Copy (ms): Min: 0.9, Avg: 0.9, Max: 1.0, Diff: 0.1, Sum: 9.5]
      [Termination (ms): Min: 0.0, Avg: 0.0, Max: 0.1, Diff: 0.1, Sum: 0.5]
         [Termination Attempts: Min: 1, Avg: 1.0, Max: 1, Diff: 0, Sum: 10]
      [GC Worker Other (ms): Min: 0.0, Avg: 0.0, Max: 0.0, Diff: 0.0, Sum: 0.1]
      [GC Worker Total (ms): Min: 1.1, Avg: 1.1, Max: 1.2, Diff: 0.1, Sum: 11.4]
      [GC Worker End (ms): Min: 312.5, Avg: 312.6, Max: 312.6, Diff: 0.0]
   [Code Root Fixup: 0.0 ms]
   [Code Root Purge: 0.0 ms]
   [Clear CT: 0.1 ms]
   [Other: 0.5 ms]
      [Choose CSet: 0.0 ms]
      [Ref Proc: 0.3 ms]
      [Ref Enq: 0.0 ms]
      [Redirty Cards: 0.1 ms]
      [Humongous Register: 0.0 ms]
      [Humongous Reclaim: 0.0 ms]
      [Free CSet: 0.0 ms]
   [Eden: 10.0M(10.0M)->0.0B(10.0M) Survivors: 2048.0K->2048.0K Heap: 206.2M(256.0M)->191.6M(256.0M)]
 [Times: user=0.01 sys=0.00, real=0.00 secs] 
2020-10-28T20:47:52.312-0800: 0.314: [GC pause (G1 Humongous Allocation) (young) (initial-mark), 0.0011495 secs]
   [Parallel Time: 0.6 ms, GC Workers: 10]
      [GC Worker Start (ms): Min: 314.3, Avg: 314.4, Max: 314.4, Diff: 0.1]
      [Ext Root Scanning (ms): Min: 0.0, Avg: 0.1, Max: 0.2, Diff: 0.1, Sum: 1.0]
      [Update RS (ms): Min: 0.0, Avg: 0.0, Max: 0.0, Diff: 0.0, Sum: 0.2]
         [Processed Buffers: Min: 1, Avg: 1.1, Max: 2, Diff: 1, Sum: 11]
      [Scan RS (ms): Min: 0.0, Avg: 0.0, Max: 0.0, Diff: 0.0, Sum: 0.0]
      [Code Root Scanning (ms): Min: 0.0, Avg: 0.0, Max: 0.0, Diff: 0.0, Sum: 0.0]
      [Object Copy (ms): Min: 0.2, Avg: 0.2, Max: 0.3, Diff: 0.1, Sum: 2.5]
      [Termination (ms): Min: 0.0, Avg: 0.0, Max: 0.1, Diff: 0.1, Sum: 0.2]
         [Termination Attempts: Min: 1, Avg: 1.0, Max: 1, Diff: 0, Sum: 10]
      [GC Worker Other (ms): Min: 0.0, Avg: 0.0, Max: 0.0, Diff: 0.0, Sum: 0.1]
      [GC Worker Total (ms): Min: 0.4, Avg: 0.4, Max: 0.5, Diff: 0.1, Sum: 4.1]
      [GC Worker End (ms): Min: 314.8, Avg: 314.8, Max: 314.8, Diff: 0.0]
   [Code Root Fixup: 0.0 ms]
   [Code Root Purge: 0.0 ms]
   [Clear CT: 0.1 ms]
   [Other: 0.5 ms]
      [Choose CSet: 0.0 ms]
      [Ref Proc: 0.3 ms]
      [Ref Enq: 0.0 ms]
      [Redirty Cards: 0.1 ms]
      [Humongous Register: 0.0 ms]
      [Humongous Reclaim: 0.0 ms]
      [Free CSet: 0.0 ms]
   [Eden: 5120.0K(10.0M)->0.0B(10.0M) Survivors: 2048.0K->2048.0K Heap: 195.7M(256.0M)->193.1M(256.0M)]
 [Times: user=0.00 sys=0.00, real=0.00 secs] 
2020-10-28T20:47:52.314-0800: 0.315: [GC concurrent-root-region-scan-start]
2020-10-28T20:47:52.314-0800: 0.316: [GC concurrent-root-region-scan-end, 0.0000749 secs]
2020-10-28T20:47:52.314-0800: 0.316: [GC concurrent-mark-start]
2020-10-28T20:47:52.314-0800: 0.316: [GC concurrent-mark-end, 0.0004663 secs]
2020-10-28T20:47:52.314-0800: 0.316: [GC remark 2020-10-28T20:47:52.314-0800: 0.316: [Finalize Marking, 0.0002048 secs] 2020-10-28T20:47:52.315-0800: 0.316: [GC ref-proc, 0.0000504 secs] 2020-10-28T20:47:52.315-0800: 0.316: [Unloading, 0.0004024 secs], 0.0010641 secs]
 [Times: user=0.01 sys=0.00, real=0.00 secs] 
2020-10-28T20:47:52.315-0800: 0.317: [GC cleanup 195M->195M(256M), 0.0004672 secs]
 [Times: user=0.00 sys=0.00, real=0.00 secs] 
2020-10-28T20:47:52.318-0800: 0.320: [GC pause (G1 Evacuation Pause) (young), 0.0013105 secs]
   [Parallel Time: 0.8 ms, GC Workers: 10]
      [GC Worker Start (ms): Min: 319.7, Avg: 319.8, Max: 319.8, Diff: 0.1]
      [Ext Root Scanning (ms): Min: 0.1, Avg: 0.1, Max: 0.1, Diff: 0.1, Sum: 1.0]
      [Update RS (ms): Min: 0.2, Avg: 0.2, Max: 0.2, Diff: 0.0, Sum: 2.2]
         [Processed Buffers: Min: 2, Avg: 3.2, Max: 4, Diff: 2, Sum: 32]
      [Scan RS (ms): Min: 0.0, Avg: 0.0, Max: 0.0, Diff: 0.0, Sum: 0.0]
      [Code Root Scanning (ms): Min: 0.0, Avg: 0.0, Max: 0.0, Diff: 0.0, Sum: 0.0]
      [Object Copy (ms): Min: 0.2, Avg: 0.2, Max: 0.3, Diff: 0.1, Sum: 2.4]
      [Termination (ms): Min: 0.0, Avg: 0.1, Max: 0.1, Diff: 0.1, Sum: 0.7]
         [Termination Attempts: Min: 1, Avg: 1.0, Max: 1, Diff: 0, Sum: 10]
      [GC Worker Other (ms): Min: 0.0, Avg: 0.0, Max: 0.0, Diff: 0.0, Sum: 0.1]
      [GC Worker Total (ms): Min: 0.6, Avg: 0.6, Max: 0.7, Diff: 0.1, Sum: 6.3]
      [GC Worker End (ms): Min: 320.4, Avg: 320.4, Max: 320.5, Diff: 0.1]
   [Code Root Fixup: 0.0 ms]
   [Code Root Purge: 0.0 ms]
   [Clear CT: 0.1 ms]
   [Other: 0.4 ms]
      [Choose CSet: 0.0 ms]
      [Ref Proc: 0.3 ms]
      [Ref Enq: 0.0 ms]
      [Redirty Cards: 0.1 ms]
      [Humongous Register: 0.0 ms]
      [Humongous Reclaim: 0.0 ms]
      [Free CSet: 0.0 ms]
   [Eden: 10.0M(10.0M)->0.0B(10.0M) Survivors: 2048.0K->2048.0K Heap: 205.8M(256.0M)->196.9M(256.0M)]
 [Times: user=0.01 sys=0.00, real=0.00 secs] 
2020-10-28T20:47:52.321-0800: 0.323: [GC pause (G1 Evacuation Pause) (mixed), 0.0020095 secs]
   [Parallel Time: 1.4 ms, GC Workers: 10]
      [GC Worker Start (ms): Min: 322.9, Avg: 323.0, Max: 323.0, Diff: 0.1]
      [Ext Root Scanning (ms): Min: 0.0, Avg: 0.1, Max: 0.2, Diff: 0.1, Sum: 1.0]
      [Update RS (ms): Min: 0.2, Avg: 0.2, Max: 0.2, Diff: 0.0, Sum: 2.1]
         [Processed Buffers: Min: 3, Avg: 3.2, Max: 4, Diff: 1, Sum: 32]
      [Scan RS (ms): Min: 0.0, Avg: 0.0, Max: 0.0, Diff: 0.0, Sum: 0.1]
      [Code Root Scanning (ms): Min: 0.0, Avg: 0.0, Max: 0.0, Diff: 0.0, Sum: 0.0]
      [Object Copy (ms): Min: 0.8, Avg: 0.8, Max: 0.9, Diff: 0.1, Sum: 8.3]
      [Termination (ms): Min: 0.0, Avg: 0.1, Max: 0.1, Diff: 0.1, Sum: 0.5]
         [Termination Attempts: Min: 1, Avg: 1.1, Max: 2, Diff: 1, Sum: 11]
      [GC Worker Other (ms): Min: 0.0, Avg: 0.0, Max: 0.0, Diff: 0.0, Sum: 0.1]
      [GC Worker Total (ms): Min: 1.1, Avg: 1.2, Max: 1.3, Diff: 0.2, Sum: 12.0]
      [GC Worker End (ms): Min: 324.2, Avg: 324.2, Max: 324.2, Diff: 0.1]
   [Code Root Fixup: 0.0 ms]
   [Code Root Purge: 0.0 ms]
   [Clear CT: 0.2 ms]
   [Other: 0.5 ms]
      [Choose CSet: 0.0 ms]
      [Ref Proc: 0.3 ms]
      [Ref Enq: 0.0 ms]
      [Redirty Cards: 0.1 ms]
      [Humongous Register: 0.0 ms]
      [Humongous Reclaim: 0.0 ms]
      [Free CSet: 0.0 ms]
   [Eden: 10.0M(10.0M)->0.0B(10.0M) Survivors: 2048.0K->2048.0K Heap: 209.5M(256.0M)->197.2M(256.0M)]
 [Times: user=0.01 sys=0.00, real=0.00 secs] 
2020-10-28T20:47:52.324-0800: 0.325: [GC pause (G1 Humongous Allocation) (young) (initial-mark), 0.0012180 secs]
   [Parallel Time: 0.7 ms, GC Workers: 10]
      [GC Worker Start (ms): Min: 325.5, Avg: 325.6, Max: 325.6, Diff: 0.1]
      [Ext Root Scanning (ms): Min: 0.1, Avg: 0.1, Max: 0.2, Diff: 0.1, Sum: 1.1]
      [Update RS (ms): Min: 0.0, Avg: 0.1, Max: 0.1, Diff: 0.1, Sum: 0.5]
         [Processed Buffers: Min: 1, Avg: 1.1, Max: 2, Diff: 1, Sum: 11]
      [Scan RS (ms): Min: 0.0, Avg: 0.0, Max: 0.0, Diff: 0.0, Sum: 0.0]
      [Code Root Scanning (ms): Min: 0.0, Avg: 0.0, Max: 0.0, Diff: 0.0, Sum: 0.0]
      [Object Copy (ms): Min: 0.1, Avg: 0.1, Max: 0.2, Diff: 0.2, Sum: 1.3]
      [Termination (ms): Min: 0.0, Avg: 0.2, Max: 0.2, Diff: 0.2, Sum: 1.7]
         [Termination Attempts: Min: 1, Avg: 1.0, Max: 1, Diff: 0, Sum: 10]
      [GC Worker Other (ms): Min: 0.0, Avg: 0.0, Max: 0.0, Diff: 0.0, Sum: 0.1]
      [GC Worker Total (ms): Min: 0.4, Avg: 0.5, Max: 0.6, Diff: 0.2, Sum: 4.7]
      [GC Worker End (ms): Min: 326.0, Avg: 326.1, Max: 326.1, Diff: 0.1]
   [Code Root Fixup: 0.0 ms]
   [Code Root Purge: 0.0 ms]
   [Clear CT: 0.2 ms]
   [Other: 0.4 ms]
      [Choose CSet: 0.0 ms]
      [Ref Proc: 0.2 ms]
      [Ref Enq: 0.0 ms]
      [Redirty Cards: 0.1 ms]
      [Humongous Register: 0.0 ms]
      [Humongous Reclaim: 0.0 ms]
      [Free CSet: 0.0 ms]
   [Eden: 3072.0K(10.0M)->0.0B(11.0M) Survivors: 2048.0K->1024.0K Heap: 199.4M(256.0M)->197.7M(256.0M)]
 [Times: user=0.01 sys=0.00, real=0.00 secs] 
2020-10-28T20:47:52.325-0800: 0.327: [GC concurrent-root-region-scan-start]
2020-10-28T20:47:52.325-0800: 0.327: [GC concurrent-root-region-scan-end, 0.0000455 secs]
2020-10-28T20:47:52.325-0800: 0.327: [GC concurrent-mark-start]
2020-10-28T20:47:52.326-0800: 0.327: [GC concurrent-mark-end, 0.0005273 secs]
2020-10-28T20:47:52.326-0800: 0.327: [GC remark 2020-10-28T20:47:52.326-0800: 0.327: [Finalize Marking, 0.0002799 secs] 2020-10-28T20:47:52.326-0800: 0.328: [GC ref-proc, 0.0000486 secs] 2020-10-28T20:47:52.326-0800: 0.328: [Unloading, 0.0004418 secs], 0.0012151 secs]
 [Times: user=0.01 sys=0.00, real=0.00 secs] 
2020-10-28T20:47:52.327-0800: 0.329: [GC cleanup 202M->202M(256M), 0.0005055 secs]
 [Times: user=0.00 sys=0.00, real=0.00 secs] 
2020-10-28T20:47:52.329-0800: 0.331: [GC pause (G1 Evacuation Pause) (young), 0.0012454 secs]
   [Parallel Time: 0.8 ms, GC Workers: 10]
      [GC Worker Start (ms): Min: 331.0, Avg: 331.0, Max: 331.0, Diff: 0.1]
      [Ext Root Scanning (ms): Min: 0.1, Avg: 0.1, Max: 0.1, Diff: 0.1, Sum: 1.1]
      [Update RS (ms): Min: 0.2, Avg: 0.2, Max: 0.3, Diff: 0.1, Sum: 2.3]
         [Processed Buffers: Min: 2, Avg: 3.3, Max: 5, Diff: 3, Sum: 33]
      [Scan RS (ms): Min: 0.0, Avg: 0.0, Max: 0.0, Diff: 0.0, Sum: 0.0]
      [Code Root Scanning (ms): Min: 0.0, Avg: 0.0, Max: 0.0, Diff: 0.0, Sum: 0.0]
      [Object Copy (ms): Min: 0.2, Avg: 0.3, Max: 0.3, Diff: 0.1, Sum: 2.9]
      [Termination (ms): Min: 0.0, Avg: 0.1, Max: 0.1, Diff: 0.1, Sum: 0.6]
         [Termination Attempts: Min: 1, Avg: 1.0, Max: 1, Diff: 0, Sum: 10]
      [GC Worker Other (ms): Min: 0.0, Avg: 0.0, Max: 0.0, Diff: 0.0, Sum: 0.1]
      [GC Worker Total (ms): Min: 0.7, Avg: 0.7, Max: 0.7, Diff: 0.1, Sum: 7.0]
      [GC Worker End (ms): Min: 331.7, Avg: 331.7, Max: 331.7, Diff: 0.0]
   [Code Root Fixup: 0.0 ms]
   [Code Root Purge: 0.0 ms]
   [Clear CT: 0.1 ms]
   [Other: 0.3 ms]
      [Choose CSet: 0.0 ms]
      [Ref Proc: 0.2 ms]
      [Ref Enq: 0.0 ms]
      [Redirty Cards: 0.1 ms]
      [Humongous Register: 0.0 ms]
      [Humongous Reclaim: 0.0 ms]
      [Free CSet: 0.0 ms]
   [Eden: 11.0M(11.0M)->0.0B(10.0M) Survivors: 1024.0K->2048.0K Heap: 211.6M(256.0M)->202.9M(256.0M)]
 [Times: user=0.01 sys=0.01, real=0.01 secs] 
2020-10-28T20:47:52.333-0800: 0.334: [GC pause (G1 Evacuation Pause) (mixed) (to-space exhausted), 0.0019439 secs]
   [Parallel Time: 1.1 ms, GC Workers: 10]
      [GC Worker Start (ms): Min: 334.4, Avg: 334.5, Max: 334.6, Diff: 0.2]
      [Ext Root Scanning (ms): Min: 0.0, Avg: 0.1, Max: 0.2, Diff: 0.2, Sum: 0.5]
      [Update RS (ms): Min: 0.2, Avg: 0.3, Max: 0.3, Diff: 0.1, Sum: 2.6]
         [Processed Buffers: Min: 3, Avg: 3.6, Max: 4, Diff: 1, Sum: 36]
      [Scan RS (ms): Min: 0.0, Avg: 0.0, Max: 0.0, Diff: 0.0, Sum: 0.1]
      [Code Root Scanning (ms): Min: 0.0, Avg: 0.0, Max: 0.0, Diff: 0.0, Sum: 0.0]
      [Object Copy (ms): Min: 0.5, Avg: 0.6, Max: 0.6, Diff: 0.1, Sum: 5.8]
      [Termination (ms): Min: 0.0, Avg: 0.1, Max: 0.1, Diff: 0.1, Sum: 0.5]
         [Termination Attempts: Min: 1, Avg: 1.0, Max: 1, Diff: 0, Sum: 10]
      [GC Worker Other (ms): Min: 0.0, Avg: 0.0, Max: 0.0, Diff: 0.0, Sum: 0.1]
      [GC Worker Total (ms): Min: 0.9, Avg: 1.0, Max: 1.1, Diff: 0.2, Sum: 9.6]
      [GC Worker End (ms): Min: 335.5, Avg: 335.5, Max: 335.5, Diff: 0.0]
   [Code Root Fixup: 0.0 ms]
   [Code Root Purge: 0.0 ms]
   [Clear CT: 0.1 ms]
   [Other: 0.7 ms]
      [Evacuation Failure: 0.2 ms]
      [Choose CSet: 0.0 ms]
      [Ref Proc: 0.3 ms]
      [Ref Enq: 0.0 ms]
      [Redirty Cards: 0.1 ms]
      [Humongous Register: 0.0 ms]
      [Humongous Reclaim: 0.0 ms]
      [Free CSet: 0.0 ms]
   [Eden: 10.0M(10.0M)->0.0B(10.0M) Survivors: 2048.0K->2048.0K Heap: 216.3M(256.0M)->215.1M(256.0M)]
 [Times: user=0.01 sys=0.00, real=0.00 secs] 
2020-10-28T20:47:52.336-0800: 0.338: [GC pause (G1 Humongous Allocation) (young) (initial-mark) (to-space exhausted), 0.0010906 secs]
   [Parallel Time: 0.4 ms, GC Workers: 10]
      [GC Worker Start (ms): Min: 337.9, Avg: 338.0, Max: 338.1, Diff: 0.1]
      [Ext Root Scanning (ms): Min: 0.1, Avg: 0.1, Max: 0.2, Diff: 0.1, Sum: 1.0]
      [Update RS (ms): Min: 0.0, Avg: 0.0, Max: 0.1, Diff: 0.0, Sum: 0.3]
         [Processed Buffers: Min: 1, Avg: 2.3, Max: 5, Diff: 4, Sum: 23]
      [Scan RS (ms): Min: 0.0, Avg: 0.0, Max: 0.0, Diff: 0.0, Sum: 0.0]
      [Code Root Scanning (ms): Min: 0.0, Avg: 0.0, Max: 0.0, Diff: 0.0, Sum: 0.0]
      [Object Copy (ms): Min: 0.0, Avg: 0.0, Max: 0.1, Diff: 0.1, Sum: 0.4]
      [Termination (ms): Min: 0.0, Avg: 0.0, Max: 0.1, Diff: 0.1, Sum: 0.3]
         [Termination Attempts: Min: 1, Avg: 1.0, Max: 1, Diff: 0, Sum: 10]
      [GC Worker Other (ms): Min: 0.0, Avg: 0.0, Max: 0.0, Diff: 0.0, Sum: 0.1]
      [GC Worker Total (ms): Min: 0.2, Avg: 0.2, Max: 0.3, Diff: 0.2, Sum: 2.2]
      [GC Worker End (ms): Min: 338.2, Avg: 338.2, Max: 338.2, Diff: 0.0]
   [Code Root Fixup: 0.0 ms]
   [Code Root Purge: 0.0 ms]
   [Clear CT: 0.1 ms]
   [Other: 0.6 ms]
      [Evacuation Failure: 0.1 ms]
      [Choose CSet: 0.0 ms]
      [Ref Proc: 0.3 ms]
      [Ref Enq: 0.0 ms]
      [Redirty Cards: 0.1 ms]
      [Humongous Register: 0.0 ms]
      [Humongous Reclaim: 0.0 ms]
      [Free CSet: 0.0 ms]
   [Eden: 9216.0K(10.0M)->0.0B(11.0M) Survivors: 2048.0K->1024.0K Heap: 223.4M(256.0M)->217.1M(256.0M)]
 [Times: user=0.01 sys=0.00, real=0.00 secs] 
2020-10-28T20:47:52.337-0800: 0.339: [GC concurrent-root-region-scan-start]
2020-10-28T20:47:52.337-0800: 0.339: [GC concurrent-root-region-scan-end, 0.0000864 secs]
2020-10-28T20:47:52.337-0800: 0.339: [GC concurrent-mark-start]
2020-10-28T20:47:52.338-0800: 0.340: [GC concurrent-mark-end, 0.0004977 secs]
2020-10-28T20:47:52.338-0800: 0.340: [GC remark 2020-10-28T20:47:52.338-0800: 0.340: [Finalize Marking, 0.0001802 secs] 2020-10-28T20:47:52.338-0800: 0.340: [GC ref-proc, 0.0000591 secs] 2020-10-28T20:47:52.338-0800: 0.340: [Unloading, 0.0004170 secs], 0.0010547 secs]
 [Times: user=0.00 sys=0.00, real=0.00 secs] 
2020-10-28T20:47:52.339-0800: 0.341: [GC cleanup 222M->222M(256M), 0.0005105 secs]
 [Times: user=0.01 sys=0.00, real=0.01 secs] 
2020-10-28T20:47:52.340-0800: 0.342: [GC pause (G1 Evacuation Pause) (young) (to-space exhausted), 0.0009310 secs]
   [Parallel Time: 0.4 ms, GC Workers: 10]
      [GC Worker Start (ms): Min: 342.0, Avg: 342.0, Max: 342.0, Diff: 0.1]
      [Ext Root Scanning (ms): Min: 0.1, Avg: 0.1, Max: 0.1, Diff: 0.1, Sum: 1.0]
      [Update RS (ms): Min: 0.1, Avg: 0.2, Max: 0.2, Diff: 0.1, Sum: 1.5]
         [Processed Buffers: Min: 2, Avg: 3.7, Max: 5, Diff: 3, Sum: 37]
      [Scan RS (ms): Min: 0.0, Avg: 0.0, Max: 0.0, Diff: 0.0, Sum: 0.0]
      [Code Root Scanning (ms): Min: 0.0, Avg: 0.0, Max: 0.0, Diff: 0.0, Sum: 0.0]
      [Object Copy (ms): Min: 0.0, Avg: 0.0, Max: 0.0, Diff: 0.0, Sum: 0.1]
      [Termination (ms): Min: 0.0, Avg: 0.0, Max: 0.1, Diff: 0.1, Sum: 0.4]
         [Termination Attempts: Min: 1, Avg: 1.0, Max: 1, Diff: 0, Sum: 10]
      [GC Worker Other (ms): Min: 0.0, Avg: 0.0, Max: 0.0, Diff: 0.0, Sum: 0.1]
      [GC Worker Total (ms): Min: 0.3, Avg: 0.3, Max: 0.4, Diff: 0.1, Sum: 3.1]
      [GC Worker End (ms): Min: 342.3, Avg: 342.3, Max: 342.3, Diff: 0.0]
   [Code Root Fixup: 0.0 ms]
   [Code Root Purge: 0.0 ms]
   [Clear CT: 0.1 ms]
   [Other: 0.4 ms]
      [Evacuation Failure: 0.1 ms]
      [Choose CSet: 0.0 ms]
      [Ref Proc: 0.2 ms]
      [Ref Enq: 0.0 ms]
      [Redirty Cards: 0.1 ms]
      [Humongous Register: 0.0 ms]
      [Humongous Reclaim: 0.0 ms]
      [Free CSet: 0.0 ms]
   [Eden: 5120.0K(11.0M)->0.0B(12.0M) Survivors: 1024.0K->0.0B Heap: 224.0M(256.0M)->222.0M(256.0M)]
 [Times: user=0.00 sys=0.00, real=0.00 secs] 
2020-10-28T20:47:52.342-0800: 0.343: [GC pause (G1 Evacuation Pause) (mixed) (to-space exhausted), 0.0007890 secs]
   [Parallel Time: 0.3 ms, GC Workers: 10]
      [GC Worker Start (ms): Min: 343.5, Avg: 343.6, Max: 343.6, Diff: 0.1]
      [Ext Root Scanning (ms): Min: 0.1, Avg: 0.1, Max: 0.1, Diff: 0.1, Sum: 1.1]
      [Update RS (ms): Min: 0.0, Avg: 0.0, Max: 0.0, Diff: 0.0, Sum: 0.2]
         [Processed Buffers: Min: 1, Avg: 1.7, Max: 3, Diff: 2, Sum: 17]
      [Scan RS (ms): Min: 0.0, Avg: 0.0, Max: 0.0, Diff: 0.0, Sum: 0.1]
      [Code Root Scanning (ms): Min: 0.0, Avg: 0.0, Max: 0.0, Diff: 0.0, Sum: 0.0]
      [Object Copy (ms): Min: 0.1, Avg: 0.1, Max: 0.1, Diff: 0.0, Sum: 0.7]
      [Termination (ms): Min: 0.0, Avg: 0.0, Max: 0.0, Diff: 0.0, Sum: 0.1]
         [Termination Attempts: Min: 1, Avg: 1.0, Max: 1, Diff: 0, Sum: 10]
      [GC Worker Other (ms): Min: 0.0, Avg: 0.0, Max: 0.0, Diff: 0.0, Sum: 0.1]
      [GC Worker Total (ms): Min: 0.2, Avg: 0.2, Max: 0.3, Diff: 0.1, Sum: 2.3]
      [GC Worker End (ms): Min: 343.8, Avg: 343.8, Max: 343.8, Diff: 0.0]
   [Code Root Fixup: 0.0 ms]
   [Code Root Purge: 0.0 ms]
   [Clear CT: 0.1 ms]
   [Other: 0.4 ms]
      [Evacuation Failure: 0.1 ms]
      [Choose CSet: 0.0 ms]
      [Ref Proc: 0.1 ms]
      [Ref Enq: 0.0 ms]
      [Redirty Cards: 0.1 ms]
      [Humongous Register: 0.0 ms]
      [Humongous Reclaim: 0.0 ms]
      [Free CSet: 0.0 ms]
   [Eden: 3072.0K(12.0M)->0.0B(12.0M) Survivors: 0.0B->0.0B Heap: 225.0M(256.0M)->225.0M(256.0M)]
 [Times: user=0.00 sys=0.00, real=0.00 secs] 
2020-10-28T20:47:52.343-0800: 0.344: [Full GC (Allocation Failure)  224M->183M(256M), 0.0187817 secs]
   [Eden: 0.0B(12.0M)->0.0B(12.0M) Survivors: 0.0B->0.0B Heap: 225.0M(256.0M)->183.2M(256.0M)], [Metaspace: 2711K->2711K(1056768K)]
 [Times: user=0.02 sys=0.00, real=0.02 secs] 
2020-10-28T20:47:52.362-0800: 0.363: [GC pause (G1 Humongous Allocation) (young) (initial-mark), 0.0010021 secs]
   [Parallel Time: 0.5 ms, GC Workers: 10]
      [GC Worker Start (ms): Min: 363.4, Avg: 363.5, Max: 363.5, Diff: 0.1]
      [Ext Root Scanning (ms): Min: 0.1, Avg: 0.1, Max: 0.2, Diff: 0.1, Sum: 1.1]
      [Update RS (ms): Min: 0.0, Avg: 0.0, Max: 0.1, Diff: 0.1, Sum: 0.1]
         [Processed Buffers: Min: 0, Avg: 0.1, Max: 1, Diff: 1, Sum: 1]
      [Scan RS (ms): Min: 0.0, Avg: 0.0, Max: 0.0, Diff: 0.0, Sum: 0.0]
      [Code Root Scanning (ms): Min: 0.0, Avg: 0.0, Max: 0.0, Diff: 0.0, Sum: 0.0]
      [Object Copy (ms): Min: 0.0, Avg: 0.0, Max: 0.0, Diff: 0.0, Sum: 0.0]
      [Termination (ms): Min: 0.0, Avg: 0.2, Max: 0.3, Diff: 0.3, Sum: 1.9]
         [Termination Attempts: Min: 1, Avg: 1.0, Max: 1, Diff: 0, Sum: 10]
      [GC Worker Other (ms): Min: 0.0, Avg: 0.0, Max: 0.0, Diff: 0.0, Sum: 0.1]
      [GC Worker Total (ms): Min: 0.2, Avg: 0.3, Max: 0.4, Diff: 0.2, Sum: 3.2]
      [GC Worker End (ms): Min: 363.7, Avg: 363.8, Max: 363.9, Diff: 0.1]
   [Code Root Fixup: 0.0 ms]
   [Code Root Purge: 0.0 ms]
   [Clear CT: 0.1 ms]
   [Other: 0.4 ms]
      [Choose CSet: 0.0 ms]
      [Ref Proc: 0.2 ms]
      [Ref Enq: 0.0 ms]
      [Redirty Cards: 0.1 ms]
      [Humongous Register: 0.0 ms]
      [Humongous Reclaim: 0.0 ms]
      [Free CSet: 0.0 ms]
   [Eden: 1024.0K(12.0M)->0.0B(12.0M) Survivors: 0.0B->0.0B Heap: 183.7M(256.0M)->183.2M(256.0M)]
 [Times: user=0.01 sys=0.00, real=0.00 secs] 
2020-10-28T20:47:52.363-0800: 0.364: [GC concurrent-root-region-scan-start]
2020-10-28T20:47:52.363-0800: 0.364: [GC concurrent-root-region-scan-end, 0.0000058 secs]
2020-10-28T20:47:52.363-0800: 0.364: [GC concurrent-mark-start]
2020-10-28T20:47:52.363-0800: 0.365: [GC concurrent-mark-end, 0.0004919 secs]
2020-10-28T20:47:52.363-0800: 0.365: [GC remark 2020-10-28T20:47:52.363-0800: 0.365: [Finalize Marking, 0.0002887 secs] 2020-10-28T20:47:52.364-0800: 0.365: [GC ref-proc, 0.0000526 secs] 2020-10-28T20:47:52.364-0800: 0.365: [Unloading, 0.0004468 secs], 0.0012057 secs]
 [Times: user=0.00 sys=0.00, real=0.00 secs] 
2020-10-28T20:47:52.365-0800: 0.366: [GC cleanup 187M->187M(256M), 0.0005307 secs]
 [Times: user=0.00 sys=0.00, real=0.00 secs] 
2020-10-28T20:47:52.367-0800: 0.369: [GC pause (G1 Evacuation Pause) (young), 0.0014104 secs]
   [Parallel Time: 0.8 ms, GC Workers: 10]
      [GC Worker Start (ms): Min: 369.2, Avg: 369.3, Max: 369.3, Diff: 0.1]
      [Ext Root Scanning (ms): Min: 0.0, Avg: 0.1, Max: 0.2, Diff: 0.1, Sum: 0.9]
      [Update RS (ms): Min: 0.2, Avg: 0.2, Max: 0.2, Diff: 0.1, Sum: 2.1]
         [Processed Buffers: Min: 2, Avg: 2.3, Max: 4, Diff: 2, Sum: 23]
      [Scan RS (ms): Min: 0.0, Avg: 0.0, Max: 0.0, Diff: 0.0, Sum: 0.0]
      [Code Root Scanning (ms): Min: 0.0, Avg: 0.0, Max: 0.0, Diff: 0.0, Sum: 0.0]
      [Object Copy (ms): Min: 0.2, Avg: 0.2, Max: 0.3, Diff: 0.1, Sum: 2.4]
      [Termination (ms): Min: 0.0, Avg: 0.1, Max: 0.1, Diff: 0.1, Sum: 0.6]
         [Termination Attempts: Min: 1, Avg: 1.0, Max: 1, Diff: 0, Sum: 10]
      [GC Worker Other (ms): Min: 0.0, Avg: 0.0, Max: 0.0, Diff: 0.0, Sum: 0.1]
      [GC Worker Total (ms): Min: 0.5, Avg: 0.6, Max: 0.7, Diff: 0.1, Sum: 6.0]
      [GC Worker End (ms): Min: 369.9, Avg: 369.9, Max: 369.9, Diff: 0.1]
   [Code Root Fixup: 0.0 ms]
   [Code Root Purge: 0.0 ms]
   [Clear CT: 0.1 ms]
   [Other: 0.5 ms]
      [Choose CSet: 0.0 ms]
      [Ref Proc: 0.3 ms]
      [Ref Enq: 0.0 ms]
      [Redirty Cards: 0.1 ms]
      [Humongous Register: 0.0 ms]
      [Humongous Reclaim: 0.0 ms]
      [Free CSet: 0.0 ms]
   [Eden: 12.0M(12.0M)->0.0B(10.0M) Survivors: 0.0B->2048.0K Heap: 197.8M(256.0M)->187.5M(256.0M)]
 [Times: user=0.01 sys=0.00, real=0.00 secs] 
2020-10-28T20:47:52.369-0800: 0.371: [GC pause (G1 Humongous Allocation) (young) (initial-mark), 0.0010423 secs]
   [Parallel Time: 0.5 ms, GC Workers: 10]
      [GC Worker Start (ms): Min: 370.9, Avg: 370.9, Max: 371.0, Diff: 0.1]
      [Ext Root Scanning (ms): Min: 0.1, Avg: 0.1, Max: 0.2, Diff: 0.1, Sum: 1.0]
      [Update RS (ms): Min: 0.0, Avg: 0.0, Max: 0.0, Diff: 0.0, Sum: 0.2]
         [Processed Buffers: Min: 0, Avg: 0.8, Max: 1, Diff: 1, Sum: 8]
      [Scan RS (ms): Min: 0.0, Avg: 0.0, Max: 0.0, Diff: 0.0, Sum: 0.0]
      [Code Root Scanning (ms): Min: 0.0, Avg: 0.0, Max: 0.0, Diff: 0.0, Sum: 0.0]
      [Object Copy (ms): Min: 0.0, Avg: 0.1, Max: 0.1, Diff: 0.1, Sum: 0.7]
      [Termination (ms): Min: 0.0, Avg: 0.1, Max: 0.2, Diff: 0.2, Sum: 1.1]
         [Termination Attempts: Min: 1, Avg: 1.3, Max: 3, Diff: 2, Sum: 13]
      [GC Worker Other (ms): Min: 0.0, Avg: 0.0, Max: 0.0, Diff: 0.0, Sum: 0.1]
      [GC Worker Total (ms): Min: 0.3, Avg: 0.3, Max: 0.4, Diff: 0.1, Sum: 3.1]
      [GC Worker End (ms): Min: 371.2, Avg: 371.3, Max: 371.3, Diff: 0.1]
   [Code Root Fixup: 0.0 ms]
   [Code Root Purge: 0.0 ms]
   [Clear CT: 0.1 ms]
   [Other: 0.5 ms]
      [Choose CSet: 0.0 ms]
      [Ref Proc: 0.3 ms]
      [Ref Enq: 0.0 ms]
      [Redirty Cards: 0.1 ms]
      [Humongous Register: 0.0 ms]
      [Humongous Reclaim: 0.0 ms]
      [Free CSet: 0.0 ms]
   [Eden: 1024.0K(10.0M)->0.0B(11.0M) Survivors: 2048.0K->1024.0K Heap: 188.3M(256.0M)->187.8M(256.0M)]
 [Times: user=0.00 sys=0.00, real=0.01 secs] 
2020-10-28T20:47:52.370-0800: 0.372: [GC concurrent-root-region-scan-start]
2020-10-28T20:47:52.370-0800: 0.372: [GC concurrent-root-region-scan-end, 0.0000393 secs]
2020-10-28T20:47:52.370-0800: 0.372: [GC concurrent-mark-start]
2020-10-28T20:47:52.371-0800: 0.372: [GC concurrent-mark-end, 0.0004586 secs]
2020-10-28T20:47:52.371-0800: 0.373: [GC remark 2020-10-28T20:47:52.371-0800: 0.373: [Finalize Marking, 0.0001888 secs] 2020-10-28T20:47:52.371-0800: 0.373: [GC ref-proc, 0.0000529 secs] 2020-10-28T20:47:52.371-0800: 0.373: [Unloading, 0.0003969 secs], 0.0010694 secs]
 [Times: user=0.01 sys=0.00, real=0.00 secs] 
2020-10-28T20:47:52.372-0800: 0.374: [GC cleanup 190M->190M(256M), 0.0004601 secs]
 [Times: user=0.00 sys=0.01, real=0.00 secs] 
2020-10-28T20:47:52.374-0800: 0.376: [GC pause (G1 Evacuation Pause) (young), 0.0011139 secs]
   [Parallel Time: 0.7 ms, GC Workers: 10]
      [GC Worker Start (ms): Min: 375.9, Avg: 376.0, Max: 376.0, Diff: 0.1]
      [Ext Root Scanning (ms): Min: 0.1, Avg: 0.1, Max: 0.1, Diff: 0.1, Sum: 1.1]
      [Update RS (ms): Min: 0.1, Avg: 0.1, Max: 0.2, Diff: 0.1, Sum: 1.1]
         [Processed Buffers: Min: 1, Avg: 2.0, Max: 4, Diff: 3, Sum: 20]
      [Scan RS (ms): Min: 0.0, Avg: 0.0, Max: 0.0, Diff: 0.0, Sum: 0.0]
      [Code Root Scanning (ms): Min: 0.0, Avg: 0.0, Max: 0.0, Diff: 0.0, Sum: 0.0]
      [Object Copy (ms): Min: 0.1, Avg: 0.2, Max: 0.3, Diff: 0.1, Sum: 2.1]
      [Termination (ms): Min: 0.0, Avg: 0.1, Max: 0.2, Diff: 0.2, Sum: 0.7]
         [Termination Attempts: Min: 1, Avg: 1.0, Max: 1, Diff: 0, Sum: 10]
      [GC Worker Other (ms): Min: 0.0, Avg: 0.0, Max: 0.0, Diff: 0.0, Sum: 0.1]
      [GC Worker Total (ms): Min: 0.5, Avg: 0.5, Max: 0.6, Diff: 0.1, Sum: 5.2]
      [GC Worker End (ms): Min: 376.4, Avg: 376.5, Max: 376.6, Diff: 0.1]
   [Code Root Fixup: 0.0 ms]
   [Code Root Purge: 0.0 ms]
   [Clear CT: 0.1 ms]
   [Other: 0.3 ms]
      [Choose CSet: 0.0 ms]
      [Ref Proc: 0.2 ms]
      [Ref Enq: 0.0 ms]
      [Redirty Cards: 0.1 ms]
      [Humongous Register: 0.0 ms]
      [Humongous Reclaim: 0.0 ms]
      [Free CSet: 0.0 ms]
   [Eden: 11.0M(11.0M)->0.0B(10.0M) Survivors: 1024.0K->2048.0K Heap: 200.1M(256.0M)->191.6M(256.0M)]
 [Times: user=0.01 sys=0.00, real=0.00 secs] 
2020-10-28T20:47:52.376-0800: 0.377: [GC pause (G1 Humongous Allocation) (young) (initial-mark), 0.0007665 secs]
   [Parallel Time: 0.3 ms, GC Workers: 10]
      [GC Worker Start (ms): Min: 377.4, Avg: 377.4, Max: 377.5, Diff: 0.1]
      [Ext Root Scanning (ms): Min: 0.1, Avg: 0.1, Max: 0.1, Diff: 0.1, Sum: 1.0]
      [Update RS (ms): Min: 0.0, Avg: 0.0, Max: 0.0, Diff: 0.0, Sum: 0.2]
         [Processed Buffers: Min: 1, Avg: 1.0, Max: 1, Diff: 0, Sum: 10]
      [Scan RS (ms): Min: 0.0, Avg: 0.0, Max: 0.0, Diff: 0.0, Sum: 0.0]
      [Code Root Scanning (ms): Min: 0.0, Avg: 0.0, Max: 0.0, Diff: 0.0, Sum: 0.0]
      [Object Copy (ms): Min: 0.0, Avg: 0.1, Max: 0.1, Diff: 0.1, Sum: 0.6]
      [Termination (ms): Min: 0.0, Avg: 0.0, Max: 0.1, Diff: 0.1, Sum: 0.5]
         [Termination Attempts: Min: 1, Avg: 1.0, Max: 1, Diff: 0, Sum: 10]
      [GC Worker Other (ms): Min: 0.0, Avg: 0.0, Max: 0.0, Diff: 0.0, Sum: 0.1]
      [GC Worker Total (ms): Min: 0.2, Avg: 0.2, Max: 0.3, Diff: 0.1, Sum: 2.3]
      [GC Worker End (ms): Min: 377.7, Avg: 377.7, Max: 377.7, Diff: 0.1]
   [Code Root Fixup: 0.0 ms]
   [Code Root Purge: 0.0 ms]
   [Clear CT: 0.1 ms]
   [Other: 0.3 ms]
      [Choose CSet: 0.0 ms]
      [Ref Proc: 0.2 ms]
      [Ref Enq: 0.0 ms]
      [Redirty Cards: 0.1 ms]
      [Humongous Register: 0.0 ms]
      [Humongous Reclaim: 0.0 ms]
      [Free CSet: 0.0 ms]
   [Eden: 1024.0K(10.0M)->0.0B(12.0M) Survivors: 2048.0K->0.0B Heap: 192.2M(256.0M)->191.8M(256.0M)]
 [Times: user=0.00 sys=0.00, real=0.00 secs] 
2020-10-28T20:47:52.376-0800: 0.378: [GC concurrent-root-region-scan-start]
2020-10-28T20:47:52.376-0800: 0.378: [GC concurrent-root-region-scan-end, 0.0000064 secs]
2020-10-28T20:47:52.376-0800: 0.378: [GC concurrent-mark-start]
2020-10-28T20:47:52.377-0800: 0.379: [GC concurrent-mark-end, 0.0004826 secs]
2020-10-28T20:47:52.377-0800: 0.379: [GC remark 2020-10-28T20:47:52.377-0800: 0.379: [Finalize Marking, 0.0001520 secs] 2020-10-28T20:47:52.377-0800: 0.379: [GC ref-proc, 0.0000500 secs] 2020-10-28T20:47:52.377-0800: 0.379: [Unloading, 0.0004019 secs], 0.0009963 secs]
 [Times: user=0.01 sys=0.00, real=0.00 secs] 
2020-10-28T20:47:52.378-0800: 0.380: [GC cleanup 195M->195M(256M), 0.0004581 secs]
 [Times: user=0.00 sys=0.00, real=0.00 secs] 
2020-10-28T20:47:52.381-0800: 0.383: [GC pause (G1 Evacuation Pause) (young) (to-space exhausted), 0.0011627 secs]
   [Parallel Time: 0.4 ms, GC Workers: 10]
      [GC Worker Start (ms): Min: 382.9, Avg: 382.9, Max: 382.9, Diff: 0.1]
      [Ext Root Scanning (ms): Min: 0.1, Avg: 0.1, Max: 0.1, Diff: 0.1, Sum: 1.0]
      [Update RS (ms): Min: 0.1, Avg: 0.2, Max: 0.2, Diff: 0.1, Sum: 1.8]
         [Processed Buffers: Min: 2, Avg: 2.7, Max: 3, Diff: 1, Sum: 27]
      [Scan RS (ms): Min: 0.0, Avg: 0.0, Max: 0.0, Diff: 0.0, Sum: 0.0]
      [Code Root Scanning (ms): Min: 0.0, Avg: 0.0, Max: 0.0, Diff: 0.0, Sum: 0.0]
      [Object Copy (ms): Min: 0.0, Avg: 0.1, Max: 0.1, Diff: 0.1, Sum: 0.6]
      [Termination (ms): Min: 0.0, Avg: 0.0, Max: 0.0, Diff: 0.0, Sum: 0.2]
         [Termination Attempts: Min: 1, Avg: 1.0, Max: 1, Diff: 0, Sum: 10]
      [GC Worker Other (ms): Min: 0.0, Avg: 0.0, Max: 0.0, Diff: 0.0, Sum: 0.1]
      [GC Worker Total (ms): Min: 0.3, Avg: 0.4, Max: 0.4, Diff: 0.1, Sum: 3.7]
      [GC Worker End (ms): Min: 383.3, Avg: 383.3, Max: 383.3, Diff: 0.0]
   [Code Root Fixup: 0.0 ms]
   [Code Root Purge: 0.0 ms]
   [Clear CT: 0.1 ms]
   [Other: 0.6 ms]
      [Evacuation Failure: 0.2 ms]
      [Choose CSet: 0.0 ms]
      [Ref Proc: 0.3 ms]
      [Ref Enq: 0.0 ms]
      [Redirty Cards: 0.1 ms]
      [Humongous Register: 0.0 ms]
      [Humongous Reclaim: 0.0 ms]
      [Free CSet: 0.0 ms]
   [Eden: 12.0M(12.0M)->0.0B(11.0M) Survivors: 0.0B->1024.0K Heap: 206.0M(256.0M)->203.3M(256.0M)]
 [Times: user=0.01 sys=0.00, real=0.00 secs] 
2020-10-28T20:47:52.383-0800: 0.384: [GC pause (G1 Humongous Allocation) (young) (initial-mark), 0.0010107 secs]
   [Parallel Time: 0.4 ms, GC Workers: 10]
      [GC Worker Start (ms): Min: 384.5, Avg: 384.6, Max: 384.7, Diff: 0.1]
      [Ext Root Scanning (ms): Min: 0.0, Avg: 0.1, Max: 0.2, Diff: 0.1, Sum: 1.0]
      [Update RS (ms): Min: 0.0, Avg: 0.0, Max: 0.0, Diff: 0.0, Sum: 0.2]
         [Processed Buffers: Min: 1, Avg: 1.8, Max: 4, Diff: 3, Sum: 18]
      [Scan RS (ms): Min: 0.0, Avg: 0.0, Max: 0.0, Diff: 0.0, Sum: 0.0]
      [Code Root Scanning (ms): Min: 0.0, Avg: 0.0, Max: 0.0, Diff: 0.0, Sum: 0.0]
      [Object Copy (ms): Min: 0.0, Avg: 0.0, Max: 0.1, Diff: 0.0, Sum: 0.4]
      [Termination (ms): Min: 0.0, Avg: 0.0, Max: 0.1, Diff: 0.1, Sum: 0.3]
         [Termination Attempts: Min: 1, Avg: 1.0, Max: 1, Diff: 0, Sum: 10]
      [GC Worker Other (ms): Min: 0.0, Avg: 0.0, Max: 0.0, Diff: 0.0, Sum: 0.1]
      [GC Worker Total (ms): Min: 0.1, Avg: 0.2, Max: 0.3, Diff: 0.1, Sum: 2.0]
      [GC Worker End (ms): Min: 384.8, Avg: 384.8, Max: 384.8, Diff: 0.0]
   [Code Root Fixup: 0.0 ms]
   [Code Root Purge: 0.0 ms]
   [Clear CT: 0.1 ms]
   [Other: 0.5 ms]
      [Choose CSet: 0.0 ms]
      [Ref Proc: 0.3 ms]
      [Ref Enq: 0.0 ms]
      [Redirty Cards: 0.1 ms]
      [Humongous Register: 0.0 ms]
      [Humongous Reclaim: 0.0 ms]
      [Free CSet: 0.0 ms]
   [Eden: 2048.0K(11.0M)->0.0B(10.0M) Survivors: 1024.0K->2048.0K Heap: 204.8M(256.0M)->203.7M(256.0M)]
 [Times: user=0.00 sys=0.00, real=0.00 secs] 
2020-10-28T20:47:52.384-0800: 0.386: [GC concurrent-root-region-scan-start]
2020-10-28T20:47:52.384-0800: 0.386: [GC concurrent-root-region-scan-end, 0.0000684 secs]
2020-10-28T20:47:52.384-0800: 0.386: [GC concurrent-mark-start]
2020-10-28T20:47:52.384-0800: 0.386: [GC pause (G1 Humongous Allocation) (young) (to-space exhausted), 0.0009267 secs]
   [Parallel Time: 0.3 ms, GC Workers: 10]
      [GC Worker Start (ms): Min: 386.2, Avg: 386.2, Max: 386.3, Diff: 0.1]
      [Ext Root Scanning (ms): Min: 0.0, Avg: 0.1, Max: 0.1, Diff: 0.1, Sum: 0.9]
      [Update RS (ms): Min: 0.0, Avg: 0.1, Max: 0.1, Diff: 0.1, Sum: 0.6]
         [Processed Buffers: Min: 0, Avg: 1.5, Max: 2, Diff: 2, Sum: 15]
      [Scan RS (ms): Min: 0.0, Avg: 0.0, Max: 0.0, Diff: 0.0, Sum: 0.0]
      [Code Root Scanning (ms): Min: 0.0, Avg: 0.0, Max: 0.0, Diff: 0.0, Sum: 0.0]
      [Object Copy (ms): Min: 0.0, Avg: 0.0, Max: 0.0, Diff: 0.0, Sum: 0.1]
      [Termination (ms): Min: 0.0, Avg: 0.1, Max: 0.1, Diff: 0.1, Sum: 0.6]
         [Termination Attempts: Min: 1, Avg: 1.0, Max: 1, Diff: 0, Sum: 10]
      [GC Worker Other (ms): Min: 0.0, Avg: 0.0, Max: 0.0, Diff: 0.0, Sum: 0.1]
      [GC Worker Total (ms): Min: 0.1, Avg: 0.2, Max: 0.3, Diff: 0.2, Sum: 2.2]
      [GC Worker End (ms): Min: 386.4, Avg: 386.4, Max: 386.5, Diff: 0.1]
   [Code Root Fixup: 0.0 ms]
   [Code Root Purge: 0.0 ms]
   [Clear CT: 0.1 ms]
   [Other: 0.5 ms]
      [Evacuation Failure: 0.1 ms]
      [Choose CSet: 0.0 ms]
      [Ref Proc: 0.2 ms]
      [Ref Enq: 0.0 ms]
      [Redirty Cards: 0.1 ms]
      [Humongous Register: 0.0 ms]
      [Humongous Reclaim: 0.0 ms]
      [Free CSet: 0.0 ms]
   [Eden: 3072.0K(10.0M)->0.0B(12.0M) Survivors: 2048.0K->0.0B Heap: 206.6M(256.0M)->206.2M(256.0M)]
 [Times: user=0.00 sys=0.00, real=0.00 secs] 
2020-10-28T20:47:52.385-0800: 0.387: [GC concurrent-mark-end, 0.0015659 secs]
2020-10-28T20:47:52.386-0800: 0.387: [GC pause (G1 Evacuation Pause) (young), 0.0007407 secs]
   [Parallel Time: 0.3 ms, GC Workers: 10]
      [GC Worker Start (ms): Min: 387.3, Avg: 387.4, Max: 387.4, Diff: 0.1]
      [Ext Root Scanning (ms): Min: 0.0, Avg: 0.1, Max: 0.1, Diff: 0.1, Sum: 1.0]
      [Update RS (ms): Min: 0.0, Avg: 0.1, Max: 0.1, Diff: 0.1, Sum: 0.7]
         [Processed Buffers: Min: 1, Avg: 2.1, Max: 4, Diff: 3, Sum: 21]
      [Scan RS (ms): Min: 0.0, Avg: 0.0, Max: 0.0, Diff: 0.0, Sum: 0.0]
      [Code Root Scanning (ms): Min: 0.0, Avg: 0.0, Max: 0.0, Diff: 0.0, Sum: 0.0]
      [Object Copy (ms): Min: 0.0, Avg: 0.0, Max: 0.0, Diff: 0.0, Sum: 0.0]
      [Termination (ms): Min: 0.0, Avg: 0.0, Max: 0.1, Diff: 0.1, Sum: 0.4]
         [Termination Attempts: Min: 1, Avg: 1.0, Max: 1, Diff: 0, Sum: 10]
      [GC Worker Other (ms): Min: 0.0, Avg: 0.0, Max: 0.0, Diff: 0.0, Sum: 0.1]
      [GC Worker Total (ms): Min: 0.2, Avg: 0.2, Max: 0.3, Diff: 0.1, Sum: 2.2]
      [GC Worker End (ms): Min: 387.6, Avg: 387.6, Max: 387.6, Diff: 0.0]
   [Code Root Fixup: 0.0 ms]
   [Code Root Purge: 0.0 ms]
   [Clear CT: 0.1 ms]
   [Other: 0.3 ms]
      [Choose CSet: 0.0 ms]
      [Ref Proc: 0.2 ms]
      [Ref Enq: 0.0 ms]
      [Redirty Cards: 0.1 ms]
      [Humongous Register: 0.0 ms]
      [Humongous Reclaim: 0.0 ms]
      [Free CSet: 0.0 ms]
   [Eden: 0.0B(12.0M)->0.0B(12.0M) Survivors: 0.0B->0.0B Heap: 207.0M(256.0M)->206.2M(256.0M)]
 [Times: user=0.00 sys=0.00, real=0.00 secs] 
2020-10-28T20:47:52.386-0800: 0.388: [GC remark 2020-10-28T20:47:52.386-0800: 0.388: [Finalize Marking, 0.0001848 secs] 2020-10-28T20:47:52.387-0800: 0.388: [GC ref-proc, 0.0000472 secs] 2020-10-28T20:47:52.387-0800: 0.388: [Unloading, 0.0004081 secs], 0.0009996 secs]
 [Times: user=0.01 sys=0.00, real=0.00 secs] 
2020-10-28T20:47:52.388-0800: 0.389: [GC cleanup 206M->206M(256M), 0.0004563 secs]
 [Times: user=0.00 sys=0.00, real=0.00 secs] 
2020-10-28T20:47:52.388-0800: 0.390: [GC pause (G1 Evacuation Pause) (young) (to-space exhausted), 0.0007932 secs]
   [Parallel Time: 0.3 ms, GC Workers: 10]
      [GC Worker Start (ms): Min: 390.1, Avg: 390.2, Max: 390.2, Diff: 0.1]
      [Ext Root Scanning (ms): Min: 0.1, Avg: 0.1, Max: 0.1, Diff: 0.1, Sum: 1.1]
      [Update RS (ms): Min: 0.0, Avg: 0.0, Max: 0.1, Diff: 0.1, Sum: 0.2]
         [Processed Buffers: Min: 0, Avg: 0.3, Max: 1, Diff: 1, Sum: 3]
      [Scan RS (ms): Min: 0.0, Avg: 0.0, Max: 0.0, Diff: 0.0, Sum: 0.0]
      [Code Root Scanning (ms): Min: 0.0, Avg: 0.0, Max: 0.0, Diff: 0.0, Sum: 0.0]
      [Object Copy (ms): Min: 0.0, Avg: 0.0, Max: 0.0, Diff: 0.0, Sum: 0.0]
      [Termination (ms): Min: 0.0, Avg: 0.1, Max: 0.1, Diff: 0.1, Sum: 1.0]
         [Termination Attempts: Min: 1, Avg: 1.3, Max: 3, Diff: 2, Sum: 13]
      [GC Worker Other (ms): Min: 0.0, Avg: 0.0, Max: 0.0, Diff: 0.0, Sum: 0.1]
      [GC Worker Total (ms): Min: 0.2, Avg: 0.2, Max: 0.3, Diff: 0.1, Sum: 2.3]
      [GC Worker End (ms): Min: 390.4, Avg: 390.4, Max: 390.4, Diff: 0.0]
   [Code Root Fixup: 0.0 ms]
   [Code Root Purge: 0.0 ms]
   [Clear CT: 0.1 ms]
   [Other: 0.4 ms]
      [Evacuation Failure: 0.1 ms]
      [Choose CSet: 0.0 ms]
      [Ref Proc: 0.1 ms]
      [Ref Enq: 0.0 ms]
      [Redirty Cards: 0.1 ms]
      [Humongous Register: 0.0 ms]
      [Humongous Reclaim: 0.0 ms]
      [Free CSet: 0.0 ms]
   [Eden: 1024.0K(12.0M)->0.0B(12.0M) Survivors: 0.0B->0.0B Heap: 207.2M(256.0M)->206.7M(256.0M)]
 [Times: user=0.00 sys=0.00, real=0.00 secs] 
2020-10-28T20:47:52.389-0800: 0.391: [GC pause (G1 Evacuation Pause) (mixed) (to-space exhausted), 0.0008235 secs]
   [Parallel Time: 0.3 ms, GC Workers: 10]
      [GC Worker Start (ms): Min: 391.2, Avg: 391.2, Max: 391.3, Diff: 0.1]
      [Ext Root Scanning (ms): Min: 0.1, Avg: 0.1, Max: 0.1, Diff: 0.1, Sum: 1.0]
      [Update RS (ms): Min: 0.0, Avg: 0.0, Max: 0.1, Diff: 0.1, Sum: 0.1]
         [Processed Buffers: Min: 0, Avg: 0.6, Max: 1, Diff: 1, Sum: 6]
      [Scan RS (ms): Min: 0.0, Avg: 0.0, Max: 0.0, Diff: 0.0, Sum: 0.0]
      [Code Root Scanning (ms): Min: 0.0, Avg: 0.0, Max: 0.0, Diff: 0.0, Sum: 0.0]
      [Object Copy (ms): Min: 0.0, Avg: 0.0, Max: 0.0, Diff: 0.0, Sum: 0.1]
      [Termination (ms): Min: 0.0, Avg: 0.1, Max: 0.1, Diff: 0.1, Sum: 0.9]
         [Termination Attempts: Min: 1, Avg: 2.6, Max: 6, Diff: 5, Sum: 26]
      [GC Worker Other (ms): Min: 0.0, Avg: 0.0, Max: 0.0, Diff: 0.0, Sum: 0.1]
      [GC Worker Total (ms): Min: 0.2, Avg: 0.2, Max: 0.3, Diff: 0.1, Sum: 2.3]
      [GC Worker End (ms): Min: 391.5, Avg: 391.5, Max: 391.5, Diff: 0.0]
   [Code Root Fixup: 0.0 ms]
   [Code Root Purge: 0.0 ms]
   [Clear CT: 0.1 ms]
   [Other: 0.4 ms]
      [Evacuation Failure: 0.1 ms]
      [Choose CSet: 0.0 ms]
      [Ref Proc: 0.2 ms]
      [Ref Enq: 0.0 ms]
      [Redirty Cards: 0.1 ms]
      [Humongous Register: 0.0 ms]
      [Humongous Reclaim: 0.0 ms]
      [Free CSet: 0.0 ms]
   [Eden: 1024.0K(12.0M)->0.0B(12.0M) Survivors: 0.0B->0.0B Heap: 207.7M(256.0M)->207.7M(256.0M)]
 [Times: user=0.01 sys=0.00, real=0.01 secs] 
2020-10-28T20:47:52.390-0800: 0.392: [Full GC (Allocation Failure)  207M->190M(256M), 0.0167704 secs]
   [Eden: 0.0B(12.0M)->0.0B(12.0M) Survivors: 0.0B->0.0B Heap: 207.7M(256.0M)->190.8M(256.0M)], [Metaspace: 2711K->2711K(1056768K)]
 [Times: user=0.01 sys=0.00, real=0.01 secs] 
2020-10-28T20:47:52.407-0800: 0.409: [GC pause (G1 Humongous Allocation) (young) (initial-mark), 0.0008953 secs]
   [Parallel Time: 0.4 ms, GC Workers: 10]
      [GC Worker Start (ms): Min: 409.2, Avg: 409.3, Max: 409.3, Diff: 0.1]
      [Ext Root Scanning (ms): Min: 0.0, Avg: 0.1, Max: 0.2, Diff: 0.1, Sum: 1.0]
      [Update RS (ms): Min: 0.0, Avg: 0.0, Max: 0.1, Diff: 0.1, Sum: 0.1]
         [Processed Buffers: Min: 0, Avg: 0.2, Max: 1, Diff: 1, Sum: 2]
      [Scan RS (ms): Min: 0.0, Avg: 0.0, Max: 0.0, Diff: 0.0, Sum: 0.0]
      [Code Root Scanning (ms): Min: 0.0, Avg: 0.0, Max: 0.0, Diff: 0.0, Sum: 0.0]
      [Object Copy (ms): Min: 0.0, Avg: 0.0, Max: 0.0, Diff: 0.0, Sum: 0.1]
      [Termination (ms): Min: 0.0, Avg: 0.1, Max: 0.2, Diff: 0.2, Sum: 1.0]
         [Termination Attempts: Min: 1, Avg: 1.7, Max: 3, Diff: 2, Sum: 17]
      [GC Worker Other (ms): Min: 0.0, Avg: 0.0, Max: 0.0, Diff: 0.0, Sum: 0.1]
      [GC Worker Total (ms): Min: 0.2, Avg: 0.2, Max: 0.3, Diff: 0.2, Sum: 2.4]
      [GC Worker End (ms): Min: 409.5, Avg: 409.5, Max: 409.5, Diff: 0.1]
   [Code Root Fixup: 0.0 ms]
   [Code Root Purge: 0.0 ms]
   [Clear CT: 0.1 ms]
   [Other: 0.4 ms]
      [Choose CSet: 0.0 ms]
      [Ref Proc: 0.2 ms]
      [Ref Enq: 0.0 ms]
      [Redirty Cards: 0.1 ms]
      [Humongous Register: 0.0 ms]
      [Humongous Reclaim: 0.0 ms]
      [Free CSet: 0.0 ms]
   [Eden: 2048.0K(12.0M)->0.0B(11.0M) Survivors: 0.0B->1024.0K Heap: 192.4M(256.0M)->191.4M(256.0M)]
 [Times: user=0.01 sys=0.00, real=0.00 secs] 
2020-10-28T20:47:52.408-0800: 0.410: [GC concurrent-root-region-scan-start]
2020-10-28T20:47:52.408-0800: 0.410: [GC concurrent-root-region-scan-end, 0.0000525 secs]
2020-10-28T20:47:52.408-0800: 0.410: [GC concurrent-mark-start]
2020-10-28T20:47:52.409-0800: 0.411: [GC concurrent-mark-end, 0.0004585 secs]
2020-10-28T20:47:52.409-0800: 0.411: [GC remark 2020-10-28T20:47:52.409-0800: 0.411: [Finalize Marking, 0.0003132 secs] 2020-10-28T20:47:52.409-0800: 0.411: [GC ref-proc, 0.0000525 secs] 2020-10-28T20:47:52.409-0800: 0.411: [Unloading, 0.0004256 secs], 0.0012680 secs]
 [Times: user=0.01 sys=0.00, real=0.01 secs] 
2020-10-28T20:47:52.410-0800: 0.412: [GC cleanup 194M->194M(256M), 0.0005250 secs]
 [Times: user=0.00 sys=0.00, real=0.00 secs] 
2020-10-28T20:47:52.413-0800: 0.414: [GC pause (G1 Evacuation Pause) (young), 0.0010522 secs]
   [Parallel Time: 0.5 ms, GC Workers: 10]
      [GC Worker Start (ms): Min: 414.5, Avg: 414.6, Max: 414.6, Diff: 0.2]
      [Ext Root Scanning (ms): Min: 0.0, Avg: 0.1, Max: 0.2, Diff: 0.2, Sum: 0.7]
      [Update RS (ms): Min: 0.1, Avg: 0.1, Max: 0.1, Diff: 0.0, Sum: 1.1]
         [Processed Buffers: Min: 1, Avg: 1.6, Max: 3, Diff: 2, Sum: 16]
      [Scan RS (ms): Min: 0.0, Avg: 0.0, Max: 0.0, Diff: 0.0, Sum: 0.0]
      [Code Root Scanning (ms): Min: 0.0, Avg: 0.0, Max: 0.0, Diff: 0.0, Sum: 0.0]
      [Object Copy (ms): Min: 0.0, Avg: 0.1, Max: 0.1, Diff: 0.1, Sum: 0.8]
      [Termination (ms): Min: 0.0, Avg: 0.1, Max: 0.1, Diff: 0.1, Sum: 0.6]
         [Termination Attempts: Min: 1, Avg: 1.0, Max: 1, Diff: 0, Sum: 10]
      [GC Worker Other (ms): Min: 0.0, Avg: 0.0, Max: 0.0, Diff: 0.0, Sum: 0.1]
      [GC Worker Total (ms): Min: 0.3, Avg: 0.3, Max: 0.5, Diff: 0.2, Sum: 3.4]
      [GC Worker End (ms): Min: 414.9, Avg: 414.9, Max: 414.9, Diff: 0.1]
   [Code Root Fixup: 0.0 ms]
   [Code Root Purge: 0.0 ms]
   [Clear CT: 0.1 ms]
   [Other: 0.5 ms]
      [Choose CSet: 0.0 ms]
      [Ref Proc: 0.3 ms]
      [Ref Enq: 0.0 ms]
      [Redirty Cards: 0.1 ms]
      [Humongous Register: 0.0 ms]
      [Humongous Reclaim: 0.0 ms]
      [Free CSet: 0.0 ms]
   [Eden: 11.0M(11.0M)->0.0B(10.0M) Survivors: 1024.0K->2048.0K Heap: 203.7M(256.0M)->193.1M(256.0M)]
 [Times: user=0.00 sys=0.01, real=0.00 secs] 
2020-10-28T20:47:52.415-0800: 0.417: [GC pause (G1 Humongous Allocation) (young) (initial-mark), 0.0011168 secs]
   [Parallel Time: 0.5 ms, GC Workers: 10]
      [GC Worker Start (ms): Min: 416.9, Avg: 417.0, Max: 417.1, Diff: 0.1]
      [Ext Root Scanning (ms): Min: 0.0, Avg: 0.1, Max: 0.2, Diff: 0.1, Sum: 1.0]
      [Update RS (ms): Min: 0.0, Avg: 0.0, Max: 0.0, Diff: 0.0, Sum: 0.2]
         [Processed Buffers: Min: 1, Avg: 1.0, Max: 1, Diff: 0, Sum: 10]
      [Scan RS (ms): Min: 0.0, Avg: 0.0, Max: 0.0, Diff: 0.0, Sum: 0.0]
      [Code Root Scanning (ms): Min: 0.0, Avg: 0.0, Max: 0.0, Diff: 0.0, Sum: 0.0]
      [Object Copy (ms): Min: 0.2, Avg: 0.2, Max: 0.3, Diff: 0.1, Sum: 2.4]
      [Termination (ms): Min: 0.0, Avg: 0.0, Max: 0.1, Diff: 0.1, Sum: 0.3]
         [Termination Attempts: Min: 1, Avg: 1.2, Max: 2, Diff: 1, Sum: 12]
      [GC Worker Other (ms): Min: 0.0, Avg: 0.0, Max: 0.0, Diff: 0.0, Sum: 0.1]
      [GC Worker Total (ms): Min: 0.3, Avg: 0.4, Max: 0.5, Diff: 0.2, Sum: 4.1]
      [GC Worker End (ms): Min: 417.4, Avg: 417.4, Max: 417.4, Diff: 0.0]
   [Code Root Fixup: 0.0 ms]
   [Code Root Purge: 0.0 ms]
   [Clear CT: 0.1 ms]
   [Other: 0.4 ms]
      [Choose CSet: 0.0 ms]
      [Ref Proc: 0.3 ms]
      [Ref Enq: 0.0 ms]
      [Redirty Cards: 0.1 ms]
      [Humongous Register: 0.0 ms]
      [Humongous Reclaim: 0.0 ms]
      [Free CSet: 0.0 ms]
   [Eden: 8192.0K(10.0M)->0.0B(10.0M) Survivors: 2048.0K->2048.0K Heap: 200.8M(256.0M)->195.6M(256.0M)]
 [Times: user=0.01 sys=0.00, real=0.00 secs] 
2020-10-28T20:47:52.416-0800: 0.418: [GC concurrent-root-region-scan-start]
2020-10-28T20:47:52.416-0800: 0.418: [GC concurrent-root-region-scan-end, 0.0000656 secs]
2020-10-28T20:47:52.416-0800: 0.418: [GC concurrent-mark-start]
2020-10-28T20:47:52.417-0800: 0.419: [GC concurrent-mark-end, 0.0004654 secs]
2020-10-28T20:47:52.417-0800: 0.419: [GC remark 2020-10-28T20:47:52.417-0800: 0.419: [Finalize Marking, 0.0003115 secs] 2020-10-28T20:47:52.417-0800: 0.419: [GC ref-proc, 0.0000513 secs] 2020-10-28T20:47:52.417-0800: 0.419: [Unloading, 0.0004268 secs], 0.0012056 secs]
 [Times: user=0.01 sys=0.00, real=0.00 secs] 
2020-10-28T20:47:52.418-0800: 0.420: [GC cleanup 198M->198M(256M), 0.0005158 secs]
 [Times: user=0.00 sys=0.00, real=0.00 secs] 
2020-10-28T20:47:52.420-0800: 0.422: [GC pause (G1 Evacuation Pause) (young) (to-space exhausted), 0.0010895 secs]
   [Parallel Time: 0.5 ms, GC Workers: 10]
      [GC Worker Start (ms): Min: 421.6, Avg: 421.7, Max: 421.7, Diff: 0.1]
      [Ext Root Scanning (ms): Min: 0.0, Avg: 0.1, Max: 0.2, Diff: 0.1, Sum: 0.9]
      [Update RS (ms): Min: 0.2, Avg: 0.3, Max: 0.3, Diff: 0.1, Sum: 2.6]
         [Processed Buffers: Min: 3, Avg: 3.7, Max: 4, Diff: 1, Sum: 37]
      [Scan RS (ms): Min: 0.0, Avg: 0.0, Max: 0.0, Diff: 0.0, Sum: 0.0]
      [Code Root Scanning (ms): Min: 0.0, Avg: 0.0, Max: 0.0, Diff: 0.0, Sum: 0.0]
      [Object Copy (ms): Min: 0.0, Avg: 0.0, Max: 0.0, Diff: 0.0, Sum: 0.2]
      [Termination (ms): Min: 0.0, Avg: 0.0, Max: 0.1, Diff: 0.1, Sum: 0.3]
         [Termination Attempts: Min: 1, Avg: 1.0, Max: 1, Diff: 0, Sum: 10]
      [GC Worker Other (ms): Min: 0.0, Avg: 0.0, Max: 0.0, Diff: 0.0, Sum: 0.1]
      [GC Worker Total (ms): Min: 0.4, Avg: 0.4, Max: 0.5, Diff: 0.1, Sum: 4.1]
      [GC Worker End (ms): Min: 422.1, Avg: 422.1, Max: 422.1, Diff: 0.0]
   [Code Root Fixup: 0.0 ms]
   [Code Root Purge: 0.0 ms]
   [Clear CT: 0.1 ms]
   [Other: 0.4 ms]
      [Evacuation Failure: 0.1 ms]
      [Choose CSet: 0.0 ms]
      [Ref Proc: 0.2 ms]
      [Ref Enq: 0.0 ms]
      [Redirty Cards: 0.1 ms]
      [Humongous Register: 0.0 ms]
      [Humongous Reclaim: 0.0 ms]
      [Free CSet: 0.0 ms]
   [Eden: 6144.0K(10.0M)->0.0B(12.0M) Survivors: 2048.0K->0.0B Heap: 204.8M(256.0M)->203.7M(256.0M)]
 [Times: user=0.01 sys=0.00, real=0.00 secs] 
2020-10-28T20:47:52.421-0800: 0.423: [GC pause (G1 Humongous Allocation) (young) (initial-mark), 0.0007009 secs]
   [Parallel Time: 0.3 ms, GC Workers: 10]
      [GC Worker Start (ms): Min: 423.1, Avg: 423.1, Max: 423.2, Diff: 0.1]
      [Ext Root Scanning (ms): Min: 0.1, Avg: 0.1, Max: 0.1, Diff: 0.1, Sum: 1.1]
      [Update RS (ms): Min: 0.0, Avg: 0.0, Max: 0.0, Diff: 0.0, Sum: 0.2]
         [Processed Buffers: Min: 1, Avg: 1.6, Max: 4, Diff: 3, Sum: 16]
      [Scan RS (ms): Min: 0.0, Avg: 0.0, Max: 0.0, Diff: 0.0, Sum: 0.0]
      [Code Root Scanning (ms): Min: 0.0, Avg: 0.0, Max: 0.0, Diff: 0.0, Sum: 0.0]
      [Object Copy (ms): Min: 0.0, Avg: 0.0, Max: 0.0, Diff: 0.0, Sum: 0.1]
      [Termination (ms): Min: 0.0, Avg: 0.0, Max: 0.1, Diff: 0.1, Sum: 0.3]
         [Termination Attempts: Min: 1, Avg: 1.0, Max: 1, Diff: 0, Sum: 10]
      [GC Worker Other (ms): Min: 0.0, Avg: 0.0, Max: 0.0, Diff: 0.0, Sum: 0.1]
      [GC Worker Total (ms): Min: 0.1, Avg: 0.2, Max: 0.2, Diff: 0.1, Sum: 1.7]
      [GC Worker End (ms): Min: 423.3, Avg: 423.3, Max: 423.3, Diff: 0.0]
   [Code Root Fixup: 0.0 ms]
   [Code Root Purge: 0.0 ms]
   [Clear CT: 0.1 ms]
   [Other: 0.3 ms]
      [Choose CSet: 0.0 ms]
      [Ref Proc: 0.2 ms]
      [Ref Enq: 0.0 ms]
      [Redirty Cards: 0.1 ms]
      [Humongous Register: 0.0 ms]
      [Humongous Reclaim: 0.0 ms]
      [Free CSet: 0.0 ms]
   [Eden: 2048.0K(12.0M)->0.0B(11.0M) Survivors: 0.0B->1024.0K Heap: 205.1M(256.0M)->204.0M(256.0M)]
 [Times: user=0.00 sys=0.00, real=0.00 secs] 
2020-10-28T20:47:52.422-0800: 0.424: [GC concurrent-root-region-scan-start]
2020-10-28T20:47:52.422-0800: 0.424: [GC concurrent-root-region-scan-end, 0.0000578 secs]
2020-10-28T20:47:52.422-0800: 0.424: [GC concurrent-mark-start]
2020-10-28T20:47:52.423-0800: 0.424: [GC pause (G1 Evacuation Pause) (young) (to-space exhausted), 0.0007748 secs]
   [Parallel Time: 0.3 ms, GC Workers: 10]
      [GC Worker Start (ms): Min: 424.3, Avg: 424.4, Max: 424.4, Diff: 0.1]
      [Ext Root Scanning (ms): Min: 0.1, Avg: 0.1, Max: 0.1, Diff: 0.1, Sum: 1.0]
      [Update RS (ms): Min: 0.0, Avg: 0.1, Max: 0.1, Diff: 0.1, Sum: 0.5]
         [Processed Buffers: Min: 1, Avg: 1.0, Max: 1, Diff: 0, Sum: 10]
      [Scan RS (ms): Min: 0.0, Avg: 0.0, Max: 0.0, Diff: 0.0, Sum: 0.0]
      [Code Root Scanning (ms): Min: 0.0, Avg: 0.0, Max: 0.0, Diff: 0.0, Sum: 0.0]
      [Object Copy (ms): Min: 0.0, Avg: 0.0, Max: 0.0, Diff: 0.0, Sum: 0.0]
      [Termination (ms): Min: 0.0, Avg: 0.1, Max: 0.1, Diff: 0.1, Sum: 0.6]
         [Termination Attempts: Min: 1, Avg: 1.1, Max: 2, Diff: 1, Sum: 11]
      [GC Worker Other (ms): Min: 0.0, Avg: 0.0, Max: 0.0, Diff: 0.0, Sum: 0.0]
      [GC Worker Total (ms): Min: 0.2, Avg: 0.2, Max: 0.3, Diff: 0.1, Sum: 2.2]
      [GC Worker End (ms): Min: 424.6, Avg: 424.6, Max: 424.6, Diff: 0.0]
   [Code Root Fixup: 0.0 ms]
   [Code Root Purge: 0.0 ms]
   [Clear CT: 0.1 ms]
   [Other: 0.4 ms]
      [Evacuation Failure: 0.1 ms]
      [Choose CSet: 0.0 ms]
      [Ref Proc: 0.2 ms]
      [Ref Enq: 0.0 ms]
      [Redirty Cards: 0.1 ms]
      [Humongous Register: 0.0 ms]
      [Humongous Reclaim: 0.0 ms]
      [Free CSet: 0.0 ms]
   [Eden: 1024.0K(11.0M)->0.0B(12.0M) Survivors: 1024.0K->0.0B Heap: 205.7M(256.0M)->204.7M(256.0M)]
 [Times: user=0.00 sys=0.00, real=0.00 secs] 
2020-10-28T20:47:52.424-0800: 0.425: [GC pause (G1 Evacuation Pause) (young) (to-space exhausted), 0.0007687 secs]
   [Parallel Time: 0.3 ms, GC Workers: 10]
      [GC Worker Start (ms): Min: 425.3, Avg: 425.3, Max: 425.4, Diff: 0.1]
      [Ext Root Scanning (ms): Min: 0.1, Avg: 0.1, Max: 0.1, Diff: 0.1, Sum: 1.0]
      [Update RS (ms): Min: 0.0, Avg: 0.0, Max: 0.1, Diff: 0.1, Sum: 0.2]
         [Processed Buffers: Min: 0, Avg: 0.7, Max: 1, Diff: 1, Sum: 7]
      [Scan RS (ms): Min: 0.0, Avg: 0.0, Max: 0.0, Diff: 0.0, Sum: 0.0]
      [Code Root Scanning (ms): Min: 0.0, Avg: 0.0, Max: 0.0, Diff: 0.0, Sum: 0.0]
      [Object Copy (ms): Min: 0.0, Avg: 0.0, Max: 0.0, Diff: 0.0, Sum: 0.0]
      [Termination (ms): Min: 0.0, Avg: 0.1, Max: 0.1, Diff: 0.1, Sum: 1.0]
         [Termination Attempts: Min: 1, Avg: 1.3, Max: 2, Diff: 1, Sum: 13]
      [GC Worker Other (ms): Min: 0.0, Avg: 0.0, Max: 0.0, Diff: 0.0, Sum: 0.1]
      [GC Worker Total (ms): Min: 0.2, Avg: 0.2, Max: 0.3, Diff: 0.1, Sum: 2.2]
      [GC Worker End (ms): Min: 425.5, Avg: 425.5, Max: 425.5, Diff: 0.0]
   [Code Root Fixup: 0.0 ms]
   [Code Root Purge: 0.0 ms]
   [Clear CT: 0.1 ms]
   [Other: 0.4 ms]
      [Evacuation Failure: 0.1 ms]
      [Choose CSet: 0.0 ms]
      [Ref Proc: 0.2 ms]
      [Ref Enq: 0.0 ms]
      [Redirty Cards: 0.1 ms]
      [Humongous Register: 0.0 ms]
      [Humongous Reclaim: 0.0 ms]
      [Free CSet: 0.0 ms]
   [Eden: 1024.0K(12.0M)->0.0B(12.0M) Survivors: 0.0B->0.0B Heap: 205.7M(256.0M)->205.7M(256.0M)]
 [Times: user=0.01 sys=0.00, real=0.00 secs] 
2020-10-28T20:47:52.424-0800: 0.426: [Full GC (Allocation Failure)  205M->196M(256M), 0.0153542 secs]
   [Eden: 0.0B(12.0M)->0.0B(12.0M) Survivors: 0.0B->0.0B Heap: 205.7M(256.0M)->196.7M(256.0M)], [Metaspace: 2711K->2711K(1056768K)]
 [Times: user=0.01 sys=0.00, real=0.02 secs] 
2020-10-28T20:47:52.440-0800: 0.442: [GC concurrent-mark-abort]
2020-10-28T20:47:52.440-0800: 0.442: [GC pause (G1 Humongous Allocation) (young) (initial-mark), 0.0010159 secs]
   [Parallel Time: 0.4 ms, GC Workers: 10]
      [GC Worker Start (ms): Min: 441.9, Avg: 442.0, Max: 442.1, Diff: 0.1]
      [Ext Root Scanning (ms): Min: 0.1, Avg: 0.1, Max: 0.2, Diff: 0.1, Sum: 1.0]
      [Update RS (ms): Min: 0.0, Avg: 0.0, Max: 0.1, Diff: 0.1, Sum: 0.2]
         [Processed Buffers: Min: 0, Avg: 0.2, Max: 1, Diff: 1, Sum: 2]
      [Scan RS (ms): Min: 0.0, Avg: 0.0, Max: 0.0, Diff: 0.0, Sum: 0.0]
      [Code Root Scanning (ms): Min: 0.0, Avg: 0.0, Max: 0.0, Diff: 0.0, Sum: 0.0]
      [Object Copy (ms): Min: 0.0, Avg: 0.0, Max: 0.1, Diff: 0.1, Sum: 0.1]
      [Termination (ms): Min: 0.0, Avg: 0.1, Max: 0.1, Diff: 0.1, Sum: 0.9]
         [Termination Attempts: Min: 1, Avg: 1.3, Max: 3, Diff: 2, Sum: 13]
      [GC Worker Other (ms): Min: 0.0, Avg: 0.0, Max: 0.0, Diff: 0.0, Sum: 0.1]
      [GC Worker Total (ms): Min: 0.2, Avg: 0.2, Max: 0.3, Diff: 0.2, Sum: 2.4]
      [GC Worker End (ms): Min: 442.2, Avg: 442.3, Max: 442.3, Diff: 0.0]
   [Code Root Fixup: 0.0 ms]
   [Code Root Purge: 0.0 ms]
   [Clear CT: 0.1 ms]
   [Other: 0.5 ms]
      [Choose CSet: 0.0 ms]
      [Ref Proc: 0.3 ms]
      [Ref Enq: 0.0 ms]
      [Redirty Cards: 0.1 ms]
      [Humongous Register: 0.0 ms]
      [Humongous Reclaim: 0.0 ms]
      [Free CSet: 0.0 ms]
   [Eden: 2048.0K(12.0M)->0.0B(11.0M) Survivors: 0.0B->1024.0K Heap: 198.0M(256.0M)->197.4M(256.0M)]
 [Times: user=0.01 sys=0.00, real=0.00 secs] 
2020-10-28T20:47:52.441-0800: 0.443: [GC concurrent-root-region-scan-start]
2020-10-28T20:47:52.441-0800: 0.443: [GC concurrent-root-region-scan-end, 0.0000724 secs]
2020-10-28T20:47:52.441-0800: 0.443: [GC concurrent-mark-start]
2020-10-28T20:47:52.442-0800: 0.444: [GC concurrent-mark-end, 0.0004936 secs]
2020-10-28T20:47:52.442-0800: 0.444: [GC remark 2020-10-28T20:47:52.442-0800: 0.444: [Finalize Marking, 0.0003005 secs] 2020-10-28T20:47:52.442-0800: 0.444: [GC ref-proc, 0.0000530 secs] 2020-10-28T20:47:52.442-0800: 0.444: [Unloading, 0.0004664 secs], 0.0012604 secs]
 [Times: user=0.00 sys=0.00, real=0.00 secs] 
2020-10-28T20:47:52.443-0800: 0.445: [GC cleanup 200M->200M(256M), 0.0005191 secs]
 [Times: user=0.00 sys=0.00, real=0.00 secs] 
2020-10-28T20:47:52.444-0800: 0.446: [GC pause (G1 Humongous Allocation) (young) (to-space exhausted), 0.0010272 secs]
   [Parallel Time: 0.4 ms, GC Workers: 10]
      [GC Worker Start (ms): Min: 446.1, Avg: 446.1, Max: 446.2, Diff: 0.1]
      [Ext Root Scanning (ms): Min: 0.1, Avg: 0.1, Max: 0.2, Diff: 0.1, Sum: 1.0]
      [Update RS (ms): Min: 0.1, Avg: 0.2, Max: 0.2, Diff: 0.1, Sum: 1.5]
         [Processed Buffers: Min: 2, Avg: 2.0, Max: 2, Diff: 0, Sum: 20]
      [Scan RS (ms): Min: 0.0, Avg: 0.0, Max: 0.0, Diff: 0.0, Sum: 0.0]
      [Code Root Scanning (ms): Min: 0.0, Avg: 0.0, Max: 0.0, Diff: 0.0, Sum: 0.0]
      [Object Copy (ms): Min: 0.0, Avg: 0.0, Max: 0.0, Diff: 0.0, Sum: 0.1]
      [Termination (ms): Min: 0.0, Avg: 0.0, Max: 0.1, Diff: 0.1, Sum: 0.4]
         [Termination Attempts: Min: 1, Avg: 1.4, Max: 3, Diff: 2, Sum: 14]
      [GC Worker Other (ms): Min: 0.0, Avg: 0.0, Max: 0.0, Diff: 0.0, Sum: 0.1]
      [GC Worker Total (ms): Min: 0.3, Avg: 0.3, Max: 0.4, Diff: 0.1, Sum: 3.1]
      [GC Worker End (ms): Min: 446.4, Avg: 446.4, Max: 446.5, Diff: 0.1]
   [Code Root Fixup: 0.0 ms]
   [Code Root Purge: 0.0 ms]
   [Clear CT: 0.1 ms]
   [Other: 0.4 ms]
      [Evacuation Failure: 0.1 ms]
      [Choose CSet: 0.0 ms]
      [Ref Proc: 0.1 ms]
      [Ref Enq: 0.0 ms]
      [Redirty Cards: 0.1 ms]
      [Humongous Register: 0.0 ms]
      [Humongous Reclaim: 0.0 ms]
      [Free CSet: 0.0 ms]
   [Eden: 4096.0K(11.0M)->0.0B(12.0M) Survivors: 1024.0K->0.0B Heap: 202.9M(256.0M)->199.4M(256.0M)]
 [Times: user=0.00 sys=0.00, real=0.00 secs] 
2020-10-28T20:47:52.446-0800: 0.448: [GC pause (G1 Evacuation Pause) (mixed) (to-space exhausted), 0.0008881 secs]
   [Parallel Time: 0.3 ms, GC Workers: 10]
      [GC Worker Start (ms): Min: 448.0, Avg: 448.0, Max: 448.1, Diff: 0.1]
      [Ext Root Scanning (ms): Min: 0.0, Avg: 0.1, Max: 0.1, Diff: 0.1, Sum: 0.9]
      [Update RS (ms): Min: 0.0, Avg: 0.1, Max: 0.1, Diff: 0.1, Sum: 0.7]
         [Processed Buffers: Min: 1, Avg: 1.7, Max: 3, Diff: 2, Sum: 17]
      [Scan RS (ms): Min: 0.0, Avg: 0.0, Max: 0.0, Diff: 0.0, Sum: 0.0]
      [Code Root Scanning (ms): Min: 0.0, Avg: 0.0, Max: 0.0, Diff: 0.0, Sum: 0.0]
      [Object Copy (ms): Min: 0.0, Avg: 0.0, Max: 0.0, Diff: 0.0, Sum: 0.1]
      [Termination (ms): Min: 0.0, Avg: 0.0, Max: 0.1, Diff: 0.1, Sum: 0.4]
         [Termination Attempts: Min: 1, Avg: 1.4, Max: 3, Diff: 2, Sum: 14]
      [GC Worker Other (ms): Min: 0.0, Avg: 0.0, Max: 0.0, Diff: 0.0, Sum: 0.1]
      [GC Worker Total (ms): Min: 0.2, Avg: 0.2, Max: 0.3, Diff: 0.1, Sum: 2.1]
      [GC Worker End (ms): Min: 448.2, Avg: 448.2, Max: 448.3, Diff: 0.1]
   [Code Root Fixup: 0.0 ms]
   [Code Root Purge: 0.0 ms]
   [Clear CT: 0.1 ms]
   [Other: 0.5 ms]
      [Evacuation Failure: 0.1 ms]
      [Choose CSet: 0.0 ms]
      [Ref Proc: 0.2 ms]
      [Ref Enq: 0.0 ms]
      [Redirty Cards: 0.1 ms]
      [Humongous Register: 0.0 ms]
      [Humongous Reclaim: 0.0 ms]
      [Free CSet: 0.0 ms]
   [Eden: 4096.0K(12.0M)->0.0B(12.0M) Survivors: 0.0B->0.0B Heap: 204.1M(256.0M)->201.7M(256.0M)]
 [Times: user=0.00 sys=0.00, real=0.00 secs] 
2020-10-28T20:47:52.448-0800: 0.450: [GC pause (G1 Evacuation Pause) (young) (to-space exhausted), 0.0007692 secs]
   [Parallel Time: 0.3 ms, GC Workers: 10]
      [GC Worker Start (ms): Min: 449.7, Avg: 449.8, Max: 449.8, Diff: 0.1]
      [Ext Root Scanning (ms): Min: 0.1, Avg: 0.1, Max: 0.1, Diff: 0.1, Sum: 1.1]
      [Update RS (ms): Min: 0.0, Avg: 0.0, Max: 0.0, Diff: 0.0, Sum: 0.2]
         [Processed Buffers: Min: 1, Avg: 1.3, Max: 2, Diff: 1, Sum: 13]
      [Scan RS (ms): Min: 0.0, Avg: 0.0, Max: 0.0, Diff: 0.0, Sum: 0.0]
      [Code Root Scanning (ms): Min: 0.0, Avg: 0.0, Max: 0.0, Diff: 0.0, Sum: 0.0]
      [Object Copy (ms): Min: 0.0, Avg: 0.0, Max: 0.0, Diff: 0.0, Sum: 0.1]
      [Termination (ms): Min: 0.0, Avg: 0.0, Max: 0.1, Diff: 0.1, Sum: 0.4]
         [Termination Attempts: Min: 1, Avg: 1.2, Max: 3, Diff: 2, Sum: 12]
      [GC Worker Other (ms): Min: 0.0, Avg: 0.0, Max: 0.0, Diff: 0.0, Sum: 0.1]
      [GC Worker Total (ms): Min: 0.1, Avg: 0.2, Max: 0.2, Diff: 0.1, Sum: 1.8]
      [GC Worker End (ms): Min: 449.9, Avg: 450.0, Max: 450.0, Diff: 0.0]
   [Code Root Fixup: 0.0 ms]
   [Code Root Purge: 0.0 ms]
   [Clear CT: 0.1 ms]
   [Other: 0.4 ms]
      [Evacuation Failure: 0.1 ms]
      [Choose CSet: 0.0 ms]
      [Ref Proc: 0.2 ms]
      [Ref Enq: 0.0 ms]
      [Redirty Cards: 0.1 ms]
      [Humongous Register: 0.0 ms]
      [Humongous Reclaim: 0.0 ms]
      [Free CSet: 0.0 ms]
   [Eden: 3072.0K(12.0M)->0.0B(12.0M) Survivors: 0.0B->0.0B Heap: 204.7M(256.0M)->204.7M(256.0M)]
 [Times: user=0.01 sys=0.00, real=0.00 secs] 
2020-10-28T20:47:52.449-0800: 0.451: [Full GC (Allocation Failure)  204M->195M(256M), 0.0205228 secs]
   [Eden: 0.0B(12.0M)->0.0B(12.0M) Survivors: 0.0B->0.0B Heap: 204.7M(256.0M)->195.7M(256.0M)], [Metaspace: 2711K->2711K(1056768K)]
 [Times: user=0.02 sys=0.00, real=0.02 secs] 
2020-10-28T20:47:52.470-0800: 0.471: [GC pause (G1 Humongous Allocation) (young) (initial-mark), 0.0012859 secs]
   [Parallel Time: 0.5 ms, GC Workers: 10]
      [GC Worker Start (ms): Min: 471.5, Avg: 471.6, Max: 471.6, Diff: 0.1]
      [Ext Root Scanning (ms): Min: 0.1, Avg: 0.1, Max: 0.2, Diff: 0.1, Sum: 1.0]
      [Update RS (ms): Min: 0.0, Avg: 0.0, Max: 0.1, Diff: 0.1, Sum: 0.1]
         [Processed Buffers: Min: 0, Avg: 0.2, Max: 1, Diff: 1, Sum: 2]
      [Scan RS (ms): Min: 0.0, Avg: 0.0, Max: 0.0, Diff: 0.0, Sum: 0.0]
      [Code Root Scanning (ms): Min: 0.0, Avg: 0.0, Max: 0.0, Diff: 0.0, Sum: 0.0]
      [Object Copy (ms): Min: 0.0, Avg: 0.0, Max: 0.0, Diff: 0.0, Sum: 0.1]
      [Termination (ms): Min: 0.0, Avg: 0.2, Max: 0.2, Diff: 0.2, Sum: 1.9]
         [Termination Attempts: Min: 1, Avg: 1.0, Max: 1, Diff: 0, Sum: 10]
      [GC Worker Other (ms): Min: 0.0, Avg: 0.0, Max: 0.0, Diff: 0.0, Sum: 0.1]
      [GC Worker Total (ms): Min: 0.2, Avg: 0.3, Max: 0.4, Diff: 0.2, Sum: 3.2]
      [GC Worker End (ms): Min: 471.8, Avg: 471.9, Max: 471.9, Diff: 0.1]
   [Code Root Fixup: 0.0 ms]
   [Code Root Purge: 0.0 ms]
   [Clear CT: 0.1 ms]
   [Other: 0.7 ms]
      [Choose CSet: 0.0 ms]
      [Ref Proc: 0.5 ms]
      [Ref Enq: 0.0 ms]
      [Redirty Cards: 0.1 ms]
      [Humongous Register: 0.0 ms]
      [Humongous Reclaim: 0.0 ms]
      [Free CSet: 0.0 ms]
   [Eden: 1024.0K(12.0M)->0.0B(11.0M) Survivors: 0.0B->1024.0K Heap: 196.4M(256.0M)->195.9M(256.0M)]
 [Times: user=0.00 sys=0.00, real=0.00 secs] 
2020-10-28T20:47:52.471-0800: 0.473: [GC concurrent-root-region-scan-start]
2020-10-28T20:47:52.471-0800: 0.473: [GC concurrent-root-region-scan-end, 0.0000627 secs]
2020-10-28T20:47:52.471-0800: 0.473: [GC concurrent-mark-start]
2020-10-28T20:47:52.472-0800: 0.473: [GC concurrent-mark-end, 0.0004859 secs]
2020-10-28T20:47:52.472-0800: 0.473: [GC remark 2020-10-28T20:47:52.472-0800: 0.473: [Finalize Marking, 0.0002605 secs] 2020-10-28T20:47:52.472-0800: 0.474: [GC ref-proc, 0.0000514 secs] 2020-10-28T20:47:52.472-0800: 0.474: [Unloading, 0.0004295 secs], 0.0011805 secs]
 [Times: user=0.00 sys=0.00, real=0.00 secs] 
2020-10-28T20:47:52.473-0800: 0.475: [GC cleanup 198M->198M(256M), 0.0005810 secs]
 [Times: user=0.00 sys=0.00, real=0.00 secs] 
2020-10-28T20:47:52.475-0800: 0.477: [GC pause (G1 Evacuation Pause) (young) (to-space exhausted), 0.0009351 secs]
   [Parallel Time: 0.4 ms, GC Workers: 10]
      [GC Worker Start (ms): Min: 476.6, Avg: 476.6, Max: 476.7, Diff: 0.1]
      [Ext Root Scanning (ms): Min: 0.0, Avg: 0.1, Max: 0.2, Diff: 0.1, Sum: 0.9]
      [Update RS (ms): Min: 0.1, Avg: 0.1, Max: 0.1, Diff: 0.1, Sum: 0.9]
         [Processed Buffers: Min: 1, Avg: 1.2, Max: 2, Diff: 1, Sum: 12]
      [Scan RS (ms): Min: 0.0, Avg: 0.0, Max: 0.0, Diff: 0.0, Sum: 0.0]
      [Code Root Scanning (ms): Min: 0.0, Avg: 0.0, Max: 0.0, Diff: 0.0, Sum: 0.0]
      [Object Copy (ms): Min: 0.0, Avg: 0.0, Max: 0.0, Diff: 0.0, Sum: 0.2]
      [Termination (ms): Min: 0.0, Avg: 0.0, Max: 0.1, Diff: 0.1, Sum: 0.5]
         [Termination Attempts: Min: 1, Avg: 1.5, Max: 3, Diff: 2, Sum: 15]
      [GC Worker Other (ms): Min: 0.0, Avg: 0.0, Max: 0.0, Diff: 0.0, Sum: 0.1]
      [GC Worker Total (ms): Min: 0.2, Avg: 0.3, Max: 0.3, Diff: 0.1, Sum: 2.5]
      [GC Worker End (ms): Min: 476.9, Avg: 476.9, Max: 476.9, Diff: 0.0]
   [Code Root Fixup: 0.0 ms]
   [Code Root Purge: 0.0 ms]
   [Clear CT: 0.1 ms]
   [Other: 0.5 ms]
      [Evacuation Failure: 0.1 ms]
      [Choose CSet: 0.0 ms]
      [Ref Proc: 0.1 ms]
      [Ref Enq: 0.0 ms]
      [Redirty Cards: 0.1 ms]
      [Humongous Register: 0.0 ms]
      [Humongous Reclaim: 0.0 ms]
      [Free CSet: 0.0 ms]
   [Eden: 7168.0K(11.0M)->0.0B(12.0M) Survivors: 1024.0K->0.0B Heap: 204.0M(256.0M)->202.7M(256.0M)]
 [Times: user=0.00 sys=0.00, real=0.00 secs] 
2020-10-28T20:47:52.476-0800: 0.478: [GC pause (G1 Humongous Allocation) (young) (initial-mark), 0.0007235 secs]
   [Parallel Time: 0.3 ms, GC Workers: 10]
      [GC Worker Start (ms): Min: 477.7, Avg: 477.8, Max: 477.8, Diff: 0.1]
      [Ext Root Scanning (ms): Min: 0.1, Avg: 0.1, Max: 0.2, Diff: 0.1, Sum: 1.1]
      [Update RS (ms): Min: 0.0, Avg: 0.0, Max: 0.0, Diff: 0.0, Sum: 0.2]
         [Processed Buffers: Min: 0, Avg: 0.9, Max: 1, Diff: 1, Sum: 9]
      [Scan RS (ms): Min: 0.0, Avg: 0.0, Max: 0.0, Diff: 0.0, Sum: 0.0]
      [Code Root Scanning (ms): Min: 0.0, Avg: 0.0, Max: 0.0, Diff: 0.0, Sum: 0.0]
      [Object Copy (ms): Min: 0.0, Avg: 0.0, Max: 0.0, Diff: 0.0, Sum: 0.1]
      [Termination (ms): Min: 0.0, Avg: 0.0, Max: 0.1, Diff: 0.1, Sum: 0.3]
         [Termination Attempts: Min: 1, Avg: 1.1, Max: 2, Diff: 1, Sum: 11]
      [GC Worker Other (ms): Min: 0.0, Avg: 0.0, Max: 0.0, Diff: 0.0, Sum: 0.1]
      [GC Worker Total (ms): Min: 0.1, Avg: 0.2, Max: 0.2, Diff: 0.1, Sum: 1.7]
      [GC Worker End (ms): Min: 477.9, Avg: 477.9, Max: 478.0, Diff: 0.0]
   [Code Root Fixup: 0.0 ms]
   [Code Root Purge: 0.0 ms]
   [Clear CT: 0.1 ms]
   [Other: 0.3 ms]
      [Choose CSet: 0.0 ms]
      [Ref Proc: 0.2 ms]
      [Ref Enq: 0.0 ms]
      [Redirty Cards: 0.1 ms]
      [Humongous Register: 0.0 ms]
      [Humongous Reclaim: 0.0 ms]
      [Free CSet: 0.0 ms]
   [Eden: 1024.0K(12.0M)->0.0B(11.0M) Survivors: 0.0B->1024.0K Heap: 203.3M(256.0M)->203.1M(256.0M)]
 [Times: user=0.00 sys=0.00, real=0.00 secs] 
2020-10-28T20:47:52.477-0800: 0.478: [GC concurrent-root-region-scan-start]
2020-10-28T20:47:52.477-0800: 0.479: [GC concurrent-root-region-scan-end, 0.0000377 secs]
2020-10-28T20:47:52.477-0800: 0.479: [GC concurrent-mark-start]
2020-10-28T20:47:52.477-0800: 0.479: [GC pause (G1 Evacuation Pause) (young) (to-space exhausted), 0.0007998 secs]
   [Parallel Time: 0.3 ms, GC Workers: 10]
      [GC Worker Start (ms): Min: 479.0, Avg: 479.0, Max: 479.0, Diff: 0.1]
      [Ext Root Scanning (ms): Min: 0.1, Avg: 0.1, Max: 0.1, Diff: 0.1, Sum: 1.1]
      [Update RS (ms): Min: 0.0, Avg: 0.1, Max: 0.1, Diff: 0.1, Sum: 0.7]
         [Processed Buffers: Min: 1, Avg: 1.1, Max: 2, Diff: 1, Sum: 11]
      [Scan RS (ms): Min: 0.0, Avg: 0.0, Max: 0.0, Diff: 0.0, Sum: 0.0]
      [Code Root Scanning (ms): Min: 0.0, Avg: 0.0, Max: 0.0, Diff: 0.0, Sum: 0.0]
      [Object Copy (ms): Min: 0.0, Avg: 0.0, Max: 0.0, Diff: 0.0, Sum: 0.0]
      [Termination (ms): Min: 0.0, Avg: 0.1, Max: 0.1, Diff: 0.1, Sum: 0.6]
         [Termination Attempts: Min: 1, Avg: 1.0, Max: 1, Diff: 0, Sum: 10]
      [GC Worker Other (ms): Min: 0.0, Avg: 0.0, Max: 0.0, Diff: 0.0, Sum: 0.1]
      [GC Worker Total (ms): Min: 0.2, Avg: 0.2, Max: 0.3, Diff: 0.1, Sum: 2.5]
      [GC Worker End (ms): Min: 479.2, Avg: 479.2, Max: 479.3, Diff: 0.0]
   [Code Root Fixup: 0.0 ms]
   [Code Root Purge: 0.0 ms]
   [Clear CT: 0.1 ms]
   [Other: 0.4 ms]
      [Evacuation Failure: 0.1 ms]
      [Choose CSet: 0.0 ms]
      [Ref Proc: 0.1 ms]
      [Ref Enq: 0.0 ms]
      [Redirty Cards: 0.1 ms]
      [Humongous Register: 0.0 ms]
      [Humongous Reclaim: 0.0 ms]
      [Free CSet: 0.0 ms]
   [Eden: 1024.0K(11.0M)->0.0B(12.0M) Survivors: 1024.0K->0.0B Heap: 204.8M(256.0M)->204.8M(256.0M)]
 [Times: user=0.01 sys=0.00, real=0.00 secs] 
2020-10-28T20:47:52.478-0800: 0.480: [Full GC (Allocation Failure)  204M->197M(256M), 0.0147155 secs]
   [Eden: 0.0B(12.0M)->0.0B(12.0M) Survivors: 0.0B->0.0B Heap: 204.8M(256.0M)->197.2M(256.0M)], [Metaspace: 2711K->2711K(1056768K)]
 [Times: user=0.01 sys=0.00, real=0.02 secs] 
2020-10-28T20:47:52.493-0800: 0.495: [GC concurrent-mark-abort]
2020-10-28T20:47:52.493-0800: 0.495: [GC pause (G1 Humongous Allocation) (young) (initial-mark), 0.0012272 secs]
   [Parallel Time: 0.4 ms, GC Workers: 10]
      [GC Worker Start (ms): Min: 494.8, Avg: 494.9, Max: 495.0, Diff: 0.2]
      [Ext Root Scanning (ms): Min: 0.0, Avg: 0.1, Max: 0.2, Diff: 0.2, Sum: 1.2]
      [Update RS (ms): Min: 0.0, Avg: 0.0, Max: 0.1, Diff: 0.1, Sum: 0.1]
         [Processed Buffers: Min: 0, Avg: 0.2, Max: 1, Diff: 1, Sum: 2]
      [Scan RS (ms): Min: 0.0, Avg: 0.0, Max: 0.0, Diff: 0.0, Sum: 0.0]
      [Code Root Scanning (ms): Min: 0.0, Avg: 0.0, Max: 0.0, Diff: 0.0, Sum: 0.0]
      [Object Copy (ms): Min: 0.0, Avg: 0.0, Max: 0.0, Diff: 0.0, Sum: 0.0]
      [Termination (ms): Min: 0.0, Avg: 0.1, Max: 0.1, Diff: 0.1, Sum: 1.0]
         [Termination Attempts: Min: 1, Avg: 1.0, Max: 1, Diff: 0, Sum: 10]
      [GC Worker Other (ms): Min: 0.0, Avg: 0.0, Max: 0.0, Diff: 0.0, Sum: 0.1]
      [GC Worker Total (ms): Min: 0.2, Avg: 0.2, Max: 0.3, Diff: 0.2, Sum: 2.5]
      [GC Worker End (ms): Min: 495.2, Avg: 495.2, Max: 495.2, Diff: 0.0]
   [Code Root Fixup: 0.0 ms]
   [Code Root Purge: 0.0 ms]
   [Clear CT: 0.1 ms]
   [Other: 0.7 ms]
      [Choose CSet: 0.0 ms]
      [Ref Proc: 0.5 ms]
      [Ref Enq: 0.0 ms]
      [Redirty Cards: 0.1 ms]
      [Humongous Register: 0.0 ms]
      [Humongous Reclaim: 0.0 ms]
      [Free CSet: 0.0 ms]
   [Eden: 1024.0K(12.0M)->0.0B(11.0M) Survivors: 0.0B->1024.0K Heap: 197.6M(256.0M)->197.3M(256.0M)]
 [Times: user=0.01 sys=0.00, real=0.00 secs] 
2020-10-28T20:47:52.494-0800: 0.496: [GC concurrent-root-region-scan-start]
2020-10-28T20:47:52.494-0800: 0.496: [GC concurrent-root-region-scan-end, 0.0000404 secs]
2020-10-28T20:47:52.494-0800: 0.496: [GC concurrent-mark-start]
2020-10-28T20:47:52.495-0800: 0.497: [GC concurrent-mark-end, 0.0004979 secs]
2020-10-28T20:47:52.495-0800: 0.497: [GC remark 2020-10-28T20:47:52.495-0800: 0.497: [Finalize Marking, 0.0002739 secs] 2020-10-28T20:47:52.495-0800: 0.497: [GC ref-proc, 0.0000491 secs] 2020-10-28T20:47:52.495-0800: 0.497: [Unloading, 0.0004132 secs], 0.0011737 secs]
 [Times: user=0.00 sys=0.00, real=0.00 secs] 
2020-10-28T20:47:52.496-0800: 0.498: [GC cleanup 201M->201M(256M), 0.0005055 secs]
 [Times: user=0.01 sys=0.00, real=0.00 secs] 
2020-10-28T20:47:52.497-0800: 0.499: [GC pause (G1 Evacuation Pause) (young) (to-space exhausted), 0.0011579 secs]
   [Parallel Time: 0.6 ms, GC Workers: 10]
      [GC Worker Start (ms): Min: 499.1, Avg: 499.2, Max: 499.2, Diff: 0.1]
      [Ext Root Scanning (ms): Min: 0.1, Avg: 0.1, Max: 0.1, Diff: 0.1, Sum: 1.1]
      [Update RS (ms): Min: 0.3, Avg: 0.3, Max: 0.4, Diff: 0.1, Sum: 3.2]
         [Processed Buffers: Min: 3, Avg: 3.6, Max: 5, Diff: 2, Sum: 36]
      [Scan RS (ms): Min: 0.0, Avg: 0.0, Max: 0.0, Diff: 0.0, Sum: 0.0]
      [Code Root Scanning (ms): Min: 0.0, Avg: 0.0, Max: 0.0, Diff: 0.0, Sum: 0.0]
      [Object Copy (ms): Min: 0.0, Avg: 0.0, Max: 0.0, Diff: 0.0, Sum: 0.1]
      [Termination (ms): Min: 0.0, Avg: 0.1, Max: 0.1, Diff: 0.1, Sum: 0.7]
         [Termination Attempts: Min: 1, Avg: 1.2, Max: 2, Diff: 1, Sum: 12]
      [GC Worker Other (ms): Min: 0.0, Avg: 0.0, Max: 0.0, Diff: 0.0, Sum: 0.1]
      [GC Worker Total (ms): Min: 0.5, Avg: 0.5, Max: 0.6, Diff: 0.1, Sum: 5.2]
      [GC Worker End (ms): Min: 499.7, Avg: 499.7, Max: 499.7, Diff: 0.1]
   [Code Root Fixup: 0.0 ms]
   [Code Root Purge: 0.0 ms]
   [Clear CT: 0.1 ms]
   [Other: 0.4 ms]
      [Evacuation Failure: 0.1 ms]
      [Choose CSet: 0.0 ms]
      [Ref Proc: 0.2 ms]
      [Ref Enq: 0.0 ms]
      [Redirty Cards: 0.1 ms]
      [Humongous Register: 0.0 ms]
      [Humongous Reclaim: 0.0 ms]
      [Free CSet: 0.0 ms]
   [Eden: 3072.0K(11.0M)->0.0B(12.0M) Survivors: 1024.0K->0.0B Heap: 204.4M(256.0M)->203.6M(256.0M)]
 [Times: user=0.00 sys=0.00, real=0.00 secs] 
2020-10-28T20:47:52.499-0800: 0.501: [GC pause (G1 Evacuation Pause) (young) (to-space exhausted), 0.0007616 secs]
   [Parallel Time: 0.3 ms, GC Workers: 10]
      [GC Worker Start (ms): Min: 500.7, Avg: 500.7, Max: 500.8, Diff: 0.1]
      [Ext Root Scanning (ms): Min: 0.1, Avg: 0.1, Max: 0.1, Diff: 0.1, Sum: 1.0]
      [Update RS (ms): Min: 0.0, Avg: 0.0, Max: 0.1, Diff: 0.0, Sum: 0.2]
         [Processed Buffers: Min: 1, Avg: 1.1, Max: 2, Diff: 1, Sum: 11]
      [Scan RS (ms): Min: 0.0, Avg: 0.0, Max: 0.0, Diff: 0.0, Sum: 0.0]
      [Code Root Scanning (ms): Min: 0.0, Avg: 0.0, Max: 0.0, Diff: 0.0, Sum: 0.0]
      [Object Copy (ms): Min: 0.0, Avg: 0.0, Max: 0.0, Diff: 0.0, Sum: 0.0]
      [Termination (ms): Min: 0.0, Avg: 0.0, Max: 0.1, Diff: 0.1, Sum: 0.5]
         [Termination Attempts: Min: 1, Avg: 1.3, Max: 2, Diff: 1, Sum: 13]
      [GC Worker Other (ms): Min: 0.0, Avg: 0.0, Max: 0.0, Diff: 0.0, Sum: 0.1]
      [GC Worker Total (ms): Min: 0.1, Avg: 0.2, Max: 0.2, Diff: 0.1, Sum: 1.8]
      [GC Worker End (ms): Min: 500.9, Avg: 500.9, Max: 500.9, Diff: 0.0]
   [Code Root Fixup: 0.0 ms]
   [Code Root Purge: 0.0 ms]
   [Clear CT: 0.1 ms]
   [Other: 0.4 ms]
      [Evacuation Failure: 0.1 ms]
      [Choose CSet: 0.0 ms]
      [Ref Proc: 0.2 ms]
      [Ref Enq: 0.0 ms]
      [Redirty Cards: 0.1 ms]
      [Humongous Register: 0.0 ms]
      [Humongous Reclaim: 0.0 ms]
      [Free CSet: 0.0 ms]
   [Eden: 2048.0K(12.0M)->0.0B(12.0M) Survivors: 0.0B->0.0B Heap: 205.6M(256.0M)->205.0M(256.0M)]
 [Times: user=0.01 sys=0.00, real=0.01 secs] 
2020-10-28T20:47:52.500-0800: 0.502: [GC pause (G1 Evacuation Pause) (young) (initial-mark) (to-space exhausted), 0.0007331 secs]
   [Parallel Time: 0.2 ms, GC Workers: 10]
      [GC Worker Start (ms): Min: 501.7, Avg: 501.8, Max: 501.8, Diff: 0.1]
      [Ext Root Scanning (ms): Min: 0.1, Avg: 0.1, Max: 0.1, Diff: 0.1, Sum: 1.1]
      [Update RS (ms): Min: 0.0, Avg: 0.0, Max: 0.0, Diff: 0.0, Sum: 0.2]
         [Processed Buffers: Min: 1, Avg: 1.4, Max: 2, Diff: 1, Sum: 14]
      [Scan RS (ms): Min: 0.0, Avg: 0.0, Max: 0.0, Diff: 0.0, Sum: 0.0]
      [Code Root Scanning (ms): Min: 0.0, Avg: 0.0, Max: 0.0, Diff: 0.0, Sum: 0.0]
      [Object Copy (ms): Min: 0.0, Avg: 0.0, Max: 0.0, Diff: 0.0, Sum: 0.0]
      [Termination (ms): Min: 0.0, Avg: 0.0, Max: 0.0, Diff: 0.0, Sum: 0.3]
         [Termination Attempts: Min: 1, Avg: 1.1, Max: 2, Diff: 1, Sum: 11]
      [GC Worker Other (ms): Min: 0.0, Avg: 0.0, Max: 0.0, Diff: 0.0, Sum: 0.1]
      [GC Worker Total (ms): Min: 0.1, Avg: 0.2, Max: 0.2, Diff: 0.1, Sum: 1.6]
      [GC Worker End (ms): Min: 501.9, Avg: 501.9, Max: 501.9, Diff: 0.0]
   [Code Root Fixup: 0.0 ms]
   [Code Root Purge: 0.0 ms]
   [Clear CT: 0.1 ms]
   [Other: 0.4 ms]
      [Evacuation Failure: 0.1 ms]
      [Choose CSet: 0.0 ms]
      [Ref Proc: 0.2 ms]
      [Ref Enq: 0.0 ms]
      [Redirty Cards: 0.1 ms]
      [Humongous Register: 0.0 ms]
      [Humongous Reclaim: 0.0 ms]
      [Free CSet: 0.0 ms]
   [Eden: 1024.0K(12.0M)->0.0B(12.0M) Survivors: 0.0B->0.0B Heap: 206.0M(256.0M)->206.0M(256.0M)]
 [Times: user=0.00 sys=0.00, real=0.00 secs] 
2020-10-28T20:47:52.501-0800: 0.502: [GC concurrent-root-region-scan-start]
2020-10-28T20:47:52.501-0800: 0.502: [GC concurrent-root-region-scan-end, 0.0000062 secs]
2020-10-28T20:47:52.501-0800: 0.502: [GC concurrent-mark-start]
2020-10-28T20:47:52.501-0800: 0.503: [Full GC (Allocation Failure)  205M->200M(256M), 0.0098641 secs]
   [Eden: 0.0B(12.0M)->0.0B(12.0M) Survivors: 0.0B->0.0B Heap: 206.0M(256.0M)->200.3M(256.0M)], [Metaspace: 2711K->2711K(1056768K)]
 [Times: user=0.01 sys=0.00, real=0.01 secs] 
2020-10-28T20:47:52.511-0800: 0.513: [GC concurrent-mark-abort]
2020-10-28T20:47:52.511-0800: 0.513: [GC pause (G1 Humongous Allocation) (young) (initial-mark), 0.0009484 secs]
   [Parallel Time: 0.4 ms, GC Workers: 10]
      [GC Worker Start (ms): Min: 512.7, Avg: 512.8, Max: 512.9, Diff: 0.1]
      [Ext Root Scanning (ms): Min: 0.1, Avg: 0.1, Max: 0.2, Diff: 0.1, Sum: 1.1]
      [Update RS (ms): Min: 0.0, Avg: 0.0, Max: 0.1, Diff: 0.1, Sum: 0.2]
         [Processed Buffers: Min: 0, Avg: 0.2, Max: 1, Diff: 1, Sum: 2]
      [Scan RS (ms): Min: 0.0, Avg: 0.0, Max: 0.0, Diff: 0.0, Sum: 0.0]
      [Code Root Scanning (ms): Min: 0.0, Avg: 0.0, Max: 0.0, Diff: 0.0, Sum: 0.0]
      [Object Copy (ms): Min: 0.0, Avg: 0.0, Max: 0.0, Diff: 0.0, Sum: 0.1]
      [Termination (ms): Min: 0.0, Avg: 0.1, Max: 0.1, Diff: 0.1, Sum: 1.1]
         [Termination Attempts: Min: 1, Avg: 1.6, Max: 2, Diff: 1, Sum: 16]
      [GC Worker Other (ms): Min: 0.0, Avg: 0.0, Max: 0.0, Diff: 0.0, Sum: 0.1]
      [GC Worker Total (ms): Min: 0.2, Avg: 0.3, Max: 0.3, Diff: 0.1, Sum: 2.5]
      [GC Worker End (ms): Min: 513.0, Avg: 513.1, Max: 513.1, Diff: 0.0]
   [Code Root Fixup: 0.0 ms]
   [Code Root Purge: 0.0 ms]
   [Clear CT: 0.1 ms]
   [Other: 0.4 ms]
      [Choose CSet: 0.0 ms]
      [Ref Proc: 0.2 ms]
      [Ref Enq: 0.0 ms]
      [Redirty Cards: 0.1 ms]
      [Humongous Register: 0.0 ms]
      [Humongous Reclaim: 0.0 ms]
      [Free CSet: 0.0 ms]
   [Eden: 2048.0K(12.0M)->0.0B(11.0M) Survivors: 0.0B->1024.0K Heap: 201.7M(256.0M)->200.9M(256.0M)]
 [Times: user=0.00 sys=0.00, real=0.00 secs] 
2020-10-28T20:47:52.512-0800: 0.514: [GC concurrent-root-region-scan-start]
2020-10-28T20:47:52.512-0800: 0.514: [GC concurrent-root-region-scan-end, 0.0000615 secs]
2020-10-28T20:47:52.512-0800: 0.514: [GC concurrent-mark-start]
2020-10-28T20:47:52.512-0800: 0.514: [GC pause (G1 Evacuation Pause) (young) (to-space exhausted), 0.0010160 secs]
   [Parallel Time: 0.4 ms, GC Workers: 10]
      [GC Worker Start (ms): Min: 514.3, Avg: 514.4, Max: 514.5, Diff: 0.2]
      [Ext Root Scanning (ms): Min: 0.0, Avg: 0.1, Max: 0.2, Diff: 0.2, Sum: 0.5]
      [Update RS (ms): Min: 0.1, Avg: 0.1, Max: 0.1, Diff: 0.0, Sum: 1.0]
         [Processed Buffers: Min: 1, Avg: 1.4, Max: 3, Diff: 2, Sum: 14]
      [Scan RS (ms): Min: 0.0, Avg: 0.0, Max: 0.0, Diff: 0.0, Sum: 0.0]
      [Code Root Scanning (ms): Min: 0.0, Avg: 0.0, Max: 0.0, Diff: 0.0, Sum: 0.0]
      [Object Copy (ms): Min: 0.0, Avg: 0.0, Max: 0.0, Diff: 0.0, Sum: 0.0]
      [Termination (ms): Min: 0.0, Avg: 0.0, Max: 0.1, Diff: 0.1, Sum: 0.4]
         [Termination Attempts: Min: 1, Avg: 1.0, Max: 1, Diff: 0, Sum: 10]
      [GC Worker Other (ms): Min: 0.0, Avg: 0.0, Max: 0.0, Diff: 0.0, Sum: 0.1]
      [GC Worker Total (ms): Min: 0.1, Avg: 0.2, Max: 0.3, Diff: 0.2, Sum: 2.0]
      [GC Worker End (ms): Min: 514.6, Avg: 514.6, Max: 514.6, Diff: 0.0]
   [Code Root Fixup: 0.0 ms]
   [Code Root Purge: 0.0 ms]
   [Clear CT: 0.2 ms]
   [Other: 0.4 ms]
      [Evacuation Failure: 0.1 ms]
      [Choose CSet: 0.0 ms]
      [Ref Proc: 0.2 ms]
      [Ref Enq: 0.0 ms]
      [Redirty Cards: 0.1 ms]
      [Humongous Register: 0.0 ms]
      [Humongous Reclaim: 0.0 ms]
      [Free CSet: 0.0 ms]
   [Eden: 2048.0K(11.0M)->0.0B(12.0M) Survivors: 1024.0K->0.0B Heap: 204.1M(256.0M)->203.4M(256.0M)]
 [Times: user=0.01 sys=0.00, real=0.00 secs] 
2020-10-28T20:47:52.514-0800: 0.515: [GC concurrent-mark-end, 0.0017108 secs]
2020-10-28T20:47:52.514-0800: 0.516: [GC remark 2020-10-28T20:47:52.514-0800: 0.516: [Finalize Marking, 0.0001845 secs] 2020-10-28T20:47:52.514-0800: 0.516: [GC ref-proc, 0.0000518 secs] 2020-10-28T20:47:52.514-0800: 0.516: [Unloading, 0.0004208 secs], 0.0010976 secs]
 [Times: user=0.00 sys=0.00, real=0.00 secs] 
2020-10-28T20:47:52.515-0800: 0.517: [GC cleanup 204M->204M(256M), 0.0004853 secs]
 [Times: user=0.01 sys=0.01, real=0.00 secs] 
2020-10-28T20:47:52.516-0800: 0.517: [GC pause (G1 Evacuation Pause) (young) (to-space exhausted), 0.0007848 secs]
   [Parallel Time: 0.3 ms, GC Workers: 10]
      [GC Worker Start (ms): Min: 517.5, Avg: 517.5, Max: 517.5, Diff: 0.1]
      [Ext Root Scanning (ms): Min: 0.1, Avg: 0.1, Max: 0.1, Diff: 0.1, Sum: 1.1]
      [Update RS (ms): Min: 0.0, Avg: 0.0, Max: 0.1, Diff: 0.1, Sum: 0.2]
         [Processed Buffers: Min: 0, Avg: 1.1, Max: 4, Diff: 4, Sum: 11]
      [Scan RS (ms): Min: 0.0, Avg: 0.0, Max: 0.0, Diff: 0.0, Sum: 0.0]
      [Code Root Scanning (ms): Min: 0.0, Avg: 0.0, Max: 0.0, Diff: 0.0, Sum: 0.0]
      [Object Copy (ms): Min: 0.0, Avg: 0.0, Max: 0.0, Diff: 0.0, Sum: 0.0]
      [Termination (ms): Min: 0.0, Avg: 0.1, Max: 0.1, Diff: 0.1, Sum: 1.0]
         [Termination Attempts: Min: 1, Avg: 1.1, Max: 2, Diff: 1, Sum: 11]
      [GC Worker Other (ms): Min: 0.0, Avg: 0.0, Max: 0.0, Diff: 0.0, Sum: 0.1]
      [GC Worker Total (ms): Min: 0.2, Avg: 0.2, Max: 0.3, Diff: 0.1, Sum: 2.5]
      [GC Worker End (ms): Min: 517.7, Avg: 517.7, Max: 517.7, Diff: 0.1]
   [Code Root Fixup: 0.0 ms]
   [Code Root Purge: 0.0 ms]
   [Clear CT: 0.1 ms]
   [Other: 0.4 ms]
      [Evacuation Failure: 0.1 ms]
      [Choose CSet: 0.0 ms]
      [Ref Proc: 0.1 ms]
      [Ref Enq: 0.0 ms]
      [Redirty Cards: 0.1 ms]
      [Humongous Register: 0.0 ms]
      [Humongous Reclaim: 0.0 ms]
      [Free CSet: 0.0 ms]
   [Eden: 1024.0K(12.0M)->0.0B(12.0M) Survivors: 0.0B->0.0B Heap: 204.4M(256.0M)->204.4M(256.0M)]
 [Times: user=0.00 sys=0.00, real=0.00 secs] 
2020-10-28T20:47:52.517-0800: 0.518: [Full GC (Allocation Failure)  204M->201M(256M), 0.0170176 secs]
   [Eden: 0.0B(12.0M)->0.0B(12.0M) Survivors: 0.0B->0.0B Heap: 204.4M(256.0M)->201.9M(256.0M)], [Metaspace: 2711K->2711K(1056768K)]
 [Times: user=0.02 sys=0.00, real=0.02 secs] 
2020-10-28T20:47:52.534-0800: 0.536: [GC pause (G1 Humongous Allocation) (young) (initial-mark), 0.0010720 secs]
   [Parallel Time: 0.4 ms, GC Workers: 10]
      [GC Worker Start (ms): Min: 535.7, Avg: 535.7, Max: 535.8, Diff: 0.1]
      [Ext Root Scanning (ms): Min: 0.1, Avg: 0.1, Max: 0.2, Diff: 0.1, Sum: 1.2]
      [Update RS (ms): Min: 0.0, Avg: 0.0, Max: 0.1, Diff: 0.1, Sum: 0.2]
         [Processed Buffers: Min: 0, Avg: 0.2, Max: 1, Diff: 1, Sum: 2]
      [Scan RS (ms): Min: 0.0, Avg: 0.0, Max: 0.0, Diff: 0.0, Sum: 0.0]
      [Code Root Scanning (ms): Min: 0.0, Avg: 0.0, Max: 0.0, Diff: 0.0, Sum: 0.0]
      [Object Copy (ms): Min: 0.0, Avg: 0.0, Max: 0.0, Diff: 0.0, Sum: 0.1]
      [Termination (ms): Min: 0.0, Avg: 0.1, Max: 0.1, Diff: 0.1, Sum: 1.1]
         [Termination Attempts: Min: 1, Avg: 1.0, Max: 1, Diff: 0, Sum: 10]
      [GC Worker Other (ms): Min: 0.0, Avg: 0.0, Max: 0.0, Diff: 0.0, Sum: 0.1]
      [GC Worker Total (ms): Min: 0.2, Avg: 0.3, Max: 0.4, Diff: 0.1, Sum: 2.7]
      [GC Worker End (ms): Min: 536.0, Avg: 536.0, Max: 536.0, Diff: 0.0]
   [Code Root Fixup: 0.0 ms]
   [Code Root Purge: 0.0 ms]
   [Clear CT: 0.2 ms]
   [Other: 0.5 ms]
      [Choose CSet: 0.0 ms]
      [Ref Proc: 0.2 ms]
      [Ref Enq: 0.0 ms]
      [Redirty Cards: 0.1 ms]
      [Humongous Register: 0.0 ms]
      [Humongous Reclaim: 0.0 ms]
      [Free CSet: 0.0 ms]
   [Eden: 1024.0K(12.0M)->0.0B(11.0M) Survivors: 0.0B->1024.0K Heap: 202.0M(256.0M)->202.0M(256.0M)]
 [Times: user=0.00 sys=0.00, real=0.00 secs] 
2020-10-28T20:47:52.535-0800: 0.537: [GC concurrent-root-region-scan-start]
2020-10-28T20:47:52.535-0800: 0.537: [GC concurrent-root-region-scan-end, 0.0000664 secs]
2020-10-28T20:47:52.535-0800: 0.537: [GC concurrent-mark-start]
2020-10-28T20:47:52.536-0800: 0.537: [GC pause (G1 Evacuation Pause) (young) (to-space exhausted), 0.0012041 secs]
   [Parallel Time: 0.4 ms, GC Workers: 10]
      [GC Worker Start (ms): Min: 537.3, Avg: 537.4, Max: 537.5, Diff: 0.2]
      [Ext Root Scanning (ms): Min: 0.0, Avg: 0.1, Max: 0.2, Diff: 0.2, Sum: 0.9]
      [Update RS (ms): Min: 0.0, Avg: 0.1, Max: 0.1, Diff: 0.1, Sum: 0.6]
         [Processed Buffers: Min: 0, Avg: 0.8, Max: 1, Diff: 1, Sum: 8]
      [Scan RS (ms): Min: 0.0, Avg: 0.0, Max: 0.0, Diff: 0.0, Sum: 0.0]
      [Code Root Scanning (ms): Min: 0.0, Avg: 0.0, Max: 0.0, Diff: 0.0, Sum: 0.0]
      [Object Copy (ms): Min: 0.0, Avg: 0.0, Max: 0.0, Diff: 0.0, Sum: 0.0]
      [Termination (ms): Min: 0.0, Avg: 0.1, Max: 0.1, Diff: 0.1, Sum: 0.6]
         [Termination Attempts: Min: 1, Avg: 1.1, Max: 2, Diff: 1, Sum: 11]
      [GC Worker Other (ms): Min: 0.0, Avg: 0.0, Max: 0.0, Diff: 0.0, Sum: 0.1]
      [GC Worker Total (ms): Min: 0.1, Avg: 0.2, Max: 0.3, Diff: 0.2, Sum: 2.3]
      [GC Worker End (ms): Min: 537.6, Avg: 537.7, Max: 537.7, Diff: 0.1]
   [Code Root Fixup: 0.0 ms]
   [Code Root Purge: 0.0 ms]
   [Clear CT: 0.1 ms]
   [Other: 0.7 ms]
      [Evacuation Failure: 0.1 ms]
      [Choose CSet: 0.0 ms]
      [Ref Proc: 0.4 ms]
      [Ref Enq: 0.0 ms]
      [Redirty Cards: 0.1 ms]
      [Humongous Register: 0.0 ms]
      [Humongous Reclaim: 0.0 ms]
      [Free CSet: 0.0 ms]
   [Eden: 2048.0K(11.0M)->0.0B(12.0M) Survivors: 1024.0K->0.0B Heap: 204.5M(256.0M)->204.5M(256.0M)]
 [Times: user=0.01 sys=0.00, real=0.00 secs] 
2020-10-28T20:47:52.537-0800: 0.539: [Full GC (Allocation Failure)  204M->203M(256M), 0.0026038 secs]
   [Eden: 0.0B(12.0M)->0.0B(12.0M) Survivors: 0.0B->0.0B Heap: 204.5M(256.0M)->203.2M(256.0M)], [Metaspace: 2711K->2711K(1056768K)]
 [Times: user=0.00 sys=0.00, real=0.01 secs] 
2020-10-28T20:47:52.540-0800: 0.541: [GC concurrent-mark-abort]
2020-10-28T20:47:52.540-0800: 0.542: [GC pause (G1 Humongous Allocation) (young) (initial-mark), 0.0008042 secs]
   [Parallel Time: 0.4 ms, GC Workers: 10]
      [GC Worker Start (ms): Min: 541.6, Avg: 541.7, Max: 541.7, Diff: 0.1]
      [Ext Root Scanning (ms): Min: 0.1, Avg: 0.1, Max: 0.2, Diff: 0.1, Sum: 1.0]
      [Update RS (ms): Min: 0.0, Avg: 0.0, Max: 0.1, Diff: 0.1, Sum: 0.1]
         [Processed Buffers: Min: 0, Avg: 0.2, Max: 1, Diff: 1, Sum: 2]
      [Scan RS (ms): Min: 0.0, Avg: 0.0, Max: 0.0, Diff: 0.0, Sum: 0.0]
      [Code Root Scanning (ms): Min: 0.0, Avg: 0.0, Max: 0.0, Diff: 0.0, Sum: 0.0]
      [Object Copy (ms): Min: 0.0, Avg: 0.0, Max: 0.0, Diff: 0.0, Sum: 0.1]
      [Termination (ms): Min: 0.0, Avg: 0.1, Max: 0.1, Diff: 0.1, Sum: 1.0]
         [Termination Attempts: Min: 1, Avg: 1.7, Max: 4, Diff: 3, Sum: 17]
      [GC Worker Other (ms): Min: 0.0, Avg: 0.0, Max: 0.0, Diff: 0.0, Sum: 0.1]
      [GC Worker Total (ms): Min: 0.2, Avg: 0.2, Max: 0.3, Diff: 0.1, Sum: 2.3]
      [GC Worker End (ms): Min: 541.9, Avg: 541.9, Max: 541.9, Diff: 0.0]
   [Code Root Fixup: 0.0 ms]
   [Code Root Purge: 0.0 ms]
   [Clear CT: 0.1 ms]
   [Other: 0.3 ms]
      [Choose CSet: 0.0 ms]
      [Ref Proc: 0.2 ms]
      [Ref Enq: 0.0 ms]
      [Redirty Cards: 0.1 ms]
      [Humongous Register: 0.0 ms]
      [Humongous Reclaim: 0.0 ms]
      [Free CSet: 0.0 ms]
   [Eden: 1024.0K(12.0M)->0.0B(11.0M) Survivors: 0.0B->1024.0K Heap: 204.1M(256.0M)->203.8M(256.0M)]
 [Times: user=0.00 sys=0.00, real=0.00 secs] 
2020-10-28T20:47:52.541-0800: 0.542: [GC concurrent-root-region-scan-start]
2020-10-28T20:47:52.541-0800: 0.543: [GC concurrent-root-region-scan-end, 0.0000499 secs]
2020-10-28T20:47:52.541-0800: 0.543: [GC concurrent-mark-start]
2020-10-28T20:47:52.541-0800: 0.543: [GC pause (G1 Evacuation Pause) (young) (to-space exhausted), 0.0009801 secs]
   [Parallel Time: 0.4 ms, GC Workers: 10]
      [GC Worker Start (ms): Min: 542.7, Avg: 542.8, Max: 542.8, Diff: 0.1]
      [Ext Root Scanning (ms): Min: 0.0, Avg: 0.1, Max: 0.2, Diff: 0.1, Sum: 0.7]
      [Update RS (ms): Min: 0.0, Avg: 0.1, Max: 0.1, Diff: 0.1, Sum: 0.6]
         [Processed Buffers: Min: 0, Avg: 0.9, Max: 1, Diff: 1, Sum: 9]
      [Scan RS (ms): Min: 0.0, Avg: 0.0, Max: 0.0, Diff: 0.0, Sum: 0.0]
      [Code Root Scanning (ms): Min: 0.0, Avg: 0.0, Max: 0.0, Diff: 0.0, Sum: 0.0]
      [Object Copy (ms): Min: 0.0, Avg: 0.0, Max: 0.0, Diff: 0.0, Sum: 0.0]
      [Termination (ms): Min: 0.0, Avg: 0.1, Max: 0.2, Diff: 0.2, Sum: 0.8]
         [Termination Attempts: Min: 1, Avg: 1.2, Max: 3, Diff: 2, Sum: 12]
      [GC Worker Other (ms): Min: 0.0, Avg: 0.0, Max: 0.0, Diff: 0.0, Sum: 0.1]
      [GC Worker Total (ms): Min: 0.2, Avg: 0.2, Max: 0.3, Diff: 0.2, Sum: 2.2]
      [GC Worker End (ms): Min: 543.0, Avg: 543.0, Max: 543.1, Diff: 0.1]
   [Code Root Fixup: 0.0 ms]
   [Code Root Purge: 0.0 ms]
   [Clear CT: 0.1 ms]
   [Other: 0.4 ms]
      [Evacuation Failure: 0.1 ms]
      [Choose CSet: 0.0 ms]
      [Ref Proc: 0.2 ms]
      [Ref Enq: 0.0 ms]
      [Redirty Cards: 0.1 ms]
      [Humongous Register: 0.0 ms]
      [Humongous Reclaim: 0.0 ms]
      [Free CSet: 0.0 ms]
   [Eden: 0.0B(11.0M)->0.0B(12.0M) Survivors: 1024.0K->0.0B Heap: 204.5M(256.0M)->203.8M(256.0M)]
 [Times: user=0.01 sys=0.00, real=0.00 secs] 
2020-10-28T20:47:52.542-0800: 0.544: [GC pause (G1 Humongous Allocation) (young) (to-space exhausted), 0.0008077 secs]
   [Parallel Time: 0.3 ms, GC Workers: 10]
      [GC Worker Start (ms): Min: 544.1, Avg: 544.2, Max: 544.2, Diff: 0.1]
      [Ext Root Scanning (ms): Min: 0.1, Avg: 0.1, Max: 0.1, Diff: 0.1, Sum: 1.0]
      [Update RS (ms): Min: 0.0, Avg: 0.0, Max: 0.1, Diff: 0.1, Sum: 0.1]
         [Processed Buffers: Min: 0, Avg: 0.5, Max: 1, Diff: 1, Sum: 5]
      [Scan RS (ms): Min: 0.0, Avg: 0.0, Max: 0.0, Diff: 0.0, Sum: 0.0]
      [Code Root Scanning (ms): Min: 0.0, Avg: 0.0, Max: 0.0, Diff: 0.0, Sum: 0.0]
      [Object Copy (ms): Min: 0.0, Avg: 0.0, Max: 0.0, Diff: 0.0, Sum: 0.0]
      [Termination (ms): Min: 0.0, Avg: 0.1, Max: 0.1, Diff: 0.1, Sum: 1.0]
         [Termination Attempts: Min: 1, Avg: 1.2, Max: 3, Diff: 2, Sum: 12]
      [GC Worker Other (ms): Min: 0.0, Avg: 0.0, Max: 0.0, Diff: 0.0, Sum: 0.1]
      [GC Worker Total (ms): Min: 0.2, Avg: 0.2, Max: 0.3, Diff: 0.1, Sum: 2.3]
      [GC Worker End (ms): Min: 544.4, Avg: 544.4, Max: 544.4, Diff: 0.0]
   [Code Root Fixup: 0.0 ms]
   [Code Root Purge: 0.0 ms]
   [Clear CT: 0.1 ms]
   [Other: 0.4 ms]
      [Evacuation Failure: 0.1 ms]
      [Choose CSet: 0.0 ms]
      [Ref Proc: 0.2 ms]
      [Ref Enq: 0.0 ms]
      [Redirty Cards: 0.1 ms]
      [Humongous Register: 0.0 ms]
      [Humongous Reclaim: 0.0 ms]
      [Free CSet: 0.0 ms]
   [Eden: 1024.0K(12.0M)->0.0B(12.0M) Survivors: 0.0B->0.0B Heap: 204.7M(256.0M)->204.7M(256.0M)]
 [Times: user=0.00 sys=0.00, real=0.00 secs] 
2020-10-28T20:47:52.543-0800: 0.545: [Full GC (Allocation Failure)  204M->203M(256M), 0.0025379 secs]
   [Eden: 0.0B(12.0M)->0.0B(12.0M) Survivors: 0.0B->0.0B Heap: 204.7M(256.0M)->203.3M(256.0M)], [Metaspace: 2711K->2711K(1056768K)]
 [Times: user=0.01 sys=0.00, real=0.00 secs] 
2020-10-28T20:47:52.546-0800: 0.548: [GC concurrent-mark-abort]
2020-10-28T20:47:52.546-0800: 0.548: [GC pause (G1 Humongous Allocation) (young) (initial-mark) (to-space exhausted), 0.0009302 secs]
   [Parallel Time: 0.4 ms, GC Workers: 10]
      [GC Worker Start (ms): Min: 547.8, Avg: 547.9, Max: 547.9, Diff: 0.1]
      [Ext Root Scanning (ms): Min: 0.1, Avg: 0.1, Max: 0.1, Diff: 0.1, Sum: 1.0]
      [Update RS (ms): Min: 0.0, Avg: 0.1, Max: 0.1, Diff: 0.1, Sum: 0.6]
         [Processed Buffers: Min: 0, Avg: 0.7, Max: 1, Diff: 1, Sum: 7]
      [Scan RS (ms): Min: 0.0, Avg: 0.0, Max: 0.0, Diff: 0.0, Sum: 0.0]
      [Code Root Scanning (ms): Min: 0.0, Avg: 0.0, Max: 0.0, Diff: 0.0, Sum: 0.0]
      [Object Copy (ms): Min: 0.0, Avg: 0.0, Max: 0.0, Diff: 0.0, Sum: 0.0]
      [Termination (ms): Min: 0.0, Avg: 0.1, Max: 0.2, Diff: 0.2, Sum: 1.0]
         [Termination Attempts: Min: 1, Avg: 1.1, Max: 2, Diff: 1, Sum: 11]
      [GC Worker Other (ms): Min: 0.0, Avg: 0.0, Max: 0.0, Diff: 0.0, Sum: 0.1]
      [GC Worker Total (ms): Min: 0.2, Avg: 0.3, Max: 0.4, Diff: 0.2, Sum: 2.7]
      [GC Worker End (ms): Min: 548.1, Avg: 548.1, Max: 548.2, Diff: 0.1]
   [Code Root Fixup: 0.0 ms]
   [Code Root Purge: 0.0 ms]
   [Clear CT: 0.1 ms]
   [Other: 0.4 ms]
      [Evacuation Failure: 0.1 ms]
      [Choose CSet: 0.0 ms]
      [Ref Proc: 0.2 ms]
      [Ref Enq: 0.0 ms]
      [Redirty Cards: 0.1 ms]
      [Humongous Register: 0.0 ms]
      [Humongous Reclaim: 0.0 ms]
      [Free CSet: 0.0 ms]
   [Eden: 1024.0K(12.0M)->0.0B(12.0M) Survivors: 0.0B->0.0B Heap: 204.2M(256.0M)->204.2M(256.0M)]
 [Times: user=0.00 sys=0.00, real=0.00 secs] 
2020-10-28T20:47:52.547-0800: 0.549: [GC concurrent-root-region-scan-start]
2020-10-28T20:47:52.547-0800: 0.549: [GC concurrent-root-region-scan-end, 0.0000071 secs]
2020-10-28T20:47:52.547-0800: 0.549: [GC concurrent-mark-start]
2020-10-28T20:47:52.547-0800: 0.549: [GC pause (G1 Humongous Allocation) (young), 0.0007034 secs]
   [Parallel Time: 0.3 ms, GC Workers: 10]
      [GC Worker Start (ms): Min: 548.9, Avg: 548.9, Max: 548.9, Diff: 0.1]
      [Ext Root Scanning (ms): Min: 0.1, Avg: 0.1, Max: 0.1, Diff: 0.1, Sum: 1.1]
      [Update RS (ms): Min: 0.0, Avg: 0.0, Max: 0.1, Diff: 0.1, Sum: 0.1]
         [Processed Buffers: Min: 0, Avg: 0.4, Max: 1, Diff: 1, Sum: 4]
      [Scan RS (ms): Min: 0.0, Avg: 0.0, Max: 0.0, Diff: 0.0, Sum: 0.0]
      [Code Root Scanning (ms): Min: 0.0, Avg: 0.0, Max: 0.0, Diff: 0.0, Sum: 0.0]
      [Object Copy (ms): Min: 0.0, Avg: 0.0, Max: 0.0, Diff: 0.0, Sum: 0.0]
      [Termination (ms): Min: 0.0, Avg: 0.1, Max: 0.1, Diff: 0.1, Sum: 1.0]
         [Termination Attempts: Min: 1, Avg: 1.0, Max: 1, Diff: 0, Sum: 10]
      [GC Worker Other (ms): Min: 0.0, Avg: 0.0, Max: 0.0, Diff: 0.0, Sum: 0.0]
      [GC Worker Total (ms): Min: 0.2, Avg: 0.2, Max: 0.3, Diff: 0.1, Sum: 2.3]
      [GC Worker End (ms): Min: 549.1, Avg: 549.1, Max: 549.1, Diff: 0.0]
   [Code Root Fixup: 0.0 ms]
   [Code Root Purge: 0.0 ms]
   [Clear CT: 0.1 ms]
   [Other: 0.3 ms]
      [Choose CSet: 0.0 ms]
      [Ref Proc: 0.2 ms]
      [Ref Enq: 0.0 ms]
      [Redirty Cards: 0.1 ms]
      [Humongous Register: 0.0 ms]
      [Humongous Reclaim: 0.0 ms]
      [Free CSet: 0.0 ms]
   [Eden: 0.0B(12.0M)->0.0B(12.0M) Survivors: 0.0B->0.0B Heap: 204.2M(256.0M)->204.2M(256.0M)]
 [Times: user=0.00 sys=0.00, real=0.00 secs] 
2020-10-28T20:47:52.548-0800: 0.550: [Full GC (Allocation Failure)  204M->203M(256M), 0.0024967 secs]
   [Eden: 0.0B(12.0M)->0.0B(12.0M) Survivors: 0.0B->0.0B Heap: 204.2M(256.0M)->203.8M(256.0M)], [Metaspace: 2711K->2711K(1056768K)]
 [Times: user=0.01 sys=0.00, real=0.01 secs] 
2020-10-28T20:47:52.551-0800: 0.552: [GC concurrent-mark-abort]
2020-10-28T20:47:52.551-0800: 0.552: [GC pause (G1 Evacuation Pause) (young), 0.0007595 secs]
   [Parallel Time: 0.3 ms, GC Workers: 10]
      [GC Worker Start (ms): Min: 552.4, Avg: 552.4, Max: 552.5, Diff: 0.1]
      [Ext Root Scanning (ms): Min: 0.1, Avg: 0.1, Max: 0.1, Diff: 0.1, Sum: 1.0]
      [Update RS (ms): Min: 0.0, Avg: 0.1, Max: 0.1, Diff: 0.1, Sum: 0.5]
         [Processed Buffers: Min: 0, Avg: 0.8, Max: 1, Diff: 1, Sum: 8]
      [Scan RS (ms): Min: 0.0, Avg: 0.0, Max: 0.0, Diff: 0.0, Sum: 0.0]
      [Code Root Scanning (ms): Min: 0.0, Avg: 0.0, Max: 0.0, Diff: 0.0, Sum: 0.0]
      [Object Copy (ms): Min: 0.0, Avg: 0.0, Max: 0.0, Diff: 0.0, Sum: 0.0]
      [Termination (ms): Min: 0.0, Avg: 0.1, Max: 0.1, Diff: 0.1, Sum: 0.6]
         [Termination Attempts: Min: 1, Avg: 1.0, Max: 1, Diff: 0, Sum: 10]
      [GC Worker Other (ms): Min: 0.0, Avg: 0.0, Max: 0.0, Diff: 0.0, Sum: 0.1]
      [GC Worker Total (ms): Min: 0.2, Avg: 0.2, Max: 0.3, Diff: 0.1, Sum: 2.2]
      [GC Worker End (ms): Min: 552.6, Avg: 552.6, Max: 552.7, Diff: 0.0]
   [Code Root Fixup: 0.0 ms]
   [Code Root Purge: 0.0 ms]
   [Clear CT: 0.1 ms]
   [Other: 0.3 ms]
      [Choose CSet: 0.0 ms]
      [Ref Proc: 0.2 ms]
      [Ref Enq: 0.0 ms]
      [Redirty Cards: 0.1 ms]
      [Humongous Register: 0.0 ms]
      [Humongous Reclaim: 0.0 ms]
      [Free CSet: 0.0 ms]
   [Eden: 0.0B(12.0M)->0.0B(12.0M) Survivors: 0.0B->0.0B Heap: 204.5M(256.0M)->204.5M(256.0M)]
 [Times: user=0.00 sys=0.00, real=0.00 secs] 
2020-10-28T20:47:52.551-0800: 0.553: [GC pause (G1 Evacuation Pause) (young) (initial-mark), 0.0007073 secs]
   [Parallel Time: 0.3 ms, GC Workers: 10]
      [GC Worker Start (ms): Min: 553.3, Avg: 553.3, Max: 553.3, Diff: 0.1]
      [Ext Root Scanning (ms): Min: 0.1, Avg: 0.1, Max: 0.1, Diff: 0.1, Sum: 1.1]
      [Update RS (ms): Min: 0.0, Avg: 0.0, Max: 0.1, Diff: 0.1, Sum: 0.1]
         [Processed Buffers: Min: 0, Avg: 0.2, Max: 1, Diff: 1, Sum: 2]
      [Scan RS (ms): Min: 0.0, Avg: 0.0, Max: 0.0, Diff: 0.0, Sum: 0.0]
      [Code Root Scanning (ms): Min: 0.0, Avg: 0.0, Max: 0.0, Diff: 0.0, Sum: 0.0]
      [Object Copy (ms): Min: 0.0, Avg: 0.0, Max: 0.0, Diff: 0.0, Sum: 0.0]
      [Termination (ms): Min: 0.0, Avg: 0.1, Max: 0.1, Diff: 0.1, Sum: 1.0]
         [Termination Attempts: Min: 1, Avg: 1.0, Max: 1, Diff: 0, Sum: 10]
      [GC Worker Other (ms): Min: 0.0, Avg: 0.0, Max: 0.0, Diff: 0.0, Sum: 0.0]
      [GC Worker Total (ms): Min: 0.2, Avg: 0.2, Max: 0.3, Diff: 0.1, Sum: 2.3]
      [GC Worker End (ms): Min: 553.5, Avg: 553.5, Max: 553.5, Diff: 0.0]
   [Code Root Fixup: 0.0 ms]
   [Code Root Purge: 0.0 ms]
   [Clear CT: 0.1 ms]
   [Other: 0.3 ms]
      [Choose CSet: 0.0 ms]
      [Ref Proc: 0.2 ms]
      [Ref Enq: 0.0 ms]
      [Redirty Cards: 0.1 ms]
      [Humongous Register: 0.0 ms]
      [Humongous Reclaim: 0.0 ms]
      [Free CSet: 0.0 ms]
   [Eden: 0.0B(12.0M)->0.0B(12.0M) Survivors: 0.0B->0.0B Heap: 204.5M(256.0M)->204.5M(256.0M)]
 [Times: user=0.00 sys=0.00, real=0.00 secs] 
2020-10-28T20:47:52.552-0800: 0.554: [GC concurrent-root-region-scan-start]
2020-10-28T20:47:52.552-0800: 0.554: [GC concurrent-root-region-scan-end, 0.0000066 secs]
2020-10-28T20:47:52.552-0800: 0.554: [GC concurrent-mark-start]
2020-10-28T20:47:52.552-0800: 0.554: [Full GC (Allocation Failure)  204M->204M(256M), 0.0022873 secs]
   [Eden: 0.0B(12.0M)->0.0B(12.0M) Survivors: 0.0B->0.0B Heap: 204.5M(256.0M)->204.5M(256.0M)], [Metaspace: 2711K->2711K(1056768K)]
 [Times: user=0.01 sys=0.00, real=0.00 secs] 
2020-10-28T20:47:52.555-0800: 0.556: [Full GC (Allocation Failure)  204M->204M(256M), 0.0024435 secs]
   [Eden: 0.0B(12.0M)->0.0B(12.0M) Survivors: 0.0B->0.0B Heap: 204.5M(256.0M)->204.4M(256.0M)], [Metaspace: 2711K->2711K(1056768K)]
 [Times: user=0.00 sys=0.00, real=0.00 secs] 
2020-10-28T20:47:52.557-0800: 0.559: [GC concurrent-mark-abort]
2020-10-28T20:47:52.557-0800: 0.559: [GC pause (G1 Evacuation Pause) (young), 0.0006522 secs]
   [Parallel Time: 0.3 ms, GC Workers: 10]
      [GC Worker Start (ms): Min: 559.0, Avg: 559.1, Max: 559.1, Diff: 0.1]
      [Ext Root Scanning (ms): Min: 0.1, Avg: 0.1, Max: 0.1, Diff: 0.1, Sum: 1.0]
      [Update RS (ms): Min: 0.0, Avg: 0.0, Max: 0.1, Diff: 0.1, Sum: 0.1]
         [Processed Buffers: Min: 0, Avg: 0.3, Max: 1, Diff: 1, Sum: 3]
      [Scan RS (ms): Min: 0.0, Avg: 0.0, Max: 0.0, Diff: 0.0, Sum: 0.0]
      [Code Root Scanning (ms): Min: 0.0, Avg: 0.0, Max: 0.0, Diff: 0.0, Sum: 0.0]
      [Object Copy (ms): Min: 0.0, Avg: 0.0, Max: 0.0, Diff: 0.0, Sum: 0.0]
      [Termination (ms): Min: 0.0, Avg: 0.1, Max: 0.1, Diff: 0.1, Sum: 1.0]
         [Termination Attempts: Min: 1, Avg: 1.0, Max: 1, Diff: 0, Sum: 10]
      [GC Worker Other (ms): Min: 0.0, Avg: 0.0, Max: 0.0, Diff: 0.0, Sum: 0.1]
      [GC Worker Total (ms): Min: 0.2, Avg: 0.2, Max: 0.3, Diff: 0.1, Sum: 2.2]
      [GC Worker End (ms): Min: 559.3, Avg: 559.3, Max: 559.3, Diff: 0.0]
   [Code Root Fixup: 0.0 ms]
   [Code Root Purge: 0.0 ms]
   [Clear CT: 0.1 ms]
   [Other: 0.3 ms]
      [Choose CSet: 0.0 ms]
      [Ref Proc: 0.1 ms]
      [Ref Enq: 0.0 ms]
      [Redirty Cards: 0.1 ms]
      [Humongous Register: 0.0 ms]
      [Humongous Reclaim: 0.0 ms]
      [Free CSet: 0.0 ms]
   [Eden: 0.0B(12.0M)->0.0B(12.0M) Survivors: 0.0B->0.0B Heap: 204.4M(256.0M)->204.4M(256.0M)]
 [Times: user=0.01 sys=0.00, real=0.00 secs] 
2020-10-28T20:47:52.558-0800: 0.560: [GC pause (G1 Evacuation Pause) (young) (initial-mark), 0.0007852 secs]
   [Parallel Time: 0.4 ms, GC Workers: 10]
      [GC Worker Start (ms): Min: 559.8, Avg: 559.8, Max: 559.8, Diff: 0.1]
      [Ext Root Scanning (ms): Min: 0.1, Avg: 0.1, Max: 0.1, Diff: 0.1, Sum: 1.0]
      [Update RS (ms): Min: 0.0, Avg: 0.0, Max: 0.1, Diff: 0.1, Sum: 0.1]
         [Processed Buffers: Min: 0, Avg: 0.2, Max: 1, Diff: 1, Sum: 2]
      [Scan RS (ms): Min: 0.0, Avg: 0.0, Max: 0.0, Diff: 0.0, Sum: 0.0]
      [Code Root Scanning (ms): Min: 0.0, Avg: 0.0, Max: 0.0, Diff: 0.0, Sum: 0.0]
      [Object Copy (ms): Min: 0.0, Avg: 0.0, Max: 0.0, Diff: 0.0, Sum: 0.0]
      [Termination (ms): Min: 0.0, Avg: 0.2, Max: 0.2, Diff: 0.2, Sum: 1.7]
         [Termination Attempts: Min: 1, Avg: 1.0, Max: 1, Diff: 0, Sum: 10]
      [GC Worker Other (ms): Min: 0.0, Avg: 0.0, Max: 0.0, Diff: 0.0, Sum: 0.0]
      [GC Worker Total (ms): Min: 0.2, Avg: 0.3, Max: 0.4, Diff: 0.2, Sum: 3.0]
      [GC Worker End (ms): Min: 560.0, Avg: 560.1, Max: 560.1, Diff: 0.1]
   [Code Root Fixup: 0.0 ms]
   [Code Root Purge: 0.0 ms]
   [Clear CT: 0.1 ms]
   [Other: 0.3 ms]
      [Choose CSet: 0.0 ms]
      [Ref Proc: 0.2 ms]
      [Ref Enq: 0.0 ms]
      [Redirty Cards: 0.1 ms]
      [Humongous Register: 0.0 ms]
      [Humongous Reclaim: 0.0 ms]
      [Free CSet: 0.0 ms]
   [Eden: 0.0B(12.0M)->0.0B(12.0M) Survivors: 0.0B->0.0B Heap: 204.4M(256.0M)->204.4M(256.0M)]
 [Times: user=0.00 sys=0.00, real=0.00 secs] 
2020-10-28T20:47:52.559-0800: 0.561: [GC concurrent-root-region-scan-start]
2020-10-28T20:47:52.559-0800: 0.561: [GC concurrent-root-region-scan-end, 0.0000059 secs]
2020-10-28T20:47:52.559-0800: 0.561: [GC concurrent-mark-start]
2020-10-28T20:47:52.559-0800: 0.561: [Full GC (Allocation Failure)  204M->277K(256M), 0.0021214 secs]
   [Eden: 0.0B(12.0M)->0.0B(153.0M) Survivors: 0.0B->0.0B Heap: 204.4M(256.0M)->277.5K(256.0M)], [Metaspace: 2711K->2711K(1056768K)]
 [Times: user=0.00 sys=0.00, real=0.01 secs] 
2020-10-28T20:47:52.561-0800: 0.563: [GC concurrent-mark-abort]
Heap
 garbage-first heap   total 262144K, used 277K [0x00000007b0000000, 0x00000007b0100800, 0x00000007c0000000)
  region size 1024K, 1 young (1024K), 0 survivors (0K)
 Metaspace       used 2742K, capacity 4486K, committed 4864K, reserved 1056768K
  class space    used 299K, capacity 386K, committed 512K, reserved 1048576K
