Java HotSpot(TM) 64-Bit Server VM (25.181-b13) for bsd-amd64 JRE (1.8.0_181-b13), built on Jul  7 2018 01:02:31 by "java_re" with gcc 4.2.1 (Based on Apple Inc. build 5658) (LLVM build 2336.11.00)
Memory: 4k page, physical 33554432k(317172k free)

/proc/meminfo:

CommandLine flags: -XX:InitialHeapSize=536870912 -XX:MaxHeapSize=536870912 -XX:+PrintGC -XX:+PrintGCDateStamps -XX:+PrintGCDetails -XX:+PrintGCTimeStamps -XX:+UseCompressedClassPointers -XX:+UseCompressedOops -XX:+UseParallelGC 
2020-10-28T22:59:59.518-0800: 0.549: [GC (Allocation Failure) [PSYoungGen: 131584K->7155K(153088K)] 131584K->7171K(502784K), 0.0048091 secs] [Times: user=0.02 sys=0.00, real=0.01 secs] 
2020-10-28T22:59:59.784-0800: 0.814: [GC (Allocation Failure) [PSYoungGen: 138739K->10783K(153088K)] 138755K->10807K(502784K), 0.0101194 secs] [Times: user=0.06 sys=0.00, real=0.01 secs] 
2020-10-28T22:59:59.815-0800: 0.846: [GC (Metadata GC Threshold) [PSYoungGen: 20117K->5536K(153088K)] 20141K->5568K(502784K), 0.0035039 secs] [Times: user=0.03 sys=0.00, real=0.00 secs] 
2020-10-28T22:59:59.819-0800: 0.849: [Full GC (Metadata GC Threshold) [PSYoungGen: 5536K->0K(153088K)] [ParOldGen: 32K->5249K(349696K)] 5568K->5249K(502784K), [Metaspace: 20448K->20448K(1067008K)], 0.0206732 secs] [Times: user=0.11 sys=0.01, real=0.03 secs] 
2020-10-28T23:00:00.335-0800: 1.366: [GC (Allocation Failure) [PSYoungGen: 131584K->6510K(153088K)] 136833K->11831K(502784K), 0.0033209 secs] [Times: user=0.02 sys=0.00, real=0.00 secs] 
2020-10-28T23:00:00.908-0800: 1.938: [GC (Allocation Failure) [PSYoungGen: 138094K->13046K(153088K)] 143415K->18375K(502784K), 0.0066247 secs] [Times: user=0.05 sys=0.01, real=0.01 secs] 
2020-10-28T23:00:01.258-0800: 2.288: [GC (Allocation Failure) [PSYoungGen: 144630K->14312K(154112K)] 149959K->20522K(503808K), 0.0076129 secs] [Times: user=0.05 sys=0.01, real=0.01 secs] 
2020-10-28T23:00:23.175-0800: 24.205: [GC (Metadata GC Threshold) [PSYoungGen: 85779K->13593K(153600K)] 91989K->19811K(503296K), 0.0072983 secs] [Times: user=0.04 sys=0.01, real=0.01 secs] 
2020-10-28T23:00:23.182-0800: 24.212: [Full GC (Metadata GC Threshold) [PSYoungGen: 13593K->0K(153600K)] [ParOldGen: 6217K->16777K(349696K)] 19811K->16777K(503296K), [Metaspace: 33861K->33861K(1081344K)], 0.0527948 secs] [Times: user=0.30 sys=0.01, real=0.05 secs] 
2020-10-28T23:00:23.664-0800: 24.694: [GC (Allocation Failure) [PSYoungGen: 139776K->5361K(156160K)] 156553K->22147K(505856K), 0.0036173 secs] [Times: user=0.03 sys=0.00, real=0.00 secs] 
2020-10-28T23:00:23.991-0800: 25.021: [GC (Allocation Failure) [PSYoungGen: 143089K->4737K(156160K)] 159875K->21530K(505856K), 0.0028880 secs] [Times: user=0.02 sys=0.00, real=0.00 secs] 
2020-10-28T23:00:24.298-0800: 25.328: [GC (Allocation Failure) [PSYoungGen: 142465K->4833K(156672K)] 159258K->21635K(506368K), 0.0024562 secs] [Times: user=0.02 sys=0.00, real=0.01 secs] 
2020-10-28T23:00:24.594-0800: 25.624: [GC (Allocation Failure) [PSYoungGen: 143073K->416K(156160K)] 159875K->21422K(505856K), 0.0037053 secs] [Times: user=0.02 sys=0.01, real=0.00 secs] 
2020-10-28T23:00:24.873-0800: 25.903: [GC (Allocation Failure) [PSYoungGen: 138656K->448K(155136K)] 159662K->21550K(504832K), 0.0019962 secs] [Times: user=0.01 sys=0.00, real=0.00 secs] 
2020-10-28T23:00:25.135-0800: 26.164: [GC (Allocation Failure) [PSYoungGen: 137152K->416K(155648K)] 158254K->21526K(505344K), 0.0021711 secs] [Times: user=0.01 sys=0.00, real=0.00 secs] 
2020-10-28T23:00:25.376-0800: 26.406: [GC (Allocation Failure) [PSYoungGen: 137120K->448K(156160K)] 158230K->21566K(505856K), 0.0020697 secs] [Times: user=0.02 sys=0.00, real=0.00 secs] 
2020-10-28T23:00:25.603-0800: 26.632: [GC (Allocation Failure) [PSYoungGen: 137664K->384K(155648K)] 158782K->21510K(505344K), 0.0017145 secs] [Times: user=0.01 sys=0.00, real=0.00 secs] 
2020-10-28T23:00:25.823-0800: 26.853: [GC (Allocation Failure) [PSYoungGen: 137600K->416K(156672K)] 158726K->21550K(506368K), 0.0018735 secs] [Times: user=0.01 sys=0.00, real=0.00 secs] 
2020-10-28T23:00:26.033-0800: 27.063: [GC (Allocation Failure) [PSYoungGen: 138656K->416K(156160K)] 159790K->21558K(505856K), 0.0016828 secs] [Times: user=0.01 sys=0.00, real=0.00 secs] 
2020-10-28T23:00:26.227-0800: 27.256: [GC (Allocation Failure) [PSYoungGen: 138656K->448K(157696K)] 159798K->21598K(507392K), 0.0017518 secs] [Times: user=0.01 sys=0.00, real=0.00 secs] 
2020-10-28T23:00:26.424-0800: 27.454: [GC (Allocation Failure) [PSYoungGen: 140736K->416K(157184K)] 161886K->21574K(506880K), 0.0019435 secs] [Times: user=0.01 sys=0.00, real=0.00 secs] 
2020-10-28T23:00:26.614-0800: 27.644: [GC (Allocation Failure) [PSYoungGen: 140704K->272K(159232K)] 161862K->21438K(508928K), 0.0019121 secs] [Times: user=0.00 sys=0.00, real=0.00 secs] 
2020-10-28T23:00:26.746-0800: 27.776: [GC (Allocation Failure) [PSYoungGen: 143632K->448K(158720K)] 164798K->21622K(508416K), 0.0017403 secs] [Times: user=0.01 sys=0.00, real=0.00 secs] 
2020-10-28T23:00:26.884-0800: 27.914: [GC (Allocation Failure) [PSYoungGen: 143808K->384K(160768K)] 164982K->21558K(510464K), 0.0016373 secs] [Times: user=0.01 sys=0.00, real=0.00 secs] 
2020-10-28T23:00:27.039-0800: 28.068: [GC (Allocation Failure) [PSYoungGen: 146304K->416K(159744K)] 167478K->21598K(509440K), 0.0016892 secs] [Times: user=0.01 sys=0.00, real=0.01 secs] 
2020-10-28T23:00:27.188-0800: 28.217: [GC (Allocation Failure) [PSYoungGen: 146336K->320K(161792K)] 167518K->21510K(511488K), 0.0016801 secs] [Times: user=0.01 sys=0.00, real=0.00 secs] 
2020-10-28T23:00:27.335-0800: 28.365: [GC (Allocation Failure) [PSYoungGen: 148800K->352K(161280K)] 169990K->21662K(510976K), 0.0018103 secs] [Times: user=0.01 sys=0.00, real=0.00 secs] 
2020-10-28T23:00:27.482-0800: 28.512: [GC (Allocation Failure) [PSYoungGen: 148832K->352K(163328K)] 170142K->21702K(513024K), 0.0016338 secs] [Times: user=0.01 sys=0.00, real=0.00 secs] 
2020-10-28T23:00:27.631-0800: 28.661: [GC (Allocation Failure) [PSYoungGen: 151904K->320K(162816K)] 173254K->21726K(512512K), 0.0017960 secs] [Times: user=0.01 sys=0.00, real=0.00 secs] 
2020-10-28T23:00:27.783-0800: 28.813: [GC (Allocation Failure) [PSYoungGen: 151872K->352K(164352K)] 173278K->21806K(514048K), 0.0017129 secs] [Times: user=0.01 sys=0.00, real=0.00 secs] 
2020-10-28T23:00:27.931-0800: 28.961: [GC (Allocation Failure) [PSYoungGen: 153952K->320K(163840K)] 175406K->21806K(513536K), 0.0017379 secs] [Times: user=0.00 sys=0.00, real=0.00 secs] 
2020-10-28T23:00:28.078-0800: 29.108: [GC (Allocation Failure) [PSYoungGen: 153920K->320K(165888K)] 175406K->21878K(515584K), 0.0016056 secs] [Times: user=0.02 sys=0.00, real=0.01 secs] 
2020-10-28T23:00:28.225-0800: 29.255: [GC (Allocation Failure) [PSYoungGen: 156992K->352K(165376K)] 178550K->21950K(515072K), 0.0015492 secs] [Times: user=0.01 sys=0.00, real=0.00 secs] 
2020-10-28T23:00:28.369-0800: 29.399: [GC (Allocation Failure) [PSYoungGen: 157024K->352K(166912K)] 178622K->22006K(516608K), 0.0015440 secs] [Times: user=0.01 sys=0.00, real=0.01 secs] 
2020-10-28T23:00:28.473-0800: 29.503: [GC (Allocation Failure) [PSYoungGen: 159072K->320K(166400K)] 180726K->22030K(516096K), 0.0015786 secs] [Times: user=0.01 sys=0.00, real=0.00 secs] 
2020-10-28T23:00:28.593-0800: 29.622: [GC (Allocation Failure) [PSYoungGen: 159040K->320K(167936K)] 180750K->22102K(517632K), 0.0015812 secs] [Times: user=0.02 sys=0.01, real=0.00 secs] 
2020-10-28T23:00:28.732-0800: 29.761: [GC (Allocation Failure) [PSYoungGen: 161088K->320K(167424K)] 182870K->22142K(517120K), 0.0014606 secs] [Times: user=0.01 sys=0.00, real=0.00 secs] 
2020-10-28T23:00:28.865-0800: 29.895: [GC (Allocation Failure) [PSYoungGen: 161088K->320K(168448K)] 182910K->22190K(518144K), 0.0014996 secs] [Times: user=0.01 sys=0.00, real=0.00 secs] 
2020-10-28T23:00:29.002-0800: 30.032: [GC (Allocation Failure) [PSYoungGen: 162624K->320K(168448K)] 184494K->22230K(518144K), 0.0015666 secs] [Times: user=0.01 sys=0.01, real=0.00 secs] 
2020-10-28T23:00:29.148-0800: 30.178: [GC (Allocation Failure) [PSYoungGen: 162624K->320K(169472K)] 184534K->22246K(519168K), 0.0015958 secs] [Times: user=0.01 sys=0.00, real=0.01 secs] 
2020-10-28T23:00:29.303-0800: 30.333: [GC (Allocation Failure) [PSYoungGen: 164160K->320K(168960K)] 186086K->22254K(518656K), 0.0015948 secs] [Times: user=0.01 sys=0.00, real=0.00 secs] 
2020-10-28T23:00:29.457-0800: 30.487: [GC (Allocation Failure) [PSYoungGen: 164160K->352K(169984K)] 186094K->22286K(519680K), 0.0015119 secs] [Times: user=0.01 sys=0.00, real=0.00 secs] 
2020-10-28T23:00:29.598-0800: 30.627: [GC (Allocation Failure) [PSYoungGen: 165216K->320K(169472K)] 187150K->22254K(519168K), 0.0015843 secs] [Times: user=0.01 sys=0.00, real=0.00 secs] 
2020-10-28T23:00:29.718-0800: 30.748: [GC (Allocation Failure) [PSYoungGen: 165184K->320K(170496K)] 187118K->22254K(520192K), 0.0016475 secs] [Times: user=0.01 sys=0.00, real=0.01 secs] 
2020-10-28T23:00:29.880-0800: 30.910: [GC (Allocation Failure) [PSYoungGen: 166720K->320K(170496K)] 188654K->22262K(520192K), 0.0015553 secs] [Times: user=0.01 sys=0.00, real=0.00 secs] 
2020-10-28T23:00:30.019-0800: 31.048: [GC (Allocation Failure) [PSYoungGen: 166720K->352K(171008K)] 188662K->22358K(520704K), 0.0015809 secs] [Times: user=0.01 sys=0.00, real=0.01 secs] 
2020-10-28T23:00:30.155-0800: 31.184: [GC (Allocation Failure) [PSYoungGen: 167776K->320K(171008K)] 189782K->22342K(520704K), 0.0014371 secs] [Times: user=0.01 sys=0.00, real=0.00 secs] 
2020-10-28T23:00:30.283-0800: 31.313: [GC (Allocation Failure) [PSYoungGen: 167744K->384K(171520K)] 189766K->22446K(521216K), 0.0015536 secs] [Times: user=0.01 sys=0.00, real=0.00 secs] 
2020-10-28T23:00:30.383-0800: 31.413: [GC (Allocation Failure) [PSYoungGen: 168832K->320K(171520K)] 190894K->22454K(521216K), 0.0015250 secs] [Times: user=0.01 sys=0.00, real=0.00 secs] 
2020-10-28T23:00:30.508-0800: 31.537: [GC (Allocation Failure) [PSYoungGen: 168768K->320K(172032K)] 190902K->22470K(521728K), 0.0014849 secs] [Times: user=0.01 sys=0.01, real=0.00 secs] 
2020-10-28T23:00:30.632-0800: 31.662: [GC (Allocation Failure) [PSYoungGen: 169280K->320K(171520K)] 191430K->22478K(521216K), 0.0014702 secs] [Times: user=0.01 sys=0.00, real=0.00 secs] 
2020-10-28T23:00:30.740-0800: 31.770: [GC (Allocation Failure) [PSYoungGen: 169280K->352K(172032K)] 191438K->22510K(521728K), 0.0015620 secs] [Times: user=0.01 sys=0.00, real=0.00 secs] 
2020-10-28T23:00:30.844-0800: 31.873: [GC (Allocation Failure) [PSYoungGen: 169824K->320K(172032K)] 191982K->22502K(521728K), 0.0015240 secs] [Times: user=0.01 sys=0.00, real=0.00 secs] 
2020-10-28T23:00:30.966-0800: 31.996: [GC (Allocation Failure) [PSYoungGen: 169792K->352K(172544K)] 191974K->22542K(522240K), 0.0015518 secs] [Times: user=0.01 sys=0.00, real=0.00 secs] 
2020-10-28T23:00:31.086-0800: 32.115: [GC (Allocation Failure) [PSYoungGen: 170848K->320K(172544K)] 193038K->22518K(522240K), 0.0014625 secs] [Times: user=0.00 sys=0.00, real=0.00 secs] 
2020-10-28T23:00:31.177-0800: 32.207: [GC (Allocation Failure) [PSYoungGen: 170816K->320K(172544K)] 193014K->22542K(522240K), 0.0014844 secs] [Times: user=0.00 sys=0.00, real=0.00 secs] 
2020-10-28T23:00:31.269-0800: 32.298: [GC (Allocation Failure) [PSYoungGen: 170816K->288K(172544K)] 193038K->22534K(522240K), 0.0014726 secs] [Times: user=0.01 sys=0.00, real=0.01 secs] 
2020-10-28T23:00:31.358-0800: 32.388: [GC (Allocation Failure) [PSYoungGen: 170784K->320K(173056K)] 193030K->22630K(522752K), 0.0015156 secs] [Times: user=0.01 sys=0.00, real=0.01 secs] 
2020-10-28T23:00:31.455-0800: 32.484: [GC (Allocation Failure) [PSYoungGen: 171840K->320K(173056K)] 194150K->22670K(522752K), 0.0014668 secs] [Times: user=0.01 sys=0.00, real=0.00 secs] 
2020-10-28T23:00:31.556-0800: 32.586: [GC (Allocation Failure) [PSYoungGen: 171840K->320K(173056K)] 194190K->22678K(522752K), 0.0015342 secs] [Times: user=0.01 sys=0.00, real=0.00 secs] 
2020-10-28T23:00:31.660-0800: 32.690: [GC (Allocation Failure) [PSYoungGen: 171840K->320K(173056K)] 194198K->22742K(522752K), 0.0015187 secs] [Times: user=0.01 sys=0.00, real=0.00 secs] 
2020-10-28T23:00:31.751-0800: 32.781: [GC (Allocation Failure) [PSYoungGen: 171840K->352K(173056K)] 194262K->22838K(522752K), 0.0015286 secs] [Times: user=0.01 sys=0.00, real=0.00 secs] 
2020-10-28T23:00:31.843-0800: 32.873: [GC (Allocation Failure) [PSYoungGen: 171872K->320K(173056K)] 194358K->22854K(522752K), 0.0015428 secs] [Times: user=0.01 sys=0.00, real=0.00 secs] 
2020-10-28T23:00:31.934-0800: 32.964: [GC (Allocation Failure) [PSYoungGen: 171840K->320K(173568K)] 194374K->22926K(523264K), 0.0015310 secs] [Times: user=0.01 sys=0.00, real=0.00 secs] 
2020-10-28T23:00:32.029-0800: 33.059: [GC (Allocation Failure) [PSYoungGen: 172864K->320K(173568K)] 195470K->22982K(523264K), 0.0015287 secs] [Times: user=0.01 sys=0.00, real=0.01 secs] 
2020-10-28T23:00:32.121-0800: 33.151: [GC (Allocation Failure) [PSYoungGen: 172864K->320K(173568K)] 195526K->23046K(523264K), 0.0015234 secs] [Times: user=0.00 sys=0.00, real=0.00 secs] 
2020-10-28T23:00:32.217-0800: 33.247: [GC (Allocation Failure) [PSYoungGen: 172864K->352K(173568K)] 195590K->23078K(523264K), 0.0016034 secs] [Times: user=0.01 sys=0.00, real=0.00 secs] 
2020-10-28T23:00:32.315-0800: 33.345: [GC (Allocation Failure) [PSYoungGen: 172896K->320K(173568K)] 195622K->23062K(523264K), 0.0015058 secs] [Times: user=0.01 sys=0.00, real=0.00 secs] 
2020-10-28T23:00:32.410-0800: 33.440: [GC (Allocation Failure) [PSYoungGen: 172864K->320K(173568K)] 195606K->23062K(523264K), 0.0015140 secs] [Times: user=0.01 sys=0.00, real=0.00 secs] 
2020-10-28T23:00:32.504-0800: 33.534: [GC (Allocation Failure) [PSYoungGen: 172864K->320K(173568K)] 195606K->23062K(523264K), 0.0015180 secs] [Times: user=0.01 sys=0.00, real=0.00 secs] 
2020-10-28T23:00:32.601-0800: 33.630: [GC (Allocation Failure) [PSYoungGen: 172864K->352K(173568K)] 195606K->23102K(523264K), 0.0015937 secs] [Times: user=0.00 sys=0.00, real=0.00 secs] 
2020-10-28T23:00:32.699-0800: 33.729: [GC (Allocation Failure) [PSYoungGen: 172896K->320K(173568K)] 195646K->23078K(523264K), 0.0015088 secs] [Times: user=0.01 sys=0.00, real=0.01 secs] 
2020-10-28T23:00:32.794-0800: 33.824: [GC (Allocation Failure) [PSYoungGen: 172864K->320K(173568K)] 195622K->23094K(523264K), 0.0015838 secs] [Times: user=0.01 sys=0.00, real=0.00 secs] 
2020-10-28T23:00:32.887-0800: 33.916: [GC (Allocation Failure) [PSYoungGen: 172864K->352K(173568K)] 195638K->23150K(523264K), 0.0014664 secs] [Times: user=0.01 sys=0.00, real=0.00 secs] 
2020-10-28T23:00:32.979-0800: 34.009: [GC (Allocation Failure) [PSYoungGen: 172896K->352K(173568K)] 195694K->23190K(523264K), 0.0014679 secs] [Times: user=0.01 sys=0.01, real=0.01 secs] 
2020-10-28T23:00:33.074-0800: 34.104: [GC (Allocation Failure) [PSYoungGen: 172896K->320K(173568K)] 195734K->23230K(523264K), 0.0016167 secs] [Times: user=0.01 sys=0.00, real=0.00 secs] 
2020-10-28T23:00:33.170-0800: 34.200: [GC (Allocation Failure) [PSYoungGen: 172864K->320K(173568K)] 195774K->23230K(523264K), 0.0014544 secs] [Times: user=0.01 sys=0.00, real=0.00 secs] 
2020-10-28T23:00:33.271-0800: 34.301: [GC (Allocation Failure) [PSYoungGen: 172864K->320K(173568K)] 195774K->23238K(523264K), 0.0017357 secs] [Times: user=0.01 sys=0.00, real=0.00 secs] 
2020-10-28T23:00:33.376-0800: 34.406: [GC (Allocation Failure) [PSYoungGen: 172864K->320K(173568K)] 195782K->23246K(523264K), 0.0015641 secs] [Times: user=0.01 sys=0.00, real=0.00 secs] 
2020-10-28T23:00:33.474-0800: 34.503: [GC (Allocation Failure) [PSYoungGen: 172864K->352K(174080K)] 195790K->23286K(523776K), 0.0015474 secs] [Times: user=0.01 sys=0.00, real=0.00 secs] 
2020-10-28T23:00:33.574-0800: 34.603: [GC (Allocation Failure) [PSYoungGen: 173920K->352K(174080K)] 196854K->23286K(523776K), 0.0015893 secs] [Times: user=0.00 sys=0.00, real=0.00 secs] 
2020-10-28T23:00:33.668-0800: 34.698: [GC (Allocation Failure) [PSYoungGen: 173920K->320K(174080K)] 196854K->23310K(523776K), 0.0015587 secs] [Times: user=0.01 sys=0.00, real=0.00 secs] 
2020-10-28T23:00:33.762-0800: 34.791: [GC (Allocation Failure) [PSYoungGen: 173888K->352K(174080K)] 196878K->23374K(523776K), 0.0015776 secs] [Times: user=0.01 sys=0.00, real=0.00 secs] 
2020-10-28T23:00:33.853-0800: 34.883: [GC (Allocation Failure) [PSYoungGen: 173920K->320K(174080K)] 196942K->23342K(523776K), 0.0015287 secs] [Times: user=0.01 sys=0.00, real=0.00 secs] 
2020-10-28T23:00:33.946-0800: 34.975: [GC (Allocation Failure) [PSYoungGen: 173888K->320K(174080K)] 196910K->23398K(523776K), 0.0015598 secs] [Times: user=0.01 sys=0.00, real=0.00 secs] 
2020-10-28T23:00:34.040-0800: 35.070: [GC (Allocation Failure) [PSYoungGen: 173888K->320K(174080K)] 196966K->23398K(523776K), 0.0015204 secs] [Times: user=0.00 sys=0.00, real=0.00 secs] 
2020-10-28T23:00:34.136-0800: 35.166: [GC (Allocation Failure) [PSYoungGen: 173888K->320K(174080K)] 196966K->23398K(523776K), 0.0014669 secs] [Times: user=0.01 sys=0.00, real=0.00 secs] 
2020-10-28T23:00:34.231-0800: 35.261: [GC (Allocation Failure) [PSYoungGen: 173888K->320K(174080K)] 196966K->23398K(523776K), 0.0014904 secs] [Times: user=0.01 sys=0.00, real=0.00 secs] 
2020-10-28T23:00:34.331-0800: 35.361: [GC (Allocation Failure) [PSYoungGen: 173888K->320K(174080K)] 196966K->23398K(523776K), 0.0015814 secs] [Times: user=0.01 sys=0.00, real=0.00 secs] 
2020-10-28T23:00:34.434-0800: 35.464: [GC (Allocation Failure) [PSYoungGen: 173888K->320K(174080K)] 196966K->23414K(523776K), 0.0015481 secs] [Times: user=0.01 sys=0.00, real=0.00 secs] 
2020-10-28T23:00:34.537-0800: 35.567: [GC (Allocation Failure) [PSYoungGen: 173888K->320K(174080K)] 196982K->23478K(523776K), 0.0016737 secs] [Times: user=0.01 sys=0.00, real=0.00 secs] 
2020-10-28T23:00:34.648-0800: 35.677: [GC (Allocation Failure) [PSYoungGen: 173888K->320K(174080K)] 197046K->23478K(523776K), 0.0015690 secs] [Times: user=0.01 sys=0.00, real=0.00 secs] 
2020-10-28T23:00:34.746-0800: 35.776: [GC (Allocation Failure) [PSYoungGen: 173888K->320K(174080K)] 197046K->23494K(523776K), 0.0015613 secs] [Times: user=0.01 sys=0.00, real=0.00 secs] 
2020-10-28T23:00:34.843-0800: 35.873: [GC (Allocation Failure) [PSYoungGen: 173888K->320K(174080K)] 197062K->23526K(523776K), 0.0015326 secs] [Times: user=0.01 sys=0.00, real=0.00 secs] 
2020-10-28T23:00:34.940-0800: 35.970: [GC (Allocation Failure) [PSYoungGen: 173888K->320K(174080K)] 197094K->23534K(523776K), 0.0015304 secs] [Times: user=0.01 sys=0.00, real=0.00 secs] 
2020-10-28T23:00:35.042-0800: 36.072: [GC (Allocation Failure) [PSYoungGen: 173888K->320K(174080K)] 197102K->23550K(523776K), 0.0016459 secs] [Times: user=0.01 sys=0.00, real=0.00 secs] 
2020-10-28T23:00:35.139-0800: 36.168: [GC (Allocation Failure) [PSYoungGen: 173888K->320K(174080K)] 197118K->23558K(523776K), 0.0015464 secs] [Times: user=0.01 sys=0.00, real=0.01 secs] 
2020-10-28T23:00:35.238-0800: 36.268: [GC (Allocation Failure) [PSYoungGen: 173888K->320K(174080K)] 197126K->23558K(523776K), 0.0016036 secs] [Times: user=0.01 sys=0.00, real=0.01 secs] 
2020-10-28T23:00:35.341-0800: 36.371: [GC (Allocation Failure) [PSYoungGen: 173888K->320K(174080K)] 197126K->23558K(523776K), 0.0015320 secs] [Times: user=0.01 sys=0.00, real=0.00 secs] 
2020-10-28T23:00:35.439-0800: 36.468: [GC (Allocation Failure) [PSYoungGen: 173888K->320K(174080K)] 197126K->23566K(523776K), 0.0015211 secs] [Times: user=0.01 sys=0.00, real=0.01 secs] 
2020-10-28T23:00:35.539-0800: 36.569: [GC (Allocation Failure) [PSYoungGen: 173888K->320K(174080K)] 197134K->23574K(523776K), 0.0015327 secs] [Times: user=0.01 sys=0.00, real=0.01 secs] 
2020-10-28T23:00:35.642-0800: 36.671: [GC (Allocation Failure) [PSYoungGen: 173888K->320K(174080K)] 197142K->23598K(523776K), 0.0015698 secs] [Times: user=0.00 sys=0.00, real=0.00 secs] 
2020-10-28T23:00:35.740-0800: 36.770: [GC (Allocation Failure) [PSYoungGen: 173888K->320K(174080K)] 197166K->23654K(523776K), 0.0015160 secs] [Times: user=0.01 sys=0.00, real=0.00 secs] 
2020-10-28T23:00:35.835-0800: 36.864: [GC (Allocation Failure) [PSYoungGen: 173888K->288K(174080K)] 197222K->23630K(523776K), 0.0015314 secs] [Times: user=0.01 sys=0.00, real=0.00 secs] 
2020-10-28T23:00:35.934-0800: 36.964: [GC (Allocation Failure) [PSYoungGen: 173856K->320K(174080K)] 197198K->23662K(523776K), 0.0016312 secs] [Times: user=0.01 sys=0.00, real=0.00 secs] 
2020-10-28T23:00:36.040-0800: 37.069: [GC (Allocation Failure) [PSYoungGen: 173888K->352K(174080K)] 197230K->23718K(523776K), 0.0016083 secs] [Times: user=0.01 sys=0.00, real=0.00 secs] 
2020-10-28T23:00:36.144-0800: 37.173: [GC (Allocation Failure) [PSYoungGen: 173920K->320K(174080K)] 197286K->23710K(523776K), 0.0016271 secs] [Times: user=0.01 sys=0.00, real=0.00 secs] 
2020-10-28T23:00:36.245-0800: 37.275: [GC (Allocation Failure) [PSYoungGen: 173888K->352K(174080K)] 197278K->23806K(523776K), 0.0016468 secs] [Times: user=0.01 sys=0.00, real=0.00 secs] 
2020-10-28T23:00:36.346-0800: 37.376: [GC (Allocation Failure) [PSYoungGen: 173920K->320K(174080K)] 197374K->23830K(523776K), 0.0015865 secs] [Times: user=0.01 sys=0.00, real=0.00 secs] 
2020-10-28T23:00:36.448-0800: 37.477: [GC (Allocation Failure) [PSYoungGen: 173888K->320K(174080K)] 197398K->23830K(523776K), 0.0016071 secs] [Times: user=0.01 sys=0.00, real=0.00 secs] 
2020-10-28T23:00:36.552-0800: 37.581: [GC (Allocation Failure) [PSYoungGen: 173888K->320K(174080K)] 197398K->23878K(523776K), 0.0015260 secs] [Times: user=0.01 sys=0.00, real=0.00 secs] 
2020-10-28T23:00:36.650-0800: 37.680: [GC (Allocation Failure) [PSYoungGen: 173888K->320K(174080K)] 197446K->23950K(523776K), 0.0016099 secs] [Times: user=0.01 sys=0.00, real=0.00 secs] 
2020-10-28T23:00:36.750-0800: 37.780: [GC (Allocation Failure) [PSYoungGen: 173888K->352K(174080K)] 197518K->23990K(523776K), 0.0015854 secs] [Times: user=0.01 sys=0.00, real=0.00 secs] 
2020-10-28T23:00:36.851-0800: 37.880: [GC (Allocation Failure) [PSYoungGen: 173920K->320K(174080K)] 197558K->23990K(523776K), 0.0015544 secs] [Times: user=0.01 sys=0.00, real=0.00 secs] 
2020-10-28T23:00:36.951-0800: 37.981: [GC (Allocation Failure) [PSYoungGen: 173888K->320K(174080K)] 197558K->23990K(523776K), 0.0015502 secs] [Times: user=0.01 sys=0.00, real=0.00 secs] 
2020-10-28T23:00:37.052-0800: 38.082: [GC (Allocation Failure) [PSYoungGen: 173888K->352K(174080K)] 197558K->24022K(523776K), 0.0016048 secs] [Times: user=0.00 sys=0.00, real=0.00 secs] 
2020-10-28T23:00:37.151-0800: 38.181: [GC (Allocation Failure) [PSYoungGen: 173920K->320K(174080K)] 197590K->24006K(523776K), 0.0016307 secs] [Times: user=0.00 sys=0.00, real=0.00 secs] 
2020-10-28T23:00:37.253-0800: 38.283: [GC (Allocation Failure) [PSYoungGen: 173888K->320K(174080K)] 197574K->24030K(523776K), 0.0016037 secs] [Times: user=0.01 sys=0.00, real=0.00 secs] 
2020-10-28T23:00:37.353-0800: 38.382: [GC (Allocation Failure) [PSYoungGen: 173888K->320K(174080K)] 197598K->24030K(523776K), 0.0015680 secs] [Times: user=0.01 sys=0.00, real=0.00 secs] 
2020-10-28T23:00:37.453-0800: 38.483: [GC (Allocation Failure) [PSYoungGen: 173888K->320K(174080K)] 197598K->24038K(523776K), 0.0016119 secs] [Times: user=0.01 sys=0.00, real=0.00 secs] 
2020-10-28T23:00:37.552-0800: 38.582: [GC (Allocation Failure) [PSYoungGen: 173888K->352K(174080K)] 197606K->24086K(523776K), 0.0016083 secs] [Times: user=0.01 sys=0.00, real=0.00 secs] 
2020-10-28T23:00:37.650-0800: 38.680: [GC (Allocation Failure) [PSYoungGen: 173920K->288K(174080K)] 197654K->24038K(523776K), 0.0016111 secs] [Times: user=0.01 sys=0.00, real=0.00 secs] 
2020-10-28T23:00:37.744-0800: 38.773: [GC (Allocation Failure) [PSYoungGen: 173856K->320K(174080K)] 197606K->24110K(523776K), 0.0015638 secs] [Times: user=0.00 sys=0.00, real=0.00 secs] 
2020-10-28T23:00:37.843-0800: 38.873: [GC (Allocation Failure) [PSYoungGen: 173888K->352K(174080K)] 197678K->24142K(523776K), 0.0015679 secs] [Times: user=0.00 sys=0.00, real=0.00 secs] 
2020-10-28T23:00:37.941-0800: 38.971: [GC (Allocation Failure) [PSYoungGen: 173920K->320K(174080K)] 197710K->24126K(523776K), 0.0015537 secs] [Times: user=0.01 sys=0.00, real=0.00 secs] 
2020-10-28T23:00:38.037-0800: 39.067: [GC (Allocation Failure) [PSYoungGen: 173888K->320K(174080K)] 197694K->24174K(523776K), 0.0015561 secs] [Times: user=0.01 sys=0.00, real=0.00 secs] 
2020-10-28T23:00:38.140-0800: 39.169: [GC (Allocation Failure) [PSYoungGen: 173888K->320K(174080K)] 197742K->24214K(523776K), 0.0015982 secs] [Times: user=0.01 sys=0.00, real=0.00 secs] 
2020-10-28T23:00:38.239-0800: 39.269: [GC (Allocation Failure) [PSYoungGen: 173888K->320K(174080K)] 197782K->24214K(523776K), 0.0016761 secs] [Times: user=0.01 sys=0.00, real=0.01 secs] 
2020-10-28T23:00:38.341-0800: 39.371: [GC (Allocation Failure) [PSYoungGen: 173888K->320K(174080K)] 197782K->24222K(523776K), 0.0016373 secs] [Times: user=0.01 sys=0.00, real=0.00 secs] 
2020-10-28T23:00:38.444-0800: 39.473: [GC (Allocation Failure) [PSYoungGen: 173888K->320K(174080K)] 197790K->24238K(523776K), 0.0015727 secs] [Times: user=0.01 sys=0.00, real=0.00 secs] 
2020-10-28T23:00:38.544-0800: 39.574: [GC (Allocation Failure) [PSYoungGen: 173888K->320K(174080K)] 197806K->24270K(523776K), 0.0014851 secs] [Times: user=0.00 sys=0.00, real=0.00 secs] 
2020-10-28T23:00:38.641-0800: 39.670: [GC (Allocation Failure) [PSYoungGen: 173888K->320K(174080K)] 197838K->24286K(523776K), 0.0016015 secs] [Times: user=0.01 sys=0.00, real=0.00 secs] 
2020-10-28T23:00:38.744-0800: 39.773: [GC (Allocation Failure) [PSYoungGen: 173888K->320K(174080K)] 197854K->24286K(523776K), 0.0016369 secs] [Times: user=0.01 sys=0.00, real=0.00 secs] 
2020-10-28T23:00:38.845-0800: 39.874: [GC (Allocation Failure) [PSYoungGen: 173888K->352K(174080K)] 197854K->24358K(523776K), 0.0016987 secs] [Times: user=0.01 sys=0.00, real=0.00 secs] 
2020-10-28T23:00:38.942-0800: 39.972: [GC (Allocation Failure) [PSYoungGen: 173920K->288K(174080K)] 197926K->24310K(523776K), 0.0017377 secs] [Times: user=0.01 sys=0.00, real=0.00 secs] 
2020-10-28T23:00:39.044-0800: 40.073: [GC (Allocation Failure) [PSYoungGen: 173856K->320K(174080K)] 197878K->24342K(523776K), 0.0016317 secs] [Times: user=0.01 sys=0.00, real=0.00 secs] 
2020-10-28T23:00:39.146-0800: 40.175: [GC (Allocation Failure) [PSYoungGen: 173888K->352K(174080K)] 197910K->24390K(523776K), 0.0016705 secs] [Times: user=0.00 sys=0.00, real=0.00 secs] 
2020-10-28T23:00:39.246-0800: 40.275: [GC (Allocation Failure) [PSYoungGen: 173920K->320K(174080K)] 197958K->24358K(523776K), 0.0016017 secs] [Times: user=0.01 sys=0.00, real=0.00 secs] 
2020-10-28T23:00:39.345-0800: 40.375: [GC (Allocation Failure) [PSYoungGen: 173888K->320K(174080K)] 197926K->24366K(523776K), 0.0015611 secs] [Times: user=0.01 sys=0.00, real=0.00 secs] 
2020-10-28T23:00:39.449-0800: 40.479: [GC (Allocation Failure) [PSYoungGen: 173888K->352K(174080K)] 197934K->24398K(523776K), 0.0017905 secs] [Times: user=0.00 sys=0.00, real=0.01 secs] 
2020-10-28T23:00:39.549-0800: 40.579: [GC (Allocation Failure) [PSYoungGen: 173920K->352K(174080K)] 197966K->24438K(523776K), 0.0015649 secs] [Times: user=0.01 sys=0.00, real=0.01 secs] 
2020-10-28T23:00:39.645-0800: 40.675: [GC (Allocation Failure) [PSYoungGen: 173920K->320K(174080K)] 198006K->24406K(523776K), 0.0016247 secs] [Times: user=0.01 sys=0.00, real=0.00 secs] 
2020-10-28T23:00:39.754-0800: 40.784: [GC (Allocation Failure) [PSYoungGen: 173888K->320K(174080K)] 197974K->24406K(523776K), 0.0016057 secs] [Times: user=0.01 sys=0.00, real=0.00 secs] 
2020-10-28T23:00:39.858-0800: 40.888: [GC (Allocation Failure) [PSYoungGen: 173888K->320K(174080K)] 197974K->24406K(523776K), 0.0015246 secs] [Times: user=0.01 sys=0.00, real=0.01 secs] 
2020-10-28T23:00:39.964-0800: 40.994: [GC (Allocation Failure) [PSYoungGen: 173888K->320K(174080K)] 197974K->24406K(523776K), 0.0015567 secs] [Times: user=0.01 sys=0.00, real=0.00 secs] 
2020-10-28T23:00:40.066-0800: 41.095: [GC (Allocation Failure) [PSYoungGen: 173888K->320K(174080K)] 197974K->24414K(523776K), 0.0015672 secs] [Times: user=0.01 sys=0.00, real=0.00 secs] 
2020-10-28T23:00:40.169-0800: 41.198: [GC (Allocation Failure) [PSYoungGen: 173888K->320K(174080K)] 197982K->24478K(523776K), 0.0015896 secs] [Times: user=0.01 sys=0.00, real=0.01 secs] 
2020-10-28T23:00:40.272-0800: 41.302: [GC (Allocation Failure) [PSYoungGen: 173888K->320K(174080K)] 198046K->24494K(523776K), 0.0016313 secs] [Times: user=0.00 sys=0.00, real=0.00 secs] 
2020-10-28T23:00:40.376-0800: 41.406: [GC (Allocation Failure) [PSYoungGen: 173888K->320K(174080K)] 198062K->24494K(523776K), 0.0016381 secs] [Times: user=0.00 sys=0.00, real=0.00 secs] 
2020-10-28T23:00:40.479-0800: 41.508: [GC (Allocation Failure) [PSYoungGen: 173888K->352K(174080K)] 198062K->24566K(523776K), 0.0016092 secs] [Times: user=0.01 sys=0.00, real=0.01 secs] 
2020-10-28T23:00:40.582-0800: 41.612: [GC (Allocation Failure) [PSYoungGen: 173920K->320K(174080K)] 198134K->24534K(523776K), 0.0015533 secs] [Times: user=0.00 sys=0.00, real=0.00 secs] 
2020-10-28T23:00:40.684-0800: 41.714: [GC (Allocation Failure) [PSYoungGen: 173888K->320K(174080K)] 198102K->24534K(523776K), 0.0015994 secs] [Times: user=0.01 sys=0.00, real=0.00 secs] 
2020-10-28T23:00:40.789-0800: 41.819: [GC (Allocation Failure) [PSYoungGen: 173888K->320K(174080K)] 198102K->24534K(523776K), 0.0016250 secs] [Times: user=0.01 sys=0.00, real=0.01 secs] 
2020-10-28T23:00:41.633-0800: 42.663: [GC (Allocation Failure) [PSYoungGen: 173888K->320K(174080K)] 198102K->24590K(523776K), 0.0014009 secs] [Times: user=0.01 sys=0.00, real=0.00 secs] 
2020-10-28T23:00:41.729-0800: 42.758: [GC (Allocation Failure) [PSYoungGen: 173888K->320K(174080K)] 198158K->24590K(523776K), 0.0016579 secs] [Times: user=0.01 sys=0.00, real=0.01 secs] 
2020-10-28T23:00:41.824-0800: 42.853: [GC (Allocation Failure) [PSYoungGen: 173888K->352K(174080K)] 198158K->24662K(523776K), 0.0015701 secs] [Times: user=0.01 sys=0.00, real=0.00 secs] 
2020-10-28T23:00:41.919-0800: 42.949: [GC (Allocation Failure) [PSYoungGen: 173920K->352K(174080K)] 198230K->24662K(523776K), 0.0015690 secs] [Times: user=0.01 sys=0.00, real=0.01 secs] 
2020-10-28T23:00:42.022-0800: 43.051: [GC (Allocation Failure) [PSYoungGen: 173920K->320K(174080K)] 198230K->24630K(523776K), 0.0015231 secs] [Times: user=0.01 sys=0.00, real=0.00 secs] 
2020-10-28T23:00:42.124-0800: 43.154: [GC (Allocation Failure) [PSYoungGen: 173888K->320K(174080K)] 198198K->24630K(523776K), 0.0016200 secs] [Times: user=0.01 sys=0.00, real=0.00 secs] 
2020-10-28T23:00:42.236-0800: 43.266: [GC (Allocation Failure) [PSYoungGen: 173888K->320K(174080K)] 198198K->24678K(523776K), 0.0015795 secs] [Times: user=0.01 sys=0.00, real=0.00 secs] 
2020-10-28T23:00:42.344-0800: 43.374: [GC (Allocation Failure) [PSYoungGen: 173888K->352K(174080K)] 198246K->24734K(523776K), 0.0016255 secs] [Times: user=0.01 sys=0.00, real=0.00 secs] 
2020-10-28T23:00:42.449-0800: 43.478: [GC (Allocation Failure) [PSYoungGen: 173920K->320K(174080K)] 198302K->24710K(523776K), 0.0015967 secs] [Times: user=0.01 sys=0.00, real=0.01 secs] 
2020-10-28T23:00:42.553-0800: 43.582: [GC (Allocation Failure) [PSYoungGen: 173888K->320K(174080K)] 198278K->24750K(523776K), 0.0016036 secs] [Times: user=0.01 sys=0.00, real=0.00 secs] 
2020-10-28T23:00:42.669-0800: 43.698: [GC (Allocation Failure) [PSYoungGen: 173888K->320K(174080K)] 198318K->24750K(523776K), 0.0016304 secs] [Times: user=0.01 sys=0.00, real=0.01 secs] 
2020-10-28T23:00:42.780-0800: 43.810: [GC (Allocation Failure) [PSYoungGen: 173888K->320K(174080K)] 198318K->24750K(523776K), 0.0017714 secs] [Times: user=0.01 sys=0.00, real=0.00 secs] 
2020-10-28T23:00:42.914-0800: 43.943: [GC (Allocation Failure) [PSYoungGen: 173888K->320K(174080K)] 198318K->24806K(523776K), 0.0017511 secs] [Times: user=0.01 sys=0.00, real=0.00 secs] 
2020-10-28T23:00:43.037-0800: 44.066: [GC (Allocation Failure) [PSYoungGen: 173888K->320K(174080K)] 198374K->24814K(523776K), 0.0017784 secs] [Times: user=0.01 sys=0.00, real=0.00 secs] 
2020-10-28T23:00:43.146-0800: 44.176: [GC (Allocation Failure) [PSYoungGen: 173888K->320K(174080K)] 198382K->24814K(523776K), 0.0018144 secs] [Times: user=0.01 sys=0.00, real=0.00 secs] 
2020-10-28T23:00:43.252-0800: 44.282: [GC (Allocation Failure) [PSYoungGen: 173888K->320K(174080K)] 198382K->24814K(523776K), 0.0016189 secs] [Times: user=0.01 sys=0.00, real=0.00 secs] 
2020-10-28T23:00:43.358-0800: 44.387: [GC (Allocation Failure) [PSYoungGen: 173888K->320K(174080K)] 198382K->24814K(523776K), 0.0015500 secs] [Times: user=0.00 sys=0.01, real=0.00 secs] 
2020-10-28T23:00:43.463-0800: 44.493: [GC (Allocation Failure) [PSYoungGen: 173888K->320K(174080K)] 198382K->24822K(523776K), 0.0016021 secs] [Times: user=0.01 sys=0.00, real=0.00 secs] 
2020-10-28T23:00:43.560-0800: 44.589: [GC (Allocation Failure) [PSYoungGen: 173888K->320K(174080K)] 198390K->24838K(523776K), 0.0015815 secs] [Times: user=0.01 sys=0.00, real=0.00 secs] 
2020-10-28T23:00:43.666-0800: 44.695: [GC (Allocation Failure) [PSYoungGen: 173888K->320K(174080K)] 198406K->24862K(523776K), 0.0015939 secs] [Times: user=0.01 sys=0.00, real=0.00 secs] 
2020-10-28T23:00:43.773-0800: 44.803: [GC (Allocation Failure) [PSYoungGen: 173888K->320K(174080K)] 198430K->24870K(523776K), 0.0015559 secs] [Times: user=0.01 sys=0.00, real=0.00 secs] 
2020-10-28T23:00:43.881-0800: 44.910: [GC (Allocation Failure) [PSYoungGen: 173888K->320K(174080K)] 198438K->24878K(523776K), 0.0016052 secs] [Times: user=0.01 sys=0.00, real=0.00 secs] 
2020-10-28T23:00:43.996-0800: 45.026: [GC (Allocation Failure) [PSYoungGen: 173880K->320K(174080K)] 198438K->24894K(523776K), 0.0015640 secs] [Times: user=0.01 sys=0.00, real=0.00 secs] 
2020-10-28T23:00:44.122-0800: 45.151: [GC (Allocation Failure) [PSYoungGen: 173888K->320K(174080K)] 198462K->24910K(523776K), 0.0016779 secs] [Times: user=0.01 sys=0.00, real=0.00 secs] 
2020-10-28T23:00:44.224-0800: 45.253: [GC (Allocation Failure) [PSYoungGen: 173888K->352K(174080K)] 198478K->24950K(523776K), 0.0016211 secs] [Times: user=0.00 sys=0.00, real=0.00 secs] 
2020-10-28T23:00:44.323-0800: 45.353: [GC (Allocation Failure) [PSYoungGen: 173920K->320K(174080K)] 198518K->24926K(523776K), 0.0015472 secs] [Times: user=0.01 sys=0.00, real=0.00 secs] 
2020-10-28T23:00:44.427-0800: 45.456: [GC (Allocation Failure) [PSYoungGen: 173888K->320K(174080K)] 198494K->24926K(523776K), 0.0015583 secs] [Times: user=0.01 sys=0.00, real=0.00 secs] 
2020-10-28T23:00:44.532-0800: 45.562: [GC (Allocation Failure) [PSYoungGen: 173888K->320K(174080K)] 198494K->24934K(523776K), 0.0015507 secs] [Times: user=0.01 sys=0.00, real=0.00 secs] 
2020-10-28T23:00:44.635-0800: 45.664: [GC (Allocation Failure) [PSYoungGen: 173888K->320K(174080K)] 198502K->24974K(523776K), 0.0016076 secs] [Times: user=0.01 sys=0.00, real=0.00 secs] 
2020-10-28T23:00:44.748-0800: 45.777: [GC (Allocation Failure) [PSYoungGen: 173888K->320K(174080K)] 198542K->25046K(523776K), 0.0015782 secs] [Times: user=0.01 sys=0.00, real=0.00 secs] 
2020-10-28T23:00:44.853-0800: 45.883: [GC (Allocation Failure) [PSYoungGen: 173888K->352K(174080K)] 198614K->25102K(523776K), 0.0015976 secs] [Times: user=0.01 sys=0.00, real=0.00 secs] 
2020-10-28T23:00:44.959-0800: 45.989: [GC (Allocation Failure) [PSYoungGen: 173920K->320K(174080K)] 198670K->25118K(523776K), 0.0015993 secs] [Times: user=0.00 sys=0.00, real=0.01 secs] 
2020-10-28T23:00:45.064-0800: 46.093: [GC (Allocation Failure) [PSYoungGen: 173888K->320K(174080K)] 198686K->25118K(523776K), 0.0016157 secs] [Times: user=0.01 sys=0.00, real=0.00 secs] 
2020-10-28T23:00:45.165-0800: 46.195: [GC (Allocation Failure) [PSYoungGen: 173888K->320K(174080K)] 198686K->25118K(523776K), 0.0015923 secs] [Times: user=0.01 sys=0.00, real=0.00 secs] 
2020-10-28T23:00:45.265-0800: 46.294: [GC (Allocation Failure) [PSYoungGen: 173888K->320K(174080K)] 198686K->25118K(523776K), 0.0015820 secs] [Times: user=0.01 sys=0.00, real=0.00 secs] 
2020-10-28T23:00:45.366-0800: 46.396: [GC (Allocation Failure) [PSYoungGen: 173888K->320K(174080K)] 198686K->25118K(523776K), 0.0015977 secs] [Times: user=0.01 sys=0.00, real=0.00 secs] 
2020-10-28T23:00:45.468-0800: 46.497: [GC (Allocation Failure) [PSYoungGen: 173888K->320K(174080K)] 198686K->25174K(523776K), 0.0015456 secs] [Times: user=0.00 sys=0.00, real=0.00 secs] 
2020-10-28T23:00:45.570-0800: 46.600: [GC (Allocation Failure) [PSYoungGen: 173888K->320K(174080K)] 198742K->25174K(523776K), 0.0016232 secs] [Times: user=0.00 sys=0.00, real=0.00 secs] 
2020-10-28T23:00:45.673-0800: 46.703: [GC (Allocation Failure) [PSYoungGen: 173888K->320K(174080K)] 198742K->25206K(523776K), 0.0016646 secs] [Times: user=0.01 sys=0.00, real=0.00 secs] 
2020-10-28T23:00:45.777-0800: 46.806: [GC (Allocation Failure) [PSYoungGen: 173888K->320K(174080K)] 198774K->25262K(523776K), 0.0016385 secs] [Times: user=0.01 sys=0.00, real=0.00 secs] 
2020-10-28T23:00:45.879-0800: 46.909: [GC (Allocation Failure) [PSYoungGen: 173888K->320K(174080K)] 198830K->25262K(523776K), 0.0015943 secs] [Times: user=0.01 sys=0.00, real=0.01 secs] 
2020-10-28T23:00:45.980-0800: 47.010: [GC (Allocation Failure) [PSYoungGen: 173888K->320K(174080K)] 198830K->25310K(523776K), 0.0016857 secs] [Times: user=0.01 sys=0.00, real=0.00 secs] 
2020-10-28T23:00:46.087-0800: 47.117: [GC (Allocation Failure) [PSYoungGen: 173884K->352K(174080K)] 198874K->25366K(523776K), 0.0016169 secs] [Times: user=0.01 sys=0.00, real=0.00 secs] 
2020-10-28T23:00:46.192-0800: 47.221: [GC (Allocation Failure) [PSYoungGen: 173920K->320K(174080K)] 198934K->25382K(523776K), 0.0016468 secs] [Times: user=0.01 sys=0.00, real=0.00 secs] 
2020-10-28T23:00:46.292-0800: 47.321: [GC (Allocation Failure) [PSYoungGen: 173888K->320K(174080K)] 198950K->25390K(523776K), 0.0015882 secs] [Times: user=0.00 sys=0.00, real=0.00 secs] 
2020-10-28T23:00:46.392-0800: 47.421: [GC (Allocation Failure) [PSYoungGen: 173888K->320K(174080K)] 198958K->25406K(523776K), 0.0017056 secs] [Times: user=0.01 sys=0.00, real=0.00 secs] 
2020-10-28T23:00:46.492-0800: 47.522: [GC (Allocation Failure) [PSYoungGen: 173888K->320K(174080K)] 198974K->25422K(523776K), 0.0016920 secs] [Times: user=0.01 sys=0.00, real=0.00 secs] 
2020-10-28T23:00:46.595-0800: 47.624: [GC (Allocation Failure) [PSYoungGen: 173888K->320K(174080K)] 198990K->25486K(523776K), 0.0016078 secs] [Times: user=0.01 sys=0.00, real=0.00 secs] 
2020-10-28T23:00:46.696-0800: 47.726: [GC (Allocation Failure) [PSYoungGen: 173888K->320K(174080K)] 199054K->25510K(523776K), 0.0015845 secs] [Times: user=0.01 sys=0.00, real=0.00 secs] 
2020-10-28T23:00:46.794-0800: 47.824: [GC (Allocation Failure) [PSYoungGen: 173888K->352K(174080K)] 199078K->25566K(523776K), 0.0016979 secs] [Times: user=0.01 sys=0.00, real=0.00 secs] 
2020-10-28T23:00:46.895-0800: 47.925: [GC (Allocation Failure) [PSYoungGen: 173920K->320K(174080K)] 199134K->25598K(523776K), 0.0016622 secs] [Times: user=0.00 sys=0.00, real=0.00 secs] 
2020-10-28T23:00:47.001-0800: 48.030: [GC (Allocation Failure) [PSYoungGen: 173888K->320K(174080K)] 199166K->25598K(523776K), 0.0017296 secs] [Times: user=0.01 sys=0.00, real=0.00 secs] 
2020-10-28T23:00:47.106-0800: 48.136: [GC (Allocation Failure) [PSYoungGen: 173888K->320K(174080K)] 199166K->25654K(523776K), 0.0016158 secs] [Times: user=0.01 sys=0.00, real=0.00 secs] 
2020-10-28T23:00:47.208-0800: 48.237: [GC (Allocation Failure) [PSYoungGen: 173888K->320K(174080K)] 199222K->25662K(523776K), 0.0016527 secs] [Times: user=0.01 sys=0.00, real=0.00 secs] 
2020-10-28T23:00:47.311-0800: 48.340: [GC (Allocation Failure) [PSYoungGen: 173888K->320K(174080K)] 199230K->25662K(523776K), 0.0015466 secs] [Times: user=0.01 sys=0.00, real=0.00 secs] 
2020-10-28T23:00:47.410-0800: 48.439: [GC (Allocation Failure) [PSYoungGen: 173888K->288K(174080K)] 199230K->25670K(523776K), 0.0015784 secs] [Times: user=0.01 sys=0.00, real=0.00 secs] 
2020-10-28T23:00:47.512-0800: 48.541: [GC (Allocation Failure) [PSYoungGen: 173856K->320K(174080K)] 199238K->25758K(523776K), 0.0016127 secs] [Times: user=0.01 sys=0.00, real=0.00 secs] 
2020-10-28T23:00:47.611-0800: 48.640: [GC (Allocation Failure) [PSYoungGen: 173888K->320K(174080K)] 199326K->25758K(523776K), 0.0016204 secs] [Times: user=0.01 sys=0.00, real=0.00 secs] 
2020-10-28T23:00:47.713-0800: 48.742: [GC (Allocation Failure) [PSYoungGen: 173888K->320K(174080K)] 199326K->25798K(523776K), 0.0016504 secs] [Times: user=0.01 sys=0.00, real=0.00 secs] 
2020-10-28T23:00:47.811-0800: 48.840: [GC (Allocation Failure) [PSYoungGen: 173888K->320K(174080K)] 199366K->25846K(523776K), 0.0015875 secs] [Times: user=0.01 sys=0.00, real=0.00 secs] 
2020-10-28T23:00:47.915-0800: 48.945: [GC (Allocation Failure) [PSYoungGen: 173888K->352K(174080K)] 199414K->25886K(523776K), 0.0016232 secs] [Times: user=0.01 sys=0.00, real=0.00 secs] 
2020-10-28T23:00:48.016-0800: 49.045: [GC (Allocation Failure) [PSYoungGen: 173920K->352K(174080K)] 199454K->25886K(523776K), 0.0015981 secs] [Times: user=0.01 sys=0.00, real=0.00 secs] 
2020-10-28T23:00:48.118-0800: 49.147: [GC (Allocation Failure) [PSYoungGen: 173920K->320K(174080K)] 199454K->25862K(523776K), 0.0016479 secs] [Times: user=0.01 sys=0.00, real=0.01 secs] 
2020-10-28T23:00:48.218-0800: 49.248: [GC (Allocation Failure) [PSYoungGen: 173888K->320K(174080K)] 199430K->25926K(523776K), 0.0016036 secs] [Times: user=0.01 sys=0.00, real=0.01 secs] 
2020-10-28T23:00:48.322-0800: 49.352: [GC (Allocation Failure) [PSYoungGen: 173888K->320K(174080K)] 199494K->25926K(523776K), 0.0015814 secs] [Times: user=0.01 sys=0.00, real=0.00 secs] 
2020-10-28T23:00:48.430-0800: 49.460: [GC (Allocation Failure) [PSYoungGen: 173888K->320K(174080K)] 199494K->25942K(523776K), 0.0016223 secs] [Times: user=0.01 sys=0.00, real=0.00 secs] 
2020-10-28T23:00:48.532-0800: 49.562: [GC (Allocation Failure) [PSYoungGen: 173888K->320K(174080K)] 199510K->25998K(523776K), 0.0016538 secs] [Times: user=0.01 sys=0.00, real=0.00 secs] 
2020-10-28T23:00:48.655-0800: 49.684: [GC (Allocation Failure) [PSYoungGen: 173888K->320K(174080K)] 199566K->26014K(523776K), 0.0017251 secs] [Times: user=0.01 sys=0.00, real=0.00 secs] 
2020-10-28T23:00:48.761-0800: 49.790: [GC (Allocation Failure) [PSYoungGen: 173888K->320K(174080K)] 199582K->26038K(523776K), 0.0016561 secs] [Times: user=0.01 sys=0.00, real=0.00 secs] 
2020-10-28T23:00:48.869-0800: 49.898: [GC (Allocation Failure) [PSYoungGen: 173888K->320K(174080K)] 199606K->26038K(523776K), 0.0017327 secs] [Times: user=0.01 sys=0.00, real=0.01 secs] 
2020-10-28T23:00:48.979-0800: 50.008: [GC (Allocation Failure) [PSYoungGen: 173888K->320K(174080K)] 199606K->26038K(523776K), 0.0016260 secs] [Times: user=0.01 sys=0.00, real=0.01 secs] 
2020-10-28T23:00:49.089-0800: 50.118: [GC (Allocation Failure) [PSYoungGen: 173888K->320K(174080K)] 199606K->26038K(523776K), 0.0016907 secs] [Times: user=0.01 sys=0.00, real=0.01 secs] 
2020-10-28T23:00:49.197-0800: 50.226: [GC (Allocation Failure) [PSYoungGen: 173888K->320K(174080K)] 199606K->26054K(523776K), 0.0016354 secs] [Times: user=0.01 sys=0.00, real=0.00 secs] 
2020-10-28T23:00:49.303-0800: 50.332: [GC (Allocation Failure) [PSYoungGen: 173888K->320K(174080K)] 199622K->26054K(523776K), 0.0017651 secs] [Times: user=0.01 sys=0.00, real=0.00 secs] 
2020-10-28T23:00:49.416-0800: 50.445: [GC (Allocation Failure) [PSYoungGen: 173888K->320K(174080K)] 199622K->26054K(523776K), 0.0016420 secs] [Times: user=0.01 sys=0.00, real=0.00 secs] 
2020-10-28T23:00:49.522-0800: 50.551: [GC (Allocation Failure) [PSYoungGen: 173888K->352K(174080K)] 199622K->26086K(523776K), 0.0016704 secs] [Times: user=0.01 sys=0.00, real=0.00 secs] 
2020-10-28T23:00:49.630-0800: 50.659: [GC (Allocation Failure) [PSYoungGen: 173920K->320K(174080K)] 199654K->26054K(523776K), 0.0016188 secs] [Times: user=0.00 sys=0.00, real=0.00 secs] 
2020-10-28T23:00:49.734-0800: 50.764: [GC (Allocation Failure) [PSYoungGen: 173888K->320K(174080K)] 199622K->26126K(523776K), 0.0016126 secs] [Times: user=0.01 sys=0.00, real=0.00 secs] 
2020-10-28T23:00:49.836-0800: 50.865: [GC (Allocation Failure) [PSYoungGen: 173888K->352K(174080K)] 199694K->26166K(523776K), 0.0016269 secs] [Times: user=0.01 sys=0.00, real=0.00 secs] 
2020-10-28T23:00:49.945-0800: 50.974: [GC (Allocation Failure) [PSYoungGen: 173920K->320K(174080K)] 199734K->26134K(523776K), 0.0016977 secs] [Times: user=0.01 sys=0.00, real=0.00 secs] 
2020-10-28T23:00:50.051-0800: 51.081: [GC (Allocation Failure) [PSYoungGen: 173888K->320K(174080K)] 199702K->26158K(523776K), 0.0017428 secs] [Times: user=0.01 sys=0.01, real=0.00 secs] 
2020-10-28T23:00:50.154-0800: 51.184: [GC (Allocation Failure) [PSYoungGen: 173888K->320K(174080K)] 199726K->26174K(523776K), 0.0015983 secs] [Times: user=0.01 sys=0.00, real=0.00 secs] 
2020-10-28T23:00:50.259-0800: 51.288: [GC (Allocation Failure) [PSYoungGen: 173888K->320K(174080K)] 199742K->26190K(523776K), 0.0016773 secs] [Times: user=0.01 sys=0.00, real=0.01 secs] 
2020-10-28T23:00:50.363-0800: 51.392: [GC (Allocation Failure) [PSYoungGen: 173888K->352K(174080K)] 199758K->26230K(523776K), 0.0017044 secs] [Times: user=0.01 sys=0.00, real=0.00 secs] 
2020-10-28T23:00:50.468-0800: 51.498: [GC (Allocation Failure) [PSYoungGen: 173920K->320K(174080K)] 199798K->26198K(523776K), 0.0016618 secs] [Times: user=0.00 sys=0.00, real=0.01 secs] 
2020-10-28T23:00:50.573-0800: 51.603: [GC (Allocation Failure) [PSYoungGen: 173888K->320K(174080K)] 199766K->26198K(523776K), 0.0016492 secs] [Times: user=0.01 sys=0.00, real=0.00 secs] 
2020-10-28T23:00:50.677-0800: 51.706: [GC (Allocation Failure) [PSYoungGen: 173888K->320K(174080K)] 199766K->26206K(523776K), 0.0016832 secs] [Times: user=0.01 sys=0.00, real=0.00 secs] 
2020-10-28T23:00:50.783-0800: 51.813: [GC (Allocation Failure) [PSYoungGen: 173888K->320K(174080K)] 199774K->26254K(523776K), 0.0016427 secs] [Times: user=0.01 sys=0.00, real=0.00 secs] 
2020-10-28T23:00:50.891-0800: 51.920: [GC (Allocation Failure) [PSYoungGen: 173888K->320K(174080K)] 199822K->26262K(523776K), 0.0016399 secs] [Times: user=0.01 sys=0.00, real=0.00 secs] 
2020-10-28T23:00:50.999-0800: 52.028: [GC (Allocation Failure) [PSYoungGen: 173888K->320K(174080K)] 199830K->26326K(523776K), 0.0017014 secs] [Times: user=0.01 sys=0.00, real=0.01 secs] 
2020-10-28T23:00:51.103-0800: 52.133: [GC (Allocation Failure) [PSYoungGen: 173888K->320K(174080K)] 199894K->26374K(523776K), 0.0016385 secs] [Times: user=0.01 sys=0.01, real=0.00 secs] 
2020-10-28T23:00:51.208-0800: 52.238: [GC (Allocation Failure) [PSYoungGen: 173888K->320K(174080K)] 199942K->26430K(523776K), 0.0017600 secs] [Times: user=0.01 sys=0.00, real=0.01 secs] 
2020-10-28T23:00:51.312-0800: 52.341: [GC (Allocation Failure) [PSYoungGen: 173888K->320K(174080K)] 199998K->26430K(523776K), 0.0016787 secs] [Times: user=0.01 sys=0.00, real=0.00 secs] 
2020-10-28T23:00:51.415-0800: 52.445: [GC (Allocation Failure) [PSYoungGen: 173888K->320K(174080K)] 199998K->26438K(523776K), 0.0017161 secs] [Times: user=0.01 sys=0.00, real=0.00 secs] 
2020-10-28T23:00:51.519-0800: 52.548: [GC (Allocation Failure) [PSYoungGen: 173888K->320K(174080K)] 200006K->26454K(523776K), 0.0016916 secs] [Times: user=0.01 sys=0.00, real=0.01 secs] 
2020-10-28T23:00:51.624-0800: 52.653: [GC (Allocation Failure) [PSYoungGen: 173888K->320K(174080K)] 200022K->26454K(523776K), 0.0016308 secs] [Times: user=0.01 sys=0.00, real=0.00 secs] 
2020-10-28T23:00:51.728-0800: 52.757: [GC (Allocation Failure) [PSYoungGen: 173888K->352K(174080K)] 200022K->26502K(523776K), 0.0016768 secs] [Times: user=0.01 sys=0.00, real=0.01 secs] 
2020-10-28T23:00:51.834-0800: 52.863: [GC (Allocation Failure) [PSYoungGen: 173920K->320K(174080K)] 200070K->26486K(523776K), 0.0017117 secs] [Times: user=0.01 sys=0.00, real=0.00 secs] 
2020-10-28T23:00:51.941-0800: 52.970: [GC (Allocation Failure) [PSYoungGen: 173888K->352K(174080K)] 200054K->26518K(523776K), 0.0016735 secs] [Times: user=0.01 sys=0.00, real=0.00 secs] 
2020-10-28T23:00:52.048-0800: 53.077: [GC (Allocation Failure) [PSYoungGen: 173920K->320K(174080K)] 200086K->26494K(523776K), 0.0016722 secs] [Times: user=0.01 sys=0.00, real=0.01 secs] 
2020-10-28T23:00:52.149-0800: 53.178: [GC (Allocation Failure) [PSYoungGen: 173888K->320K(174080K)] 200062K->26534K(523776K), 0.0016388 secs] [Times: user=0.00 sys=0.00, real=0.01 secs] 
2020-10-28T23:00:52.252-0800: 53.282: [GC (Allocation Failure) [PSYoungGen: 173888K->320K(174080K)] 200102K->26550K(523776K), 0.0016762 secs] [Times: user=0.01 sys=0.00, real=0.00 secs] 
2020-10-28T23:00:52.356-0800: 53.386: [GC (Allocation Failure) [PSYoungGen: 173888K->320K(174080K)] 200118K->26550K(523776K), 0.0016093 secs] [Times: user=0.01 sys=0.00, real=0.00 secs] 
2020-10-28T23:00:52.459-0800: 53.489: [GC (Allocation Failure) [PSYoungGen: 173888K->320K(174080K)] 200118K->26558K(523776K), 0.0016500 secs] [Times: user=0.01 sys=0.00, real=0.01 secs] 
2020-10-28T23:00:52.564-0800: 53.593: [GC (Allocation Failure) [PSYoungGen: 173888K->320K(174080K)] 200126K->26566K(523776K), 0.0017094 secs] [Times: user=0.01 sys=0.00, real=0.00 secs] 
2020-10-28T23:00:52.675-0800: 53.704: [GC (Allocation Failure) [PSYoungGen: 173888K->320K(174080K)] 200134K->26590K(523776K), 0.0016927 secs] [Times: user=0.01 sys=0.00, real=0.00 secs] 
2020-10-28T23:00:52.779-0800: 53.809: [GC (Allocation Failure) [PSYoungGen: 173888K->320K(174080K)] 200158K->26630K(523776K), 0.0016424 secs] [Times: user=0.01 sys=0.00, real=0.01 secs] 
Heap
 PSYoungGen      total 174080K, used 71722K [0x00000007b5580000, 0x00000007c0000000, 0x00000007c0000000)
  eden space 173568K, 41% used [0x00000007b5580000,0x00000007b9b3a860,0x00000007bff00000)
  from space 512K, 62% used [0x00000007bff80000,0x00000007bffd0000,0x00000007c0000000)
  to   space 512K, 0% used [0x00000007bff00000,0x00000007bff00000,0x00000007bff80000)
 ParOldGen       total 349696K, used 26310K [0x00000007a0000000, 0x00000007b5580000, 0x00000007b5580000)
  object space 349696K, 7% used [0x00000007a0000000,0x00000007a19b1868,0x00000007b5580000)
 Metaspace       used 36859K, capacity 39310K, committed 39344K, reserved 1083392K
  class space    used 4648K, capacity 5024K, committed 5040K, reserved 1048576K
