Java HotSpot(TM) 64-Bit Server VM (25.181-b13) for bsd-amd64 JRE (1.8.0_181-b13), built on Jul  7 2018 01:02:31 by "java_re" with gcc 4.2.1 (Based on Apple Inc. build 5658) (LLVM build 2336.11.00)
Memory: 4k page, physical 33554432k(1295772k free)

/proc/meminfo:

CommandLine flags: -XX:InitialHeapSize=134217728 -XX:MaxHeapSize=134217728 -XX:MaxNewSize=44740608 -XX:MaxTenuringThreshold=6 -XX:NewSize=44740608 -XX:OldPLABSize=16 -XX:OldSize=89477120 -XX:+PrintGC -XX:+PrintGCDateStamps -XX:+PrintGCDetails -XX:+PrintGCTimeStamps -XX:+UseCompressedClassPointers -XX:+UseCompressedOops -XX:+UseConcMarkSweepGC -XX:+UseParNewGC 
2020-10-28T20:46:05.018-0800: 0.093: [GC (Allocation Failure) 2020-10-28T20:46:05.018-0800: 0.093: [ParNew: 34859K->4346K(39296K), 0.0035854 secs] 34859K->10877K(126720K), 0.0036939 secs] [Times: user=0.01 sys=0.02, real=0.01 secs] 
2020-10-28T20:46:05.029-0800: 0.104: [GC (Allocation Failure) 2020-10-28T20:46:05.029-0800: 0.104: [ParNew: 39289K->4352K(39296K), 0.0047351 secs] 45820K->23359K(126720K), 0.0048146 secs] [Times: user=0.02 sys=0.02, real=0.01 secs] 
2020-10-28T20:46:05.041-0800: 0.116: [GC (Allocation Failure) 2020-10-28T20:46:05.041-0800: 0.116: [ParNew: 39296K->4346K(39296K), 0.0053948 secs] 58303K->34413K(126720K), 0.0054726 secs] [Times: user=0.05 sys=0.00, real=0.00 secs] 
2020-10-28T20:46:05.051-0800: 0.126: [GC (Allocation Failure) 2020-10-28T20:46:05.051-0800: 0.126: [ParNew: 39188K->4349K(39296K), 0.0064206 secs] 69255K->47479K(126720K), 0.0064950 secs] [Times: user=0.05 sys=0.01, real=0.00 secs] 
2020-10-28T20:46:05.062-0800: 0.137: [GC (Allocation Failure) 2020-10-28T20:46:05.062-0800: 0.137: [ParNew: 38679K->4351K(39296K), 0.0059018 secs] 81809K->59384K(126720K), 0.0059756 secs] [Times: user=0.05 sys=0.00, real=0.00 secs] 
2020-10-28T20:46:05.068-0800: 0.143: [GC (CMS Initial Mark) [1 CMS-initial-mark: 55032K(87424K)] 60107K(126720K), 0.0001517 secs] [Times: user=0.00 sys=0.00, real=0.00 secs] 
2020-10-28T20:46:05.068-0800: 0.143: [CMS-concurrent-mark-start]
2020-10-28T20:46:05.069-0800: 0.144: [CMS-concurrent-mark: 0.000/0.000 secs] [Times: user=0.00 sys=0.00, real=0.00 secs] 
2020-10-28T20:46:05.069-0800: 0.144: [CMS-concurrent-preclean-start]
2020-10-28T20:46:05.069-0800: 0.144: [CMS-concurrent-preclean: 0.000/0.000 secs] [Times: user=0.00 sys=0.00, real=0.00 secs] 
2020-10-28T20:46:05.069-0800: 0.144: [CMS-concurrent-abortable-preclean-start]
2020-10-28T20:46:05.073-0800: 0.147: [GC (Allocation Failure) 2020-10-28T20:46:05.073-0800: 0.147: [ParNew: 38791K->4338K(39296K), 0.0058367 secs] 93823K->71876K(126720K), 0.0058999 secs] [Times: user=0.05 sys=0.00, real=0.00 secs] 
2020-10-28T20:46:05.085-0800: 0.159: [GC (Allocation Failure) 2020-10-28T20:46:05.085-0800: 0.159: [ParNew: 39113K->4347K(39296K), 0.0051612 secs] 106651K->81757K(126720K), 0.0052396 secs] [Times: user=0.04 sys=0.01, real=0.01 secs] 
2020-10-28T20:46:05.096-0800: 0.170: [GC (Allocation Failure) 2020-10-28T20:46:05.096-0800: 0.170: [ParNew: 39230K->39230K(39296K), 0.0000210 secs]2020-10-28T20:46:05.096-0800: 0.170: [CMS2020-10-28T20:46:05.096-0800: 0.170: [CMS-concurrent-abortable-preclean: 0.001/0.027 secs] [Times: user=0.12 sys=0.01, real=0.03 secs] 
 (concurrent mode failure): 77409K->85982K(87424K), 0.0160369 secs] 116639K->85982K(126720K), [Metaspace: 2711K->2711K(1056768K)], 0.0161599 secs] [Times: user=0.01 sys=0.00, real=0.02 secs] 
2020-10-28T20:46:05.118-0800: 0.193: [GC (Allocation Failure) 2020-10-28T20:46:05.118-0800: 0.193: [ParNew: 34760K->34760K(39296K), 0.0000228 secs]2020-10-28T20:46:05.118-0800: 0.193: [CMS: 85982K->87274K(87424K), 0.0111220 secs] 120743K->94554K(126720K), [Metaspace: 2711K->2711K(1056768K)], 0.0112477 secs] [Times: user=0.01 sys=0.00, real=0.01 secs] 
2020-10-28T20:46:05.129-0800: 0.204: [GC (CMS Initial Mark) [1 CMS-initial-mark: 87274K(87424K)] 95507K(126720K), 0.0002186 secs] [Times: user=0.00 sys=0.00, real=0.01 secs] 
2020-10-28T20:46:05.130-0800: 0.204: [CMS-concurrent-mark-start]
2020-10-28T20:46:05.130-0800: 0.205: [CMS-concurrent-mark: 0.000/0.000 secs] [Times: user=0.00 sys=0.00, real=0.00 secs] 
2020-10-28T20:46:05.130-0800: 0.205: [CMS-concurrent-preclean-start]
2020-10-28T20:46:05.131-0800: 0.205: [CMS-concurrent-preclean: 0.001/0.001 secs] [Times: user=0.00 sys=0.00, real=0.00 secs] 
2020-10-28T20:46:05.131-0800: 0.205: [CMS-concurrent-abortable-preclean-start]
2020-10-28T20:46:05.131-0800: 0.205: [CMS-concurrent-abortable-preclean: 0.000/0.000 secs] [Times: user=0.00 sys=0.00, real=0.00 secs] 
2020-10-28T20:46:05.131-0800: 0.205: [GC (CMS Final Remark) [YG occupancy: 14976 K (39296 K)]2020-10-28T20:46:05.131-0800: 0.205: [Rescan (parallel) , 0.0002369 secs]2020-10-28T20:46:05.131-0800: 0.206: [weak refs processing, 0.0000152 secs]2020-10-28T20:46:05.131-0800: 0.206: [class unloading, 0.0001769 secs]2020-10-28T20:46:05.131-0800: 0.206: [scrub symbol table, 0.0002890 secs]2020-10-28T20:46:05.132-0800: 0.206: [scrub string table, 0.0001949 secs][1 CMS-remark: 87274K(87424K)] 102250K(126720K), 0.0009794 secs] [Times: user=0.00 sys=0.00, real=0.00 secs] 
2020-10-28T20:46:05.132-0800: 0.207: [CMS-concurrent-sweep-start]
2020-10-28T20:46:05.132-0800: 0.207: [CMS-concurrent-sweep: 0.000/0.000 secs] [Times: user=0.00 sys=0.00, real=0.00 secs] 
2020-10-28T20:46:05.132-0800: 0.207: [CMS-concurrent-reset-start]
2020-10-28T20:46:05.132-0800: 0.207: [CMS-concurrent-reset: 0.000/0.000 secs] [Times: user=0.00 sys=0.00, real=0.00 secs] 
2020-10-28T20:46:05.136-0800: 0.210: [GC (Allocation Failure) 2020-10-28T20:46:05.136-0800: 0.211: [ParNew: 39269K->39269K(39296K), 0.0000180 secs]2020-10-28T20:46:05.136-0800: 0.211: [CMS: 87274K->87205K(87424K), 0.0110015 secs] 126543K->104547K(126720K), [Metaspace: 2711K->2711K(1056768K)], 0.0110900 secs] [Times: user=0.01 sys=0.00, real=0.01 secs] 
2020-10-28T20:46:05.147-0800: 0.222: [GC (CMS Initial Mark) [1 CMS-initial-mark: 87205K(87424K)] 105995K(126720K), 0.0002070 secs] [Times: user=0.00 sys=0.00, real=0.00 secs] 
2020-10-28T20:46:05.147-0800: 0.222: [CMS-concurrent-mark-start]
2020-10-28T20:46:05.148-0800: 0.222: [CMS-concurrent-mark: 0.000/0.000 secs] [Times: user=0.00 sys=0.00, real=0.00 secs] 
2020-10-28T20:46:05.148-0800: 0.222: [CMS-concurrent-preclean-start]
2020-10-28T20:46:05.148-0800: 0.223: [CMS-concurrent-preclean: 0.001/0.001 secs] [Times: user=0.00 sys=0.00, real=0.00 secs] 
2020-10-28T20:46:05.148-0800: 0.223: [CMS-concurrent-abortable-preclean-start]
2020-10-28T20:46:05.148-0800: 0.223: [CMS-concurrent-abortable-preclean: 0.000/0.000 secs] [Times: user=0.00 sys=0.00, real=0.00 secs] 
2020-10-28T20:46:05.148-0800: 0.223: [GC (CMS Final Remark) [YG occupancy: 23695 K (39296 K)]2020-10-28T20:46:05.149-0800: 0.223: [Rescan (parallel) , 0.0002052 secs]2020-10-28T20:46:05.149-0800: 0.223: [weak refs processing, 0.0000155 secs]2020-10-28T20:46:05.149-0800: 0.223: [class unloading, 0.0001751 secs]2020-10-28T20:46:05.149-0800: 0.224: [scrub symbol table, 0.0003021 secs]2020-10-28T20:46:05.149-0800: 0.224: [scrub string table, 0.0001944 secs][1 CMS-remark: 87205K(87424K)] 110901K(126720K), 0.0009563 secs] [Times: user=0.00 sys=0.00, real=0.00 secs] 
2020-10-28T20:46:05.150-0800: 0.224: [CMS-concurrent-sweep-start]
2020-10-28T20:46:05.150-0800: 0.224: [CMS-concurrent-sweep: 0.000/0.000 secs] [Times: user=0.00 sys=0.00, real=0.00 secs] 
2020-10-28T20:46:05.150-0800: 0.224: [CMS-concurrent-reset-start]
2020-10-28T20:46:05.150-0800: 0.224: [CMS-concurrent-reset: 0.000/0.000 secs] [Times: user=0.00 sys=0.00, real=0.00 secs] 
2020-10-28T20:46:05.153-0800: 0.227: [GC (Allocation Failure) 2020-10-28T20:46:05.153-0800: 0.227: [ParNew: 39266K->39266K(39296K), 0.0000170 secs]2020-10-28T20:46:05.153-0800: 0.227: [CMS: 87205K->87310K(87424K), 0.0161866 secs] 126472K->109892K(126720K), [Metaspace: 2711K->2711K(1056768K)], 0.0162735 secs] [Times: user=0.01 sys=0.00, real=0.01 secs] 
2020-10-28T20:46:05.169-0800: 0.244: [GC (CMS Initial Mark) [1 CMS-initial-mark: 87310K(87424K)] 110580K(126720K), 0.0002012 secs] [Times: user=0.00 sys=0.00, real=0.00 secs] 
2020-10-28T20:46:05.169-0800: 0.244: [CMS-concurrent-mark-start]
2020-10-28T20:46:05.170-0800: 0.244: [CMS-concurrent-mark: 0.000/0.000 secs] [Times: user=0.01 sys=0.00, real=0.01 secs] 
2020-10-28T20:46:05.170-0800: 0.245: [CMS-concurrent-preclean-start]
2020-10-28T20:46:05.171-0800: 0.245: [CMS-concurrent-preclean: 0.001/0.001 secs] [Times: user=0.00 sys=0.00, real=0.00 secs] 
2020-10-28T20:46:05.171-0800: 0.245: [CMS-concurrent-abortable-preclean-start]
2020-10-28T20:46:05.171-0800: 0.245: [CMS-concurrent-abortable-preclean: 0.000/0.000 secs] [Times: user=0.00 sys=0.00, real=0.00 secs] 
2020-10-28T20:46:05.171-0800: 0.245: [GC (CMS Final Remark) [YG occupancy: 27668 K (39296 K)]2020-10-28T20:46:05.171-0800: 0.245: [Rescan (parallel) , 0.0002228 secs]2020-10-28T20:46:05.171-0800: 0.245: [weak refs processing, 0.0000148 secs]2020-10-28T20:46:05.171-0800: 0.246: [class unloading, 0.0001789 secs]2020-10-28T20:46:05.171-0800: 0.246: [scrub symbol table, 0.0002870 secs]2020-10-28T20:46:05.171-0800: 0.246: [scrub string table, 0.0001950 secs][1 CMS-remark: 87310K(87424K)] 114978K(126720K), 0.0009683 secs] [Times: user=0.00 sys=0.00, real=0.00 secs] 
2020-10-28T20:46:05.172-0800: 0.246: [CMS-concurrent-sweep-start]
2020-10-28T20:46:05.172-0800: 0.246: [CMS-concurrent-sweep: 0.000/0.000 secs] [Times: user=0.00 sys=0.00, real=0.00 secs] 
2020-10-28T20:46:05.172-0800: 0.246: [CMS-concurrent-reset-start]
2020-10-28T20:46:05.172-0800: 0.247: [CMS-concurrent-reset: 0.000/0.000 secs] [Times: user=0.00 sys=0.00, real=0.00 secs] 
2020-10-28T20:46:05.174-0800: 0.248: [GC (Allocation Failure) 2020-10-28T20:46:05.174-0800: 0.248: [ParNew: 39188K->39188K(39296K), 0.0000171 secs]2020-10-28T20:46:05.174-0800: 0.248: [CMS: 86676K->87314K(87424K), 0.0114506 secs] 125865K->113176K(126720K), [Metaspace: 2711K->2711K(1056768K)], 0.0115337 secs] [Times: user=0.01 sys=0.00, real=0.01 secs] 
2020-10-28T20:46:05.185-0800: 0.260: [GC (CMS Initial Mark) [1 CMS-initial-mark: 87314K(87424K)] 113802K(126720K), 0.0002140 secs] [Times: user=0.00 sys=0.00, real=0.00 secs] 
2020-10-28T20:46:05.186-0800: 0.260: [CMS-concurrent-mark-start]
2020-10-28T20:46:05.186-0800: 0.261: [CMS-concurrent-mark: 0.000/0.000 secs] [Times: user=0.00 sys=0.00, real=0.00 secs] 
2020-10-28T20:46:05.186-0800: 0.261: [CMS-concurrent-preclean-start]
2020-10-28T20:46:05.187-0800: 0.261: [CMS-concurrent-preclean: 0.001/0.001 secs] [Times: user=0.00 sys=0.00, real=0.00 secs] 
2020-10-28T20:46:05.187-0800: 0.261: [CMS-concurrent-abortable-preclean-start]
2020-10-28T20:46:05.187-0800: 0.261: [CMS-concurrent-abortable-preclean: 0.000/0.000 secs] [Times: user=0.00 sys=0.00, real=0.00 secs] 
2020-10-28T20:46:05.187-0800: 0.261: [GC (CMS Final Remark) [YG occupancy: 31443 K (39296 K)]2020-10-28T20:46:05.187-0800: 0.262: [Rescan (parallel) , 0.0001825 secs]2020-10-28T20:46:05.187-0800: 0.262: [weak refs processing, 0.0000153 secs]2020-10-28T20:46:05.187-0800: 0.262: [class unloading, 0.0001777 secs]2020-10-28T20:46:05.187-0800: 0.262: [scrub symbol table, 0.0002965 secs]2020-10-28T20:46:05.188-0800: 0.262: [scrub string table, 0.0001955 secs][1 CMS-remark: 87314K(87424K)] 118758K(126720K), 0.0009382 secs] [Times: user=0.00 sys=0.00, real=0.00 secs] 
2020-10-28T20:46:05.188-0800: 0.262: [CMS-concurrent-sweep-start]
2020-10-28T20:46:05.188-0800: 0.263: [CMS-concurrent-sweep: 0.000/0.000 secs] [Times: user=0.00 sys=0.00, real=0.00 secs] 
2020-10-28T20:46:05.188-0800: 0.263: [CMS-concurrent-reset-start]
2020-10-28T20:46:05.188-0800: 0.263: [CMS-concurrent-reset: 0.000/0.000 secs] [Times: user=0.00 sys=0.00, real=0.00 secs] 
2020-10-28T20:46:05.190-0800: 0.264: [GC (Allocation Failure) 2020-10-28T20:46:05.190-0800: 0.264: [ParNew: 39205K->39205K(39296K), 0.0000185 secs]2020-10-28T20:46:05.190-0800: 0.264: [CMS: 87215K->87378K(87424K), 0.0119411 secs] 126420K->115608K(126720K), [Metaspace: 2711K->2711K(1056768K)], 0.0120353 secs] [Times: user=0.01 sys=0.00, real=0.01 secs] 
2020-10-28T20:46:05.202-0800: 0.276: [GC (CMS Initial Mark) [1 CMS-initial-mark: 87378K(87424K)] 116367K(126720K), 0.0001870 secs] [Times: user=0.00 sys=0.00, real=0.00 secs] 
2020-10-28T20:46:05.202-0800: 0.277: [CMS-concurrent-mark-start]
2020-10-28T20:46:05.202-0800: 0.277: [CMS-concurrent-mark: 0.000/0.000 secs] [Times: user=0.00 sys=0.00, real=0.00 secs] 
2020-10-28T20:46:05.202-0800: 0.277: [CMS-concurrent-preclean-start]
2020-10-28T20:46:05.203-0800: 0.278: [CMS-concurrent-preclean: 0.001/0.001 secs] [Times: user=0.00 sys=0.00, real=0.00 secs] 
2020-10-28T20:46:05.203-0800: 0.278: [CMS-concurrent-abortable-preclean-start]
2020-10-28T20:46:05.203-0800: 0.278: [CMS-concurrent-abortable-preclean: 0.000/0.000 secs] [Times: user=0.00 sys=0.00, real=0.00 secs] 
2020-10-28T20:46:05.203-0800: 0.278: [GC (CMS Final Remark) [YG occupancy: 34649 K (39296 K)]2020-10-28T20:46:05.203-0800: 0.278: [Rescan (parallel) , 0.0002754 secs]2020-10-28T20:46:05.203-0800: 0.278: [weak refs processing, 0.0000149 secs]2020-10-28T20:46:05.203-0800: 0.278: [class unloading, 0.0001884 secs]2020-10-28T20:46:05.204-0800: 0.278: [scrub symbol table, 0.0003074 secs]2020-10-28T20:46:05.204-0800: 0.279: [scrub string table, 0.0001986 secs][1 CMS-remark: 87378K(87424K)] 122028K(126720K), 0.0010524 secs] [Times: user=0.01 sys=0.00, real=0.00 secs] 
2020-10-28T20:46:05.204-0800: 0.279: [CMS-concurrent-sweep-start]
2020-10-28T20:46:05.204-0800: 0.279: [CMS-concurrent-sweep: 0.000/0.000 secs] [Times: user=0.00 sys=0.00, real=0.00 secs] 
2020-10-28T20:46:05.204-0800: 0.279: [CMS-concurrent-reset-start]
2020-10-28T20:46:05.205-0800: 0.279: [CMS-concurrent-reset: 0.000/0.000 secs] [Times: user=0.00 sys=0.00, real=0.00 secs] 
2020-10-28T20:46:05.205-0800: 0.280: [GC (Allocation Failure) 2020-10-28T20:46:05.205-0800: 0.280: [ParNew: 39187K->39187K(39296K), 0.0000175 secs]2020-10-28T20:46:05.205-0800: 0.280: [CMS: 87378K->87396K(87424K), 0.0096184 secs] 126566K->119760K(126720K), [Metaspace: 2711K->2711K(1056768K)], 0.0097075 secs] [Times: user=0.01 sys=0.00, real=0.01 secs] 
2020-10-28T20:46:05.215-0800: 0.289: [GC (CMS Initial Mark) [1 CMS-initial-mark: 87396K(87424K)] 120029K(126720K), 0.0002054 secs] [Times: user=0.00 sys=0.00, real=0.00 secs] 
2020-10-28T20:46:05.215-0800: 0.290: [CMS-concurrent-mark-start]
2020-10-28T20:46:05.215-0800: 0.290: [CMS-concurrent-mark: 0.000/0.000 secs] [Times: user=0.00 sys=0.00, real=0.00 secs] 
2020-10-28T20:46:05.216-0800: 0.290: [CMS-concurrent-preclean-start]
2020-10-28T20:46:05.216-0800: 0.291: [Full GC (Allocation Failure) 2020-10-28T20:46:05.216-0800: 0.291: [CMS2020-10-28T20:46:05.216-0800: 0.291: [CMS-concurrent-preclean: 0.001/0.001 secs] [Times: user=0.00 sys=0.00, real=0.00 secs] 
 (concurrent mode failure): 87396K->86852K(87424K), 0.0122207 secs] 126305K->121573K(126720K), [Metaspace: 2711K->2711K(1056768K)], 0.0122921 secs] [Times: user=0.01 sys=0.00, real=0.01 secs] 
2020-10-28T20:46:05.229-0800: 0.304: [Full GC (Allocation Failure) 2020-10-28T20:46:05.229-0800: 0.304: [CMS: 87121K->87352K(87424K), 0.0127613 secs] 126371K->122495K(126720K), [Metaspace: 2711K->2711K(1056768K)], 0.0128310 secs] [Times: user=0.02 sys=0.00, real=0.02 secs] 
2020-10-28T20:46:05.242-0800: 0.317: [GC (CMS Initial Mark) [1 CMS-initial-mark: 87352K(87424K)] 123281K(126720K), 0.0002476 secs] [Times: user=0.00 sys=0.00, real=0.00 secs] 
2020-10-28T20:46:05.243-0800: 0.317: [CMS-concurrent-mark-start]
2020-10-28T20:46:05.243-0800: 0.318: [CMS-concurrent-mark: 0.000/0.000 secs] [Times: user=0.00 sys=0.00, real=0.00 secs] 
2020-10-28T20:46:05.243-0800: 0.318: [CMS-concurrent-preclean-start]
2020-10-28T20:46:05.244-0800: 0.318: [Full GC (Allocation Failure) 2020-10-28T20:46:05.244-0800: 0.318: [CMS2020-10-28T20:46:05.244-0800: 0.319: [CMS-concurrent-preclean: 0.001/0.001 secs] [Times: user=0.00 sys=0.00, real=0.00 secs] 
 (concurrent mode failure): 87352K->87190K(87424K), 0.0132726 secs] 126627K->124404K(126720K), [Metaspace: 2711K->2711K(1056768K)], 0.0133393 secs] [Times: user=0.01 sys=0.00, real=0.01 secs] 
2020-10-28T20:46:05.258-0800: 0.332: [Full GC (Allocation Failure) 2020-10-28T20:46:05.258-0800: 0.332: [CMS: 87190K->87416K(87424K), 0.0115216 secs] 125912K->124381K(126720K), [Metaspace: 2711K->2711K(1056768K)], 0.0115931 secs] [Times: user=0.01 sys=0.00, real=0.01 secs] 
2020-10-28T20:46:05.269-0800: 0.344: [GC (CMS Initial Mark) [1 CMS-initial-mark: 87416K(87424K)] 125010K(126720K), 0.0002930 secs] [Times: user=0.00 sys=0.01, real=0.01 secs] 
2020-10-28T20:46:05.270-0800: 0.344: [CMS-concurrent-mark-start]
2020-10-28T20:46:05.270-0800: 0.345: [Full GC (Allocation Failure) 2020-10-28T20:46:05.270-0800: 0.345: [CMS2020-10-28T20:46:05.272-0800: 0.346: [CMS-concurrent-mark: 0.001/0.002 secs] [Times: user=0.01 sys=0.00, real=0.00 secs] 
 (concurrent mode failure): 87416K->87409K(87424K), 0.0075952 secs] 126595K->124768K(126720K), [Metaspace: 2711K->2711K(1056768K)], 0.0076636 secs] [Times: user=0.01 sys=0.00, real=0.00 secs] 
2020-10-28T20:46:05.278-0800: 0.353: [Full GC (Allocation Failure) 2020-10-28T20:46:05.278-0800: 0.353: [CMS: 87409K->87409K(87424K), 0.0018373 secs] 126511K->124948K(126720K), [Metaspace: 2711K->2711K(1056768K)], 0.0018829 secs] [Times: user=0.00 sys=0.00, real=0.01 secs] 
2020-10-28T20:46:05.280-0800: 0.355: [GC (CMS Initial Mark) [1 CMS-initial-mark: 87409K(87424K)] 125144K(126720K), 0.0002294 secs] [Times: user=0.00 sys=0.00, real=0.00 secs] 
2020-10-28T20:46:05.280-0800: 0.355: [CMS-concurrent-mark-start]
2020-10-28T20:46:05.281-0800: 0.355: [Full GC (Allocation Failure) 2020-10-28T20:46:05.281-0800: 0.356: [CMS2020-10-28T20:46:05.282-0800: 0.357: [CMS-concurrent-mark: 0.001/0.002 secs] [Times: user=0.01 sys=0.00, real=0.00 secs] 
 (concurrent mode failure): 87409K->87378K(87424K), 0.0082134 secs] 126670K->125185K(126720K), [Metaspace: 2711K->2711K(1056768K)], 0.0082802 secs] [Times: user=0.00 sys=0.00, real=0.00 secs] 
2020-10-28T20:46:05.290-0800: 0.364: [Full GC (Allocation Failure) 2020-10-28T20:46:05.290-0800: 0.364: [CMS: 87378K->87378K(87424K), 0.0018792 secs] 126653K->125590K(126720K), [Metaspace: 2711K->2711K(1056768K)], 0.0019247 secs] [Times: user=0.00 sys=0.00, real=0.00 secs] 
2020-10-28T20:46:05.292-0800: 0.366: [GC (CMS Initial Mark) [1 CMS-initial-mark: 87378K(87424K)] 125831K(126720K), 0.0002448 secs] [Times: user=0.00 sys=0.00, real=0.00 secs] 
2020-10-28T20:46:05.292-0800: 0.367: [CMS-concurrent-mark-start]
2020-10-28T20:46:05.292-0800: 0.367: [Full GC (Allocation Failure) 2020-10-28T20:46:05.292-0800: 0.367: [CMS2020-10-28T20:46:05.294-0800: 0.369: [CMS-concurrent-mark: 0.001/0.002 secs] [Times: user=0.00 sys=0.00, real=0.00 secs] 
 (concurrent mode failure): 87378K->87378K(87424K), 0.0035424 secs] 126535K->125326K(126720K), [Metaspace: 2711K->2711K(1056768K)], 0.0036042 secs] [Times: user=0.00 sys=0.00, real=0.00 secs] 
2020-10-28T20:46:05.296-0800: 0.371: [Full GC (Allocation Failure) 2020-10-28T20:46:05.296-0800: 0.371: [CMS: 87378K->87378K(87424K), 0.0016154 secs] 126622K->125873K(126720K), [Metaspace: 2711K->2711K(1056768K)], 0.0016573 secs] [Times: user=0.00 sys=0.00, real=0.00 secs] 
2020-10-28T20:46:05.298-0800: 0.373: [GC (CMS Initial Mark) [1 CMS-initial-mark: 87378K(87424K)] 126017K(126720K), 0.0002146 secs] [Times: user=0.00 sys=0.00, real=0.00 secs] 
2020-10-28T20:46:05.298-0800: 0.373: [CMS-concurrent-mark-start]
2020-10-28T20:46:05.299-0800: 0.373: [Full GC (Allocation Failure) 2020-10-28T20:46:05.299-0800: 0.373: [CMS2020-10-28T20:46:05.300-0800: 0.375: [CMS-concurrent-mark: 0.001/0.002 secs] [Times: user=0.00 sys=0.00, real=0.01 secs] 
 (concurrent mode failure): 87378K->87378K(87424K), 0.0052213 secs] 126627K->125673K(126720K), [Metaspace: 2711K->2711K(1056768K)], 0.0052817 secs] [Times: user=0.01 sys=0.00, real=0.01 secs] 
2020-10-28T20:46:05.304-0800: 0.379: [Full GC (Allocation Failure) 2020-10-28T20:46:05.304-0800: 0.379: [CMS: 87378K->87378K(87424K), 0.0018197 secs] 126514K->126164K(126720K), [Metaspace: 2711K->2711K(1056768K)], 0.0018603 secs] [Times: user=0.00 sys=0.00, real=0.00 secs] 
2020-10-28T20:46:05.306-0800: 0.381: [GC (CMS Initial Mark) [1 CMS-initial-mark: 87378K(87424K)] 126308K(126720K), 0.0001863 secs] [Times: user=0.00 sys=0.00, real=0.00 secs] 
2020-10-28T20:46:05.307-0800: 0.381: [CMS-concurrent-mark-start]
2020-10-28T20:46:05.307-0800: 0.381: [Full GC (Allocation Failure) 2020-10-28T20:46:05.307-0800: 0.381: [CMS2020-10-28T20:46:05.308-0800: 0.383: [CMS-concurrent-mark: 0.000/0.002 secs] [Times: user=0.00 sys=0.00, real=0.00 secs] 
 (concurrent mode failure): 87378K->87378K(87424K), 0.0033831 secs] 126618K->126164K(126720K), [Metaspace: 2711K->2711K(1056768K)], 0.0034358 secs] [Times: user=0.00 sys=0.00, real=0.01 secs] 
2020-10-28T20:46:05.310-0800: 0.385: [Full GC (Allocation Failure) 2020-10-28T20:46:05.310-0800: 0.385: [CMS: 87378K->87378K(87424K), 0.0014600 secs] 126467K->126232K(126720K), [Metaspace: 2711K->2711K(1056768K)], 0.0014967 secs] [Times: user=0.00 sys=0.00, real=0.00 secs] 
2020-10-28T20:46:05.312-0800: 0.387: [Full GC (Allocation Failure) 2020-10-28T20:46:05.312-0800: 0.387: [CMS: 87378K->87359K(87424K), 0.0076057 secs] 126232K->126213K(126720K), [Metaspace: 2711K->2711K(1056768K)], 0.0076422 secs] [Times: user=0.01 sys=0.00, real=0.01 secs] 
2020-10-28T20:46:05.320-0800: 0.394: [GC (CMS Initial Mark) [1 CMS-initial-mark: 87359K(87424K)] 126213K(126720K), 0.0002095 secs] [Times: user=0.00 sys=0.00, real=0.00 secs] 
2020-10-28T20:46:05.320-0800: 0.395: [CMS-concurrent-mark-start]
2020-10-28T20:46:05.320-0800: 0.395: [CMS-concurrent-mark: 0.000/0.000 secs] [Times: user=0.00 sys=0.00, real=0.00 secs] 
2020-10-28T20:46:05.320-0800: 0.395: [CMS-concurrent-preclean-start]
2020-10-28T20:46:05.321-0800: 0.396: [CMS-concurrent-preclean: 0.001/0.001 secs] [Times: user=0.00 sys=0.00, real=0.00 secs] 
2020-10-28T20:46:05.321-0800: 0.396: [CMS-concurrent-abortable-preclean-start]
2020-10-28T20:46:05.321-0800: 0.396: [CMS-concurrent-abortable-preclean: 0.000/0.000 secs] [Times: user=0.00 sys=0.00, real=0.00 secs] 
Heap
 par new generation   total 39296K, used 39131K [0x00000007b8000000, 0x00000007baaa0000, 0x00000007baaa0000)
  eden space 34944K, 100% used [0x00000007b8000000, 0x00000007ba220000, 0x00000007ba220000)
  from space 4352K,  96% used [0x00000007ba660000, 0x00000007baa76df0, 0x00000007baaa0000)
  to   space 4352K,   0% used [0x00000007ba220000, 0x00000007ba220000, 0x00000007ba660000)
 concurrent mark-sweep generation total 87424K, used 87359K [0x00000007baaa0000, 0x00000007c0000000, 0x00000007c0000000)
 Metaspace       used 2742K, capacity 4486K, committed 4864K, reserved 1056768K
  class space    used 299K, capacity 386K, committed 512K, reserved 1048576K
2020-10-28T20:46:05.321-0800: 0.396: [GC (CMS Final Remark) [YG occupancy: 39131 K (39296 K)]2020-10-28T20:46:05.321-0800: 0.396: [Rescan (parallel) , 0.0003462 secs]2020-10-28T20:46:05.321-0800: 0.396: [weak refs processing, 0.0000189 secs]2020-10-28T20:46:05.321-0800: 0.396: [class unloading, 0.0001582 secs]2020-10-28T20:46:05.322-0800: 0.396: [scrub symbol table, 0.0002739 secs]2020-10-28T20:46:05.322-0800: 0.397: [scrub string table, 0.0001935 secs][1 CMS-remark: 87359K(87424K)] 126490K(126720K), 0.0010680 secs] [Times: user=0.01 sys=0.00, real=0.00 secs] 
