Java HotSpot(TM) 64-Bit Server VM (25.181-b13) for bsd-amd64 JRE (1.8.0_181-b13), built on Jul  7 2018 01:02:31 by "java_re" with gcc 4.2.1 (Based on Apple Inc. build 5658) (LLVM build 2336.11.00)
Memory: 4k page, physical 33554432k(1284492k free)

/proc/meminfo:

CommandLine flags: -XX:InitialHeapSize=536870912 -XX:MaxHeapSize=536870912 -XX:MaxNewSize=178958336 -XX:MaxTenuringThreshold=6 -XX:NewSize=178958336 -XX:OldPLABSize=16 -XX:OldSize=357912576 -XX:+PrintGC -XX:+PrintGCDateStamps -XX:+PrintGCDetails -XX:+PrintGCTimeStamps -XX:+UseCompressedClassPointers -XX:+UseCompressedOops -XX:+UseConcMarkSweepGC -XX:+UseParNewGC 
2020-10-28T20:46:20.601-0800: 0.139: [GC (Allocation Failure) 2020-10-28T20:46:20.601-0800: 0.139: [ParNew: 139238K->17469K(157248K), 0.0137140 secs] 139238K->45878K(506816K), 0.0138210 secs] [Times: user=0.03 sys=0.08, real=0.01 secs] 
2020-10-28T20:46:20.632-0800: 0.170: [GC (Allocation Failure) 2020-10-28T20:46:20.632-0800: 0.170: [ParNew: 156821K->17472K(157248K), 0.0157045 secs] 185230K->90399K(506816K), 0.0157846 secs] [Times: user=0.04 sys=0.09, real=0.01 secs] 
2020-10-28T20:46:20.670-0800: 0.208: [GC (Allocation Failure) 2020-10-28T20:46:20.670-0800: 0.208: [ParNew: 157248K->17471K(157248K), 0.0210008 secs] 230175K->137183K(506816K), 0.0210730 secs] [Times: user=0.19 sys=0.01, real=0.02 secs] 
2020-10-28T20:46:20.708-0800: 0.246: [GC (Allocation Failure) 2020-10-28T20:46:20.708-0800: 0.246: [ParNew: 156979K->17471K(157248K), 0.0203846 secs] 276691K->182530K(506816K), 0.0204656 secs] [Times: user=0.19 sys=0.01, real=0.02 secs] 
2020-10-28T20:46:20.744-0800: 0.282: [GC (Allocation Failure) 2020-10-28T20:46:20.744-0800: 0.282: [ParNew: 157082K->17471K(157248K), 0.0210449 secs] 322142K->228943K(506816K), 0.0211217 secs] [Times: user=0.20 sys=0.01, real=0.02 secs] 
2020-10-28T20:46:20.765-0800: 0.303: [GC (CMS Initial Mark) [1 CMS-initial-mark: 211471K(349568K)] 229231K(506816K), 0.0002483 secs] [Times: user=0.00 sys=0.00, real=0.00 secs] 
2020-10-28T20:46:20.765-0800: 0.304: [CMS-concurrent-mark-start]
2020-10-28T20:46:20.767-0800: 0.305: [CMS-concurrent-mark: 0.001/0.001 secs] [Times: user=0.00 sys=0.00, real=0.00 secs] 
2020-10-28T20:46:20.767-0800: 0.305: [CMS-concurrent-preclean-start]
2020-10-28T20:46:20.767-0800: 0.305: [CMS-concurrent-preclean: 0.000/0.000 secs] [Times: user=0.00 sys=0.00, real=0.00 secs] 
2020-10-28T20:46:20.767-0800: 0.305: [CMS-concurrent-abortable-preclean-start]
2020-10-28T20:46:20.780-0800: 0.318: [GC (Allocation Failure) 2020-10-28T20:46:20.780-0800: 0.318: [ParNew: 157247K->17471K(157248K), 0.0206430 secs] 368719K->271498K(506816K), 0.0207206 secs] [Times: user=0.19 sys=0.01, real=0.02 secs] 
2020-10-28T20:46:20.815-0800: 0.353: [GC (Allocation Failure) 2020-10-28T20:46:20.815-0800: 0.353: [ParNew: 157247K->17470K(157248K), 0.0231831 secs] 411274K->323974K(506816K), 0.0232618 secs] [Times: user=0.21 sys=0.02, real=0.02 secs] 
2020-10-28T20:46:20.860-0800: 0.398: [GC (Allocation Failure) 2020-10-28T20:46:20.860-0800: 0.398: [ParNew: 157246K->157246K(157248K), 0.0000195 secs]2020-10-28T20:46:20.860-0800: 0.398: [CMS2020-10-28T20:46:20.860-0800: 0.398: [CMS-concurrent-abortable-preclean: 0.003/0.093 secs] [Times: user=0.46 sys=0.03, real=0.10 secs] 
 (concurrent mode failure): 306504K->244920K(349568K), 0.0437143 secs] 463750K->244920K(506816K), [Metaspace: 2711K->2711K(1056768K)], 0.0438306 secs] [Times: user=0.05 sys=0.00, real=0.04 secs] 
2020-10-28T20:46:20.930-0800: 0.468: [GC (Allocation Failure) 2020-10-28T20:46:20.930-0800: 0.468: [ParNew: 139776K->17471K(157248K), 0.0056150 secs] 384696K->289526K(506816K), 0.0056951 secs] [Times: user=0.06 sys=0.00, real=0.00 secs] 
2020-10-28T20:46:20.936-0800: 0.474: [GC (CMS Initial Mark) [1 CMS-initial-mark: 272054K(349568K)] 290109K(506816K), 0.0001831 secs] [Times: user=0.00 sys=0.00, real=0.00 secs] 
2020-10-28T20:46:20.936-0800: 0.474: [CMS-concurrent-mark-start]
2020-10-28T20:46:20.937-0800: 0.475: [CMS-concurrent-mark: 0.001/0.001 secs] [Times: user=0.00 sys=0.00, real=0.00 secs] 
2020-10-28T20:46:20.937-0800: 0.475: [CMS-concurrent-preclean-start]
2020-10-28T20:46:20.937-0800: 0.475: [CMS-concurrent-preclean: 0.000/0.000 secs] [Times: user=0.00 sys=0.00, real=0.00 secs] 
2020-10-28T20:46:20.937-0800: 0.476: [CMS-concurrent-abortable-preclean-start]
2020-10-28T20:46:20.954-0800: 0.492: [GC (Allocation Failure) 2020-10-28T20:46:20.954-0800: 0.492: [ParNew: 157247K->17471K(157248K), 0.0112910 secs] 429302K->335748K(506816K), 0.0113654 secs] [Times: user=0.11 sys=0.00, real=0.01 secs] 
2020-10-28T20:46:20.988-0800: 0.526: [GC (Allocation Failure) 2020-10-28T20:46:20.988-0800: 0.526: [ParNew: 157247K->157247K(157248K), 0.0000181 secs]2020-10-28T20:46:20.988-0800: 0.527: [CMS2020-10-28T20:46:20.988-0800: 0.527: [CMS-concurrent-abortable-preclean: 0.002/0.051 secs] [Times: user=0.15 sys=0.00, real=0.05 secs] 
 (concurrent mode failure): 318277K->286948K(349568K), 0.0392963 secs] 475524K->286948K(506816K), [Metaspace: 2711K->2711K(1056768K)], 0.0394040 secs] [Times: user=0.04 sys=0.00, real=0.04 secs] 
2020-10-28T20:46:21.047-0800: 0.585: [GC (Allocation Failure) 2020-10-28T20:46:21.047-0800: 0.585: [ParNew: 139776K->17471K(157248K), 0.0055377 secs] 426724K->335263K(506816K), 0.0056130 secs] [Times: user=0.05 sys=0.00, real=0.01 secs] 
2020-10-28T20:46:21.052-0800: 0.591: [GC (CMS Initial Mark) [1 CMS-initial-mark: 317791K(349568K)] 335422K(506816K), 0.0001793 secs] [Times: user=0.00 sys=0.00, real=0.00 secs] 
2020-10-28T20:46:21.053-0800: 0.591: [CMS-concurrent-mark-start]
2020-10-28T20:46:21.054-0800: 0.592: [CMS-concurrent-mark: 0.001/0.001 secs] [Times: user=0.00 sys=0.00, real=0.00 secs] 
2020-10-28T20:46:21.054-0800: 0.592: [CMS-concurrent-preclean-start]
2020-10-28T20:46:21.054-0800: 0.592: [CMS-concurrent-preclean: 0.001/0.001 secs] [Times: user=0.00 sys=0.00, real=0.00 secs] 
2020-10-28T20:46:21.054-0800: 0.592: [CMS-concurrent-abortable-preclean-start]
2020-10-28T20:46:21.079-0800: 0.617: [GC (Allocation Failure) 2020-10-28T20:46:21.079-0800: 0.617: [ParNew: 157247K->157247K(157248K), 0.0000191 secs]2020-10-28T20:46:21.079-0800: 0.617: [CMS2020-10-28T20:46:21.079-0800: 0.617: [CMS-concurrent-abortable-preclean: 0.001/0.025 secs] [Times: user=0.03 sys=0.00, real=0.02 secs] 
 (concurrent mode failure): 317791K->313814K(349568K), 0.0482533 secs] 475039K->313814K(506816K), [Metaspace: 2711K->2711K(1056768K)], 0.0483862 secs] [Times: user=0.05 sys=0.00, real=0.05 secs] 
2020-10-28T20:46:21.155-0800: 0.693: [GC (Allocation Failure) 2020-10-28T20:46:21.155-0800: 0.693: [ParNew: 139494K->17471K(157248K), 0.0161726 secs] 453308K->361875K(506816K), 0.0162442 secs] [Times: user=0.14 sys=0.01, real=0.02 secs] 
2020-10-28T20:46:21.171-0800: 0.710: [GC (CMS Initial Mark) [1 CMS-initial-mark: 344403K(349568K)] 365206K(506816K), 0.0001617 secs] [Times: user=0.00 sys=0.00, real=0.00 secs] 
2020-10-28T20:46:21.172-0800: 0.710: [CMS-concurrent-mark-start]
2020-10-28T20:46:21.172-0800: 0.711: [CMS-concurrent-mark: 0.001/0.001 secs] [Times: user=0.01 sys=0.00, real=0.00 secs] 
2020-10-28T20:46:21.172-0800: 0.711: [CMS-concurrent-preclean-start]
2020-10-28T20:46:21.173-0800: 0.711: [CMS-concurrent-preclean: 0.000/0.000 secs] [Times: user=0.00 sys=0.00, real=0.00 secs] 
2020-10-28T20:46:21.173-0800: 0.711: [CMS-concurrent-abortable-preclean-start]
2020-10-28T20:46:21.173-0800: 0.711: [CMS-concurrent-abortable-preclean: 0.000/0.000 secs] [Times: user=0.00 sys=0.00, real=0.00 secs] 
2020-10-28T20:46:21.173-0800: 0.711: [GC (CMS Final Remark) [YG occupancy: 27246 K (157248 K)]2020-10-28T20:46:21.173-0800: 0.711: [Rescan (parallel) , 0.0003133 secs]2020-10-28T20:46:21.173-0800: 0.712: [weak refs processing, 0.0000135 secs]2020-10-28T20:46:21.173-0800: 0.712: [class unloading, 0.0001785 secs]2020-10-28T20:46:21.174-0800: 0.712: [scrub symbol table, 0.0002645 secs]2020-10-28T20:46:21.174-0800: 0.712: [scrub string table, 0.0001706 secs][1 CMS-remark: 344403K(349568K)] 371650K(506816K), 0.0009994 secs] [Times: user=0.00 sys=0.00, real=0.00 secs] 
2020-10-28T20:46:21.174-0800: 0.712: [CMS-concurrent-sweep-start]
2020-10-28T20:46:21.175-0800: 0.713: [CMS-concurrent-sweep: 0.001/0.001 secs] [Times: user=0.00 sys=0.00, real=0.00 secs] 
2020-10-28T20:46:21.175-0800: 0.713: [CMS-concurrent-reset-start]
2020-10-28T20:46:21.175-0800: 0.713: [CMS-concurrent-reset: 0.000/0.000 secs] [Times: user=0.00 sys=0.00, real=0.00 secs] 
2020-10-28T20:46:21.194-0800: 0.732: [GC (Allocation Failure) 2020-10-28T20:46:21.194-0800: 0.732: [ParNew: 157247K->157247K(157248K), 0.0000191 secs]2020-10-28T20:46:21.194-0800: 0.732: [CMS: 305263K->328946K(349568K), 0.0499673 secs] 462510K->328946K(506816K), [Metaspace: 2711K->2711K(1056768K)], 0.0500803 secs] [Times: user=0.05 sys=0.00, real=0.05 secs] 
2020-10-28T20:46:21.244-0800: 0.782: [GC (CMS Initial Mark) [1 CMS-initial-mark: 328946K(349568K)] 331866K(506816K), 0.0001928 secs] [Times: user=0.00 sys=0.00, real=0.00 secs] 
2020-10-28T20:46:21.244-0800: 0.783: [CMS-concurrent-mark-start]
2020-10-28T20:46:21.245-0800: 0.783: [CMS-concurrent-mark: 0.001/0.001 secs] [Times: user=0.00 sys=0.00, real=0.00 secs] 
2020-10-28T20:46:21.245-0800: 0.783: [CMS-concurrent-preclean-start]
2020-10-28T20:46:21.246-0800: 0.784: [CMS-concurrent-preclean: 0.001/0.001 secs] [Times: user=0.00 sys=0.00, real=0.00 secs] 
2020-10-28T20:46:21.246-0800: 0.784: [CMS-concurrent-abortable-preclean-start]
2020-10-28T20:46:21.271-0800: 0.809: [GC (Allocation Failure) 2020-10-28T20:46:21.271-0800: 0.809: [ParNew: 139776K->139776K(157248K), 0.0000201 secs]2020-10-28T20:46:21.271-0800: 0.809: [CMS2020-10-28T20:46:21.271-0800: 0.809: [CMS-concurrent-abortable-preclean: 0.001/0.025 secs] [Times: user=0.03 sys=0.00, real=0.03 secs] 
 (concurrent mode failure): 328946K->336090K(349568K), 0.0514658 secs] 468722K->336090K(506816K), [Metaspace: 2711K->2711K(1056768K)], 0.0515749 secs] [Times: user=0.05 sys=0.00, real=0.05 secs] 
2020-10-28T20:46:21.348-0800: 0.886: [GC (Allocation Failure) 2020-10-28T20:46:21.348-0800: 0.886: [ParNew: 139776K->139776K(157248K), 0.0000206 secs]2020-10-28T20:46:21.348-0800: 0.886: [CMS: 336090K->342652K(349568K), 0.0421372 secs] 475866K->342652K(506816K), [Metaspace: 2711K->2711K(1056768K)], 0.0422538 secs] [Times: user=0.04 sys=0.00, real=0.05 secs] 
2020-10-28T20:46:21.390-0800: 0.928: [GC (CMS Initial Mark) [1 CMS-initial-mark: 342652K(349568K)] 343195K(506816K), 0.0002220 secs] [Times: user=0.00 sys=0.00, real=0.00 secs] 
2020-10-28T20:46:21.390-0800: 0.928: [CMS-concurrent-mark-start]
2020-10-28T20:46:21.391-0800: 0.929: [CMS-concurrent-mark: 0.001/0.001 secs] [Times: user=0.00 sys=0.00, real=0.00 secs] 
2020-10-28T20:46:21.391-0800: 0.929: [CMS-concurrent-preclean-start]
2020-10-28T20:46:21.392-0800: 0.930: [CMS-concurrent-preclean: 0.001/0.001 secs] [Times: user=0.00 sys=0.00, real=0.00 secs] 
2020-10-28T20:46:21.392-0800: 0.930: [CMS-concurrent-abortable-preclean-start]
2020-10-28T20:46:21.392-0800: 0.930: [CMS-concurrent-abortable-preclean: 0.000/0.000 secs] [Times: user=0.00 sys=0.00, real=0.00 secs] 
2020-10-28T20:46:21.392-0800: 0.930: [GC (CMS Final Remark) [YG occupancy: 13671 K (157248 K)]2020-10-28T20:46:21.392-0800: 0.930: [Rescan (parallel) , 0.0003320 secs]2020-10-28T20:46:21.392-0800: 0.931: [weak refs processing, 0.0000165 secs]2020-10-28T20:46:21.393-0800: 0.931: [class unloading, 0.0002069 secs]2020-10-28T20:46:21.393-0800: 0.931: [scrub symbol table, 0.0003377 secs]2020-10-28T20:46:21.393-0800: 0.931: [scrub string table, 0.0002149 secs][1 CMS-remark: 342652K(349568K)] 356324K(506816K), 0.0011825 secs] [Times: user=0.00 sys=0.00, real=0.00 secs] 
2020-10-28T20:46:21.393-0800: 0.932: [CMS-concurrent-sweep-start]
2020-10-28T20:46:21.394-0800: 0.932: [CMS-concurrent-sweep: 0.001/0.001 secs] [Times: user=0.00 sys=0.00, real=0.00 secs] 
2020-10-28T20:46:21.394-0800: 0.932: [CMS-concurrent-reset-start]
2020-10-28T20:46:21.394-0800: 0.932: [CMS-concurrent-reset: 0.000/0.000 secs] [Times: user=0.00 sys=0.00, real=0.00 secs] 
2020-10-28T20:46:21.410-0800: 0.948: [GC (Allocation Failure) 2020-10-28T20:46:21.410-0800: 0.948: [ParNew: 139776K->139776K(157248K), 0.0000206 secs]2020-10-28T20:46:21.410-0800: 0.948: [CMS: 341969K->348692K(349568K), 0.0472724 secs] 481745K->348692K(506816K), [Metaspace: 2711K->2711K(1056768K)], 0.0474028 secs] [Times: user=0.04 sys=0.01, real=0.04 secs] 
2020-10-28T20:46:21.458-0800: 0.996: [GC (CMS Initial Mark) [1 CMS-initial-mark: 348692K(349568K)] 349455K(506816K), 0.0002258 secs] [Times: user=0.00 sys=0.00, real=0.00 secs] 
2020-10-28T20:46:21.458-0800: 0.996: [CMS-concurrent-mark-start]
2020-10-28T20:46:21.459-0800: 0.997: [CMS-concurrent-mark: 0.001/0.001 secs] [Times: user=0.00 sys=0.00, real=0.00 secs] 
2020-10-28T20:46:21.459-0800: 0.997: [CMS-concurrent-preclean-start]
2020-10-28T20:46:21.460-0800: 0.998: [CMS-concurrent-preclean: 0.001/0.001 secs] [Times: user=0.01 sys=0.00, real=0.01 secs] 
2020-10-28T20:46:21.460-0800: 0.998: [CMS-concurrent-abortable-preclean-start]
2020-10-28T20:46:21.460-0800: 0.998: [CMS-concurrent-abortable-preclean: 0.000/0.000 secs] [Times: user=0.00 sys=0.00, real=0.00 secs] 
2020-10-28T20:46:21.460-0800: 0.998: [GC (CMS Final Remark) [YG occupancy: 13863 K (157248 K)]2020-10-28T20:46:21.460-0800: 0.998: [Rescan (parallel) , 0.0003032 secs]2020-10-28T20:46:21.460-0800: 0.998: [weak refs processing, 0.0000164 secs]2020-10-28T20:46:21.460-0800: 0.998: [class unloading, 0.0002094 secs]2020-10-28T20:46:21.461-0800: 0.999: [scrub symbol table, 0.0003120 secs]2020-10-28T20:46:21.461-0800: 0.999: [scrub string table, 0.0002136 secs][1 CMS-remark: 348692K(349568K)] 362556K(506816K), 0.0011233 secs] [Times: user=0.00 sys=0.00, real=0.00 secs] 
2020-10-28T20:46:21.461-0800: 0.999: [CMS-concurrent-sweep-start]
2020-10-28T20:46:21.462-0800: 1.000: [CMS-concurrent-sweep: 0.000/0.000 secs] [Times: user=0.00 sys=0.00, real=0.00 secs] 
2020-10-28T20:46:21.462-0800: 1.000: [CMS-concurrent-reset-start]
2020-10-28T20:46:21.462-0800: 1.000: [CMS-concurrent-reset: 0.000/0.000 secs] [Times: user=0.00 sys=0.00, real=0.00 secs] 
2020-10-28T20:46:21.478-0800: 1.016: [GC (Allocation Failure) 2020-10-28T20:46:21.478-0800: 1.016: [ParNew: 139776K->139776K(157248K), 0.0000196 secs]2020-10-28T20:46:21.478-0800: 1.017: [CMS: 347562K->349452K(349568K), 0.0448282 secs] 487338K->349452K(506816K), [Metaspace: 2711K->2711K(1056768K)], 0.0449380 secs] [Times: user=0.04 sys=0.00, real=0.05 secs] 
2020-10-28T20:46:21.523-0800: 1.062: [GC (CMS Initial Mark) [1 CMS-initial-mark: 349452K(349568K)] 352475K(506816K), 0.0002127 secs] [Times: user=0.00 sys=0.00, real=0.00 secs] 
2020-10-28T20:46:21.524-0800: 1.062: [CMS-concurrent-mark-start]
2020-10-28T20:46:21.525-0800: 1.063: [CMS-concurrent-mark: 0.001/0.001 secs] [Times: user=0.01 sys=0.00, real=0.00 secs] 
2020-10-28T20:46:21.525-0800: 1.063: [CMS-concurrent-preclean-start]
2020-10-28T20:46:21.525-0800: 1.064: [CMS-concurrent-preclean: 0.001/0.001 secs] [Times: user=0.00 sys=0.00, real=0.00 secs] 
2020-10-28T20:46:21.525-0800: 1.064: [CMS-concurrent-abortable-preclean-start]
2020-10-28T20:46:21.525-0800: 1.064: [CMS-concurrent-abortable-preclean: 0.000/0.000 secs] [Times: user=0.00 sys=0.00, real=0.00 secs] 
2020-10-28T20:46:21.526-0800: 1.064: [GC (CMS Final Remark) [YG occupancy: 13155 K (157248 K)]2020-10-28T20:46:21.526-0800: 1.064: [Rescan (parallel) , 0.0003732 secs]2020-10-28T20:46:21.526-0800: 1.064: [weak refs processing, 0.0000179 secs]2020-10-28T20:46:21.526-0800: 1.064: [class unloading, 0.0002054 secs]2020-10-28T20:46:21.526-0800: 1.064: [scrub symbol table, 0.0003211 secs]2020-10-28T20:46:21.527-0800: 1.065: [scrub string table, 0.0002282 secs][1 CMS-remark: 349452K(349568K)] 362607K(506816K), 0.0012218 secs] [Times: user=0.00 sys=0.00, real=0.00 secs] 
2020-10-28T20:46:21.527-0800: 1.065: [CMS-concurrent-sweep-start]
2020-10-28T20:46:21.527-0800: 1.066: [CMS-concurrent-sweep: 0.000/0.000 secs] [Times: user=0.00 sys=0.00, real=0.00 secs] 
2020-10-28T20:46:21.527-0800: 1.066: [CMS-concurrent-reset-start]
2020-10-28T20:46:21.528-0800: 1.066: [CMS-concurrent-reset: 0.000/0.000 secs] [Times: user=0.00 sys=0.00, real=0.00 secs] 
Heap
 par new generation   total 157248K, used 51781K [0x00000007a0000000, 0x00000007aaaa0000, 0x00000007aaaa0000)
  eden space 139776K,  37% used [0x00000007a0000000, 0x00000007a3291400, 0x00000007a8880000)
  from space 17472K,   0% used [0x00000007a9990000, 0x00000007a9990000, 0x00000007aaaa0000)
  to   space 17472K,   0% used [0x00000007a8880000, 0x00000007a8880000, 0x00000007a9990000)
 concurrent mark-sweep generation total 349568K, used 348722K [0x00000007aaaa0000, 0x00000007c0000000, 0x00000007c0000000)
 Metaspace       used 2717K, capacity 4486K, committed 4864K, reserved 1056768K
  class space    used 296K, capacity 386K, committed 512K, reserved 1048576K
