Java HotSpot(TM) 64-Bit Server VM (25.181-b13) for bsd-amd64 JRE (1.8.0_181-b13), built on Jul  7 2018 01:02:31 by "java_re" with gcc 4.2.1 (Based on Apple Inc. build 5658) (LLVM build 2336.11.00)
Memory: 4k page, physical 33554432k(1279584k free)

/proc/meminfo:

CommandLine flags: -XX:InitialHeapSize=268435456 -XX:MaxHeapSize=268435456 -XX:MaxNewSize=89481216 -XX:MaxTenuringThreshold=6 -XX:NewSize=89481216 -XX:OldPLABSize=16 -XX:OldSize=178954240 -XX:+PrintGC -XX:+PrintGCDateStamps -XX:+PrintGCDetails -XX:+PrintGCTimeStamps -XX:+UseCompressedClassPointers -XX:+UseCompressedOops -XX:+UseConcMarkSweepGC -XX:+UseParNewGC 
2020-10-28T20:46:13.113-0800: 0.110: [GC (Allocation Failure) 2020-10-28T20:46:13.113-0800: 0.110: [ParNew: 69759K->8703K(78656K), 0.0075863 secs] 69759K->22866K(253440K), 0.0077046 secs] [Times: user=0.01 sys=0.04, real=0.01 secs] 
2020-10-28T20:46:13.132-0800: 0.130: [GC (Allocation Failure) 2020-10-28T20:46:13.132-0800: 0.130: [ParNew: 78655K->8702K(78656K), 0.0073127 secs] 92818K->43958K(253440K), 0.0073885 secs] [Times: user=0.02 sys=0.04, real=0.01 secs] 
2020-10-28T20:46:13.148-0800: 0.145: [GC (Allocation Failure) 2020-10-28T20:46:13.148-0800: 0.145: [ParNew: 78567K->8701K(78656K), 0.0112524 secs] 113823K->69231K(253440K), 0.0113327 secs] [Times: user=0.11 sys=0.01, real=0.01 secs] 
2020-10-28T20:46:13.166-0800: 0.164: [GC (Allocation Failure) 2020-10-28T20:46:13.166-0800: 0.164: [ParNew: 78653K->8697K(78656K), 0.0121479 secs] 139183K->95330K(253440K), 0.0122238 secs] [Times: user=0.11 sys=0.00, real=0.01 secs] 
2020-10-28T20:46:13.186-0800: 0.183: [GC (Allocation Failure) 2020-10-28T20:46:13.186-0800: 0.183: [ParNew: 78649K->8702K(78656K), 0.0107035 secs] 165282K->118801K(253440K), 0.0107815 secs] [Times: user=0.10 sys=0.01, real=0.01 secs] 
2020-10-28T20:46:13.197-0800: 0.194: [GC (CMS Initial Mark) [1 CMS-initial-mark: 110099K(174784K)] 120776K(253440K), 0.0001999 secs] [Times: user=0.00 sys=0.00, real=0.00 secs] 
2020-10-28T20:46:13.197-0800: 0.195: [CMS-concurrent-mark-start]
2020-10-28T20:46:13.198-0800: 0.195: [CMS-concurrent-mark: 0.001/0.001 secs] [Times: user=0.00 sys=0.00, real=0.00 secs] 
2020-10-28T20:46:13.198-0800: 0.195: [CMS-concurrent-preclean-start]
2020-10-28T20:46:13.198-0800: 0.195: [CMS-concurrent-preclean: 0.000/0.000 secs] [Times: user=0.01 sys=0.00, real=0.00 secs] 
2020-10-28T20:46:13.198-0800: 0.195: [CMS-concurrent-abortable-preclean-start]
2020-10-28T20:46:13.204-0800: 0.202: [GC (Allocation Failure) 2020-10-28T20:46:13.205-0800: 0.202: [ParNew: 78568K->8701K(78656K), 0.0113852 secs] 188667K->142564K(253440K), 0.0114682 secs] [Times: user=0.11 sys=0.01, real=0.01 secs] 
2020-10-28T20:46:13.226-0800: 0.223: [GC (Allocation Failure) 2020-10-28T20:46:13.226-0800: 0.223: [ParNew: 78161K->8694K(78656K), 0.0104082 secs] 212023K->164592K(253440K), 0.0104912 secs] [Times: user=0.09 sys=0.00, real=0.01 secs] 
2020-10-28T20:46:13.244-0800: 0.241: [GC (Allocation Failure) 2020-10-28T20:46:13.244-0800: 0.241: [ParNew: 78646K->78646K(78656K), 0.0000200 secs]2020-10-28T20:46:13.244-0800: 0.241: [CMS2020-10-28T20:46:13.244-0800: 0.241: [CMS-concurrent-abortable-preclean: 0.001/0.046 secs] [Times: user=0.22 sys=0.01, real=0.05 secs] 
 (concurrent mode failure): 155897K->159960K(174784K), 0.0237463 secs] 234544K->159960K(253440K), [Metaspace: 2711K->2711K(1056768K)], 0.0238635 secs] [Times: user=0.02 sys=0.00, real=0.02 secs] 
2020-10-28T20:46:13.278-0800: 0.275: [GC (Allocation Failure) 2020-10-28T20:46:13.278-0800: 0.275: [ParNew: 69952K->8702K(78656K), 0.0073527 secs] 229912K->179910K(253440K), 0.0074392 secs] [Times: user=0.06 sys=0.01, real=0.01 secs] 
2020-10-28T20:46:13.285-0800: 0.283: [GC (CMS Initial Mark) [1 CMS-initial-mark: 171208K(174784K)] 180375K(253440K), 0.0001907 secs] [Times: user=0.00 sys=0.00, real=0.00 secs] 
2020-10-28T20:46:13.286-0800: 0.283: [CMS-concurrent-mark-start]
2020-10-28T20:46:13.286-0800: 0.284: [CMS-concurrent-mark: 0.001/0.001 secs] [Times: user=0.00 sys=0.00, real=0.00 secs] 
2020-10-28T20:46:13.286-0800: 0.284: [CMS-concurrent-preclean-start]
2020-10-28T20:46:13.286-0800: 0.284: [CMS-concurrent-preclean: 0.000/0.000 secs] [Times: user=0.00 sys=0.00, real=0.00 secs] 
2020-10-28T20:46:13.286-0800: 0.284: [CMS-concurrent-abortable-preclean-start]
2020-10-28T20:46:13.286-0800: 0.284: [CMS-concurrent-abortable-preclean: 0.000/0.000 secs] [Times: user=0.00 sys=0.00, real=0.00 secs] 
2020-10-28T20:46:13.287-0800: 0.284: [GC (CMS Final Remark) [YG occupancy: 14336 K (78656 K)]2020-10-28T20:46:13.287-0800: 0.284: [Rescan (parallel) , 0.0002669 secs]2020-10-28T20:46:13.287-0800: 0.284: [weak refs processing, 0.0000142 secs]2020-10-28T20:46:13.287-0800: 0.284: [class unloading, 0.0001819 secs]2020-10-28T20:46:13.287-0800: 0.284: [scrub symbol table, 0.0002804 secs]2020-10-28T20:46:13.287-0800: 0.285: [scrub string table, 0.0001883 secs][1 CMS-remark: 171208K(174784K)] 185544K(253440K), 0.0009963 secs] [Times: user=0.01 sys=0.00, real=0.00 secs] 
2020-10-28T20:46:13.288-0800: 0.285: [CMS-concurrent-sweep-start]
2020-10-28T20:46:13.288-0800: 0.285: [CMS-concurrent-sweep: 0.000/0.000 secs] [Times: user=0.00 sys=0.00, real=0.00 secs] 
2020-10-28T20:46:13.288-0800: 0.285: [CMS-concurrent-reset-start]
2020-10-28T20:46:13.288-0800: 0.285: [CMS-concurrent-reset: 0.000/0.000 secs] [Times: user=0.00 sys=0.00, real=0.00 secs] 
2020-10-28T20:46:13.300-0800: 0.298: [GC (Allocation Failure) 2020-10-28T20:46:13.300-0800: 0.298: [ParNew (promotion failed): 78541K->78534K(78656K), 0.0046491 secs]2020-10-28T20:46:13.305-0800: 0.302: [CMS: 173685K->174519K(174784K), 0.0211991 secs] 237205K->180961K(253440K), [Metaspace: 2711K->2711K(1056768K)], 0.0259564 secs] [Times: user=0.06 sys=0.00, real=0.02 secs] 
2020-10-28T20:46:13.326-0800: 0.324: [GC (CMS Initial Mark) [1 CMS-initial-mark: 174519K(174784K)] 181250K(253440K), 0.0002125 secs] [Times: user=0.00 sys=0.00, real=0.00 secs] 
2020-10-28T20:46:13.327-0800: 0.324: [CMS-concurrent-mark-start]
2020-10-28T20:46:13.327-0800: 0.325: [CMS-concurrent-mark: 0.001/0.001 secs] [Times: user=0.00 sys=0.00, real=0.00 secs] 
2020-10-28T20:46:13.327-0800: 0.325: [CMS-concurrent-preclean-start]
2020-10-28T20:46:13.328-0800: 0.326: [CMS-concurrent-preclean: 0.001/0.001 secs] [Times: user=0.00 sys=0.00, real=0.00 secs] 
2020-10-28T20:46:13.328-0800: 0.326: [CMS-concurrent-abortable-preclean-start]
2020-10-28T20:46:13.328-0800: 0.326: [CMS-concurrent-abortable-preclean: 0.000/0.000 secs] [Times: user=0.00 sys=0.00, real=0.00 secs] 
2020-10-28T20:46:13.328-0800: 0.326: [GC (CMS Final Remark) [YG occupancy: 19956 K (78656 K)]2020-10-28T20:46:13.328-0800: 0.326: [Rescan (parallel) , 0.0002615 secs]2020-10-28T20:46:13.329-0800: 0.326: [weak refs processing, 0.0000147 secs]2020-10-28T20:46:13.329-0800: 0.326: [class unloading, 0.0001823 secs]2020-10-28T20:46:13.329-0800: 0.326: [scrub symbol table, 0.0002860 secs]2020-10-28T20:46:13.329-0800: 0.327: [scrub string table, 0.0001947 secs][1 CMS-remark: 174519K(174784K)] 194476K(253440K), 0.0010017 secs] [Times: user=0.00 sys=0.00, real=0.00 secs] 
2020-10-28T20:46:13.329-0800: 0.327: [CMS-concurrent-sweep-start]
2020-10-28T20:46:13.330-0800: 0.327: [CMS-concurrent-sweep: 0.000/0.000 secs] [Times: user=0.00 sys=0.00, real=0.01 secs] 
2020-10-28T20:46:13.330-0800: 0.327: [CMS-concurrent-reset-start]
2020-10-28T20:46:13.330-0800: 0.327: [CMS-concurrent-reset: 0.000/0.000 secs] [Times: user=0.00 sys=0.00, real=0.00 secs] 
2020-10-28T20:46:13.338-0800: 0.336: [GC (Allocation Failure) 2020-10-28T20:46:13.338-0800: 0.336: [ParNew: 77964K->77964K(78656K), 0.0000201 secs]2020-10-28T20:46:13.338-0800: 0.336: [CMS: 174061K->174310K(174784K), 0.0231987 secs] 252025K->195838K(253440K), [Metaspace: 2711K->2711K(1056768K)], 0.0233070 secs] [Times: user=0.02 sys=0.00, real=0.03 secs] 
2020-10-28T20:46:13.362-0800: 0.359: [GC (CMS Initial Mark) [1 CMS-initial-mark: 174310K(174784K)] 196553K(253440K), 0.0002206 secs] [Times: user=0.00 sys=0.00, real=0.00 secs] 
2020-10-28T20:46:13.362-0800: 0.360: [CMS-concurrent-mark-start]
2020-10-28T20:46:13.363-0800: 0.360: [CMS-concurrent-mark: 0.001/0.001 secs] [Times: user=0.00 sys=0.00, real=0.00 secs] 
2020-10-28T20:46:13.363-0800: 0.360: [CMS-concurrent-preclean-start]
2020-10-28T20:46:13.364-0800: 0.361: [CMS-concurrent-preclean: 0.001/0.001 secs] [Times: user=0.00 sys=0.00, real=0.00 secs] 
2020-10-28T20:46:13.364-0800: 0.361: [CMS-concurrent-abortable-preclean-start]
2020-10-28T20:46:13.364-0800: 0.361: [CMS-concurrent-abortable-preclean: 0.000/0.000 secs] [Times: user=0.00 sys=0.00, real=0.00 secs] 
2020-10-28T20:46:13.364-0800: 0.361: [GC (CMS Final Remark) [YG occupancy: 34857 K (78656 K)]2020-10-28T20:46:13.364-0800: 0.361: [Rescan (parallel) , 0.0002687 secs]2020-10-28T20:46:13.364-0800: 0.362: [weak refs processing, 0.0000165 secs]2020-10-28T20:46:13.364-0800: 0.362: [class unloading, 0.0001935 secs]2020-10-28T20:46:13.365-0800: 0.362: [scrub symbol table, 0.0003108 secs]2020-10-28T20:46:13.365-0800: 0.362: [scrub string table, 0.0002143 secs][1 CMS-remark: 174310K(174784K)] 209167K(253440K), 0.0010831 secs] [Times: user=0.00 sys=0.00, real=0.00 secs] 
2020-10-28T20:46:13.365-0800: 0.363: [CMS-concurrent-sweep-start]
2020-10-28T20:46:13.365-0800: 0.363: [CMS-concurrent-sweep: 0.000/0.000 secs] [Times: user=0.00 sys=0.00, real=0.00 secs] 
2020-10-28T20:46:13.366-0800: 0.363: [CMS-concurrent-reset-start]
2020-10-28T20:46:13.366-0800: 0.363: [CMS-concurrent-reset: 0.000/0.000 secs] [Times: user=0.00 sys=0.00, real=0.00 secs] 
2020-10-28T20:46:13.373-0800: 0.370: [GC (Allocation Failure) 2020-10-28T20:46:13.373-0800: 0.370: [ParNew: 78583K->78583K(78656K), 0.0000196 secs]2020-10-28T20:46:13.373-0800: 0.370: [CMS: 174089K->174775K(174784K), 0.0251126 secs] 252673K->205578K(253440K), [Metaspace: 2711K->2711K(1056768K)], 0.0252211 secs] [Times: user=0.02 sys=0.00, real=0.02 secs] 
2020-10-28T20:46:13.398-0800: 0.396: [GC (CMS Initial Mark) [1 CMS-initial-mark: 174775K(174784K)] 205912K(253440K), 0.0002814 secs] [Times: user=0.00 sys=0.00, real=0.00 secs] 
2020-10-28T20:46:13.399-0800: 0.396: [CMS-concurrent-mark-start]
2020-10-28T20:46:13.399-0800: 0.397: [CMS-concurrent-mark: 0.001/0.001 secs] [Times: user=0.00 sys=0.00, real=0.00 secs] 
2020-10-28T20:46:13.399-0800: 0.397: [CMS-concurrent-preclean-start]
2020-10-28T20:46:13.400-0800: 0.398: [CMS-concurrent-preclean: 0.001/0.001 secs] [Times: user=0.00 sys=0.00, real=0.01 secs] 
2020-10-28T20:46:13.400-0800: 0.398: [CMS-concurrent-abortable-preclean-start]
2020-10-28T20:46:13.400-0800: 0.398: [CMS-concurrent-abortable-preclean: 0.000/0.000 secs] [Times: user=0.00 sys=0.00, real=0.00 secs] 
2020-10-28T20:46:13.400-0800: 0.398: [GC (CMS Final Remark) [YG occupancy: 40322 K (78656 K)]2020-10-28T20:46:13.400-0800: 0.398: [Rescan (parallel) , 0.0003483 secs]2020-10-28T20:46:13.401-0800: 0.398: [weak refs processing, 0.0000138 secs]2020-10-28T20:46:13.401-0800: 0.398: [class unloading, 0.0001965 secs]2020-10-28T20:46:13.401-0800: 0.398: [scrub symbol table, 0.0003093 secs]2020-10-28T20:46:13.401-0800: 0.399: [scrub string table, 0.0002166 secs][1 CMS-remark: 174775K(174784K)] 215098K(253440K), 0.0011511 secs] [Times: user=0.00 sys=0.00, real=0.00 secs] 
2020-10-28T20:46:13.402-0800: 0.399: [CMS-concurrent-sweep-start]
2020-10-28T20:46:13.402-0800: 0.399: [CMS-concurrent-sweep: 0.000/0.000 secs] [Times: user=0.00 sys=0.00, real=0.00 secs] 
2020-10-28T20:46:13.402-0800: 0.399: [CMS-concurrent-reset-start]
2020-10-28T20:46:13.402-0800: 0.399: [CMS-concurrent-reset: 0.000/0.000 secs] [Times: user=0.00 sys=0.00, real=0.00 secs] 
2020-10-28T20:46:13.410-0800: 0.407: [GC (Allocation Failure) 2020-10-28T20:46:13.410-0800: 0.407: [ParNew: 78545K->78545K(78656K), 0.0000207 secs]2020-10-28T20:46:13.410-0800: 0.407: [CMS: 173989K->174619K(174784K), 0.0328151 secs] 252535K->209468K(253440K), [Metaspace: 2711K->2711K(1056768K)], 0.0329340 secs] [Times: user=0.03 sys=0.00, real=0.03 secs] 
2020-10-28T20:46:13.443-0800: 0.440: [GC (CMS Initial Mark) [1 CMS-initial-mark: 174619K(174784K)] 209612K(253440K), 0.0002017 secs] [Times: user=0.00 sys=0.00, real=0.00 secs] 
2020-10-28T20:46:13.443-0800: 0.440: [CMS-concurrent-mark-start]
2020-10-28T20:46:13.444-0800: 0.441: [CMS-concurrent-mark: 0.001/0.001 secs] [Times: user=0.00 sys=0.00, real=0.00 secs] 
2020-10-28T20:46:13.444-0800: 0.441: [CMS-concurrent-preclean-start]
2020-10-28T20:46:13.445-0800: 0.442: [CMS-concurrent-preclean: 0.001/0.001 secs] [Times: user=0.00 sys=0.00, real=0.00 secs] 
2020-10-28T20:46:13.445-0800: 0.442: [CMS-concurrent-abortable-preclean-start]
2020-10-28T20:46:13.445-0800: 0.442: [CMS-concurrent-abortable-preclean: 0.000/0.000 secs] [Times: user=0.00 sys=0.00, real=0.00 secs] 
2020-10-28T20:46:13.445-0800: 0.442: [GC (CMS Final Remark) [YG occupancy: 45660 K (78656 K)]2020-10-28T20:46:13.445-0800: 0.442: [Rescan (parallel) , 0.0002412 secs]2020-10-28T20:46:13.445-0800: 0.442: [weak refs processing, 0.0000149 secs]2020-10-28T20:46:13.445-0800: 0.442: [class unloading, 0.0001769 secs]2020-10-28T20:46:13.445-0800: 0.443: [scrub symbol table, 0.0002865 secs]2020-10-28T20:46:13.445-0800: 0.443: [scrub string table, 0.0001946 secs][1 CMS-remark: 174619K(174784K)] 220279K(253440K), 0.0009785 secs] [Times: user=0.01 sys=0.00, real=0.00 secs] 
2020-10-28T20:46:13.446-0800: 0.443: [CMS-concurrent-sweep-start]
2020-10-28T20:46:13.446-0800: 0.443: [CMS-concurrent-sweep: 0.000/0.000 secs] [Times: user=0.00 sys=0.00, real=0.00 secs] 
2020-10-28T20:46:13.446-0800: 0.443: [CMS-concurrent-reset-start]
2020-10-28T20:46:13.446-0800: 0.443: [CMS-concurrent-reset: 0.000/0.000 secs] [Times: user=0.00 sys=0.00, real=0.00 secs] 
2020-10-28T20:46:13.450-0800: 0.448: [GC (Allocation Failure) 2020-10-28T20:46:13.450-0800: 0.448: [ParNew: 78375K->78375K(78656K), 0.0000191 secs]2020-10-28T20:46:13.450-0800: 0.448: [CMS: 174619K->174710K(174784K), 0.0244931 secs] 252994K->215339K(253440K), [Metaspace: 2711K->2711K(1056768K)], 0.0245956 secs] [Times: user=0.03 sys=0.00, real=0.02 secs] 
2020-10-28T20:46:13.475-0800: 0.472: [GC (CMS Initial Mark) [1 CMS-initial-mark: 174710K(174784K)] 215627K(253440K), 0.0002348 secs] [Times: user=0.00 sys=0.00, real=0.00 secs] 
2020-10-28T20:46:13.475-0800: 0.473: [CMS-concurrent-mark-start]
2020-10-28T20:46:13.476-0800: 0.473: [CMS-concurrent-mark: 0.001/0.001 secs] [Times: user=0.00 sys=0.00, real=0.00 secs] 
2020-10-28T20:46:13.476-0800: 0.473: [CMS-concurrent-preclean-start]
2020-10-28T20:46:13.477-0800: 0.474: [CMS-concurrent-preclean: 0.001/0.001 secs] [Times: user=0.00 sys=0.00, real=0.00 secs] 
2020-10-28T20:46:13.477-0800: 0.474: [CMS-concurrent-abortable-preclean-start]
2020-10-28T20:46:13.477-0800: 0.474: [CMS-concurrent-abortable-preclean: 0.000/0.000 secs] [Times: user=0.00 sys=0.00, real=0.00 secs] 
2020-10-28T20:46:13.477-0800: 0.475: [GC (CMS Final Remark) [YG occupancy: 54101 K (78656 K)]2020-10-28T20:46:13.477-0800: 0.475: [Rescan (parallel) , 0.0002994 secs]2020-10-28T20:46:13.478-0800: 0.475: [weak refs processing, 0.0000213 secs]2020-10-28T20:46:13.478-0800: 0.475: [class unloading, 0.0001935 secs]2020-10-28T20:46:13.478-0800: 0.475: [scrub symbol table, 0.0003120 secs]2020-10-28T20:46:13.478-0800: 0.475: [scrub string table, 0.0002168 secs][1 CMS-remark: 174710K(174784K)] 228811K(253440K), 0.0011164 secs] [Times: user=0.00 sys=0.00, real=0.00 secs] 
2020-10-28T20:46:13.478-0800: 0.476: [CMS-concurrent-sweep-start]
2020-10-28T20:46:13.479-0800: 0.476: [CMS-concurrent-sweep: 0.000/0.000 secs] [Times: user=0.00 sys=0.00, real=0.00 secs] 
2020-10-28T20:46:13.479-0800: 0.476: [CMS-concurrent-reset-start]
2020-10-28T20:46:13.479-0800: 0.476: [CMS-concurrent-reset: 0.000/0.000 secs] [Times: user=0.00 sys=0.00, real=0.00 secs] 
2020-10-28T20:46:13.483-0800: 0.481: [GC (Allocation Failure) 2020-10-28T20:46:13.484-0800: 0.481: [ParNew: 78617K->78617K(78656K), 0.0000193 secs]2020-10-28T20:46:13.484-0800: 0.481: [CMS: 174693K->174738K(174784K), 0.0355532 secs] 253310K->221150K(253440K), [Metaspace: 2711K->2711K(1056768K)], 0.0356433 secs] [Times: user=0.03 sys=0.00, real=0.03 secs] 
2020-10-28T20:46:13.519-0800: 0.517: [GC (CMS Initial Mark) [1 CMS-initial-mark: 174738K(174784K)] 221833K(253440K), 0.0002084 secs] [Times: user=0.00 sys=0.00, real=0.00 secs] 
2020-10-28T20:46:13.520-0800: 0.517: [CMS-concurrent-mark-start]
2020-10-28T20:46:13.520-0800: 0.517: [CMS-concurrent-mark: 0.001/0.001 secs] [Times: user=0.00 sys=0.00, real=0.00 secs] 
2020-10-28T20:46:13.520-0800: 0.518: [CMS-concurrent-preclean-start]
2020-10-28T20:46:13.521-0800: 0.519: [CMS-concurrent-preclean: 0.001/0.001 secs] [Times: user=0.01 sys=0.00, real=0.00 secs] 
2020-10-28T20:46:13.521-0800: 0.519: [CMS-concurrent-abortable-preclean-start]
2020-10-28T20:46:13.521-0800: 0.519: [CMS-concurrent-abortable-preclean: 0.000/0.000 secs] [Times: user=0.00 sys=0.00, real=0.00 secs] 
2020-10-28T20:46:13.521-0800: 0.519: [GC (CMS Final Remark) [YG occupancy: 60213 K (78656 K)]2020-10-28T20:46:13.521-0800: 0.519: [Rescan (parallel) , 0.0003325 secs]2020-10-28T20:46:13.522-0800: 0.519: [weak refs processing, 0.0000279 secs]2020-10-28T20:46:13.522-0800: 0.519: [class unloading, 0.0001985 secs]2020-10-28T20:46:13.522-0800: 0.519: [scrub symbol table, 0.0003110 secs]2020-10-28T20:46:13.522-0800: 0.520: [scrub string table, 0.0001964 secs][1 CMS-remark: 174738K(174784K)] 234951K(253440K), 0.0011437 secs] [Times: user=0.00 sys=0.00, real=0.00 secs] 
2020-10-28T20:46:13.523-0800: 0.520: [CMS-concurrent-sweep-start]
2020-10-28T20:46:13.523-0800: 0.520: [CMS-concurrent-sweep: 0.000/0.000 secs] [Times: user=0.00 sys=0.00, real=0.00 secs] 
2020-10-28T20:46:13.523-0800: 0.520: [CMS-concurrent-reset-start]
2020-10-28T20:46:13.523-0800: 0.520: [CMS-concurrent-reset: 0.000/0.000 secs] [Times: user=0.00 sys=0.00, real=0.00 secs] 
2020-10-28T20:46:13.525-0800: 0.523: [GC (Allocation Failure) 2020-10-28T20:46:13.525-0800: 0.523: [ParNew: 78522K->78522K(78656K), 0.0000200 secs]2020-10-28T20:46:13.525-0800: 0.523: [CMS: 174738K->174565K(174784K), 0.0253324 secs] 253260K->225880K(253440K), [Metaspace: 2711K->2711K(1056768K)], 0.0254325 secs] [Times: user=0.03 sys=0.00, real=0.03 secs] 
2020-10-28T20:46:13.551-0800: 0.548: [GC (CMS Initial Mark) [1 CMS-initial-mark: 174565K(174784K)] 226262K(253440K), 0.0003054 secs] [Times: user=0.00 sys=0.00, real=0.00 secs] 
2020-10-28T20:46:13.551-0800: 0.549: [CMS-concurrent-mark-start]
2020-10-28T20:46:13.552-0800: 0.549: [CMS-concurrent-mark: 0.001/0.001 secs] [Times: user=0.00 sys=0.00, real=0.00 secs] 
2020-10-28T20:46:13.552-0800: 0.549: [CMS-concurrent-preclean-start]
2020-10-28T20:46:13.553-0800: 0.550: [CMS-concurrent-preclean: 0.001/0.001 secs] [Times: user=0.00 sys=0.00, real=0.00 secs] 
2020-10-28T20:46:13.553-0800: 0.550: [CMS-concurrent-abortable-preclean-start]
2020-10-28T20:46:13.553-0800: 0.550: [CMS-concurrent-abortable-preclean: 0.000/0.000 secs] [Times: user=0.00 sys=0.00, real=0.00 secs] 
2020-10-28T20:46:13.553-0800: 0.551: [GC (CMS Final Remark) [YG occupancy: 62464 K (78656 K)]2020-10-28T20:46:13.553-0800: 0.551: [Rescan (parallel) , 0.0002842 secs]2020-10-28T20:46:13.554-0800: 0.551: [weak refs processing, 0.0000171 secs]2020-10-28T20:46:13.554-0800: 0.551: [class unloading, 0.0002193 secs]2020-10-28T20:46:13.554-0800: 0.551: [scrub symbol table, 0.0003095 secs]2020-10-28T20:46:13.554-0800: 0.551: [scrub string table, 0.0002152 secs][1 CMS-remark: 174565K(174784K)] 237029K(253440K), 0.0011156 secs] [Times: user=0.01 sys=0.00, real=0.00 secs] 
2020-10-28T20:46:13.554-0800: 0.552: [CMS-concurrent-sweep-start]
2020-10-28T20:46:13.555-0800: 0.552: [CMS-concurrent-sweep: 0.000/0.000 secs] [Times: user=0.00 sys=0.00, real=0.00 secs] 
2020-10-28T20:46:13.555-0800: 0.552: [CMS-concurrent-reset-start]
2020-10-28T20:46:13.555-0800: 0.552: [CMS-concurrent-reset: 0.000/0.000 secs] [Times: user=0.00 sys=0.00, real=0.00 secs] 
2020-10-28T20:46:13.557-0800: 0.555: [GC (Allocation Failure) 2020-10-28T20:46:13.557-0800: 0.555: [ParNew: 78644K->78644K(78656K), 0.0000189 secs]2020-10-28T20:46:13.557-0800: 0.555: [CMS: 174565K->174484K(174784K), 0.0260118 secs] 253209K->227882K(253440K), [Metaspace: 2711K->2711K(1056768K)], 0.0261055 secs] [Times: user=0.02 sys=0.00, real=0.03 secs] 
2020-10-28T20:46:13.584-0800: 0.581: [GC (CMS Initial Mark) [1 CMS-initial-mark: 174484K(174784K)] 227954K(253440K), 0.0002695 secs] [Times: user=0.01 sys=0.00, real=0.00 secs] 
2020-10-28T20:46:13.584-0800: 0.581: [CMS-concurrent-mark-start]
2020-10-28T20:46:13.585-0800: 0.582: [CMS-concurrent-mark: 0.001/0.001 secs] [Times: user=0.00 sys=0.00, real=0.00 secs] 
2020-10-28T20:46:13.585-0800: 0.582: [CMS-concurrent-preclean-start]
2020-10-28T20:46:13.586-0800: 0.583: [CMS-concurrent-preclean: 0.001/0.001 secs] [Times: user=0.00 sys=0.00, real=0.00 secs] 
2020-10-28T20:46:13.586-0800: 0.583: [CMS-concurrent-abortable-preclean-start]
2020-10-28T20:46:13.586-0800: 0.583: [CMS-concurrent-abortable-preclean: 0.000/0.000 secs] [Times: user=0.00 sys=0.00, real=0.00 secs] 
2020-10-28T20:46:13.586-0800: 0.583: [GC (CMS Final Remark) [YG occupancy: 61253 K (78656 K)]2020-10-28T20:46:13.586-0800: 0.583: [Rescan (parallel) , 0.0003543 secs]2020-10-28T20:46:13.586-0800: 0.584: [weak refs processing, 0.0000197 secs]2020-10-28T20:46:13.586-0800: 0.584: [class unloading, 0.0002023 secs]2020-10-28T20:46:13.587-0800: 0.584: [scrub symbol table, 0.0003313 secs]2020-10-28T20:46:13.587-0800: 0.584: [scrub string table, 0.0002347 secs][1 CMS-remark: 174484K(174784K)] 235738K(253440K), 0.0012157 secs] [Times: user=0.00 sys=0.00, real=0.00 secs] 
2020-10-28T20:46:13.587-0800: 0.585: [CMS-concurrent-sweep-start]
2020-10-28T20:46:13.587-0800: 0.585: [CMS-concurrent-sweep: 0.000/0.000 secs] [Times: user=0.00 sys=0.00, real=0.00 secs] 
2020-10-28T20:46:13.587-0800: 0.585: [CMS-concurrent-reset-start]
2020-10-28T20:46:13.588-0800: 0.585: [CMS-concurrent-reset: 0.000/0.000 secs] [Times: user=0.00 sys=0.00, real=0.00 secs] 
2020-10-28T20:46:13.590-0800: 0.588: [GC (Allocation Failure) 2020-10-28T20:46:13.590-0800: 0.588: [ParNew: 78214K->78214K(78656K), 0.0000202 secs]2020-10-28T20:46:13.590-0800: 0.588: [CMS: 174152K->174759K(174784K), 0.0269809 secs] 252366K->232504K(253440K), [Metaspace: 2711K->2711K(1056768K)], 0.0270800 secs] [Times: user=0.02 sys=0.00, real=0.02 secs] 
2020-10-28T20:46:13.617-0800: 0.615: [GC (CMS Initial Mark) [1 CMS-initial-mark: 174759K(174784K)] 233200K(253440K), 0.0002533 secs] [Times: user=0.00 sys=0.00, real=0.00 secs] 
2020-10-28T20:46:13.618-0800: 0.615: [CMS-concurrent-mark-start]
2020-10-28T20:46:13.618-0800: 0.616: [CMS-concurrent-mark: 0.001/0.001 secs] [Times: user=0.00 sys=0.00, real=0.00 secs] 
2020-10-28T20:46:13.618-0800: 0.616: [CMS-concurrent-preclean-start]
2020-10-28T20:46:13.620-0800: 0.617: [CMS-concurrent-preclean: 0.001/0.001 secs] [Times: user=0.01 sys=0.00, real=0.01 secs] 
2020-10-28T20:46:13.620-0800: 0.617: [CMS-concurrent-abortable-preclean-start]
2020-10-28T20:46:13.620-0800: 0.617: [CMS-concurrent-abortable-preclean: 0.000/0.000 secs] [Times: user=0.00 sys=0.00, real=0.00 secs] 
2020-10-28T20:46:13.620-0800: 0.617: [GC (CMS Final Remark) [YG occupancy: 69952 K (78656 K)]2020-10-28T20:46:13.620-0800: 0.617: [Rescan (parallel) , 0.0002952 secs]2020-10-28T20:46:13.620-0800: 0.617: [weak refs processing, 0.0000192 secs]2020-10-28T20:46:13.620-0800: 0.617: [class unloading, 0.0002015 secs]2020-10-28T20:46:13.620-0800: 0.618: [scrub symbol table, 0.0003290 secs]2020-10-28T20:46:13.621-0800: 0.618: [scrub string table, 0.0002355 secs][1 CMS-remark: 174759K(174784K)] 244711K(253440K), 0.0011517 secs] [Times: user=0.00 sys=0.00, real=0.00 secs] 
2020-10-28T20:46:13.621-0800: 0.618: [CMS-concurrent-sweep-start]
2020-10-28T20:46:13.621-0800: 0.619: [CMS-concurrent-sweep: 0.000/0.000 secs] [Times: user=0.00 sys=0.00, real=0.00 secs] 
2020-10-28T20:46:13.621-0800: 0.619: [CMS-concurrent-reset-start]
2020-10-28T20:46:13.621-0800: 0.619: [CMS-concurrent-reset: 0.000/0.000 secs] [Times: user=0.00 sys=0.00, real=0.00 secs] 
2020-10-28T20:46:13.623-0800: 0.620: [GC (Allocation Failure) 2020-10-28T20:46:13.623-0800: 0.620: [ParNew: 78588K->78588K(78656K), 0.0000198 secs]2020-10-28T20:46:13.623-0800: 0.620: [CMS: 174606K->174213K(174784K), 0.0259800 secs] 253195K->234679K(253440K), [Metaspace: 2711K->2711K(1056768K)], 0.0260745 secs] [Times: user=0.03 sys=0.00, real=0.02 secs] 
2020-10-28T20:46:13.649-0800: 0.646: [GC (CMS Initial Mark) [1 CMS-initial-mark: 174213K(174784K)] 235378K(253440K), 0.0002551 secs] [Times: user=0.00 sys=0.00, real=0.00 secs] 
2020-10-28T20:46:13.649-0800: 0.647: [CMS-concurrent-mark-start]
2020-10-28T20:46:13.650-0800: 0.647: [CMS-concurrent-mark: 0.001/0.001 secs] [Times: user=0.00 sys=0.00, real=0.01 secs] 
2020-10-28T20:46:13.650-0800: 0.647: [CMS-concurrent-preclean-start]
2020-10-28T20:46:13.651-0800: 0.649: [CMS-concurrent-preclean: 0.001/0.001 secs] [Times: user=0.00 sys=0.00, real=0.00 secs] 
2020-10-28T20:46:13.651-0800: 0.649: [CMS-concurrent-abortable-preclean-start]
2020-10-28T20:46:13.651-0800: 0.649: [CMS-concurrent-abortable-preclean: 0.000/0.000 secs] [Times: user=0.00 sys=0.00, real=0.00 secs] 
2020-10-28T20:46:13.651-0800: 0.649: [GC (CMS Final Remark) [YG occupancy: 72770 K (78656 K)]2020-10-28T20:46:13.651-0800: 0.649: [Rescan (parallel) , 0.0002881 secs]2020-10-28T20:46:13.652-0800: 0.649: [weak refs processing, 0.0000179 secs]2020-10-28T20:46:13.652-0800: 0.649: [class unloading, 0.0002004 secs]2020-10-28T20:46:13.652-0800: 0.649: [scrub symbol table, 0.0003312 secs]2020-10-28T20:46:13.652-0800: 0.649: [scrub string table, 0.0002351 secs][1 CMS-remark: 174213K(174784K)] 246983K(253440K), 0.0011455 secs] [Times: user=0.00 sys=0.00, real=0.00 secs] 
2020-10-28T20:46:13.652-0800: 0.650: [CMS-concurrent-sweep-start]
2020-10-28T20:46:13.653-0800: 0.650: [CMS-concurrent-sweep: 0.000/0.000 secs] [Times: user=0.01 sys=0.00, real=0.00 secs] 
2020-10-28T20:46:13.653-0800: 0.650: [CMS-concurrent-reset-start]
2020-10-28T20:46:13.653-0800: 0.650: [CMS-concurrent-reset: 0.000/0.000 secs] [Times: user=0.00 sys=0.00, real=0.00 secs] 
2020-10-28T20:46:13.654-0800: 0.651: [GC (Allocation Failure) 2020-10-28T20:46:13.654-0800: 0.651: [ParNew: 78588K->78588K(78656K), 0.0000196 secs]2020-10-28T20:46:13.654-0800: 0.651: [CMS: 174213K->174765K(174784K), 0.0273324 secs] 252801K->236703K(253440K), [Metaspace: 2711K->2711K(1056768K)], 0.0274336 secs] [Times: user=0.02 sys=0.00, real=0.03 secs] 
2020-10-28T20:46:13.681-0800: 0.679: [GC (CMS Initial Mark) [1 CMS-initial-mark: 174765K(174784K)] 236775K(253440K), 0.0002199 secs] [Times: user=0.00 sys=0.00, real=0.00 secs] 
2020-10-28T20:46:13.682-0800: 0.679: [CMS-concurrent-mark-start]
2020-10-28T20:46:13.682-0800: 0.680: [CMS-concurrent-mark: 0.001/0.001 secs] [Times: user=0.01 sys=0.00, real=0.00 secs] 
2020-10-28T20:46:13.682-0800: 0.680: [CMS-concurrent-preclean-start]
2020-10-28T20:46:13.683-0800: 0.681: [CMS-concurrent-preclean: 0.001/0.001 secs] [Times: user=0.00 sys=0.00, real=0.00 secs] 
2020-10-28T20:46:13.683-0800: 0.681: [CMS-concurrent-abortable-preclean-start]
2020-10-28T20:46:13.683-0800: 0.681: [CMS-concurrent-abortable-preclean: 0.000/0.000 secs] [Times: user=0.00 sys=0.00, real=0.00 secs] 
2020-10-28T20:46:13.683-0800: 0.681: [GC (CMS Final Remark) [YG occupancy: 73096 K (78656 K)]2020-10-28T20:46:13.683-0800: 0.681: [Rescan (parallel) , 0.0003192 secs]2020-10-28T20:46:13.684-0800: 0.681: [weak refs processing, 0.0000191 secs]2020-10-28T20:46:13.684-0800: 0.681: [class unloading, 0.0002194 secs]2020-10-28T20:46:13.684-0800: 0.681: [scrub symbol table, 0.0004433 secs]2020-10-28T20:46:13.685-0800: 0.682: [scrub string table, 0.0003027 secs][1 CMS-remark: 174765K(174784K)] 247861K(253440K), 0.0014406 secs] [Times: user=0.00 sys=0.00, real=0.00 secs] 
2020-10-28T20:46:13.685-0800: 0.682: [CMS-concurrent-sweep-start]
2020-10-28T20:46:13.685-0800: 0.683: [CMS-concurrent-sweep: 0.000/0.000 secs] [Times: user=0.00 sys=0.00, real=0.00 secs] 
2020-10-28T20:46:13.685-0800: 0.683: [CMS-concurrent-reset-start]
2020-10-28T20:46:13.686-0800: 0.683: [CMS-concurrent-reset: 0.000/0.000 secs] [Times: user=0.00 sys=0.00, real=0.00 secs] 
2020-10-28T20:46:13.687-0800: 0.684: [GC (Allocation Failure) 2020-10-28T20:46:13.687-0800: 0.684: [ParNew: 78583K->78583K(78656K), 0.0000228 secs]2020-10-28T20:46:13.687-0800: 0.684: [CMS: 174715K->174705K(174784K), 0.0292260 secs] 253299K->240010K(253440K), [Metaspace: 2711K->2711K(1056768K)], 0.0293448 secs] [Times: user=0.03 sys=0.00, real=0.03 secs] 
2020-10-28T20:46:13.716-0800: 0.714: [GC (CMS Initial Mark) [1 CMS-initial-mark: 174705K(174784K)] 240188K(253440K), 0.0002594 secs] [Times: user=0.00 sys=0.00, real=0.00 secs] 
2020-10-28T20:46:13.717-0800: 0.714: [CMS-concurrent-mark-start]
2020-10-28T20:46:13.717-0800: 0.715: [CMS-concurrent-mark: 0.001/0.001 secs] [Times: user=0.00 sys=0.00, real=0.00 secs] 
2020-10-28T20:46:13.717-0800: 0.715: [CMS-concurrent-preclean-start]
2020-10-28T20:46:13.718-0800: 0.716: [CMS-concurrent-preclean: 0.001/0.001 secs] [Times: user=0.01 sys=0.00, real=0.00 secs] 
2020-10-28T20:46:13.718-0800: 0.716: [CMS-concurrent-abortable-preclean-start]
2020-10-28T20:46:13.718-0800: 0.716: [CMS-concurrent-abortable-preclean: 0.000/0.000 secs] [Times: user=0.00 sys=0.00, real=0.00 secs] 
2020-10-28T20:46:13.719-0800: 0.716: [GC (CMS Final Remark) [YG occupancy: 77240 K (78656 K)]2020-10-28T20:46:13.719-0800: 0.716: [Rescan (parallel) , 0.0003095 secs]2020-10-28T20:46:13.719-0800: 0.716: [weak refs processing, 0.0000177 secs]2020-10-28T20:46:13.719-0800: 0.716: [class unloading, 0.0002001 secs]2020-10-28T20:46:13.719-0800: 0.717: [scrub symbol table, 0.0003319 secs]2020-10-28T20:46:13.719-0800: 0.717: [scrub string table, 0.0002322 secs][1 CMS-remark: 174705K(174784K)] 251945K(253440K), 0.0011671 secs] [Times: user=0.00 sys=0.00, real=0.01 secs] 
2020-10-28T20:46:13.720-0800: 0.717: [CMS-concurrent-sweep-start]
2020-10-28T20:46:13.720-0800: 0.717: [CMS-concurrent-sweep: 0.000/0.000 secs] [Times: user=0.00 sys=0.00, real=0.00 secs] 
2020-10-28T20:46:13.720-0800: 0.717: [CMS-concurrent-reset-start]
2020-10-28T20:46:13.720-0800: 0.718: [GC (Allocation Failure) 2020-10-28T20:46:13.720-0800: 0.718: [ParNew: 78446K->78446K(78656K), 0.0000180 secs]2020-10-28T20:46:13.720-0800: 0.718: [CMS2020-10-28T20:46:13.720-0800: 0.718: [CMS-concurrent-reset: 0.000/0.000 secs] [Times: user=0.00 sys=0.00, real=0.00 secs] 
: 174705K->174437K(174784K), 0.0257415 secs] 253151K->243373K(253440K), [Metaspace: 2711K->2711K(1056768K)], 0.0258336 secs] [Times: user=0.03 sys=0.00, real=0.02 secs] 
2020-10-28T20:46:13.748-0800: 0.746: [Full GC (Allocation Failure) 2020-10-28T20:46:13.748-0800: 0.746: [CMS: 174662K->174701K(174784K), 0.0286759 secs] 253310K->243814K(253440K), [Metaspace: 2711K->2711K(1056768K)], 0.0287520 secs] [Times: user=0.03 sys=0.00, real=0.03 secs] 
2020-10-28T20:46:13.777-0800: 0.775: [GC (CMS Initial Mark) [1 CMS-initial-mark: 174701K(174784K)] 243958K(253440K), 0.0002645 secs] [Times: user=0.00 sys=0.00, real=0.00 secs] 
2020-10-28T20:46:13.778-0800: 0.775: [CMS-concurrent-mark-start]
2020-10-28T20:46:13.778-0800: 0.776: [CMS-concurrent-mark: 0.001/0.001 secs] [Times: user=0.00 sys=0.00, real=0.00 secs] 
2020-10-28T20:46:13.778-0800: 0.776: [CMS-concurrent-preclean-start]
2020-10-28T20:46:13.779-0800: 0.777: [CMS-concurrent-preclean: 0.001/0.001 secs] [Times: user=0.00 sys=0.00, real=0.00 secs] 
2020-10-28T20:46:13.779-0800: 0.777: [CMS-concurrent-abortable-preclean-start]
2020-10-28T20:46:13.779-0800: 0.777: [CMS-concurrent-abortable-preclean: 0.000/0.000 secs] [Times: user=0.00 sys=0.00, real=0.00 secs] 
2020-10-28T20:46:13.780-0800: 0.777: [GC (CMS Final Remark) [YG occupancy: 77411 K (78656 K)]2020-10-28T20:46:13.780-0800: 0.777: [Rescan (parallel) , 0.0002829 secs]2020-10-28T20:46:13.780-0800: 0.777: [weak refs processing, 0.0000181 secs]2020-10-28T20:46:13.780-0800: 0.777: [class unloading, 0.0002111 secs]2020-10-28T20:46:13.780-0800: 0.778: [scrub symbol table, 0.0003326 secs]2020-10-28T20:46:13.780-0800: 0.778: [scrub string table, 0.0002330 secs][1 CMS-remark: 174701K(174784K)] 252113K(253440K), 0.0011830 secs] [Times: user=0.00 sys=0.00, real=0.00 secs] 
2020-10-28T20:46:13.781-0800: 0.778: [CMS-concurrent-sweep-start]
2020-10-28T20:46:13.781-0800: 0.778: [Full GC (Allocation Failure) 2020-10-28T20:46:13.781-0800: 0.778: [CMS2020-10-28T20:46:13.781-0800: 0.779: [CMS-concurrent-sweep: 0.000/0.000 secs] [Times: user=0.00 sys=0.00, real=0.00 secs] 
 (concurrent mode failure): 174701K->174612K(174784K), 0.0325747 secs] 253082K->244425K(253440K), [Metaspace: 2711K->2711K(1056768K)], 0.0326463 secs] [Times: user=0.04 sys=0.00, real=0.03 secs] 
2020-10-28T20:46:13.816-0800: 0.813: [Full GC (Allocation Failure) 2020-10-28T20:46:13.816-0800: 0.813: [CMS: 174612K->174763K(174784K), 0.0352456 secs] 253009K->243517K(253440K), [Metaspace: 2711K->2711K(1056768K)], 0.0353115 secs] [Times: user=0.03 sys=0.00, real=0.04 secs] 
2020-10-28T20:46:13.851-0800: 0.849: [GC (CMS Initial Mark) [1 CMS-initial-mark: 174763K(174784K)] 243843K(253440K), 0.0002384 secs] [Times: user=0.00 sys=0.00, real=0.00 secs] 
2020-10-28T20:46:13.852-0800: 0.849: [CMS-concurrent-mark-start]
2020-10-28T20:46:13.852-0800: 0.850: [CMS-concurrent-mark: 0.001/0.001 secs] [Times: user=0.01 sys=0.00, real=0.00 secs] 
2020-10-28T20:46:13.852-0800: 0.850: [CMS-concurrent-preclean-start]
2020-10-28T20:46:13.853-0800: 0.851: [Full GC (Allocation Failure) 2020-10-28T20:46:13.853-0800: 0.851: [CMS2020-10-28T20:46:13.853-0800: 0.851: [CMS-concurrent-preclean: 0.001/0.001 secs] [Times: user=0.00 sys=0.00, real=0.00 secs] 
 (concurrent mode failure): 174763K->174703K(174784K), 0.0261744 secs] 253356K->246609K(253440K), [Metaspace: 2711K->2711K(1056768K)], 0.0262405 secs] [Times: user=0.02 sys=0.00, real=0.02 secs] 
2020-10-28T20:46:13.881-0800: 0.878: [Full GC (Allocation Failure) 2020-10-28T20:46:13.881-0800: 0.878: [CMS: 174703K->174220K(174784K), 0.0284567 secs] 253264K->245952K(253440K), [Metaspace: 2711K->2711K(1056768K)], 0.0285290 secs] [Times: user=0.02 sys=0.00, real=0.02 secs] 
2020-10-28T20:46:13.909-0800: 0.907: [GC (CMS Initial Mark) [1 CMS-initial-mark: 174220K(174784K)] 246195K(253440K), 0.0002485 secs] [Times: user=0.00 sys=0.00, real=0.01 secs] 
2020-10-28T20:46:13.910-0800: 0.907: [CMS-concurrent-mark-start]
2020-10-28T20:46:13.910-0800: 0.908: [CMS-concurrent-mark: 0.001/0.001 secs] [Times: user=0.01 sys=0.00, real=0.00 secs] 
2020-10-28T20:46:13.910-0800: 0.908: [CMS-concurrent-preclean-start]
2020-10-28T20:46:13.911-0800: 0.909: [Full GC (Allocation Failure) 2020-10-28T20:46:13.911-0800: 0.909: [CMS2020-10-28T20:46:13.912-0800: 0.909: [CMS-concurrent-preclean: 0.001/0.001 secs] [Times: user=0.00 sys=0.00, real=0.00 secs] 
 (concurrent mode failure): 174220K->174627K(174784K), 0.0283373 secs] 252501K->247850K(253440K), [Metaspace: 2711K->2711K(1056768K)], 0.0284060 secs] [Times: user=0.03 sys=0.00, real=0.03 secs] 
2020-10-28T20:46:13.941-0800: 0.938: [Full GC (Allocation Failure) 2020-10-28T20:46:13.941-0800: 0.938: [CMS: 174627K->174434K(174784K), 0.0191087 secs] 252905K->249138K(253440K), [Metaspace: 2711K->2711K(1056768K)], 0.0192043 secs] [Times: user=0.02 sys=0.00, real=0.02 secs] 
2020-10-28T20:46:13.960-0800: 0.958: [GC (CMS Initial Mark) [1 CMS-initial-mark: 174434K(174784K)] 249516K(253440K), 0.0002776 secs] [Times: user=0.00 sys=0.00, real=0.00 secs] 
2020-10-28T20:46:13.961-0800: 0.958: [CMS-concurrent-mark-start]
2020-10-28T20:46:13.961-0800: 0.959: [Full GC (Allocation Failure) 2020-10-28T20:46:13.961-0800: 0.959: [CMS2020-10-28T20:46:13.962-0800: 0.960: [CMS-concurrent-mark: 0.001/0.002 secs] [Times: user=0.00 sys=0.00, real=0.00 secs] 
 (concurrent mode failure): 174434K->174713K(174784K), 0.0318915 secs] 253008K->247830K(253440K), [Metaspace: 2711K->2711K(1056768K)], 0.0319690 secs] [Times: user=0.03 sys=0.00, real=0.03 secs] 
2020-10-28T20:46:13.994-0800: 0.992: [Full GC (Allocation Failure) 2020-10-28T20:46:13.994-0800: 0.992: [CMS: 174713K->174430K(174784K), 0.0319435 secs] 253338K->248128K(253440K), [Metaspace: 2711K->2711K(1056768K)], 0.0320196 secs] [Times: user=0.03 sys=0.01, real=0.03 secs] 
2020-10-28T20:46:14.027-0800: 1.024: [GC (CMS Initial Mark) [1 CMS-initial-mark: 174430K(174784K)] 248295K(253440K), 0.0002184 secs] [Times: user=0.00 sys=0.00, real=0.00 secs] 
2020-10-28T20:46:14.027-0800: 1.024: [CMS-concurrent-mark-start]
2020-10-28T20:46:14.027-0800: 1.025: [CMS-concurrent-mark: 0.001/0.001 secs] [Times: user=0.00 sys=0.00, real=0.00 secs] 
2020-10-28T20:46:14.028-0800: 1.025: [CMS-concurrent-preclean-start]
2020-10-28T20:46:14.028-0800: 1.026: [Full GC (Allocation Failure) 2020-10-28T20:46:14.028-0800: 1.026: [CMS2020-10-28T20:46:14.029-0800: 1.026: [CMS-concurrent-preclean: 0.001/0.001 secs] [Times: user=0.01 sys=0.00, real=0.00 secs] 
 (concurrent mode failure): 174430K->174294K(174784K), 0.0260008 secs] 252615K->248077K(253440K), [Metaspace: 2711K->2711K(1056768K)], 0.0260662 secs] [Times: user=0.02 sys=0.00, real=0.03 secs] 
2020-10-28T20:46:14.055-0800: 1.053: [Full GC (Allocation Failure) 2020-10-28T20:46:14.055-0800: 1.053: [CMS: 174465K->174772K(174784K), 0.0282776 secs] 253089K->249741K(253440K), [Metaspace: 2711K->2711K(1056768K)], 0.0283474 secs] [Times: user=0.03 sys=0.00, real=0.03 secs] 
2020-10-28T20:46:14.084-0800: 1.081: [GC (CMS Initial Mark) [1 CMS-initial-mark: 174772K(174784K)] 249943K(253440K), 0.0002834 secs] [Times: user=0.00 sys=0.00, real=0.00 secs] 
2020-10-28T20:46:14.084-0800: 1.081: [CMS-concurrent-mark-start]
Heap
 par new generation   total 78656K, used 75200K [0x00000007b0000000, 0x00000007b5550000, 0x00000007b5550000)
  eden space 69952K, 100% used [0x00000007b0000000, 0x00000007b4450000, 0x00000007b4450000)
  from space 8704K,  60% used [0x00000007b4cd0000, 0x00000007b51f0368, 0x00000007b5550000)
  to   space 8704K,   0% used [0x00000007b4450000, 0x00000007b4450000, 0x00000007b4cd0000)
 concurrent mark-sweep generation total 174784K, used 174772K [0x00000007b5550000, 0x00000007c0000000, 0x00000007c0000000)
 Metaspace       used 2717K, capacity 4486K, committed 4864K, reserved 1056768K
  class space    used 296K, capacity 386K, committed 512K, reserved 1048576K
