Java HotSpot(TM) 64-Bit Server VM (25.181-b13) for bsd-amd64 JRE (1.8.0_181-b13), built on Jul  7 2018 01:02:31 by "java_re" with gcc 4.2.1 (Based on Apple Inc. build 5658) (LLVM build 2336.11.00)
Memory: 4k page, physical 33554432k(203368k free)

/proc/meminfo:

CommandLine flags: -XX:InitialHeapSize=536870912 -XX:MaxHeapSize=8589934592 -XX:MaxNewSize=872415232 -XX:MaxTenuringThreshold=6 -XX:OldPLABSize=16 -XX:+PrintGC -XX:+PrintGCDateStamps -XX:+PrintGCDetails -XX:+PrintGCTimeStamps -XX:+UseCompressedClassPointers -XX:+UseCompressedOops -XX:+UseConcMarkSweepGC -XX:+UseParNewGC 
2020-10-28T23:08:13.797-0800: 0.611: [GC (Allocation Failure) 2020-10-28T23:08:13.797-0800: 0.611: [ParNew: 139776K->7205K(157248K), 0.0069104 secs] 139776K->7205K(506816K), 0.0070304 secs] [Times: user=0.04 sys=0.01, real=0.01 secs] 
2020-10-28T23:08:14.082-0800: 0.895: [GC (Allocation Failure) 2020-10-28T23:08:14.082-0800: 0.895: [ParNew: 146981K->12175K(157248K), 0.0071387 secs] 146981K->12175K(506816K), 0.0072301 secs] [Times: user=0.04 sys=0.01, real=0.00 secs] 
2020-10-28T23:08:14.089-0800: 0.903: [GC (CMS Initial Mark) [1 CMS-initial-mark: 0K(349568K)] 14536K(506816K), 0.0010932 secs] [Times: user=0.01 sys=0.00, real=0.01 secs] 
2020-10-28T23:08:14.090-0800: 0.904: [CMS-concurrent-mark-start]
2020-10-28T23:08:14.091-0800: 0.905: [CMS-concurrent-mark: 0.001/0.001 secs] [Times: user=0.01 sys=0.00, real=0.00 secs] 
2020-10-28T23:08:14.091-0800: 0.905: [CMS-concurrent-preclean-start]
2020-10-28T23:08:14.093-0800: 0.907: [CMS-concurrent-preclean: 0.002/0.002 secs] [Times: user=0.01 sys=0.00, real=0.00 secs] 
2020-10-28T23:08:14.093-0800: 0.907: [CMS-concurrent-abortable-preclean-start]
2020-10-28T23:08:14.388-0800: 1.202: [CMS-concurrent-abortable-preclean: 0.208/0.295 secs] [Times: user=1.75 sys=0.04, real=0.29 secs] 
2020-10-28T23:08:14.388-0800: 1.202: [GC (CMS Final Remark) [YG occupancy: 92315 K (157248 K)]2020-10-28T23:08:14.388-0800: 1.202: [Rescan (parallel) , 0.0058740 secs]2020-10-28T23:08:14.394-0800: 1.208: [weak refs processing, 0.0000295 secs]2020-10-28T23:08:14.394-0800: 1.208: [class unloading, 0.0036030 secs]2020-10-28T23:08:14.398-0800: 1.211: [scrub symbol table, 0.0031468 secs]2020-10-28T23:08:14.401-0800: 1.215: [scrub string table, 0.0002813 secs][1 CMS-remark: 0K(349568K)] 92315K(506816K), 0.0137966 secs] [Times: user=0.07 sys=0.00, real=0.02 secs] 
2020-10-28T23:08:14.402-0800: 1.216: [CMS-concurrent-sweep-start]
2020-10-28T23:08:14.402-0800: 1.216: [CMS-concurrent-sweep: 0.000/0.000 secs] [Times: user=0.00 sys=0.00, real=0.00 secs] 
2020-10-28T23:08:14.402-0800: 1.216: [CMS-concurrent-reset-start]
2020-10-28T23:08:14.461-0800: 1.275: [CMS-concurrent-reset: 0.059/0.059 secs] [Times: user=0.26 sys=0.03, real=0.06 secs] 
2020-10-28T23:08:14.654-0800: 1.467: [GC (Allocation Failure) 2020-10-28T23:08:14.654-0800: 1.468: [ParNew: 151951K->10264K(157248K), 0.0229255 secs] 151951K->13574K(506816K), 0.0230063 secs] [Times: user=0.13 sys=0.01, real=0.02 secs] 
2020-10-28T23:08:15.380-0800: 2.193: [GC (Allocation Failure) 2020-10-28T23:08:15.380-0800: 2.194: [ParNew: 150040K->17187K(157248K), 0.0080720 secs] 153350K->20497K(506816K), 0.0082166 secs] [Times: user=0.05 sys=0.00, real=0.00 secs] 
2020-10-28T23:08:15.805-0800: 2.619: [GC (Allocation Failure) 2020-10-28T23:08:15.805-0800: 2.619: [ParNew: 156963K->11412K(157248K), 0.0227125 secs] 160273K->27029K(506816K), 0.0228149 secs] [Times: user=0.13 sys=0.02, real=0.02 secs] 
2020-10-28T23:08:23.891-0800: 10.704: [GC (Allocation Failure) 2020-10-28T23:08:23.891-0800: 10.704: [ParNew: 151188K->10302K(157248K), 0.0045965 secs] 166805K->25918K(506816K), 0.0047019 secs] [Times: user=0.05 sys=0.00, real=0.00 secs] 
2020-10-28T23:08:24.191-0800: 11.004: [GC (Allocation Failure) 2020-10-28T23:08:24.191-0800: 11.004: [ParNew: 150078K->10614K(157248K), 0.0042636 secs] 165694K->26231K(506816K), 0.0043586 secs] [Times: user=0.04 sys=0.00, real=0.00 secs] 
2020-10-28T23:08:24.476-0800: 11.289: [GC (Allocation Failure) 2020-10-28T23:08:24.476-0800: 11.290: [ParNew: 150390K->10403K(157248K), 0.0048740 secs] 166007K->26020K(506816K), 0.0049971 secs] [Times: user=0.04 sys=0.00, real=0.01 secs] 
2020-10-28T23:08:24.757-0800: 11.570: [GC (Allocation Failure) 2020-10-28T23:08:24.757-0800: 11.570: [ParNew: 150179K->10791K(157248K), 0.0049220 secs] 165796K->26408K(506816K), 0.0050239 secs] [Times: user=0.04 sys=0.00, real=0.01 secs] 
2020-10-28T23:08:25.013-0800: 11.827: [GC (Allocation Failure) 2020-10-28T23:08:25.013-0800: 11.827: [ParNew: 150567K->11678K(157248K), 0.0045167 secs] 166184K->27295K(506816K), 0.0046208 secs] [Times: user=0.04 sys=0.00, real=0.00 secs] 
2020-10-28T23:08:25.257-0800: 12.070: [GC (Allocation Failure) 2020-10-28T23:08:25.257-0800: 12.070: [ParNew: 151454K->10134K(157248K), 0.0052974 secs] 167071K->28225K(506816K), 0.0053839 secs] [Times: user=0.04 sys=0.00, real=0.01 secs] 
2020-10-28T23:08:25.488-0800: 12.301: [GC (Allocation Failure) 2020-10-28T23:08:25.488-0800: 12.301: [ParNew: 149910K->4060K(157248K), 0.0061347 secs] 168001K->27539K(506816K), 0.0062187 secs] [Times: user=0.04 sys=0.00, real=0.01 secs] 
2020-10-28T23:08:25.705-0800: 12.518: [GC (Allocation Failure) 2020-10-28T23:08:25.705-0800: 12.518: [ParNew: 143836K->1060K(157248K), 0.0043057 secs] 167315K->24573K(506816K), 0.0043900 secs] [Times: user=0.04 sys=0.00, real=0.00 secs] 
2020-10-28T23:08:25.915-0800: 12.728: [GC (Allocation Failure) 2020-10-28T23:08:25.915-0800: 12.728: [ParNew: 140836K->296K(157248K), 0.0038241 secs] 164349K->23875K(506816K), 0.0039165 secs] [Times: user=0.03 sys=0.00, real=0.00 secs] 
2020-10-28T23:08:26.119-0800: 12.932: [GC (Allocation Failure) 2020-10-28T23:08:26.119-0800: 12.932: [ParNew: 140072K->200K(157248K), 0.0040262 secs] 163651K->23784K(506816K), 0.0041174 secs] [Times: user=0.04 sys=0.00, real=0.01 secs] 
2020-10-28T23:08:26.324-0800: 13.137: [GC (Allocation Failure) 2020-10-28T23:08:26.324-0800: 13.137: [ParNew: 139976K->251K(157248K), 0.0035844 secs] 163560K->23837K(506816K), 0.0037044 secs] [Times: user=0.04 sys=0.00, real=0.00 secs] 
2020-10-28T23:08:26.509-0800: 13.322: [GC (Allocation Failure) 2020-10-28T23:08:26.509-0800: 13.322: [ParNew: 140027K->215K(157248K), 0.0037150 secs] 163613K->23804K(506816K), 0.0038088 secs] [Times: user=0.03 sys=0.00, real=0.01 secs] 
2020-10-28T23:08:26.674-0800: 13.487: [GC (Allocation Failure) 2020-10-28T23:08:26.674-0800: 13.487: [ParNew: 139991K->288K(157248K), 0.0041588 secs] 163580K->23883K(506816K), 0.0042653 secs] [Times: user=0.03 sys=0.00, real=0.00 secs] 
2020-10-28T23:08:26.809-0800: 13.623: [GC (Allocation Failure) 2020-10-28T23:08:26.809-0800: 13.623: [ParNew: 140061K->271K(157248K), 0.0040256 secs] 163656K->23868K(506816K), 0.0041207 secs] [Times: user=0.03 sys=0.01, real=0.01 secs] 
2020-10-28T23:08:26.960-0800: 13.773: [GC (Allocation Failure) 2020-10-28T23:08:26.960-0800: 13.773: [ParNew: 140047K->143K(157248K), 0.0041337 secs] 163644K->23744K(506816K), 0.0042260 secs] [Times: user=0.04 sys=0.00, real=0.00 secs] 
2020-10-28T23:08:27.105-0800: 13.918: [GC (Allocation Failure) 2020-10-28T23:08:27.105-0800: 13.918: [ParNew: 139919K->127K(157248K), 0.0045002 secs] 163520K->23734K(506816K), 0.0045806 secs] [Times: user=0.05 sys=0.00, real=0.00 secs] 
2020-10-28T23:08:27.253-0800: 14.066: [GC (Allocation Failure) 2020-10-28T23:08:27.253-0800: 14.066: [ParNew: 139903K->144K(157248K), 0.0044111 secs] 163510K->23757K(506816K), 0.0044988 secs] [Times: user=0.05 sys=0.00, real=0.00 secs] 
2020-10-28T23:08:27.404-0800: 14.217: [GC (Allocation Failure) 2020-10-28T23:08:27.404-0800: 14.217: [ParNew: 139920K->136K(157248K), 0.0038115 secs] 163533K->23761K(506816K), 0.0038968 secs] [Times: user=0.04 sys=0.00, real=0.00 secs] 
2020-10-28T23:08:27.556-0800: 14.369: [GC (Allocation Failure) 2020-10-28T23:08:27.556-0800: 14.370: [ParNew: 139912K->138K(157248K), 0.0039067 secs] 163537K->23769K(506816K), 0.0039854 secs] [Times: user=0.04 sys=0.00, real=0.01 secs] 
2020-10-28T23:08:27.726-0800: 14.539: [GC (Allocation Failure) 2020-10-28T23:08:27.726-0800: 14.539: [ParNew: 139914K->95K(157248K), 0.0042166 secs] 163545K->23728K(506816K), 0.0043161 secs] [Times: user=0.04 sys=0.00, real=0.01 secs] 
2020-10-28T23:08:27.885-0800: 14.698: [GC (Allocation Failure) 2020-10-28T23:08:27.885-0800: 14.698: [ParNew: 139871K->92K(157248K), 0.0040209 secs] 163504K->23725K(506816K), 0.0040927 secs] [Times: user=0.04 sys=0.00, real=0.00 secs] 
2020-10-28T23:08:28.027-0800: 14.840: [GC (Allocation Failure) 2020-10-28T23:08:28.027-0800: 14.840: [ParNew: 139868K->137K(157248K), 0.0044376 secs] 163501K->23771K(506816K), 0.0045272 secs] [Times: user=0.05 sys=0.00, real=0.01 secs] 
2020-10-28T23:08:28.172-0800: 14.985: [GC (Allocation Failure) 2020-10-28T23:08:28.172-0800: 14.985: [ParNew: 139913K->124K(157248K), 0.0039546 secs] 163547K->23757K(506816K), 0.0040397 secs] [Times: user=0.04 sys=0.00, real=0.00 secs] 
2020-10-28T23:08:28.321-0800: 15.134: [GC (Allocation Failure) 2020-10-28T23:08:28.321-0800: 15.134: [ParNew: 139900K->113K(157248K), 0.0040373 secs] 163533K->23746K(506816K), 0.0041112 secs] [Times: user=0.04 sys=0.00, real=0.00 secs] 
2020-10-28T23:08:28.482-0800: 15.295: [GC (Allocation Failure) 2020-10-28T23:08:28.482-0800: 15.295: [ParNew: 139889K->98K(157248K), 0.0038697 secs] 163522K->23731K(506816K), 0.0039566 secs] [Times: user=0.04 sys=0.00, real=0.00 secs] 
2020-10-28T23:08:28.641-0800: 15.454: [GC (Allocation Failure) 2020-10-28T23:08:28.641-0800: 15.454: [ParNew: 139874K->163K(157248K), 0.0038221 secs] 163507K->23797K(506816K), 0.0039092 secs] [Times: user=0.04 sys=0.00, real=0.00 secs] 
2020-10-28T23:08:28.794-0800: 15.607: [GC (Allocation Failure) 2020-10-28T23:08:28.794-0800: 15.607: [ParNew: 139939K->162K(157248K), 0.0037797 secs] 163573K->23796K(506816K), 0.0038547 secs] [Times: user=0.04 sys=0.00, real=0.00 secs] 
2020-10-28T23:08:28.952-0800: 15.765: [GC (Allocation Failure) 2020-10-28T23:08:28.952-0800: 15.765: [ParNew: 139938K->145K(157248K), 0.0037378 secs] 163572K->23779K(506816K), 0.0038435 secs] [Times: user=0.05 sys=0.00, real=0.00 secs] 
2020-10-28T23:08:29.104-0800: 15.917: [GC (Allocation Failure) 2020-10-28T23:08:29.104-0800: 15.917: [ParNew: 139921K->136K(157248K), 0.0042306 secs] 163555K->23769K(506816K), 0.0043274 secs] [Times: user=0.05 sys=0.00, real=0.00 secs] 
2020-10-28T23:08:29.256-0800: 16.069: [GC (Allocation Failure) 2020-10-28T23:08:29.256-0800: 16.070: [ParNew: 139912K->101K(157248K), 0.0039939 secs] 163545K->23734K(506816K), 0.0040710 secs] [Times: user=0.04 sys=0.00, real=0.01 secs] 
2020-10-28T23:08:29.384-0800: 16.197: [GC (Allocation Failure) 2020-10-28T23:08:29.384-0800: 16.197: [ParNew: 139877K->162K(157248K), 0.0041743 secs] 163510K->23796K(506816K), 0.0042582 secs] [Times: user=0.05 sys=0.00, real=0.00 secs] 
2020-10-28T23:08:29.522-0800: 16.335: [GC (Allocation Failure) 2020-10-28T23:08:29.522-0800: 16.336: [ParNew: 139938K->145K(157248K), 0.0039268 secs] 163572K->23793K(506816K), 0.0040692 secs] [Times: user=0.04 sys=0.00, real=0.00 secs] 
2020-10-28T23:08:29.674-0800: 16.487: [GC (Allocation Failure) 2020-10-28T23:08:29.674-0800: 16.487: [ParNew: 139921K->117K(157248K), 0.0037027 secs] 163569K->23765K(506816K), 0.0037770 secs] [Times: user=0.04 sys=0.00, real=0.00 secs] 
2020-10-28T23:08:29.824-0800: 16.638: [GC (Allocation Failure) 2020-10-28T23:08:29.824-0800: 16.638: [ParNew: 139893K->106K(157248K), 0.0038012 secs] 163541K->23754K(506816K), 0.0038830 secs] [Times: user=0.04 sys=0.00, real=0.00 secs] 
2020-10-28T23:08:29.980-0800: 16.793: [GC (Allocation Failure) 2020-10-28T23:08:29.980-0800: 16.793: [ParNew: 139882K->132K(157248K), 0.0040972 secs] 163530K->23780K(506816K), 0.0041945 secs] [Times: user=0.03 sys=0.01, real=0.00 secs] 
2020-10-28T23:08:30.135-0800: 16.948: [GC (Allocation Failure) 2020-10-28T23:08:30.135-0800: 16.948: [ParNew: 139908K->112K(157248K), 0.0036399 secs] 163556K->23761K(506816K), 0.0037239 secs] [Times: user=0.04 sys=0.00, real=0.00 secs] 
2020-10-28T23:08:30.292-0800: 17.105: [GC (Allocation Failure) 2020-10-28T23:08:30.292-0800: 17.105: [ParNew: 139888K->119K(157248K), 0.0038030 secs] 163537K->23768K(506816K), 0.0038873 secs] [Times: user=0.04 sys=0.01, real=0.00 secs] 
2020-10-28T23:08:30.449-0800: 17.262: [GC (Allocation Failure) 2020-10-28T23:08:30.449-0800: 17.262: [ParNew: 139895K->158K(157248K), 0.0038834 secs] 163544K->23807K(506816K), 0.0039903 secs] [Times: user=0.04 sys=0.00, real=0.01 secs] 
2020-10-28T23:08:30.598-0800: 17.411: [GC (Allocation Failure) 2020-10-28T23:08:30.598-0800: 17.411: [ParNew: 139934K->153K(157248K), 0.0041139 secs] 163583K->23802K(506816K), 0.0042092 secs] [Times: user=0.04 sys=0.00, real=0.01 secs] 
2020-10-28T23:08:30.748-0800: 17.561: [GC (Allocation Failure) 2020-10-28T23:08:30.748-0800: 17.561: [ParNew: 139929K->86K(157248K), 0.0046085 secs] 163578K->23736K(506816K), 0.0046933 secs] [Times: user=0.05 sys=0.00, real=0.01 secs] 
2020-10-28T23:08:30.893-0800: 17.706: [GC (Allocation Failure) 2020-10-28T23:08:30.893-0800: 17.706: [ParNew: 139862K->125K(157248K), 0.0039005 secs] 163512K->23775K(506816K), 0.0039883 secs] [Times: user=0.04 sys=0.00, real=0.00 secs] 
2020-10-28T23:08:31.039-0800: 17.852: [GC (Allocation Failure) 2020-10-28T23:08:31.039-0800: 17.852: [ParNew: 139901K->120K(157248K), 0.0041106 secs] 163551K->23770K(506816K), 0.0042049 secs] [Times: user=0.04 sys=0.00, real=0.01 secs] 
2020-10-28T23:08:31.186-0800: 17.999: [GC (Allocation Failure) 2020-10-28T23:08:31.186-0800: 17.999: [ParNew: 139896K->138K(157248K), 0.0039416 secs] 163546K->23788K(506816K), 0.0040323 secs] [Times: user=0.04 sys=0.00, real=0.01 secs] 
2020-10-28T23:08:31.336-0800: 18.149: [GC (Allocation Failure) 2020-10-28T23:08:31.336-0800: 18.149: [ParNew: 139914K->123K(157248K), 0.0041901 secs] 163564K->23774K(506816K), 0.0043171 secs] [Times: user=0.04 sys=0.00, real=0.01 secs] 
2020-10-28T23:08:31.478-0800: 18.291: [GC (Allocation Failure) 2020-10-28T23:08:31.478-0800: 18.291: [ParNew: 139899K->120K(157248K), 0.0037736 secs] 163550K->23770K(506816K), 0.0038553 secs] [Times: user=0.04 sys=0.00, real=0.01 secs] 
2020-10-28T23:08:31.612-0800: 18.425: [GC (Allocation Failure) 2020-10-28T23:08:31.612-0800: 18.425: [ParNew: 139896K->130K(157248K), 0.0046562 secs] 163546K->23781K(506816K), 0.0047573 secs] [Times: user=0.05 sys=0.00, real=0.00 secs] 
2020-10-28T23:08:31.743-0800: 18.556: [GC (Allocation Failure) 2020-10-28T23:08:31.743-0800: 18.556: [ParNew: 139899K->114K(157248K), 0.0041254 secs] 163549K->23764K(506816K), 0.0042165 secs] [Times: user=0.04 sys=0.01, real=0.00 secs] 
2020-10-28T23:08:31.875-0800: 18.688: [GC (Allocation Failure) 2020-10-28T23:08:31.875-0800: 18.688: [ParNew: 139890K->118K(157248K), 0.0039771 secs] 163540K->23769K(506816K), 0.0040679 secs] [Times: user=0.05 sys=0.00, real=0.00 secs] 
2020-10-28T23:08:31.999-0800: 18.812: [GC (Allocation Failure) 2020-10-28T23:08:31.999-0800: 18.812: [ParNew: 139894K->101K(157248K), 0.0036563 secs] 163545K->23752K(506816K), 0.0037491 secs] [Times: user=0.03 sys=0.00, real=0.01 secs] 
2020-10-28T23:08:32.132-0800: 18.945: [GC (Allocation Failure) 2020-10-28T23:08:32.132-0800: 18.945: [ParNew: 139877K->109K(157248K), 0.0040808 secs] 163528K->23760K(506816K), 0.0042099 secs] [Times: user=0.04 sys=0.00, real=0.00 secs] 
2020-10-28T23:08:32.239-0800: 19.052: [GC (Allocation Failure) 2020-10-28T23:08:32.239-0800: 19.053: [ParNew: 139885K->110K(157248K), 0.0036779 secs] 163536K->23761K(506816K), 0.0037563 secs] [Times: user=0.05 sys=0.00, real=0.01 secs] 
2020-10-28T23:08:32.345-0800: 19.159: [GC (Allocation Failure) 2020-10-28T23:08:32.345-0800: 19.159: [ParNew: 139886K->118K(157248K), 0.0040467 secs] 163537K->23769K(506816K), 0.0041351 secs] [Times: user=0.04 sys=0.00, real=0.00 secs] 
2020-10-28T23:08:32.461-0800: 19.274: [GC (Allocation Failure) 2020-10-28T23:08:32.461-0800: 19.274: [ParNew: 139894K->151K(157248K), 0.0038994 secs] 163545K->23804K(506816K), 0.0039838 secs] [Times: user=0.04 sys=0.00, real=0.00 secs] 
2020-10-28T23:08:32.589-0800: 19.402: [GC (Allocation Failure) 2020-10-28T23:08:32.589-0800: 19.402: [ParNew: 139927K->98K(157248K), 0.0037574 secs] 163580K->23752K(506816K), 0.0038419 secs] [Times: user=0.04 sys=0.00, real=0.01 secs] 
2020-10-28T23:08:32.723-0800: 19.536: [GC (Allocation Failure) 2020-10-28T23:08:32.723-0800: 19.537: [ParNew: 139874K->106K(157248K), 0.0036626 secs] 163528K->23759K(506816K), 0.0037388 secs] [Times: user=0.04 sys=0.00, real=0.00 secs] 
2020-10-28T23:08:32.850-0800: 19.663: [GC (Allocation Failure) 2020-10-28T23:08:32.850-0800: 19.663: [ParNew: 139882K->104K(157248K), 0.0035727 secs] 163535K->23757K(506816K), 0.0036592 secs] [Times: user=0.04 sys=0.00, real=0.00 secs] 
2020-10-28T23:08:32.981-0800: 19.795: [GC (Allocation Failure) 2020-10-28T23:08:32.981-0800: 19.795: [ParNew: 139880K->108K(157248K), 0.0042259 secs] 163533K->23762K(506816K), 0.0043164 secs] [Times: user=0.04 sys=0.00, real=0.00 secs] 
2020-10-28T23:08:33.113-0800: 19.926: [GC (Allocation Failure) 2020-10-28T23:08:33.113-0800: 19.926: [ParNew: 139884K->97K(157248K), 0.0044221 secs] 163538K->23751K(506816K), 0.0045068 secs] [Times: user=0.04 sys=0.00, real=0.00 secs] 
2020-10-28T23:08:33.244-0800: 20.058: [GC (Allocation Failure) 2020-10-28T23:08:33.244-0800: 20.058: [ParNew: 139873K->122K(157248K), 0.0039934 secs] 163527K->23776K(506816K), 0.0040794 secs] [Times: user=0.04 sys=0.00, real=0.00 secs] 
2020-10-28T23:08:33.376-0800: 20.189: [GC (Allocation Failure) 2020-10-28T23:08:33.376-0800: 20.189: [ParNew: 139898K->146K(157248K), 0.0037125 secs] 163552K->23800K(506816K), 0.0037949 secs] [Times: user=0.04 sys=0.01, real=0.01 secs] 
2020-10-28T23:08:33.524-0800: 20.337: [GC (Allocation Failure) 2020-10-28T23:08:33.524-0800: 20.337: [ParNew: 139922K->88K(157248K), 0.0032627 secs] 163576K->23742K(506816K), 0.0033431 secs] [Times: user=0.04 sys=0.00, real=0.00 secs] 
2020-10-28T23:08:33.676-0800: 20.489: [GC (Allocation Failure) 2020-10-28T23:08:33.676-0800: 20.489: [ParNew: 139864K->125K(157248K), 0.0043692 secs] 163518K->23779K(506816K), 0.0044556 secs] [Times: user=0.05 sys=0.00, real=0.01 secs] 
2020-10-28T23:08:33.822-0800: 20.635: [GC (Allocation Failure) 2020-10-28T23:08:33.822-0800: 20.635: [ParNew: 139901K->127K(157248K), 0.0038098 secs] 163555K->23781K(506816K), 0.0038869 secs] [Times: user=0.03 sys=0.00, real=0.00 secs] 
2020-10-28T23:08:34.014-0800: 20.827: [GC (Allocation Failure) 2020-10-28T23:08:34.014-0800: 20.827: [ParNew: 139903K->146K(157248K), 0.0038161 secs] 163557K->23800K(506816K), 0.0039042 secs] [Times: user=0.04 sys=0.00, real=0.00 secs] 
2020-10-28T23:08:34.156-0800: 20.969: [GC (Allocation Failure) 2020-10-28T23:08:34.156-0800: 20.969: [ParNew: 139922K->156K(157248K), 0.0037431 secs] 163576K->23810K(506816K), 0.0038278 secs] [Times: user=0.04 sys=0.00, real=0.01 secs] 
2020-10-28T23:08:34.291-0800: 21.104: [GC (Allocation Failure) 2020-10-28T23:08:34.291-0800: 21.104: [ParNew: 139932K->177K(157248K), 0.0040076 secs] 163586K->23831K(506816K), 0.0041049 secs] [Times: user=0.03 sys=0.00, real=0.00 secs] 
2020-10-28T23:08:34.417-0800: 21.230: [GC (Allocation Failure) 2020-10-28T23:08:34.417-0800: 21.230: [ParNew: 139953K->176K(157248K), 0.0038013 secs] 163607K->23835K(506816K), 0.0039092 secs] [Times: user=0.04 sys=0.00, real=0.01 secs] 
2020-10-28T23:08:34.545-0800: 21.358: [GC (Allocation Failure) 2020-10-28T23:08:34.545-0800: 21.359: [ParNew: 139952K->123K(157248K), 0.0037723 secs] 163611K->23800K(506816K), 0.0038592 secs] [Times: user=0.04 sys=0.00, real=0.00 secs] 
2020-10-28T23:08:34.677-0800: 21.490: [GC (Allocation Failure) 2020-10-28T23:08:34.677-0800: 21.490: [ParNew: 139899K->139K(157248K), 0.0037399 secs] 163576K->23816K(506816K), 0.0038299 secs] [Times: user=0.04 sys=0.00, real=0.01 secs] 
2020-10-28T23:08:34.800-0800: 21.613: [GC (Allocation Failure) 2020-10-28T23:08:34.800-0800: 21.613: [ParNew: 139915K->168K(157248K), 0.0037196 secs] 163592K->23849K(506816K), 0.0038358 secs] [Times: user=0.04 sys=0.00, real=0.00 secs] 
2020-10-28T23:08:34.928-0800: 21.741: [GC (Allocation Failure) 2020-10-28T23:08:34.928-0800: 21.741: [ParNew: 139944K->128K(157248K), 0.0039428 secs] 163625K->23811K(506816K), 0.0040384 secs] [Times: user=0.04 sys=0.00, real=0.01 secs] 
2020-10-28T23:08:35.046-0800: 21.859: [GC (Allocation Failure) 2020-10-28T23:08:35.046-0800: 21.859: [ParNew: 139904K->114K(157248K), 0.0040964 secs] 163587K->23799K(506816K), 0.0041859 secs] [Times: user=0.04 sys=0.00, real=0.01 secs] 
2020-10-28T23:08:35.168-0800: 21.981: [GC (Allocation Failure) 2020-10-28T23:08:35.168-0800: 21.981: [ParNew: 139890K->129K(157248K), 0.0042771 secs] 163575K->23815K(506816K), 0.0043609 secs] [Times: user=0.05 sys=0.00, real=0.01 secs] 
2020-10-28T23:08:35.292-0800: 22.105: [GC (Allocation Failure) 2020-10-28T23:08:35.292-0800: 22.105: [ParNew: 139905K->154K(157248K), 0.0044786 secs] 163591K->23842K(506816K), 0.0045930 secs] [Times: user=0.03 sys=0.00, real=0.00 secs] 
2020-10-28T23:08:35.411-0800: 22.224: [GC (Allocation Failure) 2020-10-28T23:08:35.411-0800: 22.224: [ParNew: 139930K->99K(157248K), 0.0036360 secs] 163618K->23789K(506816K), 0.0037330 secs] [Times: user=0.04 sys=0.00, real=0.00 secs] 
2020-10-28T23:08:35.520-0800: 22.333: [GC (Allocation Failure) 2020-10-28T23:08:35.520-0800: 22.333: [ParNew: 139875K->136K(157248K), 0.0030735 secs] 163565K->23828K(506816K), 0.0031502 secs] [Times: user=0.04 sys=0.00, real=0.00 secs] 
2020-10-28T23:08:35.624-0800: 22.438: [GC (Allocation Failure) 2020-10-28T23:08:35.625-0800: 22.438: [ParNew: 139912K->169K(157248K), 0.0036599 secs] 163604K->23861K(506816K), 0.0037427 secs] [Times: user=0.04 sys=0.00, real=0.00 secs] 
2020-10-28T23:08:35.719-0800: 22.532: [GC (Allocation Failure) 2020-10-28T23:08:35.719-0800: 22.532: [ParNew: 139945K->162K(157248K), 0.0040126 secs] 163637K->23854K(506816K), 0.0040995 secs] [Times: user=0.03 sys=0.00, real=0.01 secs] 
2020-10-28T23:08:35.813-0800: 22.626: [GC (Allocation Failure) 2020-10-28T23:08:35.813-0800: 22.626: [ParNew: 139938K->133K(157248K), 0.0039022 secs] 163630K->23825K(506816K), 0.0039815 secs] [Times: user=0.04 sys=0.00, real=0.00 secs] 
2020-10-28T23:08:35.898-0800: 22.711: [GC (Allocation Failure) 2020-10-28T23:08:35.898-0800: 22.711: [ParNew: 139909K->147K(157248K), 0.0034717 secs] 163601K->23839K(506816K), 0.0035546 secs] [Times: user=0.03 sys=0.00, real=0.01 secs] 
2020-10-28T23:08:35.990-0800: 22.803: [GC (Allocation Failure) 2020-10-28T23:08:35.990-0800: 22.803: [ParNew: 139923K->139K(157248K), 0.0040518 secs] 163615K->23831K(506816K), 0.0041382 secs] [Times: user=0.04 sys=0.00, real=0.00 secs] 
2020-10-28T23:08:36.084-0800: 22.897: [GC (Allocation Failure) 2020-10-28T23:08:36.084-0800: 22.897: [ParNew: 139915K->165K(157248K), 0.0036736 secs] 163607K->23866K(506816K), 0.0037509 secs] [Times: user=0.03 sys=0.00, real=0.00 secs] 
2020-10-28T23:08:36.176-0800: 22.989: [GC (Allocation Failure) 2020-10-28T23:08:36.176-0800: 22.990: [ParNew: 139941K->130K(157248K), 0.0037223 secs] 163642K->23832K(506816K), 0.0038073 secs] [Times: user=0.03 sys=0.00, real=0.01 secs] 
2020-10-28T23:08:36.264-0800: 23.078: [GC (Allocation Failure) 2020-10-28T23:08:36.264-0800: 23.078: [ParNew: 139906K->126K(157248K), 0.0034210 secs] 163608K->23828K(506816K), 0.0034999 secs] [Times: user=0.03 sys=0.00, real=0.00 secs] 
2020-10-28T23:08:36.358-0800: 23.171: [GC (Allocation Failure) 2020-10-28T23:08:36.358-0800: 23.171: [ParNew: 139902K->124K(157248K), 0.0033978 secs] 163604K->23826K(506816K), 0.0034759 secs] [Times: user=0.03 sys=0.00, real=0.01 secs] 
2020-10-28T23:08:36.450-0800: 23.263: [GC (Allocation Failure) 2020-10-28T23:08:36.450-0800: 23.263: [ParNew: 139896K->129K(157248K), 0.0035928 secs] 163598K->23831K(506816K), 0.0036657 secs] [Times: user=0.03 sys=0.00, real=0.00 secs] 
2020-10-28T23:08:36.550-0800: 23.363: [GC (Allocation Failure) 2020-10-28T23:08:36.550-0800: 23.363: [ParNew: 139905K->143K(157248K), 0.0035975 secs] 163607K->23845K(506816K), 0.0036753 secs] [Times: user=0.03 sys=0.00, real=0.00 secs] 
2020-10-28T23:08:36.658-0800: 23.472: [GC (Allocation Failure) 2020-10-28T23:08:36.659-0800: 23.472: [ParNew: 139919K->138K(157248K), 0.0037098 secs] 163621K->23840K(506816K), 0.0037956 secs] [Times: user=0.04 sys=0.00, real=0.01 secs] 
2020-10-28T23:08:36.748-0800: 23.561: [GC (Allocation Failure) 2020-10-28T23:08:36.748-0800: 23.561: [ParNew: 139914K->107K(157248K), 0.0036271 secs] 163616K->23809K(506816K), 0.0037010 secs] [Times: user=0.03 sys=0.00, real=0.01 secs] 
2020-10-28T23:08:36.839-0800: 23.652: [GC (Allocation Failure) 2020-10-28T23:08:36.839-0800: 23.652: [ParNew: 139883K->107K(157248K), 0.0037482 secs] 163585K->23809K(506816K), 0.0038608 secs] [Times: user=0.03 sys=0.00, real=0.01 secs] 
2020-10-28T23:08:36.939-0800: 23.752: [GC (Allocation Failure) 2020-10-28T23:08:36.939-0800: 23.752: [ParNew: 139883K->121K(157248K), 0.0036569 secs] 163585K->23823K(506816K), 0.0037404 secs] [Times: user=0.04 sys=0.00, real=0.01 secs] 
2020-10-28T23:08:37.031-0800: 23.844: [GC (Allocation Failure) 2020-10-28T23:08:37.031-0800: 23.844: [ParNew: 139897K->144K(157248K), 0.0037429 secs] 163599K->23846K(506816K), 0.0038279 secs] [Times: user=0.03 sys=0.00, real=0.00 secs] 
2020-10-28T23:08:37.122-0800: 23.936: [GC (Allocation Failure) 2020-10-28T23:08:37.122-0800: 23.936: [ParNew: 139920K->120K(157248K), 0.0040312 secs] 163622K->23822K(506816K), 0.0041196 secs] [Times: user=0.03 sys=0.00, real=0.00 secs] 
2020-10-28T23:08:37.215-0800: 24.028: [GC (Allocation Failure) 2020-10-28T23:08:37.215-0800: 24.028: [ParNew: 139896K->140K(157248K), 0.0035697 secs] 163598K->23842K(506816K), 0.0036458 secs] [Times: user=0.04 sys=0.00, real=0.00 secs] 
2020-10-28T23:08:37.302-0800: 24.115: [GC (Allocation Failure) 2020-10-28T23:08:37.302-0800: 24.115: [ParNew: 139909K->144K(157248K), 0.0030727 secs] 163611K->23847K(506816K), 0.0031476 secs] [Times: user=0.03 sys=0.00, real=0.00 secs] 
2020-10-28T23:08:37.393-0800: 24.206: [GC (Allocation Failure) 2020-10-28T23:08:37.393-0800: 24.206: [ParNew: 139920K->143K(157248K), 0.0038099 secs] 163623K->23845K(506816K), 0.0038969 secs] [Times: user=0.03 sys=0.00, real=0.00 secs] 
2020-10-28T23:08:37.480-0800: 24.293: [GC (Allocation Failure) 2020-10-28T23:08:37.480-0800: 24.293: [ParNew: 139919K->134K(157248K), 0.0035808 secs] 163621K->23836K(506816K), 0.0036541 secs] [Times: user=0.04 sys=0.00, real=0.00 secs] 
2020-10-28T23:08:37.565-0800: 24.378: [GC (Allocation Failure) 2020-10-28T23:08:37.565-0800: 24.378: [ParNew: 139910K->133K(157248K), 0.0042656 secs] 163612K->23835K(506816K), 0.0043540 secs] [Times: user=0.04 sys=0.00, real=0.00 secs] 
2020-10-28T23:08:37.656-0800: 24.469: [GC (Allocation Failure) 2020-10-28T23:08:37.656-0800: 24.469: [ParNew: 139909K->125K(157248K), 0.0035234 secs] 163611K->23827K(506816K), 0.0035951 secs] [Times: user=0.03 sys=0.00, real=0.01 secs] 
2020-10-28T23:08:37.750-0800: 24.563: [GC (Allocation Failure) 2020-10-28T23:08:37.750-0800: 24.563: [ParNew: 139901K->125K(157248K), 0.0035376 secs] 163603K->23827K(506816K), 0.0036130 secs] [Times: user=0.03 sys=0.00, real=0.00 secs] 
2020-10-28T23:08:37.845-0800: 24.658: [GC (Allocation Failure) 2020-10-28T23:08:37.845-0800: 24.658: [ParNew: 139901K->156K(157248K), 0.0035912 secs] 163603K->23858K(506816K), 0.0036730 secs] [Times: user=0.03 sys=0.00, real=0.00 secs] 
2020-10-28T23:08:37.931-0800: 24.744: [GC (Allocation Failure) 2020-10-28T23:08:37.931-0800: 24.744: [ParNew: 139932K->170K(157248K), 0.0035474 secs] 163634K->23872K(506816K), 0.0036205 secs] [Times: user=0.03 sys=0.00, real=0.00 secs] 
2020-10-28T23:08:38.029-0800: 24.842: [GC (Allocation Failure) 2020-10-28T23:08:38.029-0800: 24.842: [ParNew: 139946K->145K(157248K), 0.0039532 secs] 163648K->23848K(506816K), 0.0040391 secs] [Times: user=0.03 sys=0.00, real=0.01 secs] 
2020-10-28T23:08:38.120-0800: 24.934: [GC (Allocation Failure) 2020-10-28T23:08:38.121-0800: 24.934: [ParNew: 139921K->124K(157248K), 0.0036477 secs] 163624K->23826K(506816K), 0.0037332 secs] [Times: user=0.03 sys=0.00, real=0.00 secs] 
2020-10-28T23:08:38.216-0800: 25.029: [GC (Allocation Failure) 2020-10-28T23:08:38.216-0800: 25.030: [ParNew: 139900K->134K(157248K), 0.0035220 secs] 163602K->23836K(506816K), 0.0036051 secs] [Times: user=0.03 sys=0.00, real=0.01 secs] 
2020-10-28T23:08:38.306-0800: 25.119: [GC (Allocation Failure) 2020-10-28T23:08:38.306-0800: 25.119: [ParNew: 139910K->137K(157248K), 0.0036524 secs] 163612K->23839K(506816K), 0.0037334 secs] [Times: user=0.04 sys=0.01, real=0.00 secs] 
2020-10-28T23:08:38.408-0800: 25.221: [GC (Allocation Failure) 2020-10-28T23:08:38.408-0800: 25.221: [ParNew: 139913K->112K(157248K), 0.0036012 secs] 163615K->23815K(506816K), 0.0036721 secs] [Times: user=0.03 sys=0.00, real=0.01 secs] 
2020-10-28T23:08:38.505-0800: 25.318: [GC (Allocation Failure) 2020-10-28T23:08:38.505-0800: 25.318: [ParNew: 139888K->114K(157248K), 0.0033432 secs] 163591K->23817K(506816K), 0.0034324 secs] [Times: user=0.03 sys=0.00, real=0.00 secs] 
2020-10-28T23:08:38.594-0800: 25.407: [GC (Allocation Failure) 2020-10-28T23:08:38.594-0800: 25.407: [ParNew: 139890K->129K(157248K), 0.0035264 secs] 163593K->23831K(506816K), 0.0036003 secs] [Times: user=0.03 sys=0.00, real=0.00 secs] 
2020-10-28T23:08:38.685-0800: 25.498: [GC (Allocation Failure) 2020-10-28T23:08:38.685-0800: 25.498: [ParNew: 139905K->118K(157248K), 0.0035357 secs] 163607K->23820K(506816K), 0.0036118 secs] [Times: user=0.03 sys=0.00, real=0.00 secs] 
2020-10-28T23:08:38.770-0800: 25.583: [GC (Allocation Failure) 2020-10-28T23:08:38.770-0800: 25.583: [ParNew: 139894K->127K(157248K), 0.0036591 secs] 163596K->23829K(506816K), 0.0037411 secs] [Times: user=0.03 sys=0.00, real=0.00 secs] 
2020-10-28T23:08:38.857-0800: 25.670: [GC (Allocation Failure) 2020-10-28T23:08:38.857-0800: 25.670: [ParNew: 139903K->110K(157248K), 0.0035075 secs] 163605K->23813K(506816K), 0.0035801 secs] [Times: user=0.03 sys=0.00, real=0.01 secs] 
2020-10-28T23:08:38.941-0800: 25.754: [GC (Allocation Failure) 2020-10-28T23:08:38.941-0800: 25.754: [ParNew: 139886K->149K(157248K), 0.0029249 secs] 163589K->23852K(506816K), 0.0029968 secs] [Times: user=0.03 sys=0.00, real=0.00 secs] 
2020-10-28T23:08:39.030-0800: 25.843: [GC (Allocation Failure) 2020-10-28T23:08:39.030-0800: 25.843: [ParNew: 139918K->161K(157248K), 0.0035961 secs] 163621K->23864K(506816K), 0.0036764 secs] [Times: user=0.04 sys=0.00, real=0.00 secs] 
2020-10-28T23:08:39.126-0800: 25.939: [GC (Allocation Failure) 2020-10-28T23:08:39.126-0800: 25.939: [ParNew: 139937K->127K(157248K), 0.0037194 secs] 163640K->23831K(506816K), 0.0037903 secs] [Times: user=0.04 sys=0.00, real=0.01 secs] 
2020-10-28T23:08:39.215-0800: 26.028: [GC (Allocation Failure) 2020-10-28T23:08:39.215-0800: 26.028: [ParNew: 139903K->135K(157248K), 0.0035351 secs] 163607K->23839K(506816K), 0.0036089 secs] [Times: user=0.03 sys=0.00, real=0.00 secs] 
2020-10-28T23:08:39.301-0800: 26.114: [GC (Allocation Failure) 2020-10-28T23:08:39.301-0800: 26.114: [ParNew: 139911K->126K(157248K), 0.0035192 secs] 163615K->23830K(506816K), 0.0035916 secs] [Times: user=0.04 sys=0.00, real=0.00 secs] 
2020-10-28T23:08:39.389-0800: 26.202: [GC (Allocation Failure) 2020-10-28T23:08:39.389-0800: 26.202: [ParNew: 139902K->140K(157248K), 0.0035535 secs] 163606K->23844K(506816K), 0.0036278 secs] [Times: user=0.03 sys=0.00, real=0.01 secs] 
2020-10-28T23:08:39.475-0800: 26.288: [GC (Allocation Failure) 2020-10-28T23:08:39.475-0800: 26.288: [ParNew: 139916K->151K(157248K), 0.0034982 secs] 163620K->23855K(506816K), 0.0035835 secs] [Times: user=0.03 sys=0.00, real=0.00 secs] 
2020-10-28T23:08:39.566-0800: 26.379: [GC (Allocation Failure) 2020-10-28T23:08:39.566-0800: 26.379: [ParNew: 139927K->139K(157248K), 0.0037670 secs] 163631K->23843K(506816K), 0.0038706 secs] [Times: user=0.03 sys=0.00, real=0.00 secs] 
2020-10-28T23:08:39.670-0800: 26.483: [GC (Allocation Failure) 2020-10-28T23:08:39.670-0800: 26.483: [ParNew: 139915K->161K(157248K), 0.0036099 secs] 163619K->23864K(506816K), 0.0036872 secs] [Times: user=0.03 sys=0.00, real=0.00 secs] 
2020-10-28T23:08:39.781-0800: 26.594: [GC (Allocation Failure) 2020-10-28T23:08:39.781-0800: 26.594: [ParNew: 139937K->120K(157248K), 0.0036245 secs] 163640K->23824K(506816K), 0.0036985 secs] [Times: user=0.04 sys=0.00, real=0.00 secs] 
2020-10-28T23:08:39.897-0800: 26.710: [GC (Allocation Failure) 2020-10-28T23:08:39.897-0800: 26.710: [ParNew: 139896K->110K(157248K), 0.0038618 secs] 163600K->23814K(506816K), 0.0039433 secs] [Times: user=0.03 sys=0.00, real=0.01 secs] 
2020-10-28T23:08:40.008-0800: 26.821: [GC (Allocation Failure) 2020-10-28T23:08:40.008-0800: 26.821: [ParNew: 139886K->103K(157248K), 0.0039306 secs] 163590K->23807K(506816K), 0.0040586 secs] [Times: user=0.03 sys=0.00, real=0.01 secs] 
2020-10-28T23:08:40.118-0800: 26.931: [GC (Allocation Failure) 2020-10-28T23:08:40.118-0800: 26.931: [ParNew: 139879K->110K(157248K), 0.0036636 secs] 163583K->23814K(506816K), 0.0037489 secs] [Times: user=0.03 sys=0.00, real=0.01 secs] 
2020-10-28T23:08:40.228-0800: 27.041: [GC (Allocation Failure) 2020-10-28T23:08:40.228-0800: 27.041: [ParNew: 139886K->137K(157248K), 0.0037607 secs] 163590K->23841K(506816K), 0.0038484 secs] [Times: user=0.03 sys=0.00, real=0.01 secs] 
2020-10-28T23:08:40.323-0800: 27.136: [GC (Allocation Failure) 2020-10-28T23:08:40.323-0800: 27.137: [ParNew: 139913K->139K(157248K), 0.0037853 secs] 163617K->23845K(506816K), 0.0038717 secs] [Times: user=0.03 sys=0.00, real=0.00 secs] 
2020-10-28T23:08:40.422-0800: 27.235: [GC (Allocation Failure) 2020-10-28T23:08:40.422-0800: 27.235: [ParNew: 139915K->116K(157248K), 0.0037501 secs] 163621K->23822K(506816K), 0.0038318 secs] [Times: user=0.03 sys=0.00, real=0.00 secs] 
2020-10-28T23:08:40.525-0800: 27.338: [GC (Allocation Failure) 2020-10-28T23:08:40.525-0800: 27.338: [ParNew: 139892K->155K(157248K), 0.0034812 secs] 163598K->23860K(506816K), 0.0035567 secs] [Times: user=0.03 sys=0.00, real=0.00 secs] 
2020-10-28T23:08:40.620-0800: 27.433: [GC (Allocation Failure) 2020-10-28T23:08:40.620-0800: 27.433: [ParNew: 139931K->149K(157248K), 0.0035585 secs] 163636K->23855K(506816K), 0.0036397 secs] [Times: user=0.04 sys=0.00, real=0.00 secs] 
2020-10-28T23:08:40.721-0800: 27.534: [GC (Allocation Failure) 2020-10-28T23:08:40.721-0800: 27.534: [ParNew: 139925K->117K(157248K), 0.0037945 secs] 163631K->23824K(506816K), 0.0038740 secs] [Times: user=0.03 sys=0.00, real=0.00 secs] 
2020-10-28T23:08:40.819-0800: 27.632: [GC (Allocation Failure) 2020-10-28T23:08:40.819-0800: 27.632: [ParNew: 139893K->114K(157248K), 0.0038772 secs] 163600K->23820K(506816K), 0.0039627 secs] [Times: user=0.03 sys=0.00, real=0.01 secs] 
2020-10-28T23:08:40.911-0800: 27.724: [GC (Allocation Failure) 2020-10-28T23:08:40.911-0800: 27.724: [ParNew: 139890K->164K(157248K), 0.0029084 secs] 163596K->23871K(506816K), 0.0029830 secs] [Times: user=0.03 sys=0.00, real=0.00 secs] 
2020-10-28T23:08:41.001-0800: 27.814: [GC (Allocation Failure) 2020-10-28T23:08:41.001-0800: 27.814: [ParNew: 139940K->152K(157248K), 0.0036704 secs] 163647K->23860K(506816K), 0.0038074 secs] [Times: user=0.04 sys=0.00, real=0.00 secs] 
2020-10-28T23:08:41.097-0800: 27.910: [GC (Allocation Failure) 2020-10-28T23:08:41.097-0800: 27.910: [ParNew: 139928K->125K(157248K), 0.0035051 secs] 163636K->23832K(506816K), 0.0035757 secs] [Times: user=0.03 sys=0.00, real=0.01 secs] 
2020-10-28T23:08:41.192-0800: 28.005: [GC (Allocation Failure) 2020-10-28T23:08:41.192-0800: 28.005: [ParNew: 139901K->138K(157248K), 0.0037718 secs] 163608K->23847K(506816K), 0.0038513 secs] [Times: user=0.03 sys=0.00, real=0.00 secs] 
2020-10-28T23:08:41.288-0800: 28.101: [GC (Allocation Failure) 2020-10-28T23:08:41.288-0800: 28.101: [ParNew: 139914K->124K(157248K), 0.0041024 secs] 163623K->23832K(506816K), 0.0042277 secs] [Times: user=0.03 sys=0.00, real=0.01 secs] 
2020-10-28T23:08:41.403-0800: 28.216: [GC (Allocation Failure) 2020-10-28T23:08:41.403-0800: 28.216: [ParNew: 139900K->120K(157248K), 0.0034361 secs] 163608K->23828K(506816K), 0.0035231 secs] [Times: user=0.03 sys=0.00, real=0.00 secs] 
2020-10-28T23:08:41.502-0800: 28.315: [GC (Allocation Failure) 2020-10-28T23:08:41.502-0800: 28.315: [ParNew: 139896K->148K(157248K), 0.0041213 secs] 163604K->23856K(506816K), 0.0042123 secs] [Times: user=0.03 sys=0.01, real=0.00 secs] 
2020-10-28T23:08:41.603-0800: 28.416: [GC (Allocation Failure) 2020-10-28T23:08:41.603-0800: 28.416: [ParNew: 139924K->146K(157248K), 0.0038174 secs] 163632K->23854K(506816K), 0.0039086 secs] [Times: user=0.04 sys=0.00, real=0.00 secs] 
2020-10-28T23:08:41.701-0800: 28.514: [GC (Allocation Failure) 2020-10-28T23:08:41.701-0800: 28.514: [ParNew: 139922K->135K(157248K), 0.0038450 secs] 163630K->23844K(506816K), 0.0039295 secs] [Times: user=0.03 sys=0.00, real=0.00 secs] 
2020-10-28T23:08:41.792-0800: 28.605: [GC (Allocation Failure) 2020-10-28T23:08:41.792-0800: 28.605: [ParNew: 139911K->98K(157248K), 0.0037081 secs] 163620K->23806K(506816K), 0.0037913 secs] [Times: user=0.03 sys=0.00, real=0.00 secs] 
2020-10-28T23:08:41.887-0800: 28.700: [GC (Allocation Failure) 2020-10-28T23:08:41.887-0800: 28.700: [ParNew: 139874K->112K(157248K), 0.0037391 secs] 163582K->23821K(506816K), 0.0038231 secs] [Times: user=0.04 sys=0.00, real=0.01 secs] 
2020-10-28T23:08:41.982-0800: 28.795: [GC (Allocation Failure) 2020-10-28T23:08:41.982-0800: 28.795: [ParNew: 139888K->81K(157248K), 0.0039680 secs] 163597K->23790K(506816K), 0.0040567 secs] [Times: user=0.04 sys=0.00, real=0.00 secs] 
2020-10-28T23:08:42.080-0800: 28.893: [GC (Allocation Failure) 2020-10-28T23:08:42.080-0800: 28.893: [ParNew: 139855K->90K(157248K), 0.0038819 secs] 163564K->23799K(506816K), 0.0039696 secs] [Times: user=0.04 sys=0.00, real=0.00 secs] 
2020-10-28T23:08:42.183-0800: 28.996: [GC (Allocation Failure) 2020-10-28T23:08:42.183-0800: 28.996: [ParNew: 139866K->111K(157248K), 0.0037770 secs] 163575K->23821K(506816K), 0.0038931 secs] [Times: user=0.04 sys=0.00, real=0.00 secs] 
2020-10-28T23:08:42.276-0800: 29.089: [GC (Allocation Failure) 2020-10-28T23:08:42.276-0800: 29.089: [ParNew: 139887K->123K(157248K), 0.0037844 secs] 163597K->23832K(506816K), 0.0038692 secs] [Times: user=0.03 sys=0.00, real=0.01 secs] 
2020-10-28T23:08:42.369-0800: 29.182: [GC (Allocation Failure) 2020-10-28T23:08:42.369-0800: 29.182: [ParNew: 139899K->126K(157248K), 0.0036925 secs] 163608K->23836K(506816K), 0.0037728 secs] [Times: user=0.03 sys=0.00, real=0.01 secs] 
2020-10-28T23:08:42.463-0800: 29.276: [GC (Allocation Failure) 2020-10-28T23:08:42.463-0800: 29.276: [ParNew: 139902K->154K(157248K), 0.0041757 secs] 163612K->23863K(506816K), 0.0042636 secs] [Times: user=0.04 sys=0.00, real=0.00 secs] 
2020-10-28T23:08:42.556-0800: 29.369: [GC (Allocation Failure) 2020-10-28T23:08:42.556-0800: 29.369: [ParNew: 139930K->141K(157248K), 0.0031676 secs] 163639K->23850K(506816K), 0.0032512 secs] [Times: user=0.03 sys=0.00, real=0.00 secs] 
2020-10-28T23:08:42.642-0800: 29.455: [GC (Allocation Failure) 2020-10-28T23:08:42.643-0800: 29.455: [ParNew: 139917K->143K(157248K), 0.0035380 secs] 163626K->23852K(506816K), 0.0036122 secs] [Times: user=0.03 sys=0.00, real=0.00 secs] 
2020-10-28T23:08:42.725-0800: 29.538: [GC (Allocation Failure) 2020-10-28T23:08:42.725-0800: 29.538: [ParNew: 139919K->140K(157248K), 0.0035028 secs] 163628K->23849K(506816K), 0.0035748 secs] [Times: user=0.03 sys=0.00, real=0.00 secs] 
2020-10-28T23:08:42.811-0800: 29.624: [GC (Allocation Failure) 2020-10-28T23:08:42.811-0800: 29.624: [ParNew: 139916K->125K(157248K), 0.0033567 secs] 163625K->23834K(506816K), 0.0034359 secs] [Times: user=0.03 sys=0.00, real=0.00 secs] 
2020-10-28T23:08:42.902-0800: 29.715: [GC (Allocation Failure) 2020-10-28T23:08:42.902-0800: 29.715: [ParNew: 139901K->112K(157248K), 0.0035702 secs] 163610K->23821K(506816K), 0.0036551 secs] [Times: user=0.03 sys=0.00, real=0.00 secs] 
2020-10-28T23:08:42.989-0800: 29.802: [GC (Allocation Failure) 2020-10-28T23:08:42.989-0800: 29.802: [ParNew: 139888K->132K(157248K), 0.0035365 secs] 163597K->23842K(506816K), 0.0036079 secs] [Times: user=0.03 sys=0.00, real=0.01 secs] 
2020-10-28T23:08:43.083-0800: 29.896: [GC (Allocation Failure) 2020-10-28T23:08:43.083-0800: 29.896: [ParNew: 139908K->135K(157248K), 0.0036069 secs] 163618K->23846K(506816K), 0.0036844 secs] [Times: user=0.03 sys=0.00, real=0.00 secs] 
2020-10-28T23:08:43.172-0800: 29.985: [GC (Allocation Failure) 2020-10-28T23:08:43.172-0800: 29.985: [ParNew: 139911K->119K(157248K), 0.0036195 secs] 163622K->23829K(506816K), 0.0036951 secs] [Times: user=0.03 sys=0.00, real=0.00 secs] 
2020-10-28T23:08:43.263-0800: 30.076: [GC (Allocation Failure) 2020-10-28T23:08:43.263-0800: 30.076: [ParNew: 139895K->122K(157248K), 0.0036085 secs] 163605K->23832K(506816K), 0.0036891 secs] [Times: user=0.04 sys=0.00, real=0.00 secs] 
2020-10-28T23:08:43.352-0800: 30.165: [GC (Allocation Failure) 2020-10-28T23:08:43.352-0800: 30.165: [ParNew: 139898K->109K(157248K), 0.0036413 secs] 163608K->23820K(506816K), 0.0037372 secs] [Times: user=0.03 sys=0.00, real=0.00 secs] 
2020-10-28T23:08:43.442-0800: 30.255: [GC (Allocation Failure) 2020-10-28T23:08:43.442-0800: 30.255: [ParNew: 139885K->114K(157248K), 0.0035351 secs] 163596K->23825K(506816K), 0.0036216 secs] [Times: user=0.03 sys=0.00, real=0.00 secs] 
2020-10-28T23:08:43.530-0800: 30.343: [GC (Allocation Failure) 2020-10-28T23:08:43.531-0800: 30.343: [ParNew: 139890K->122K(157248K), 0.0035550 secs] 163601K->23834K(506816K), 0.0036364 secs] [Times: user=0.03 sys=0.00, real=0.00 secs] 
2020-10-28T23:08:43.617-0800: 30.430: [GC (Allocation Failure) 2020-10-28T23:08:43.617-0800: 30.430: [ParNew: 139898K->167K(157248K), 0.0036438 secs] 163610K->23879K(506816K), 0.0037193 secs] [Times: user=0.03 sys=0.00, real=0.01 secs] 
2020-10-28T23:08:43.706-0800: 30.519: [GC (Allocation Failure) 2020-10-28T23:08:43.706-0800: 30.519: [ParNew: 139943K->136K(157248K), 0.0036540 secs] 163655K->23848K(506816K), 0.0037250 secs] [Times: user=0.04 sys=0.00, real=0.00 secs] 
2020-10-28T23:08:43.792-0800: 30.605: [GC (Allocation Failure) 2020-10-28T23:08:43.792-0800: 30.605: [ParNew: 139912K->115K(157248K), 0.0036673 secs] 163624K->23827K(506816K), 0.0037455 secs] [Times: user=0.04 sys=0.00, real=0.00 secs] 
2020-10-28T23:08:43.884-0800: 30.697: [GC (Allocation Failure) 2020-10-28T23:08:43.884-0800: 30.697: [ParNew: 139891K->112K(157248K), 0.0034004 secs] 163603K->23825K(506816K), 0.0034744 secs] [Times: user=0.03 sys=0.00, real=0.00 secs] 
2020-10-28T23:08:43.975-0800: 30.788: [GC (Allocation Failure) 2020-10-28T23:08:43.975-0800: 30.788: [ParNew: 139888K->128K(157248K), 0.0029436 secs] 163601K->23840K(506816K), 0.0030184 secs] [Times: user=0.03 sys=0.00, real=0.00 secs] 
2020-10-28T23:08:44.064-0800: 30.877: [GC (Allocation Failure) 2020-10-28T23:08:44.064-0800: 30.877: [ParNew: 139904K->146K(157248K), 0.0037521 secs] 163616K->23858K(506816K), 0.0038267 secs] [Times: user=0.03 sys=0.00, real=0.00 secs] 
2020-10-28T23:08:44.154-0800: 30.967: [GC (Allocation Failure) 2020-10-28T23:08:44.154-0800: 30.967: [ParNew: 139922K->145K(157248K), 0.0036904 secs] 163634K->23857K(506816K), 0.0037671 secs] [Times: user=0.03 sys=0.00, real=0.00 secs] 
2020-10-28T23:08:44.248-0800: 31.061: [GC (Allocation Failure) 2020-10-28T23:08:44.249-0800: 31.061: [ParNew: 139921K->136K(157248K), 0.0040757 secs] 163633K->23848K(506816K), 0.0041616 secs] [Times: user=0.03 sys=0.00, real=0.01 secs] 
2020-10-28T23:08:44.342-0800: 31.155: [GC (Allocation Failure) 2020-10-28T23:08:44.342-0800: 31.155: [ParNew: 139912K->96K(157248K), 0.0036465 secs] 163624K->23808K(506816K), 0.0037268 secs] [Times: user=0.04 sys=0.00, real=0.00 secs] 
2020-10-28T23:08:44.433-0800: 31.246: [GC (Allocation Failure) 2020-10-28T23:08:44.433-0800: 31.246: [ParNew: 139872K->108K(157248K), 0.0037808 secs] 163584K->23820K(506816K), 0.0038651 secs] [Times: user=0.04 sys=0.00, real=0.00 secs] 
2020-10-28T23:08:44.529-0800: 31.342: [GC (Allocation Failure) 2020-10-28T23:08:44.529-0800: 31.342: [ParNew: 139884K->116K(157248K), 0.0035446 secs] 163596K->23828K(506816K), 0.0036217 secs] [Times: user=0.03 sys=0.00, real=0.01 secs] 
2020-10-28T23:08:44.627-0800: 31.439: [GC (Allocation Failure) 2020-10-28T23:08:44.627-0800: 31.440: [ParNew: 139892K->109K(157248K), 0.0036266 secs] 163604K->23821K(506816K), 0.0037002 secs] [Times: user=0.03 sys=0.00, real=0.01 secs] 
2020-10-28T23:08:44.717-0800: 31.530: [GC (Allocation Failure) 2020-10-28T23:08:44.717-0800: 31.530: [ParNew: 139885K->130K(157248K), 0.0036827 secs] 163597K->23842K(506816K), 0.0037565 secs] [Times: user=0.04 sys=0.00, real=0.01 secs] 
2020-10-28T23:08:44.806-0800: 31.619: [GC (Allocation Failure) 2020-10-28T23:08:44.806-0800: 31.619: [ParNew: 139906K->115K(157248K), 0.0036251 secs] 163618K->23827K(506816K), 0.0037019 secs] [Times: user=0.04 sys=0.00, real=0.01 secs] 
2020-10-28T23:08:44.895-0800: 31.708: [GC (Allocation Failure) 2020-10-28T23:08:44.895-0800: 31.708: [ParNew: 139891K->148K(157248K), 0.0038553 secs] 163603K->23860K(506816K), 0.0039342 secs] [Times: user=0.03 sys=0.01, real=0.00 secs] 
2020-10-28T23:08:44.986-0800: 31.799: [GC (Allocation Failure) 2020-10-28T23:08:44.986-0800: 31.799: [ParNew: 139924K->122K(157248K), 0.0035656 secs] 163636K->23834K(506816K), 0.0036460 secs] [Times: user=0.04 sys=0.00, real=0.00 secs] 
2020-10-28T23:08:45.075-0800: 31.888: [GC (Allocation Failure) 2020-10-28T23:08:45.075-0800: 31.888: [ParNew: 139898K->121K(157248K), 0.0037398 secs] 163610K->23834K(506816K), 0.0038165 secs] [Times: user=0.04 sys=0.00, real=0.00 secs] 
2020-10-28T23:08:45.277-0800: 32.090: [GC (Allocation Failure) 2020-10-28T23:08:45.277-0800: 32.090: [ParNew: 139897K->136K(157248K), 0.0036074 secs] 163610K->23849K(506816K), 0.0036843 secs] [Times: user=0.03 sys=0.00, real=0.01 secs] 
2020-10-28T23:08:45.376-0800: 32.189: [GC (Allocation Failure) 2020-10-28T23:08:45.376-0800: 32.189: [ParNew: 139912K->116K(157248K), 0.0035347 secs] 163625K->23828K(506816K), 0.0036092 secs] [Times: user=0.04 sys=0.00, real=0.01 secs] 
2020-10-28T23:08:45.477-0800: 32.290: [GC (Allocation Failure) 2020-10-28T23:08:45.477-0800: 32.290: [ParNew: 139892K->123K(157248K), 0.0037169 secs] 163604K->23836K(506816K), 0.0038006 secs] [Times: user=0.03 sys=0.00, real=0.01 secs] 
2020-10-28T23:08:45.580-0800: 32.393: [GC (Allocation Failure) 2020-10-28T23:08:45.580-0800: 32.393: [ParNew: 139899K->156K(157248K), 0.0034982 secs] 163612K->23869K(506816K), 0.0035810 secs] [Times: user=0.04 sys=0.00, real=0.00 secs] 
2020-10-28T23:08:45.670-0800: 32.483: [GC (Allocation Failure) 2020-10-28T23:08:45.670-0800: 32.483: [ParNew: 139932K->128K(157248K), 0.0036942 secs] 163645K->23841K(506816K), 0.0037888 secs] [Times: user=0.03 sys=0.00, real=0.00 secs] 
2020-10-28T23:08:45.764-0800: 32.576: [GC (Allocation Failure) 2020-10-28T23:08:45.764-0800: 32.576: [ParNew: 139904K->102K(157248K), 0.0037087 secs] 163617K->23816K(506816K), 0.0037924 secs] [Times: user=0.03 sys=0.00, real=0.00 secs] 
2020-10-28T23:08:45.861-0800: 32.674: [GC (Allocation Failure) 2020-10-28T23:08:45.861-0800: 32.674: [ParNew: 139878K->118K(157248K), 0.0038329 secs] 163592K->23833K(506816K), 0.0039425 secs] [Times: user=0.03 sys=0.00, real=0.00 secs] 
2020-10-28T23:08:45.954-0800: 32.767: [GC (Allocation Failure) 2020-10-28T23:08:45.954-0800: 32.767: [ParNew: 139894K->125K(157248K), 0.0030814 secs] 163609K->23842K(506816K), 0.0031586 secs] [Times: user=0.03 sys=0.00, real=0.00 secs] 
2020-10-28T23:08:46.042-0800: 32.855: [GC (Allocation Failure) 2020-10-28T23:08:46.042-0800: 32.855: [ParNew: 139901K->107K(157248K), 0.0036343 secs] 163618K->23824K(506816K), 0.0037140 secs] [Times: user=0.03 sys=0.00, real=0.00 secs] 
2020-10-28T23:08:46.133-0800: 32.945: [GC (Allocation Failure) 2020-10-28T23:08:46.133-0800: 32.945: [ParNew: 139883K->116K(157248K), 0.0036270 secs] 163600K->23833K(506816K), 0.0037032 secs] [Times: user=0.03 sys=0.00, real=0.00 secs] 
2020-10-28T23:08:46.227-0800: 33.040: [GC (Allocation Failure) 2020-10-28T23:08:46.227-0800: 33.040: [ParNew: 139892K->133K(157248K), 0.0034901 secs] 163609K->23850K(506816K), 0.0035643 secs] [Times: user=0.03 sys=0.00, real=0.01 secs] 
2020-10-28T23:08:46.310-0800: 33.123: [GC (Allocation Failure) 2020-10-28T23:08:46.310-0800: 33.123: [ParNew: 139909K->144K(157248K), 0.0029116 secs] 163626K->23861K(506816K), 0.0029895 secs] [Times: user=0.02 sys=0.00, real=0.00 secs] 
2020-10-28T23:08:46.396-0800: 33.209: [GC (Allocation Failure) 2020-10-28T23:08:46.396-0800: 33.209: [ParNew: 139920K->147K(157248K), 0.0035470 secs] 163637K->23864K(506816K), 0.0036230 secs] [Times: user=0.04 sys=0.00, real=0.00 secs] 
2020-10-28T23:08:46.487-0800: 33.300: [GC (Allocation Failure) 2020-10-28T23:08:46.488-0800: 33.300: [ParNew: 139923K->125K(157248K), 0.0037409 secs] 163640K->23842K(506816K), 0.0038245 secs] [Times: user=0.03 sys=0.00, real=0.01 secs] 
2020-10-28T23:08:46.575-0800: 33.388: [GC (Allocation Failure) 2020-10-28T23:08:46.575-0800: 33.388: [ParNew: 139901K->89K(157248K), 0.0037117 secs] 163618K->23806K(506816K), 0.0037891 secs] [Times: user=0.04 sys=0.00, real=0.00 secs] 
2020-10-28T23:08:46.662-0800: 33.475: [GC (Allocation Failure) 2020-10-28T23:08:46.662-0800: 33.475: [ParNew: 139865K->155K(157248K), 0.0036620 secs] 163582K->23873K(506816K), 0.0037378 secs] [Times: user=0.03 sys=0.00, real=0.00 secs] 
2020-10-28T23:08:46.752-0800: 33.565: [GC (Allocation Failure) 2020-10-28T23:08:46.752-0800: 33.565: [ParNew: 139931K->121K(157248K), 0.0034741 secs] 163649K->23839K(506816K), 0.0035609 secs] [Times: user=0.03 sys=0.01, real=0.00 secs] 
2020-10-28T23:08:46.841-0800: 33.654: [GC (Allocation Failure) 2020-10-28T23:08:46.841-0800: 33.654: [ParNew: 139897K->96K(157248K), 0.0036964 secs] 163615K->23815K(506816K), 0.0037798 secs] [Times: user=0.03 sys=0.00, real=0.00 secs] 
2020-10-28T23:08:46.934-0800: 33.747: [GC (Allocation Failure) 2020-10-28T23:08:46.934-0800: 33.747: [ParNew: 139872K->157K(157248K), 0.0035973 secs] 163591K->23875K(506816K), 0.0036719 secs] [Times: user=0.04 sys=0.00, real=0.00 secs] 
2020-10-28T23:08:47.033-0800: 33.846: [GC (Allocation Failure) 2020-10-28T23:08:47.033-0800: 33.846: [ParNew: 139933K->157K(157248K), 0.0037768 secs] 163651K->23875K(506816K), 0.0038567 secs] [Times: user=0.03 sys=0.00, real=0.00 secs] 
2020-10-28T23:08:47.132-0800: 33.945: [GC (Allocation Failure) 2020-10-28T23:08:47.132-0800: 33.945: [ParNew: 139933K->149K(157248K), 0.0036270 secs] 163651K->23868K(506816K), 0.0037153 secs] [Times: user=0.03 sys=0.00, real=0.00 secs] 
2020-10-28T23:08:47.236-0800: 34.048: [GC (Allocation Failure) 2020-10-28T23:08:47.236-0800: 34.048: [ParNew: 139925K->119K(157248K), 0.0039124 secs] 163644K->23838K(506816K), 0.0039986 secs] [Times: user=0.04 sys=0.00, real=0.01 secs] 
2020-10-28T23:08:47.340-0800: 34.153: [GC (Allocation Failure) 2020-10-28T23:08:47.340-0800: 34.153: [ParNew: 139895K->130K(157248K), 0.0037195 secs] 163614K->23849K(506816K), 0.0038124 secs] [Times: user=0.04 sys=0.00, real=0.00 secs] 
2020-10-28T23:08:47.440-0800: 34.253: [GC (Allocation Failure) 2020-10-28T23:08:47.440-0800: 34.253: [ParNew: 139906K->151K(157248K), 0.0038332 secs] 163625K->23870K(506816K), 0.0039187 secs] [Times: user=0.03 sys=0.00, real=0.00 secs] 
2020-10-28T23:08:47.538-0800: 34.351: [GC (Allocation Failure) 2020-10-28T23:08:47.538-0800: 34.351: [ParNew: 139927K->95K(157248K), 0.0036309 secs] 163646K->23814K(506816K), 0.0037109 secs] [Times: user=0.03 sys=0.00, real=0.01 secs] 
2020-10-28T23:08:47.632-0800: 34.445: [GC (Allocation Failure) 2020-10-28T23:08:47.632-0800: 34.445: [ParNew: 139871K->149K(157248K), 0.0038908 secs] 163590K->23869K(506816K), 0.0039842 secs] [Times: user=0.03 sys=0.00, real=0.00 secs] 
2020-10-28T23:08:47.729-0800: 34.542: [GC (Allocation Failure) 2020-10-28T23:08:47.729-0800: 34.542: [ParNew: 139925K->150K(157248K), 0.0036036 secs] 163645K->23870K(506816K), 0.0036908 secs] [Times: user=0.03 sys=0.00, real=0.01 secs] 
2020-10-28T23:08:47.828-0800: 34.641: [GC (Allocation Failure) 2020-10-28T23:08:47.828-0800: 34.641: [ParNew: 139926K->123K(157248K), 0.0036241 secs] 163646K->23843K(506816K), 0.0037037 secs] [Times: user=0.03 sys=0.00, real=0.01 secs] 
2020-10-28T23:08:47.926-0800: 34.738: [GC (Allocation Failure) 2020-10-28T23:08:47.926-0800: 34.738: [ParNew: 139899K->96K(157248K), 0.0036450 secs] 163619K->23816K(506816K), 0.0037210 secs] [Times: user=0.03 sys=0.00, real=0.00 secs] 
2020-10-28T23:08:48.015-0800: 34.827: [GC (Allocation Failure) 2020-10-28T23:08:48.015-0800: 34.827: [ParNew: 139829K->115K(157248K), 0.0034792 secs] 163549K->23835K(506816K), 0.0035636 secs] [Times: user=0.03 sys=0.00, real=0.00 secs] 
2020-10-28T23:08:48.107-0800: 34.920: [GC (Allocation Failure) 2020-10-28T23:08:48.107-0800: 34.920: [ParNew: 139891K->167K(157248K), 0.0036976 secs] 163611K->23887K(506816K), 0.0037702 secs] [Times: user=0.03 sys=0.00, real=0.01 secs] 
2020-10-28T23:08:48.200-0800: 35.013: [GC (Allocation Failure) 2020-10-28T23:08:48.200-0800: 35.013: [ParNew: 139943K->139K(157248K), 0.0032124 secs] 163663K->23859K(506816K), 0.0032883 secs] [Times: user=0.02 sys=0.00, real=0.00 secs] 
2020-10-28T23:08:48.347-0800: 35.159: [GC (Allocation Failure) 2020-10-28T23:08:48.347-0800: 35.159: [ParNew: 139915K->97K(157248K), 0.0038897 secs] 163635K->23817K(506816K), 0.0040018 secs] [Times: user=0.03 sys=0.00, real=0.01 secs] 
2020-10-28T23:08:48.448-0800: 35.261: [GC (Allocation Failure) 2020-10-28T23:08:48.448-0800: 35.261: [ParNew: 139873K->112K(157248K), 0.0036979 secs] 163593K->23832K(506816K), 0.0037758 secs] [Times: user=0.04 sys=0.00, real=0.01 secs] 
2020-10-28T23:08:48.543-0800: 35.355: [GC (Allocation Failure) 2020-10-28T23:08:48.543-0800: 35.355: [ParNew: 139888K->130K(157248K), 0.0038973 secs] 163608K->23850K(506816K), 0.0039874 secs] [Times: user=0.03 sys=0.00, real=0.00 secs] 
2020-10-28T23:08:48.644-0800: 35.457: [GC (Allocation Failure) 2020-10-28T23:08:48.644-0800: 35.457: [ParNew: 139906K->122K(157248K), 0.0037016 secs] 163626K->23842K(506816K), 0.0037835 secs] [Times: user=0.04 sys=0.00, real=0.00 secs] 
2020-10-28T23:08:48.744-0800: 35.557: [GC (Allocation Failure) 2020-10-28T23:08:48.744-0800: 35.557: [ParNew: 139898K->134K(157248K), 0.0037193 secs] 163618K->23854K(506816K), 0.0037996 secs] [Times: user=0.03 sys=0.00, real=0.00 secs] 
2020-10-28T23:08:48.845-0800: 35.658: [GC (Allocation Failure) 2020-10-28T23:08:48.845-0800: 35.658: [ParNew: 139910K->117K(157248K), 0.0040887 secs] 163630K->23837K(506816K), 0.0041769 secs] [Times: user=0.04 sys=0.00, real=0.00 secs] 
2020-10-28T23:08:48.939-0800: 35.751: [GC (Allocation Failure) 2020-10-28T23:08:48.939-0800: 35.751: [ParNew: 139893K->134K(157248K), 0.0036522 secs] 163613K->23854K(506816K), 0.0037268 secs] [Times: user=0.04 sys=0.00, real=0.01 secs] 
2020-10-28T23:08:49.030-0800: 35.843: [GC (Allocation Failure) 2020-10-28T23:08:49.030-0800: 35.843: [ParNew: 139910K->135K(157248K), 0.0037356 secs] 163630K->23855K(506816K), 0.0038115 secs] [Times: user=0.03 sys=0.00, real=0.00 secs] 
2020-10-28T23:08:49.122-0800: 35.935: [GC (Allocation Failure) 2020-10-28T23:08:49.122-0800: 35.935: [ParNew: 139911K->133K(157248K), 0.0037470 secs] 163631K->23853K(506816K), 0.0038340 secs] [Times: user=0.04 sys=0.00, real=0.00 secs] 
2020-10-28T23:08:49.210-0800: 36.023: [GC (Allocation Failure) 2020-10-28T23:08:49.210-0800: 36.023: [ParNew: 139909K->136K(157248K), 0.0038342 secs] 163629K->23857K(506816K), 0.0039184 secs] [Times: user=0.03 sys=0.00, real=0.00 secs] 
2020-10-28T23:08:49.314-0800: 36.127: [GC (Allocation Failure) 2020-10-28T23:08:49.314-0800: 36.127: [ParNew: 139912K->123K(157248K), 0.0037693 secs] 163633K->23844K(506816K), 0.0038520 secs] [Times: user=0.04 sys=0.00, real=0.00 secs] 
2020-10-28T23:08:49.414-0800: 36.227: [GC (Allocation Failure) 2020-10-28T23:08:49.414-0800: 36.227: [ParNew: 139899K->149K(157248K), 0.0036716 secs] 163620K->23870K(506816K), 0.0037771 secs] [Times: user=0.03 sys=0.00, real=0.00 secs] 
2020-10-28T23:08:49.501-0800: 36.313: [GC (Allocation Failure) 2020-10-28T23:08:49.501-0800: 36.313: [ParNew: 139925K->136K(157248K), 0.0036674 secs] 163646K->23857K(506816K), 0.0037538 secs] [Times: user=0.03 sys=0.00, real=0.00 secs] 
2020-10-28T23:08:49.589-0800: 36.402: [GC (Allocation Failure) 2020-10-28T23:08:49.589-0800: 36.402: [ParNew: 139912K->112K(157248K), 0.0037741 secs] 163633K->23833K(506816K), 0.0038631 secs] [Times: user=0.03 sys=0.00, real=0.01 secs] 
2020-10-28T23:08:49.680-0800: 36.492: [GC (Allocation Failure) 2020-10-28T23:08:49.680-0800: 36.493: [ParNew: 139888K->156K(157248K), 0.0033665 secs] 163609K->23877K(506816K), 0.0034561 secs] [Times: user=0.03 sys=0.00, real=0.00 secs] 
2020-10-28T23:08:49.768-0800: 36.581: [GC (Allocation Failure) 2020-10-28T23:08:49.768-0800: 36.581: [ParNew: 139932K->185K(157248K), 0.0038290 secs] 163653K->23907K(506816K), 0.0039185 secs] [Times: user=0.04 sys=0.00, real=0.01 secs] 
2020-10-28T23:08:49.857-0800: 36.670: [GC (Allocation Failure) 2020-10-28T23:08:49.857-0800: 36.670: [ParNew: 139961K->133K(157248K), 0.0036759 secs] 163683K->23854K(506816K), 0.0037612 secs] [Times: user=0.03 sys=0.01, real=0.01 secs] 
2020-10-28T23:08:49.948-0800: 36.761: [GC (Allocation Failure) 2020-10-28T23:08:49.948-0800: 36.761: [ParNew: 139909K->105K(157248K), 0.0036231 secs] 163630K->23827K(506816K), 0.0037116 secs] [Times: user=0.04 sys=0.00, real=0.01 secs] 
2020-10-28T23:08:50.037-0800: 36.850: [GC (Allocation Failure) 2020-10-28T23:08:50.037-0800: 36.850: [ParNew: 139881K->127K(157248K), 0.0036242 secs] 163603K->23848K(506816K), 0.0037029 secs] [Times: user=0.04 sys=0.00, real=0.01 secs] 
2020-10-28T23:08:50.124-0800: 36.937: [GC (Allocation Failure) 2020-10-28T23:08:50.124-0800: 36.937: [ParNew: 139903K->134K(157248K), 0.0036594 secs] 163624K->23855K(506816K), 0.0037351 secs] [Times: user=0.03 sys=0.00, real=0.00 secs] 
2020-10-28T23:08:50.212-0800: 37.024: [GC (Allocation Failure) 2020-10-28T23:08:50.212-0800: 37.024: [ParNew: 139910K->129K(157248K), 0.0036695 secs] 163631K->23851K(506816K), 0.0037437 secs] [Times: user=0.03 sys=0.00, real=0.00 secs] 
2020-10-28T23:08:50.299-0800: 37.112: [GC (Allocation Failure) 2020-10-28T23:08:50.299-0800: 37.112: [ParNew: 139905K->112K(157248K), 0.0030084 secs] 163627K->23833K(506816K), 0.0030836 secs] [Times: user=0.03 sys=0.00, real=0.01 secs] 
2020-10-28T23:08:50.388-0800: 37.201: [GC (Allocation Failure) 2020-10-28T23:08:50.388-0800: 37.201: [ParNew: 139888K->133K(157248K), 0.0036169 secs] 163609K->23854K(506816K), 0.0036928 secs] [Times: user=0.03 sys=0.00, real=0.01 secs] 
2020-10-28T23:08:50.475-0800: 37.288: [GC (Allocation Failure) 2020-10-28T23:08:50.475-0800: 37.288: [ParNew: 139909K->121K(157248K), 0.0036792 secs] 163630K->23842K(506816K), 0.0037566 secs] [Times: user=0.03 sys=0.00, real=0.00 secs] 
2020-10-28T23:08:50.564-0800: 37.376: [GC (Allocation Failure) 2020-10-28T23:08:50.564-0800: 37.376: [ParNew: 139897K->144K(157248K), 0.0037472 secs] 163618K->23867K(506816K), 0.0038261 secs] [Times: user=0.04 sys=0.00, real=0.00 secs] 
2020-10-28T23:08:50.660-0800: 37.473: [GC (Allocation Failure) 2020-10-28T23:08:50.660-0800: 37.473: [ParNew: 139920K->122K(157248K), 0.0030410 secs] 163643K->23845K(506816K), 0.0031201 secs] [Times: user=0.03 sys=0.00, real=0.00 secs] 
2020-10-28T23:08:50.751-0800: 37.564: [GC (Allocation Failure) 2020-10-28T23:08:50.751-0800: 37.564: [ParNew: 139898K->91K(157248K), 0.0037157 secs] 163621K->23814K(506816K), 0.0037905 secs] [Times: user=0.03 sys=0.00, real=0.00 secs] 
2020-10-28T23:08:50.843-0800: 37.655: [GC (Allocation Failure) 2020-10-28T23:08:50.843-0800: 37.655: [ParNew: 139867K->109K(157248K), 0.0037633 secs] 163590K->23832K(506816K), 0.0038442 secs] [Times: user=0.03 sys=0.00, real=0.00 secs] 
2020-10-28T23:08:50.931-0800: 37.744: [GC (Allocation Failure) 2020-10-28T23:08:50.931-0800: 37.744: [ParNew: 139885K->136K(157248K), 0.0036585 secs] 163608K->23859K(506816K), 0.0037332 secs] [Times: user=0.04 sys=0.00, real=0.00 secs] 
2020-10-28T23:08:51.018-0800: 37.831: [GC (Allocation Failure) 2020-10-28T23:08:51.018-0800: 37.831: [ParNew: 139910K->118K(157248K), 0.0034752 secs] 163633K->23841K(506816K), 0.0035553 secs] [Times: user=0.03 sys=0.00, real=0.01 secs] 
2020-10-28T23:08:51.106-0800: 37.919: [GC (Allocation Failure) 2020-10-28T23:08:51.106-0800: 37.919: [ParNew: 139894K->111K(157248K), 0.0036252 secs] 163617K->23835K(506816K), 0.0036991 secs] [Times: user=0.04 sys=0.00, real=0.01 secs] 
2020-10-28T23:08:51.194-0800: 38.006: [GC (Allocation Failure) 2020-10-28T23:08:51.194-0800: 38.006: [ParNew: 139887K->149K(157248K), 0.0037233 secs] 163611K->23873K(506816K), 0.0037960 secs] [Times: user=0.04 sys=0.00, real=0.00 secs] 
2020-10-28T23:08:51.282-0800: 38.095: [GC (Allocation Failure) 2020-10-28T23:08:51.282-0800: 38.095: [ParNew: 139925K->126K(157248K), 0.0036403 secs] 163649K->23850K(506816K), 0.0037194 secs] [Times: user=0.03 sys=0.00, real=0.00 secs] 
2020-10-28T23:08:51.370-0800: 38.183: [GC (Allocation Failure) 2020-10-28T23:08:51.370-0800: 38.183: [ParNew: 139902K->138K(157248K), 0.0034762 secs] 163626K->23862K(506816K), 0.0035522 secs] [Times: user=0.04 sys=0.00, real=0.00 secs] 
2020-10-28T23:08:51.456-0800: 38.269: [GC (Allocation Failure) 2020-10-28T23:08:51.456-0800: 38.269: [ParNew: 139914K->141K(157248K), 0.0035643 secs] 163638K->23864K(506816K), 0.0036588 secs] [Times: user=0.03 sys=0.00, real=0.01 secs] 
2020-10-28T23:08:51.542-0800: 38.355: [GC (Allocation Failure) 2020-10-28T23:08:51.542-0800: 38.355: [ParNew: 139896K->118K(157248K), 0.0036225 secs] 163620K->23842K(506816K), 0.0036984 secs] [Times: user=0.03 sys=0.00, real=0.00 secs] 
2020-10-28T23:08:51.633-0800: 38.445: [GC (Allocation Failure) 2020-10-28T23:08:51.633-0800: 38.445: [ParNew: 139894K->123K(157248K), 0.0031369 secs] 163618K->23847K(506816K), 0.0032124 secs] [Times: user=0.03 sys=0.00, real=0.00 secs] 
2020-10-28T23:08:51.721-0800: 38.534: [GC (Allocation Failure) 2020-10-28T23:08:51.721-0800: 38.534: [ParNew: 139899K->126K(157248K), 0.0037759 secs] 163623K->23850K(506816K), 0.0038517 secs] [Times: user=0.04 sys=0.00, real=0.00 secs] 
2020-10-28T23:08:51.816-0800: 38.629: [GC (Allocation Failure) 2020-10-28T23:08:51.816-0800: 38.629: [ParNew: 139902K->132K(157248K), 0.0039822 secs] 163626K->23856K(506816K), 0.0041069 secs] [Times: user=0.04 sys=0.00, real=0.01 secs] 
2020-10-28T23:08:51.915-0800: 38.728: [GC (Allocation Failure) 2020-10-28T23:08:51.916-0800: 38.728: [ParNew: 139908K->141K(157248K), 0.0037718 secs] 163632K->23865K(506816K), 0.0038492 secs] [Times: user=0.03 sys=0.00, real=0.00 secs] 
2020-10-28T23:08:52.016-0800: 38.829: [GC (Allocation Failure) 2020-10-28T23:08:52.016-0800: 38.829: [ParNew: 139917K->132K(157248K), 0.0039329 secs] 163641K->23855K(506816K), 0.0040403 secs] [Times: user=0.04 sys=0.00, real=0.01 secs] 
2020-10-28T23:08:52.115-0800: 38.928: [GC (Allocation Failure) 2020-10-28T23:08:52.115-0800: 38.928: [ParNew: 139908K->123K(157248K), 0.0036155 secs] 163631K->23847K(506816K), 0.0037013 secs] [Times: user=0.03 sys=0.00, real=0.00 secs] 
2020-10-28T23:08:52.207-0800: 39.020: [GC (Allocation Failure) 2020-10-28T23:08:52.207-0800: 39.020: [ParNew: 139899K->111K(157248K), 0.0032959 secs] 163623K->23835K(506816K), 0.0033759 secs] [Times: user=0.03 sys=0.00, real=0.01 secs] 
2020-10-28T23:08:52.307-0800: 39.120: [GC (Allocation Failure) 2020-10-28T23:08:52.307-0800: 39.120: [ParNew: 139887K->132K(157248K), 0.0035506 secs] 163611K->23856K(506816K), 0.0036277 secs] [Times: user=0.03 sys=0.00, real=0.01 secs] 
2020-10-28T23:08:52.402-0800: 39.215: [GC (Allocation Failure) 2020-10-28T23:08:52.402-0800: 39.215: [ParNew: 139908K->122K(157248K), 0.0037814 secs] 163632K->23846K(506816K), 0.0039062 secs] [Times: user=0.03 sys=0.00, real=0.00 secs] 
2020-10-28T23:08:52.499-0800: 39.312: [GC (Allocation Failure) 2020-10-28T23:08:52.499-0800: 39.312: [ParNew: 139898K->124K(157248K), 0.0040180 secs] 163622K->23847K(506816K), 0.0041155 secs] [Times: user=0.03 sys=0.00, real=0.01 secs] 
2020-10-28T23:08:52.592-0800: 39.404: [GC (Allocation Failure) 2020-10-28T23:08:52.592-0800: 39.404: [ParNew: 139900K->118K(157248K), 0.0037793 secs] 163623K->23842K(506816K), 0.0038551 secs] [Times: user=0.04 sys=0.00, real=0.00 secs] 
2020-10-28T23:08:52.685-0800: 39.497: [GC (Allocation Failure) 2020-10-28T23:08:52.685-0800: 39.497: [ParNew: 139894K->122K(157248K), 0.0039636 secs] 163618K->23846K(506816K), 0.0040567 secs] [Times: user=0.03 sys=0.00, real=0.00 secs] 
2020-10-28T23:08:52.780-0800: 39.593: [GC (Allocation Failure) 2020-10-28T23:08:52.780-0800: 39.593: [ParNew: 139898K->123K(157248K), 0.0036055 secs] 163622K->23847K(506816K), 0.0036885 secs] [Times: user=0.04 sys=0.00, real=0.00 secs] 
2020-10-28T23:08:52.872-0800: 39.685: [GC (Allocation Failure) 2020-10-28T23:08:52.872-0800: 39.685: [ParNew: 139899K->120K(157248K), 0.0038010 secs] 163623K->23844K(506816K), 0.0038808 secs] [Times: user=0.03 sys=0.00, real=0.00 secs] 
2020-10-28T23:08:52.962-0800: 39.775: [GC (Allocation Failure) 2020-10-28T23:08:52.962-0800: 39.775: [ParNew: 139896K->127K(157248K), 0.0038036 secs] 163620K->23852K(506816K), 0.0038821 secs] [Times: user=0.03 sys=0.00, real=0.00 secs] 
2020-10-28T23:08:53.145-0800: 39.957: [GC (Allocation Failure) 2020-10-28T23:08:53.145-0800: 39.957: [ParNew: 139903K->140K(157248K), 0.0033070 secs] 163628K->23864K(506816K), 0.0033885 secs] [Times: user=0.03 sys=0.00, real=0.00 secs] 
2020-10-28T23:08:53.235-0800: 40.048: [GC (Allocation Failure) 2020-10-28T23:08:53.236-0800: 40.048: [ParNew: 139916K->136K(157248K), 0.0037445 secs] 163640K->23860K(506816K), 0.0038275 secs] [Times: user=0.04 sys=0.00, real=0.00 secs] 
2020-10-28T23:08:53.340-0800: 40.153: [GC (Allocation Failure) 2020-10-28T23:08:53.340-0800: 40.153: [ParNew: 139912K->93K(157248K), 0.0040102 secs] 163636K->23818K(506816K), 0.0041322 secs] [Times: user=0.04 sys=0.00, real=0.00 secs] 
2020-10-28T23:08:53.443-0800: 40.256: [GC (Allocation Failure) 2020-10-28T23:08:53.443-0800: 40.256: [ParNew: 139869K->103K(157248K), 0.0042203 secs] 163594K->23828K(506816K), 0.0043139 secs] [Times: user=0.03 sys=0.00, real=0.00 secs] 
Heap
 par new generation   total 157248K, used 126901K [0x00000005c0000000, 0x00000005caaa0000, 0x00000005f4000000)
  eden space 139776K,  90% used [0x00000005c0000000, 0x00000005c7bd3960, 0x00000005c8880000)
  from space 17472K,   0% used [0x00000005c8880000, 0x00000005c8899d90, 0x00000005c9990000)
  to   space 17472K,   0% used [0x00000005c9990000, 0x00000005c9990000, 0x00000005caaa0000)
 concurrent mark-sweep generation total 349568K, used 23724K [0x00000005f4000000, 0x0000000609560000, 0x00000007c0000000)
 Metaspace       used 36894K, capacity 39354K, committed 39564K, reserved 1083392K
  class space    used 4650K, capacity 5032K, committed 5064K, reserved 1048576K
