Java HotSpot(TM) 64-Bit Server VM (25.181-b13) for bsd-amd64 JRE (1.8.0_181-b13), built on Jul  7 2018 01:02:31 by "java_re" with gcc 4.2.1 (Based on Apple Inc. build 5658) (LLVM build 2336.11.00)
Memory: 4k page, physical 33554432k(190280k free)

/proc/meminfo:

CommandLine flags: -XX:InitialHeapSize=2147483648 -XX:MaxHeapSize=8589934592 -XX:MaxNewSize=872415232 -XX:MaxTenuringThreshold=6 -XX:NewSize=872415232 -XX:OldPLABSize=16 -XX:OldSize=1744830464 -XX:+PrintGC -XX:+PrintGCDateStamps -XX:+PrintGCDetails -XX:+PrintGCTimeStamps -XX:+UseCompressedClassPointers -XX:+UseCompressedOops -XX:+UseConcMarkSweepGC -XX:+UseParNewGC 
2020-10-28T23:09:48.043-0800: 2.221: [GC (CMS Initial Mark) [1 CMS-initial-mark: 0K(1245184K)] 654429K(2011968K), 0.1544830 secs] [Times: user=0.32 sys=0.00, real=0.15 secs] 
2020-10-28T23:09:48.198-0800: 2.375: [CMS-concurrent-mark-start]
2020-10-28T23:09:48.199-0800: 2.377: [CMS-concurrent-mark: 0.001/0.001 secs] [Times: user=0.01 sys=0.00, real=0.00 secs] 
2020-10-28T23:09:48.199-0800: 2.377: [CMS-concurrent-preclean-start]
2020-10-28T23:09:48.202-0800: 2.380: [CMS-concurrent-preclean: 0.003/0.003 secs] [Times: user=0.02 sys=0.00, real=0.01 secs] 
2020-10-28T23:09:48.202-0800: 2.380: [CMS-concurrent-abortable-preclean-start]
2020-10-28T23:09:48.333-0800: 2.510: [GC (Allocation Failure) 2020-10-28T23:09:48.333-0800: 2.510: [ParNew: 681600K->31366K(766784K), 0.0244945 secs] 681600K->31366K(2011968K), 0.0245997 secs] [Times: user=0.13 sys=0.02, real=0.02 secs] 
2020-10-28T23:09:51.451-0800: 5.629: [CMS-concurrent-abortable-preclean: 1.904/3.249 secs] [Times: user=9.38 sys=0.37, real=3.25 secs] 
2020-10-28T23:09:51.452-0800: 5.629: [GC (CMS Final Remark) [YG occupancy: 407612 K (766784 K)]2020-10-28T23:09:51.452-0800: 5.629: [Rescan (parallel) , 0.0244604 secs]2020-10-28T23:09:51.476-0800: 5.653: [weak refs processing, 0.0000300 secs]2020-10-28T23:09:51.476-0800: 5.654: [class unloading, 0.0050369 secs]2020-10-28T23:09:51.481-0800: 5.659: [scrub symbol table, 0.0038123 secs]2020-10-28T23:09:51.485-0800: 5.662: [scrub string table, 0.0004154 secs][1 CMS-remark: 0K(1245184K)] 407612K(2011968K), 0.0351542 secs] [Times: user=0.30 sys=0.00, real=0.03 secs] 
2020-10-28T23:09:51.487-0800: 5.664: [CMS-concurrent-sweep-start]
2020-10-28T23:09:51.487-0800: 5.664: [CMS-concurrent-sweep: 0.000/0.000 secs] [Times: user=0.00 sys=0.00, real=0.00 secs] 
2020-10-28T23:09:51.487-0800: 5.664: [CMS-concurrent-reset-start]
2020-10-28T23:09:51.685-0800: 5.863: [CMS-concurrent-reset: 0.198/0.198 secs] [Times: user=1.94 sys=0.11, real=0.20 secs] 
2020-10-28T23:09:52.366-0800: 6.543: [GC (Allocation Failure) 2020-10-28T23:09:52.366-0800: 6.543: [ParNew: 712966K->27996K(766784K), 0.0130109 secs] 712966K->27996K(2011968K), 0.0131241 secs] [Times: user=0.10 sys=0.02, real=0.01 secs] 
2020-10-28T23:09:53.849-0800: 8.026: [GC (Allocation Failure) 2020-10-28T23:09:53.849-0800: 8.027: [ParNew: 709596K->28735K(766784K), 0.0091831 secs] 709596K->28735K(2011968K), 0.0093134 secs] [Times: user=0.08 sys=0.00, real=0.01 secs] 
2020-10-28T23:09:54.953-0800: 9.130: [GC (Allocation Failure) 2020-10-28T23:09:54.953-0800: 9.131: [ParNew: 710335K->26512K(766784K), 0.0080829 secs] 710335K->26512K(2011968K), 0.0082152 secs] [Times: user=0.08 sys=0.00, real=0.01 secs] 
2020-10-28T23:09:55.718-0800: 9.896: [GC (Allocation Failure) 2020-10-28T23:09:55.718-0800: 9.896: [ParNew: 708112K->31084K(766784K), 0.0091766 secs] 708112K->31084K(2011968K), 0.0092846 secs] [Times: user=0.09 sys=0.00, real=0.01 secs] 
2020-10-28T23:09:56.471-0800: 10.648: [GC (Allocation Failure) 2020-10-28T23:09:56.471-0800: 10.648: [ParNew: 712684K->31252K(766784K), 0.0089907 secs] 712684K->31252K(2011968K), 0.0090951 secs] [Times: user=0.10 sys=0.00, real=0.01 secs] 
2020-10-28T23:09:57.212-0800: 11.389: [GC (Allocation Failure) 2020-10-28T23:09:57.212-0800: 11.390: [ParNew: 712852K->22930K(766784K), 0.0485803 secs] 712852K->38108K(2011968K), 0.0486873 secs] [Times: user=0.24 sys=0.03, real=0.05 secs] 
2020-10-28T23:09:58.008-0800: 12.185: [GC (Allocation Failure) 2020-10-28T23:09:58.008-0800: 12.185: [ParNew: 704530K->6946K(766784K), 0.0082054 secs] 719708K->28960K(2011968K), 0.0083094 secs] [Times: user=0.06 sys=0.00, real=0.01 secs] 
2020-10-28T23:09:58.627-0800: 12.804: [GC (Allocation Failure) 2020-10-28T23:09:58.627-0800: 12.804: [ParNew: 688546K->1765K(766784K), 0.0060683 secs] 710560K->23796K(2011968K), 0.0061590 secs] [Times: user=0.07 sys=0.00, real=0.01 secs] 
2020-10-28T23:09:59.302-0800: 13.479: [GC (Allocation Failure) 2020-10-28T23:09:59.302-0800: 13.479: [ParNew: 683365K->465K(766784K), 0.0059457 secs] 705396K->22523K(2011968K), 0.0060270 secs] [Times: user=0.06 sys=0.00, real=0.00 secs] 
2020-10-28T23:09:59.956-0800: 14.133: [GC (Allocation Failure) 2020-10-28T23:09:59.956-0800: 14.133: [ParNew: 682065K->183K(766784K), 0.0061956 secs] 704123K->22253K(2011968K), 0.0062853 secs] [Times: user=0.06 sys=0.00, real=0.01 secs] 
2020-10-28T23:10:00.649-0800: 14.826: [GC (Allocation Failure) 2020-10-28T23:10:00.649-0800: 14.826: [ParNew: 681783K->125K(766784K), 0.0070893 secs] 703853K->22209K(2011968K), 0.0071819 secs] [Times: user=0.08 sys=0.00, real=0.01 secs] 
2020-10-28T23:10:01.280-0800: 15.457: [GC (Allocation Failure) 2020-10-28T23:10:01.280-0800: 15.457: [ParNew: 681725K->143K(766784K), 0.0057221 secs] 703809K->22227K(2011968K), 0.0058137 secs] [Times: user=0.07 sys=0.00, real=0.00 secs] 
2020-10-28T23:10:01.877-0800: 16.054: [GC (Allocation Failure) 2020-10-28T23:10:01.877-0800: 16.054: [ParNew: 681743K->145K(766784K), 0.0054623 secs] 703827K->22230K(2011968K), 0.0055505 secs] [Times: user=0.06 sys=0.00, real=0.01 secs] 
2020-10-28T23:10:02.356-0800: 16.533: [GC (Allocation Failure) 2020-10-28T23:10:02.356-0800: 16.533: [ParNew: 681745K->177K(766784K), 0.0051148 secs] 703830K->22263K(2011968K), 0.0051897 secs] [Times: user=0.05 sys=0.00, real=0.01 secs] 
2020-10-28T23:10:02.771-0800: 16.948: [GC (Allocation Failure) 2020-10-28T23:10:02.771-0800: 16.948: [ParNew: 681777K->186K(766784K), 0.0050600 secs] 703863K->22274K(2011968K), 0.0051398 secs] [Times: user=0.05 sys=0.00, real=0.00 secs] 
2020-10-28T23:10:03.189-0800: 17.366: [GC (Allocation Failure) 2020-10-28T23:10:03.189-0800: 17.366: [ParNew: 681786K->203K(766784K), 0.0044060 secs] 703874K->22290K(2011968K), 0.0044889 secs] [Times: user=0.04 sys=0.00, real=0.01 secs] 
2020-10-28T23:10:03.609-0800: 17.786: [GC (Allocation Failure) 2020-10-28T23:10:03.609-0800: 17.786: [ParNew: 681803K->131K(766784K), 0.0049647 secs] 703890K->22231K(2011968K), 0.0050513 secs] [Times: user=0.04 sys=0.00, real=0.01 secs] 
2020-10-28T23:10:04.067-0800: 18.244: [GC (Allocation Failure) 2020-10-28T23:10:04.067-0800: 18.244: [ParNew: 681731K->144K(766784K), 0.0042632 secs] 703831K->22254K(2011968K), 0.0043448 secs] [Times: user=0.04 sys=0.00, real=0.01 secs] 
2020-10-28T23:10:04.484-0800: 18.661: [GC (Allocation Failure) 2020-10-28T23:10:04.484-0800: 18.661: [ParNew: 681744K->140K(766784K), 0.0053826 secs] 703854K->22250K(2011968K), 0.0054675 secs] [Times: user=0.05 sys=0.00, real=0.00 secs] 
2020-10-28T23:10:04.948-0800: 19.125: [GC (Allocation Failure) 2020-10-28T23:10:04.948-0800: 19.125: [ParNew: 681740K->110K(766784K), 0.0050360 secs] 703850K->22221K(2011968K), 0.0051163 secs] [Times: user=0.04 sys=0.01, real=0.01 secs] 
2020-10-28T23:10:05.372-0800: 19.549: [GC (Allocation Failure) 2020-10-28T23:10:05.372-0800: 19.549: [ParNew: 681710K->126K(766784K), 0.0054573 secs] 703821K->22237K(2011968K), 0.0055930 secs] [Times: user=0.05 sys=0.00, real=0.00 secs] 
2020-10-28T23:10:05.812-0800: 19.990: [GC (Allocation Failure) 2020-10-28T23:10:05.813-0800: 19.990: [ParNew: 681726K->160K(766784K), 0.0052748 secs] 703837K->22271K(2011968K), 0.0053964 secs] [Times: user=0.05 sys=0.00, real=0.00 secs] 
2020-10-28T23:10:06.284-0800: 20.461: [GC (Allocation Failure) 2020-10-28T23:10:06.284-0800: 20.461: [ParNew: 681760K->130K(766784K), 0.0055528 secs] 703871K->22241K(2011968K), 0.0056444 secs] [Times: user=0.04 sys=0.00, real=0.00 secs] 
2020-10-28T23:10:06.748-0800: 20.925: [GC (Allocation Failure) 2020-10-28T23:10:06.748-0800: 20.925: [ParNew: 681730K->118K(766784K), 0.0051142 secs] 703841K->22229K(2011968K), 0.0052164 secs] [Times: user=0.05 sys=0.00, real=0.01 secs] 
2020-10-28T23:10:07.204-0800: 21.381: [GC (Allocation Failure) 2020-10-28T23:10:07.204-0800: 21.381: [ParNew: 681718K->144K(766784K), 0.0057633 secs] 703829K->22254K(2011968K), 0.0058513 secs] [Times: user=0.05 sys=0.00, real=0.01 secs] 
2020-10-28T23:10:07.652-0800: 21.829: [GC (Allocation Failure) 2020-10-28T23:10:07.652-0800: 21.829: [ParNew: 681744K->123K(766784K), 0.0049788 secs] 703854K->22234K(2011968K), 0.0050638 secs] [Times: user=0.05 sys=0.00, real=0.00 secs] 
2020-10-28T23:10:08.149-0800: 22.326: [GC (Allocation Failure) 2020-10-28T23:10:08.149-0800: 22.326: [ParNew: 681571K->121K(766784K), 0.0050804 secs] 703682K->22232K(2011968K), 0.0051633 secs] [Times: user=0.04 sys=0.00, real=0.01 secs] 
2020-10-28T23:10:08.582-0800: 22.759: [GC (Allocation Failure) 2020-10-28T23:10:08.582-0800: 22.759: [ParNew: 681721K->151K(766784K), 0.0052429 secs] 703832K->22262K(2011968K), 0.0053280 secs] [Times: user=0.05 sys=0.00, real=0.00 secs] 
2020-10-28T23:10:08.989-0800: 23.166: [GC (Allocation Failure) 2020-10-28T23:10:08.989-0800: 23.166: [ParNew: 681751K->156K(766784K), 0.0050489 secs] 703862K->22267K(2011968K), 0.0051331 secs] [Times: user=0.05 sys=0.00, real=0.01 secs] 
2020-10-28T23:10:09.410-0800: 23.587: [GC (Allocation Failure) 2020-10-28T23:10:09.410-0800: 23.587: [ParNew: 681756K->148K(766784K), 0.0056197 secs] 703867K->22260K(2011968K), 0.0057051 secs] [Times: user=0.05 sys=0.00, real=0.00 secs] 
2020-10-28T23:10:09.853-0800: 24.030: [GC (Allocation Failure) 2020-10-28T23:10:09.853-0800: 24.030: [ParNew: 681748K->128K(766784K), 0.0055921 secs] 703860K->22241K(2011968K), 0.0056851 secs] [Times: user=0.05 sys=0.00, real=0.00 secs] 
2020-10-28T23:10:10.385-0800: 24.562: [GC (Allocation Failure) 2020-10-28T23:10:10.385-0800: 24.562: [ParNew: 681728K->139K(766784K), 0.0051162 secs] 703841K->22252K(2011968K), 0.0051936 secs] [Times: user=0.05 sys=0.00, real=0.01 secs] 
2020-10-28T23:10:10.903-0800: 25.080: [GC (Allocation Failure) 2020-10-28T23:10:10.903-0800: 25.080: [ParNew: 681739K->148K(766784K), 0.0053001 secs] 703852K->22261K(2011968K), 0.0053932 secs] [Times: user=0.04 sys=0.00, real=0.00 secs] 
2020-10-28T23:10:11.518-0800: 25.695: [GC (Allocation Failure) 2020-10-28T23:10:11.518-0800: 25.695: [ParNew: 681748K->121K(766784K), 0.0054218 secs] 703861K->22235K(2011968K), 0.0055086 secs] [Times: user=0.04 sys=0.00, real=0.01 secs] 
2020-10-28T23:10:12.001-0800: 26.178: [GC (Allocation Failure) 2020-10-28T23:10:12.001-0800: 26.178: [ParNew: 681721K->99K(766784K), 0.0056200 secs] 703835K->22213K(2011968K), 0.0057167 secs] [Times: user=0.05 sys=0.00, real=0.00 secs] 
2020-10-28T23:10:12.457-0800: 26.634: [GC (Allocation Failure) 2020-10-28T23:10:12.457-0800: 26.634: [ParNew: 681699K->109K(766784K), 0.0050851 secs] 703813K->22223K(2011968K), 0.0051713 secs] [Times: user=0.05 sys=0.00, real=0.01 secs] 
2020-10-28T23:10:12.896-0800: 27.073: [GC (Allocation Failure) 2020-10-28T23:10:12.896-0800: 27.073: [ParNew: 681709K->109K(766784K), 0.0052775 secs] 703823K->22223K(2011968K), 0.0053603 secs] [Times: user=0.05 sys=0.00, real=0.01 secs] 
2020-10-28T23:10:13.337-0800: 27.514: [GC (Allocation Failure) 2020-10-28T23:10:13.337-0800: 27.514: [ParNew: 681709K->138K(766784K), 0.0053665 secs] 703823K->22252K(2011968K), 0.0054654 secs] [Times: user=0.05 sys=0.00, real=0.01 secs] 
2020-10-28T23:10:13.789-0800: 27.966: [GC (Allocation Failure) 2020-10-28T23:10:13.789-0800: 27.966: [ParNew: 681738K->97K(766784K), 0.0057389 secs] 703852K->22212K(2011968K), 0.0058377 secs] [Times: user=0.05 sys=0.00, real=0.01 secs] 
2020-10-28T23:10:14.279-0800: 28.456: [GC (Allocation Failure) 2020-10-28T23:10:14.279-0800: 28.456: [ParNew: 681697K->134K(766784K), 0.0054287 secs] 703812K->22248K(2011968K), 0.0055147 secs] [Times: user=0.05 sys=0.00, real=0.01 secs] 
2020-10-28T23:10:14.751-0800: 28.928: [GC (Allocation Failure) 2020-10-28T23:10:14.751-0800: 28.928: [ParNew: 681734K->129K(766784K), 0.0057014 secs] 703848K->22244K(2011968K), 0.0057964 secs] [Times: user=0.05 sys=0.00, real=0.00 secs] 
2020-10-28T23:10:15.214-0800: 29.391: [GC (Allocation Failure) 2020-10-28T23:10:15.214-0800: 29.391: [ParNew: 681729K->125K(766784K), 0.0048944 secs] 703844K->22239K(2011968K), 0.0049746 secs] [Times: user=0.04 sys=0.00, real=0.00 secs] 
2020-10-28T23:10:15.651-0800: 29.828: [GC (Allocation Failure) 2020-10-28T23:10:15.651-0800: 29.828: [ParNew: 681725K->99K(766784K), 0.0053959 secs] 703839K->22215K(2011968K), 0.0054850 secs] [Times: user=0.05 sys=0.00, real=0.00 secs] 
2020-10-28T23:10:16.070-0800: 30.246: [GC (Allocation Failure) 2020-10-28T23:10:16.070-0800: 30.246: [ParNew: 681699K->127K(766784K), 0.0045216 secs] 703815K->22243K(2011968K), 0.0046051 secs] [Times: user=0.04 sys=0.00, real=0.00 secs] 
2020-10-28T23:10:16.487-0800: 30.664: [GC (Allocation Failure) 2020-10-28T23:10:16.487-0800: 30.664: [ParNew: 681727K->132K(766784K), 0.0052424 secs] 703843K->22248K(2011968K), 0.0053269 secs] [Times: user=0.05 sys=0.00, real=0.01 secs] 
2020-10-28T23:10:16.947-0800: 31.124: [GC (Allocation Failure) 2020-10-28T23:10:16.947-0800: 31.124: [ParNew: 681732K->152K(766784K), 0.0054891 secs] 703848K->22268K(2011968K), 0.0055779 secs] [Times: user=0.05 sys=0.00, real=0.01 secs] 
2020-10-28T23:10:17.414-0800: 31.590: [GC (Allocation Failure) 2020-10-28T23:10:17.414-0800: 31.590: [ParNew: 681752K->151K(766784K), 0.0055997 secs] 703868K->22267K(2011968K), 0.0056884 secs] [Times: user=0.05 sys=0.00, real=0.00 secs] 
2020-10-28T23:10:17.876-0800: 32.053: [GC (Allocation Failure) 2020-10-28T23:10:17.876-0800: 32.053: [ParNew: 681751K->157K(766784K), 0.0055644 secs] 703867K->22273K(2011968K), 0.0056518 secs] [Times: user=0.05 sys=0.00, real=0.01 secs] 
2020-10-28T23:10:18.325-0800: 32.502: [GC (Allocation Failure) 2020-10-28T23:10:18.326-0800: 32.502: [ParNew: 681757K->155K(766784K), 0.0057663 secs] 703873K->22271K(2011968K), 0.0058631 secs] [Times: user=0.04 sys=0.00, real=0.01 secs] 
2020-10-28T23:10:18.873-0800: 33.050: [GC (Allocation Failure) 2020-10-28T23:10:18.873-0800: 33.050: [ParNew: 681755K->194K(766784K), 0.0052176 secs] 703871K->22311K(2011968K), 0.0053264 secs] [Times: user=0.04 sys=0.01, real=0.00 secs] 
2020-10-28T23:10:19.325-0800: 33.502: [GC (Allocation Failure) 2020-10-28T23:10:19.325-0800: 33.502: [ParNew: 681794K->154K(766784K), 0.0059426 secs] 703911K->22271K(2011968K), 0.0060361 secs] [Times: user=0.04 sys=0.00, real=0.01 secs] 
2020-10-28T23:10:19.797-0800: 33.974: [GC (Allocation Failure) 2020-10-28T23:10:19.798-0800: 33.974: [ParNew: 681754K->90K(766784K), 0.0051780 secs] 703871K->22208K(2011968K), 0.0052887 secs] [Times: user=0.05 sys=0.00, real=0.01 secs] 
2020-10-28T23:10:20.280-0800: 34.457: [GC (Allocation Failure) 2020-10-28T23:10:20.281-0800: 34.457: [ParNew: 681690K->137K(766784K), 0.0074571 secs] 703808K->22255K(2011968K), 0.0075947 secs] [Times: user=0.03 sys=0.00, real=0.00 secs] 
2020-10-28T23:10:20.774-0800: 34.951: [GC (Allocation Failure) 2020-10-28T23:10:20.774-0800: 34.951: [ParNew: 681737K->143K(766784K), 0.0047721 secs] 703855K->22261K(2011968K), 0.0048705 secs] [Times: user=0.04 sys=0.00, real=0.00 secs] 
Heap
 par new generation   total 766784K, used 215350K [0x00000005c0000000, 0x00000005f4000000, 0x00000005f4000000)
  eden space 681600K,  31% used [0x00000005c0000000, 0x00000005cd229b28, 0x00000005e99a0000)
  from space 85184K,   0% used [0x00000005eecd0000, 0x00000005eecf3e30, 0x00000005f4000000)
  to   space 85184K,   0% used [0x00000005e99a0000, 0x00000005e99a0000, 0x00000005eecd0000)
 concurrent mark-sweep generation total 1245184K, used 22117K [0x00000005f4000000, 0x0000000640000000, 0x00000007c0000000)
 Metaspace       used 36793K, capacity 39044K, committed 39252K, reserved 1083392K
  class space    used 4628K, capacity 4991K, committed 5104K, reserved 1048576K
